<?xml version="1.0" encoding="ISO-8859-1" ?>
<Request>
<Header RequestType="Shipment" Action="Original" Type="Export"><Parties type="Consignee">
<Party-Name>PBBPOLISUR SA</Party-Name>
<Party-Address>GARIN AFM WHSE CALLE 13 379 1619</Party-Address>
<Party-City>BUENOS AIRES</Party-City>
<Party-State-Prov>C </Party-State-Prov>
<Party-PostalCode>        </Party-PostalCode>
<Party-Country>AR</Party-Country>
<PartyLocation-ID>01954047</PartyLocation-ID>
<Party-CountryName>Argentina</Party-CountryName>
<Party-UnlocCode>ARBUE</Party-UnlocCode><GovIDNumber></GovIDNumber>
</Parties><Parties type="Exporter">
<Party-Name>ROHM AND HAAS QUIMICA LTDA</Party-Name>
<Party-Address>AV PRES HUMBERTO ALENCAR CASTELO BRANCO 3200 </Party-Address>
<Party-City>JACAREI</Party-City>
<Party-State-Prov>SP</Party-State-Prov>
<Party-PostalCode>12321150</Party-PostalCode>
<Party-Country>BR</Party-Country>
<PartyLocation-ID>BDP/D6W/PG0001</PartyLocation-ID>
<Party-GlobalCode>545682</Party-GlobalCode><Party-CountryName>Brazil</Party-CountryName>
<Party-UnlocCode>BRJCE</Party-UnlocCode><GovIDNumber>00310651000340</GovIDNumber>
</Parties><Parties type="ShipTo">
<Party-Name>PBBPOLISUR SA</Party-Name>
<Party-Address>GARIN AFM WHSE CALLE 13 379 1619</Party-Address>
<Party-City>BUENOS AIRES</Party-City>
<Party-State-Prov>C </Party-State-Prov>
<Party-PostalCode>        </Party-PostalCode>
<Party-Country>AR</Party-Country>
<PartyLocation-ID>01954047</PartyLocation-ID>
<Party-CountryName>Argentina</Party-CountryName>
<Party-UnlocCode>ARBUE</Party-UnlocCode><GovIDNumber></GovIDNumber>
</Parties><Parties type="SoldTo">
<Party-Name>PBBPOLISUR SA</Party-Name>
<Party-Address>GARIN AFM WHSE CALLE 13 379 1619</Party-Address>
<Party-City>BUENOS AIRES</Party-City>
<Party-State-Prov>C </Party-State-Prov>
<Party-PostalCode>        </Party-PostalCode>
<Party-Country>AR</Party-Country>
<PartyLocation-ID>P000019944</PartyLocation-ID>
<Party-CountryName>Argentina</Party-CountryName>
<Party-UnlocCode>ARBUE</Party-UnlocCode><GovIDNumber></GovIDNumber>
</Parties><Parties type="Notify">
<Party-Name>PBBPOLISUR SA</Party-Name>
<Party-Address>GARIN AFM WHSE CALLE 13 379 1619</Party-Address>
<Party-City>BUENOS AIRES</Party-City>
<Party-State-Prov>C </Party-State-Prov>
<Party-PostalCode>        </Party-PostalCode>
<Party-Country>AR</Party-Country>
<PartyLocation-ID>P000019944</PartyLocation-ID>
<Party-CountryName>Argentina</Party-CountryName>
<Party-UnlocCode>ARBUE</Party-UnlocCode><GovIDNumber></GovIDNumber>
</Parties><Parties type="Partner">
<Party-Name>BDP SOUTH AMERICA LTDA.</Party-Name>
<Party-Address>AV.ALFREDO EGYDIO SOUZA ARANHA 100 BLOCO D - 12  ANDAR</Party-Address>
<Party-City>SAO PAULO</Party-City>
<Party-State-Prov>SP</Party-State-Prov>
<Party-PostalCode>04726170</Party-PostalCode>
<Party-Country>BR</Party-Country>
<Party-ID type="PartnerID">BDPBRSAO</Party-ID><Party-Contacts Action='Add' type="CSR">
<Contact-Name>ANDERSON LIMA</Contact-Name>
<Contact-CommunicationAddress type="Email"><![CDATA[anderson.lima@bdpint.com]]></Contact-CommunicationAddress>
</Party-Contacts></Parties><Parties type="BDPRepresentative">
<Party-Name>BDP SOUTH AMERICA LTDA.</Party-Name>
<Party-Address>AV.ALFREDO EGYDIO SOUZA ARANHA 100 BLOCO D - 12  ANDAR</Party-Address>
<Party-City>SAO PAULO</Party-City>
<Party-State-Prov>SP</Party-State-Prov>
<Party-PostalCode>04726170</Party-PostalCode>
<Party-Country>BR</Party-Country>
<PartyLocation-ID>10017</PartyLocation-ID>
<Party-CountryName>Brazil</Party-CountryName>
<Party-UnlocCode>BRSAO</Party-UnlocCode><GovIDNumber>03706460000128</GovIDNumber>
</Parties><Parties type="Buyer">
<Party-Name>PBBPOLISUR SA</Party-Name>
<Party-Address>GARIN AFM WHSE CALLE 13 379 1619</Party-Address>
<Party-City>BUENOS AIRES</Party-City>
<Party-State-Prov>C </Party-State-Prov>
<Party-PostalCode>        </Party-PostalCode>
<Party-Country>AR</Party-Country>
<PartyLocation-ID>01954047</PartyLocation-ID>
<Party-CountryName>Argentina</Party-CountryName>
<Party-UnlocCode>ARBUE</Party-UnlocCode><GovIDNumber></GovIDNumber>
</Parties><Parties type="Importer">
<Party-Name>PBBPOLISUR SA</Party-Name>
<Party-Address>GARIN AFM WHSE CALLE 13 379 1619</Party-Address>
<Party-City>BUENOS AIRES</Party-City>
<Party-State-Prov>C </Party-State-Prov>
<Party-PostalCode>        </Party-PostalCode>
<Party-Country>AR</Party-Country>
<PartyLocation-ID>01954047</PartyLocation-ID>
<Party-CountryName>Argentina</Party-CountryName>
<Party-UnlocCode>ARBUE</Party-UnlocCode><GovIDNumber></GovIDNumber>
</Parties><Parties type="Seller">
<Party-Name>ROHM AND HAAS QUIMICA LTDA</Party-Name>
<Party-Address>AV PRES HUMBERTO ALENCAR CASTELO BRANCO 3200 </Party-Address>
<Party-City>JACAREI</Party-City>
<Party-State-Prov>SP</Party-State-Prov>
<Party-PostalCode>12321150</Party-PostalCode>
<Party-Country>BR</Party-Country>
<PartyLocation-ID>P000009039</PartyLocation-ID>
<Party-GlobalCode>545682</Party-GlobalCode><Party-CountryName>Brazil</Party-CountryName>
<Party-UnlocCode>BRJCE</Party-UnlocCode><GovIDNumber>00310651000340</GovIDNumber>
</Parties><Parties type="Supplier">
<Party-Name>ROHM AND HAAS QUIMICA LTDA</Party-Name>
<Party-Address>AV PRES HUMBERTO ALENCAR CASTELO BRANCO 3200 </Party-Address>
<Party-City>JACAREI</Party-City>
<Party-State-Prov>SP</Party-State-Prov>
<Party-PostalCode>12321150</Party-PostalCode>
<Party-Country>BR</Party-Country>
<PartyLocation-ID>P000009039</PartyLocation-ID>
<Party-CountryName>Brazil</Party-CountryName>
<Party-UnlocCode>BRJCE</Party-UnlocCode><GovIDNumber>00310651000340</GovIDNumber>
</Parties><ProcessingInstructions>
<Process>BRTP</Process>
<Status/>
<SystemCode Code ='BRTP'></SystemCode>
<GlobalHubRoutingCode>SHIPMENT</GlobalHubRoutingCode>
</ProcessingInstructions><References type= 'BDPJobNumber'>
<ReferenceNumber>EMCSR201904002BR</ReferenceNumber>
</References><References type='OperatingUnitClassification'><ReferenceNumber>CHB</ReferenceNumber> </References><References type= 'SellerCode'>
<ReferenceNumber>P000009039</ReferenceNumber>
</References><References type= 'ShipmentNumber'>
<ReferenceNumber>0032254889</ReferenceNumber>
</References><References type= 'SAPShipmentNumber'>
<ReferenceNumber>0032254889</ReferenceNumber>
</References><References type = 'GeneralDescription'>
<ReferenceNumber> <![CDATA[]]></ReferenceNumber></References><References type= 'PurchaseOrderNumber'>
<ReferenceNumber>4003221041</ReferenceNumber>
</References><References type= 'OrderNumber'>
<ReferenceNumber>4003221041</ReferenceNumber>
<ReferenceDate>20190426</ReferenceDate>
</References><References type= 'OrderType'>
<ReferenceNumber>INTER-COMPANY</ReferenceNumber>
</References><References type= 'DeliveryOrderNumber'>
<ReferenceNumber>936775</ReferenceNumber>
</References><References type= 'SellerReferenceNumber'>
<ReferenceNumber>4003221041</ReferenceNumber>
<ReferenceDate>20190426</ReferenceDate>
</References><References type='BDPClientCode'><ReferenceNumber>BDP/D6W/PG0001</ReferenceNumber> </References><References type= 'CargoType'>
<ReferenceNumber>05</ReferenceNumber>
<ReferenceDate></ReferenceDate>
</References><References type= 'ManifestHoldIndYN'>
<ReferenceNumber>N</ReferenceNumber>
<ReferenceDate></ReferenceDate>
</References><References type='CountryOfExportUNLOCCode'>
<ReferenceNumber>BR</ReferenceNumber>
</References><References type= 'BuyerReferenceNumber'>
<ReferenceNumber>0032254889</ReferenceNumber>
</References><References type= 'DestinationControlIndYN'>
<ReferenceNumber>N</ReferenceNumber>
<ReferenceDate></ReferenceDate>
</References><References type= 'SupplierRelatedNonrelatedUndYN'>
<ReferenceNumber>N</ReferenceNumber>
<ReferenceDate></ReferenceDate>
</References><References type= 'ConsolIndicator'>
<ReferenceNumber>D</ReferenceNumber>
</References><References type= 'BDPTransportYN'>
<ReferenceNumber>N</ReferenceNumber>
</References><References type= 'ExpressMBOLInd'>
<ReferenceNumber>N</ReferenceNumber>
</References><References type= 'HouseBookingNumber'>
<ReferenceNumber>9SSZTEST99</ReferenceNumber>
<ReferenceDate></ReferenceDate>
</References><References type= 'SupplierReference'>
<ReferenceNumber>4003221041</ReferenceNumber>
<ReferenceDate>20190426</ReferenceDate>
</References><References type= 'ExportForwarderRefNbr'>
<ReferenceNumber>EMCSR201904002BR</ReferenceNumber>
</References><References type= 'ShipmentStatus'>
<ReferenceNumber></ReferenceNumber>
</References><References type= 'SalesOrderNumber'>
<ReferenceNumber>4003221041</ReferenceNumber>
<ReferenceDate>20190426</ReferenceDate>
</References><CommercialInvoice>
<InvoiceNumber></InvoiceNumber>
<TermsofSaleCode>CFR</TermsofSaleCode>
<TermsofSaleDesc>CFR</TermsofSaleDesc>
<FinalTermsofSaleCode>CFR</FinalTermsofSaleCode>
<FinalTermsofSaleDesc>CFR</FinalTermsofSaleDesc>
<TermsofPaymentCode>281</TermsofPaymentCode>
<TermsofPaymentDescription>60 Days of Invoice Date</TermsofPaymentDescription><InvoiceAmount>53504</InvoiceAmount><CurrencyCode>USD</CurrencyCode><CIDate>20190426</CIDate><FOBAmount>53174.00</FOBAmount><FOBCurrency>USD</FOBCurrency><ChargeInd>N</ChargeInd>
<CIProductDetail action='Add'><LineItemNo>1</LineItemNo><ProductCode>10369209</ProductCode><BrandName><![CDATA[ROBOND (TM) CS 1005 BR]]></BrandName><InvoiceDesc><![CDATA[ROBOND (TM) CS 1005 BR]]></InvoiceDesc><BilledQuantity>64.00</BilledQuantity>
<BilledQuantityUnit>DR</BilledQuantityUnit><Price>836.00</Price>
<PriceCurrency>USD</PriceCurrency><Amount>53504.00</Amount><AmountCurrency>USD</AmountCurrency></CIProductDetail></CommercialInvoice><Transportation Responsibility='Carrier' MethodofTransportation='Ocean' LegType='Secondary'></Transportation><Transportation Responsibility='Carrier' MethodofTransportation='Ocean' LegType='Primary'>
<Origin Type='PortofLoad'>
<OriginName>SANTOS</OriginName>
</Origin>
<OriginCodeType Type='UNLOCCode'>
<OriginCode>BRSSZ</OriginCode>
</OriginCodeType>
<OriginCountryCode>BR</OriginCountryCode><OriginDate type='Estimated'>20190501</OriginDate>
<Destination LocationType='PortofDischarge'>
<DestinationName>BUENOS AIRES</DestinationName>
</Destination>
<DestinationCodeType Type='ScheduleK'>
<DestinationCode>35705</DestinationCode>
</DestinationCodeType><DestinationCodeType Type='UNLOCCode'>
<DestinationCode>ARBUE</DestinationCode>
</DestinationCodeType>
<DestinationCountryCode>AR</DestinationCountryCode>
<DestinationDate type='Estimated'>20190505</DestinationDate>
<TypeofMoveDescription>DOOR TO PORT</TypeofMoveDescription>
<Carrier>
<CarrierName>ALIANCA</CarrierName>
<CarrierCode type='SCAC'>707488</CarrierCode>
</Carrier><Vessel>
<VesselName>ALIANCA SANTOS</VesselName>
<VesselCode type='Lloyds'>07820461</VesselCode></Vessel>
<PrepaidorCollect>P</PrepaidorCollect>
<ReferenceType type='HouseBillofLadingNumber'>
<ReferenceNumber></ReferenceNumber>
</ReferenceType>
<ReferenceType type='VoyageNumber'>
<ReferenceNumber><![CDATA[299S]]></ReferenceNumber>
</ReferenceType>
<ReferenceType type='AdditionalShipPoint'><ReferenceNumber>B040</ReferenceNumber></ReferenceType><ReferenceType type='FreightAmount'><ReferenceNumber>330.00</ReferenceNumber>
</ReferenceType>
<ReferenceType type='HouseCarrierSCAC'>
<ReferenceNumber>1875991</ReferenceNumber>
</ReferenceType><ReferenceType type= 'BookingNumber'>
<ReferenceNumber>9SSZTEST99</ReferenceNumber>
</ReferenceType></Transportation><EquipmentSummary>
<EquipmentQuantity>1</EquipmentQuantity>
<EquipmentSize>20</EquipmentSize>
<EquipmentContainerTypeRequest>ADD</EquipmentContainerTypeRequest>
<EquipmentType>CONTAINER</EquipmentType>
</EquipmentSummary><LetterofCredit>
<RequiredYN>N</RequiredYN>
<IssueNumber></IssueNumber>
</LetterofCredit><Marks>
N/I
</Marks><Status>
<StatusType type='ActualPortofLoadDate'/>
<StatusDate></StatusDate>
</Status><Status>
<StatusType type='EstDomesticInlandDeliveryDate'/>
<StatusDate>20190424</StatusDate>
</Status><Status>
<StatusType type='ActPlaceOfReceiptDate'/>
<StatusDate></StatusDate>
</Status><Status>
<StatusType type='EstPlaceOfReceiptDate'/>
<StatusDate>20190424</StatusDate>
</Status><Status>
<StatusType type='EstPortOfExitDate'/>
<StatusDate></StatusDate>
</Status><Status>
<StatusType type='EstimatedPortofLoadDate'/>
<StatusDate>20190501</StatusDate>
</Status><Status>
<StatusType type='EstimatedPortofDischargeDate'/>
<StatusDate>20190505</StatusDate>
</Status><Status>
<StatusType type='BolAwbIssueDate'/>
<StatusDate></StatusDate>
</Status><Status>
<StatusType type='BilledDate'/>
<StatusDate></StatusDate>
</Status>
<Status>
<StatusType type='ActBookingConfirmationDate'/>
<StatusDate>20190426</StatusDate>
</Status><Status>
<StatusType type='RequestedETADestinationDate'/>
<StatusDate>20190505</StatusDate>
</Status><Status>
<StatusType type='OrderReceiveDate'/>
<StatusDate>20190426</StatusDate>
</Status><Status>
<StatusType type='LatestDeliveryDate'/>
<StatusDate>20190430</StatusDate>
<StatusTime>1600</StatusTime>
</Status><Status>
<StatusType type='SolasVrfdGrMassCutDt'/>
<StatusDate>20190430</StatusDate>
<StatusTime>1000</StatusTime>
</Status>
<Status>
<StatusType type='CarrierDocCutoffDate'/>
<StatusDate>20190429</StatusDate>
<StatusTime>1100</StatusTime>
</Status>
<Status>
<StatusType type='RequestedPlantShipDate'/>
<StatusDate>20190424</StatusDate>
</Status><Status>
<StatusType type='EstDocumentDistributionSentDate'/>
<StatusDate>20190505</StatusDate>
</Status><Status>
<StatusType type='ActBookedDate'/>
<StatusDate>20190426</StatusDate>
</Status>
<Status>
<StatusType type='BookingDate'/>
<StatusDate>20190425</StatusDate>
</Status>
<Status> <StatusType type='SDAPayDt'></StatusType><StatusDate>20131002</StatusDate></Status><Status> <StatusType type='WarehousePayDt'></StatusType><StatusDate>20101007</StatusDate></Status><Status>
<StatusType type='LastModifiedByDate'/>
<StatusDate>20190426</StatusDate>
</Status><Status>
<StatusType type='LoggedDate'/>
<StatusDate>20190426</StatusDate>
</Status><Status>
<StatusType type='FileCreationDate'/>
<StatusDate>20190426</StatusDate>
</Status><Amounts><AmountType><![CDATA[BaseFreightBolAwbAmountPrepaid]]></AmountType><AmountValue><![CDATA[330.00]]></AmountValue><AmountUnit><![CDATA[]]></AmountUnit><AmountCurrency><![CDATA[USD]]></AmountCurrency><AmountCode><![CDATA[]]></AmountCode></Amounts><Amounts><AmountType><![CDATA[TotalFreightBolAwbPrepaidAmount]]></AmountType><AmountValue><![CDATA[330.00]]></AmountValue><AmountUnit><![CDATA[]]></AmountUnit><AmountCurrency><![CDATA[USD]]></AmountCurrency><AmountCode><![CDATA[]]></AmountCode><AmountIndicator><![CDATA[KG]]></AmountIndicator></Amounts><Amounts><AmountType><![CDATA[BaseFreightDomesticInlandAmount]]></AmountType><AmountValue><![CDATA[0.00]]></AmountValue><AmountUnit><![CDATA[]]></AmountUnit><AmountCode><![CDATA[]]></AmountCode><AmountIndicator><![CDATA[KG]]></AmountIndicator></Amounts><Amounts><AmountType><![CDATA[DomesticInlandTotalFreightAmount]]></AmountType><AmountValue><![CDATA[0.00]]></AmountValue><AmountUnit><![CDATA[]]></AmountUnit><AmountCode><![CDATA[]]></AmountCode><AmountIndicator><![CDATA[KG]]></AmountIndicator></Amounts><Amounts><AmountType><![CDATA[ReportableValueAmount]]></AmountType><AmountValue><![CDATA[53174.00]]></AmountValue><AmountUnit><![CDATA[]]></AmountUnit><AmountCurrency><![CDATA[USD]]></AmountCurrency><AmountCode><![CDATA[]]></AmountCode></Amounts><Amounts><AmountType><![CDATA[NumberOfTEUs]]></AmountType><AmountValue><![CDATA[0]]></AmountValue><AmountUnit><![CDATA[]]></AmountUnit><AmountCode><![CDATA[]]></AmountCode></Amounts><Amounts><AmountType><![CDATA[TotalWeightKG]]></AmountType><AmountValue><![CDATA[13516.8]]></AmountValue><AmountUnit><![CDATA[]]></AmountUnit><AmountCode><![CDATA[]]></AmountCode><AmountIndicator><![CDATA[KG]]></AmountIndicator></Amounts><Locations>
<LocationType>DomesticInland</LocationType><LocationName>JACAREI</LocationName>
<LocationUnlocCode>BRJCE</LocationUnlocCode>
<LocationCountryCode>BR</LocationCountryCode>
<LocationCountryName>JACAREI</LocationCountryName><LocationCode></LocationCode>
</Locations><Locations>
<LocationType>PierTerminal</LocationType><LocationName>TECON</LocationName>
<LocationUnlocCode></LocationUnlocCode>
<LocationCountryCode></LocationCountryCode>
<LocationCountryName></LocationCountryName><LocationCode></LocationCode>
</Locations><CodesNames>  <CodesNamesType>CargoDescription</CodesNamesType><CodesNamesName><![CDATA[]]></CodesNamesName><CodesNamesCode></CodesNamesCode></CodesNames><CodesNames>  <CodesNamesType>SalesPerson</CodesNamesType><CodesNamesName><![CDATA[]]></CodesNamesName><CodesNamesCode></CodesNamesCode></CodesNames></Header><Detail>
<ProductDetail action='Add'>
<LineItemNo>1</LineItemNo>
<ProductCode>10369209</ProductCode>
<BrandName><![CDATA[ROBOND (TM) CS 1005 BR]]></BrandName>
<InvoiceDesc><![CDATA[ROBOND (TM) CS 1005 BR]]></InvoiceDesc>
<BLDesc><![CDATA[]]></BLDesc>
<Compliance>
<ClassificationNumber>35069110</ClassificationNumber> 
 <Domestic-Foreign>D</Domestic-Foreign> <DrawbackInd>N</DrawbackInd></Compliance><BilledQuantity>64</BilledQuantity>
<BilledQuantityUnit>DR</BilledQuantityUnit>
<Price>836</Price>
<ProductAmount>53504</ProductAmount><CurrencyCode>USD</CurrencyCode>
<CountryofOriginCode>BR</CountryofOriginCode>
<CountryofOriginName>BRAZIL</CountryofOriginName>
<NoOfPkgs>64</NoOfPkgs><TypePkgCode>DRM</TypePkgCode>
<TypePkgDesc>DRUM</TypePkgDesc>
<Measurements type='GrsWtKgs'>
<MeasurementValue>13516.8</MeasurementValue>
</Measurements>
<Measurements type='NetWtKgs'>
<MeasurementValue>12800</MeasurementValue>
</Measurements>
<PrimaryRptQty>64</PrimaryRptQty><PrimaryRptQtyUOM>DR</PrimaryRptQtyUOM><SecondaryRptQty>64</SecondaryRptQty><SecondaryRptQtyUOM>DR</SecondaryRptQtyUOM><EnterValue>53504</EnterValue></ProductDetail><ProductReferences type='SBU'>
<ProductReferenceNumber>00016762</ProductReferenceNumber></ProductReferences><ProductStatements><ProductStatement> <![CDATA[]]></ProductStatement></ProductStatements><HazardousDetail><UNNumber>NH</UNNumber><Class type='UN'></Class><FlashPoint></FlashPoint><FlashPointUnit></FlashPointUnit>        <HazmatMaterialName><![CDATA[]]></HazmatMaterialName><HazmatDesc><![CDATA[]]></HazmatDesc><HazmatContact></HazmatContact><HighTemp></HighTemp><LowTemp></LowTemp><Indicator>Y</Indicator></HazardousDetail><ProductAmounts><ProductAmountType>CubicMeterMeasurement</ProductAmountType><ProductAmountValue>22.00</ProductAmountValue></ProductAmounts><ProductAmounts><ProductAmountType>ReportableValueAmount</ProductAmountType><ProductAmountValue>53504</ProductAmountValue><ProductAmountCurrency>USD</ProductAmountCurrency></ProductAmounts><ProductCodesNames><ProductCodesNamesType>TariffClassification</ProductCodesNamesType><ProductCodesNamesName>ADESIVOS A BASE DE BORRACHA</ProductCodesNamesName><ProductCodesNamesCode>35069110</ProductCodesNamesCode></ProductCodesNames><ProductCodesNames><ProductCodesNamesType>OGA</ProductCodesNamesType><ProductCodesNamesName>PF1</ProductCodesNamesName><ProductCodesNamesCode>PF1</ProductCodesNamesCode></ProductCodesNames><ProductCodesNames><ProductCodesNamesType>OGA</ProductCodesNamesType><ProductCodesNamesName>PF2</ProductCodesNamesName><ProductCodesNamesCode>PF2</ProductCodesNamesCode></ProductCodesNames><ProductDates><ProductDatesType>EstOriginOfGoodsDepartureDate</ProductDatesType><ProductDatesDate>20190424</ProductDatesDate></ProductDates><ProductDates><ProductDatesType>ActOriginOfGoodsDepartureDate</ProductDatesType><ProductDatesDate></ProductDatesDate></ProductDates></Detail><Footer>
<Measurements item='GrossWeightKilograms'>
<MeasurementValue>13516.8</MeasurementValue>
</Measurements>
</Footer><Footer>
<Measurements item='GrossWeightPounds'>
<MeasurementValue>29799.13728</MeasurementValue>
</Measurements>
</Footer><Footer>
<Measurements item='NetWeightKilograms'>
<MeasurementValue>12800</MeasurementValue>
</Measurements>
</Footer><Footer>
<Measurements item='NetWeightPounds'>
<MeasurementValue>28218.88</MeasurementValue>
</Measurements>
</Footer><Footer>
<Measurements item='VolumeCubicFeet'>
<MeasurementValue>22.000</MeasurementValue>
</Measurements>
</Footer><Footer>
<Measurements item='NumberofPalletPackages'>
<MeasurementValue></MeasurementValue>
</Measurements>
</Footer></Request>
