<?xml version="1.0" encoding="ISO-8859-1" ?>
<Request>
<ControlNumber>d73842a5-4adf-4450-90b1-ce9c5d8b2eeb</ControlNumber>
<UniqueMessageID>d73842a5-4adf-4450-90b1-ce9c5d8b2eeb</UniqueMessageID>
<FromIdentifier>ATL</FromIdentifier>
<ToIdentifier>Integration</ToIdentifier>
<Customer>DOW</Customer>
<Timestamp>20210121T183855</Timestamp>
<PrimaryKey>38147089</PrimaryKey>
<SecondaryKey>EMARG202101072AR</SecondaryKey>
<Header RequestType="Shipment" Action="Original" Type="Export"><Parties type="Consignee">
<Party-Name>DOW BRASIL INDUSTRIA E COMERCIO DE PRODUTOS QUIMICOS LTDA.</Party-Name>
<Party-Address>R 25 DEZEMBRO  S/N S/N</Party-Address>
<Party-City>SAO FRANCISCO DO SUL </Party-City>
<Party-State-Prov>SC</Party-State-Prov>
<Party-PostalCode>89240000</Party-PostalCode>
<Party-Country></Party-Country>
<PartyLocation-ID>00962326</PartyLocation-ID>
<Party-CountryName>Brasil</Party-CountryName>
<Party-UnlocCode></Party-UnlocCode><GovIDNumber>060435351000319</GovIDNumber>
</Parties><Parties type="Exporter">
<Party-Name>PBBPOLISUR S.R.L.</Party-Name>
<Party-Address>BOULEVARD CECILIA GRIERSON  355  </Party-Address>
<Party-City>BUENOS AIRES</Party-City>
<Party-State-Prov>C </Party-State-Prov>
<Party-PostalCode>        </Party-PostalCode>
<Party-Country>AR</Party-Country>
<PartyLocation-ID>D6WPG0001</PartyLocation-ID>
<Party-GlobalCode>695584</Party-GlobalCode><Party-CountryName>Argentina</Party-CountryName>
<Party-UnlocCode>ARBUE</Party-UnlocCode><GovIDNumber>30560254195</GovIDNumber>
</Parties><Parties type="ShipTo">
<Party-Name>DOW BRASIL INDUSTRIA E COMERCIO DE PRODUTOS QUIMICOS LTDA.</Party-Name>
<Party-Address>R 25 DEZEMBRO  S/N S/N</Party-Address>
<Party-City>SAO FRANCISCO DO SUL </Party-City>
<Party-State-Prov>SC</Party-State-Prov>
<Party-PostalCode>89240000</Party-PostalCode>
<Party-Country></Party-Country>
<PartyLocation-ID>00962326</PartyLocation-ID>
<Party-CountryName>Brasil</Party-CountryName>
<Party-UnlocCode></Party-UnlocCode><GovIDNumber>060435351000319</GovIDNumber>
</Parties><Parties type="SoldTo">
<Party-Name>DOW BRASIL INDUSTRIA E COMERCIO DE PRODUTOS QUIMICOS LTDA.</Party-Name>
<Party-Address>R 25 DEZEMBRO  S/N S/N</Party-Address>
<Party-City>SAO FRANCISCO DO SUL </Party-City>
<Party-State-Prov>SC</Party-State-Prov>
<Party-PostalCode>89240000</Party-PostalCode>
<Party-Country></Party-Country>
<PartyLocation-ID>P14594</PartyLocation-ID>
<Party-CountryName>Brasil</Party-CountryName>
<Party-UnlocCode></Party-UnlocCode><GovIDNumber>060435351000319</GovIDNumber>
</Parties><Parties type="Notify">
<Party-Name>DOW BRASIL INDUSTRIA E COMERCIO DE PRODUTOS QUIMICOS LTDA.</Party-Name>
<Party-Address>R 25 DEZEMBRO  S/N S/N</Party-Address>
<Party-City>SAO FRANCISCO DO SUL </Party-City>
<Party-State-Prov>SC</Party-State-Prov>
<Party-PostalCode>89240000</Party-PostalCode>
<Party-Country></Party-Country>
<PartyLocation-ID>P14594</PartyLocation-ID>
<Party-CountryName>Brasil</Party-CountryName>
<Party-UnlocCode></Party-UnlocCode><GovIDNumber>060435351000319</GovIDNumber>
</Parties><Parties type="Partner">
<Party-Name>BDP INTERNATIONAL SRL - ARGENTINA </Party-Name>
<Party-Address>BOUCHARD  680 PISO 3</Party-Address>
<Party-City>BUENOS AIRES</Party-City>
<Party-State-Prov>C </Party-State-Prov>
<Party-PostalCode>C1106ABJ</Party-PostalCode>
<Party-Country>AR</Party-Country>
<Party-ID type="PartnerID">BDPARBUE</Party-ID><Party-Contacts Action='Add' type="CSR">
<Contact-Name>NELSON FACUNDO LOPEZ</Contact-Name>
<Contact-CommunicationAddress type="Email"><![CDATA[nelson.facundo@bdpint.com]]></Contact-CommunicationAddress>
</Party-Contacts></Parties><Parties type="BDPRepresentative">
<Party-Name>BDP INTERNATIONAL SRL - ARGENTINA </Party-Name>
<Party-Address>BOUCHARD  680 PISO 3</Party-Address>
<Party-City>BUENOS AIRES</Party-City>
<Party-State-Prov>C </Party-State-Prov>
<Party-PostalCode>C1106ABJ</Party-PostalCode>
<Party-Country>AR</Party-Country>
<PartyLocation-ID>P15498</PartyLocation-ID>
<Party-CountryName>Argentina</Party-CountryName>
<Party-UnlocCode>ARBUE</Party-UnlocCode><GovIDNumber>30710500211</GovIDNumber>
</Parties><Parties type="Buyer">
<Party-Name>DOW BRASIL INDUSTRIA E COMERCIO DE PRODUTOS QUIMICOS LTDA.</Party-Name>
<Party-Address>R 25 DEZEMBRO  S/N S/N</Party-Address>
<Party-City>SAO FRANCISCO DO SUL </Party-City>
<Party-State-Prov>SC</Party-State-Prov>
<Party-PostalCode>89240000</Party-PostalCode>
<Party-Country></Party-Country>
<PartyLocation-ID>00962326</PartyLocation-ID>
<Party-CountryName>Brasil</Party-CountryName>
<Party-UnlocCode></Party-UnlocCode><GovIDNumber>060435351000319</GovIDNumber>
</Parties><Parties type="Importer">
<Party-Name>DOW BRASIL INDUSTRIA E COMERCIO DE PRODUTOS QUIMICOS LTDA.</Party-Name>
<Party-Address>R 25 DEZEMBRO  S/N S/N</Party-Address>
<Party-City>SAO FRANCISCO DO SUL </Party-City>
<Party-State-Prov>SC</Party-State-Prov>
<Party-PostalCode>89240000</Party-PostalCode>
<Party-Country></Party-Country>
<PartyLocation-ID>00962326</PartyLocation-ID>
<Party-CountryName>Brasil</Party-CountryName>
<Party-UnlocCode></Party-UnlocCode><GovIDNumber>060435351000319</GovIDNumber>
</Parties><Parties type="Seller">
<Party-Name>PBBPOLISUR S.R.L.</Party-Name>
<Party-Address>BOULEVARD CECILIA GRIERSON  355  </Party-Address>
<Party-City>BUENOS AIRES</Party-City>
<Party-State-Prov>C </Party-State-Prov>
<Party-PostalCode>        </Party-PostalCode>
<Party-Country>AR</Party-Country>
<PartyLocation-ID>P000003510</PartyLocation-ID>
<Party-GlobalCode>695584</Party-GlobalCode><Party-CountryName>Argentina</Party-CountryName>
<Party-UnlocCode>ARBUE</Party-UnlocCode><GovIDNumber>30560254195</GovIDNumber>
</Parties><Parties type="Supplier">
<Party-Name>PBBPOLISUR S.R.L.</Party-Name>
<Party-Address>BOULEVARD CECILIA GRIERSON  355  </Party-Address>
<Party-City>BUENOS AIRES</Party-City>
<Party-State-Prov>C </Party-State-Prov>
<Party-PostalCode>        </Party-PostalCode>
<Party-Country>AR</Party-Country>
<PartyLocation-ID>P000003510</PartyLocation-ID>
<Party-CountryName>Argentina</Party-CountryName>
<Party-UnlocCode>ARBUE</Party-UnlocCode><GovIDNumber>30560254195</GovIDNumber>
</Parties><ProcessingInstructions>
<Process>BRTP</Process>
<Status/>
<SystemCode Code ='BRTP'></SystemCode>
<GlobalHubRoutingCode>SHIPMENT</GlobalHubRoutingCode>
</ProcessingInstructions><References type= 'BDPJobNumber'>
<ReferenceNumber>EMARG202101072AR</ReferenceNumber>
</References><References type='OperatingUnitClassification'><ReferenceNumber>CHB</ReferenceNumber> </References><References type= 'SellerCode'>
<ReferenceNumber>P000003510</ReferenceNumber>
</References><References type= 'ShipmentNumber'>
<ReferenceNumber>38147089</ReferenceNumber>
</References><References type= 'SAPShipmentNumber'>
<ReferenceNumber>38147089</ReferenceNumber>
</References><References type = 'GeneralDescription'>
<ReferenceNumber> <![CDATA[CONTRACT LOGIN]]></ReferenceNumber></References><References type= 'GovernmentPermissionToExportSubmissionNumber'>
<ReferenceNumber>21003EC03000041P</ReferenceNumber>
</References><References type= 'PurchaseOrderNumber'>
<ReferenceNumber>4005785298</ReferenceNumber>
</References><References type= 'OrderNumber'>
<ReferenceNumber>38162721</ReferenceNumber>
<ReferenceDate>20210113</ReferenceDate>
</References><References type= 'OrderType'>
<ReferenceNumber>INTER-COMPANY</ReferenceNumber>
</References><References type= 'DeliveryOrderNumber'>
<ReferenceNumber>184514-184075-183714-183714</ReferenceNumber>
</References><References type= 'SellerReferenceNumber'>
<ReferenceNumber>38162721</ReferenceNumber>
<ReferenceDate>20210113</ReferenceDate>
</References><References type='BDPClientCode'><ReferenceNumber>D6WPG0001</ReferenceNumber> </References><References type= 'CargoType'>
<ReferenceNumber>05</ReferenceNumber>
<ReferenceDate></ReferenceDate>
</References><References type= 'ManifestHoldIndYN'>
<ReferenceNumber>N</ReferenceNumber>
<ReferenceDate></ReferenceDate>
</References><References type='CountryOfExportUNLOCCode'>
<ReferenceNumber>AR</ReferenceNumber>
</References><References type= 'BuyerReferenceNumber'>
<ReferenceNumber>38147089</ReferenceNumber>
</References><References type= 'DestinationControlIndYN'>
<ReferenceNumber>N</ReferenceNumber>
<ReferenceDate></ReferenceDate>
</References><References type= 'SupplierRelatedNonrelatedUndYN'>
<ReferenceNumber>N</ReferenceNumber>
<ReferenceDate></ReferenceDate>
</References><References type= 'ConsolIndicator'>
<ReferenceNumber>D</ReferenceNumber>
</References><References type= 'BDPTransportYN'>
<ReferenceNumber>N</ReferenceNumber>
</References><References type= 'ExpressMBOLInd'>
<ReferenceNumber>N</ReferenceNumber>
</References><References type= 'HouseBookingNumber'>
<ReferenceNumber>LM0182712</ReferenceNumber>
<ReferenceDate></ReferenceDate>
</References><References type= 'SupplierReference'>
<ReferenceNumber>38162721</ReferenceNumber>
<ReferenceDate>20210113</ReferenceDate>
</References><References type= 'ExportForwarderRefNbr'>
<ReferenceNumber>EMARG202101072AR</ReferenceNumber>
</References><References type= 'ShipmentStatus'>
<ReferenceNumber>1-Origen</ReferenceNumber>
</References><References type= 'SalesOrderNumber'>
<ReferenceNumber>38162721</ReferenceNumber>
<ReferenceDate>20210113</ReferenceDate>
</References><CommercialInvoice>
<InvoiceNumber></InvoiceNumber>
<TermsofSaleCode>FOB</TermsofSaleCode>
<TermsofSaleDesc>FOB</TermsofSaleDesc>
<FinalTermsofSaleCode>FOB</FinalTermsofSaleCode>
<FinalTermsofSaleDesc>FOB</FinalTermsofSaleDesc>
<TermsofPaymentCode>281</TermsofPaymentCode>
<TermsofPaymentDescription>60 Days of Invoice Date</TermsofPaymentDescription><InvoiceAmount>1923750</InvoiceAmount><CurrencyCode>USD</CurrencyCode><CIDate>20210108</CIDate><FOBAmount>1923750</FOBAmount><FOBCurrency>USD</FOBCurrency><ChargeInd>N</ChargeInd>
<CIProductDetail action='Add'><LineItemNo>1</LineItemNo><ProductCode>374360</ProductCode><BrandName><![CDATA[DOWLEX* NG 2038.11B POLYETHYLE     NE RESIN-374360]]></BrandName><InvoiceDesc><![CDATA[DOWLEX* NG 2038.11B POLYETHYLE     NE RESIN-374360]]></InvoiceDesc><BilledQuantity>81000.00</BilledQuantity>
<BilledQuantityUnit>BG</BilledQuantityUnit><Price>23.75</Price>
<PriceCurrency>USD</PriceCurrency><Amount>1923750.00</Amount><AmountCurrency>USD</AmountCurrency></CIProductDetail></CommercialInvoice><Transportation Responsibility='Carrier' MethodofTransportation='Ocean' LegType='Secondary'></Transportation><Transportation Responsibility='Carrier' MethodofTransportation='Ocean' LegType='Primary'>
<Origin Type='PortofLoad'>
<OriginName>BUENOS AIRES</OriginName>
</Origin>
<OriginCodeType Type='ScheduleD'>
<OriginCode>35701</OriginCode>
</OriginCodeType><OriginCodeType Type='UNLOCCode'>
<OriginCode>ARBUE</OriginCode>
</OriginCodeType>
<OriginCountryCode>AR</OriginCountryCode><OriginDate type='Estimated'>20210125</OriginDate>
<Destination LocationType='PortofDischarge'>
<DestinationName>ITAJAI</DestinationName>
</Destination>
<DestinationCodeType Type='ScheduleK'>
<DestinationCode>35138</DestinationCode>
</DestinationCodeType><DestinationCodeType Type='UNLOCCode'>
<DestinationCode>BRITJ</DestinationCode>
</DestinationCodeType>
<DestinationCountryCode>BR</DestinationCountryCode>
<DestinationDate type='Estimated'>20210131</DestinationDate>
<TypeofMoveDescription>PORT TO PORT</TypeofMoveDescription>
<Carrier>
<CarrierName>LOGIN LOGISTICA</CarrierName>
<CarrierCode type='SCAC'>1293321</CarrierCode>
</Carrier><Vessel>
<VesselName>LOG-IN ENDURANCE</VesselName>
<VesselCode type='Lloyds'>00000</VesselCode></Vessel>
<PrepaidorCollect>C</PrepaidorCollect>
<ReferenceType type='HouseBillofLadingNumber'>
<ReferenceNumber></ReferenceNumber>
</ReferenceType>
<ReferenceType type='VoyageNumber'>
<ReferenceNumber><![CDATA[011]]></ReferenceNumber>
</ReferenceType>
<ReferenceType type='AdditionalShipPoint'><ReferenceNumber>D147</ReferenceNumber></ReferenceType><ReferenceType type='FreightAmount'><ReferenceNumber>0.00</ReferenceNumber>
</ReferenceType>
<ReferenceType type='HouseCarrierSCAC'>
<ReferenceNumber>1659372</ReferenceNumber>
</ReferenceType><ReferenceType type= 'BookingNumber'>
<ReferenceNumber>LM0182712</ReferenceNumber>
</ReferenceType></Transportation><EquipmentSummary>
<EquipmentQuantity>3</EquipmentQuantity>
<EquipmentSize>40</EquipmentSize>
<EquipmentContainerTypeRequest>ADD</EquipmentContainerTypeRequest>
<EquipmentType>CONTAINER</EquipmentType>
</EquipmentSummary><LetterofCredit>
<RequiredYN>N</RequiredYN>
<IssueNumber></IssueNumber>
</LetterofCredit><Marks>
N/I
</Marks><Status>
<StatusType type='ActualPortofLoadDate'/>
<StatusDate></StatusDate>
</Status><Status>
<StatusType type='DateSailingConfirmed '/>
<StatusDate></StatusDate>
</Status><Status>
<StatusType type='EstDomesticInlandDeliveryDate'/>
<StatusDate>20210118</StatusDate>
</Status><Status>
<StatusType type='ActPlaceOfReceiptDate'/>
<StatusDate></StatusDate>
</Status><Status>
<StatusType type='EstPlaceOfReceiptDate'/>
<StatusDate>20210118</StatusDate>
</Status><Status>
<StatusType type='ActUnloadedFromVesselDate'/>
<StatusDate></StatusDate>
</Status><Status>
<StatusType type='ActPortOfExitDate '/>
<StatusDate></StatusDate>
</Status><Status>
<StatusType type='ActVesselDepartureDate'/>
<StatusDate></StatusDate>
</Status><Status>
<StatusType type='EstPortOfExitDate'/>
<StatusDate></StatusDate>
</Status><Status>
<StatusType type='LoadedOnVessel'/>
<StatusDate></StatusDate>
</Status><Status>
<StatusType type='GovernmentPaymentStatementSubmissionDate'/>
<StatusDate>20210114</StatusDate>
</Status><Status>
<StatusType type='ActPortofDepartureDate'/>
<StatusDate></StatusDate>
</Status><Status>
<StatusType type='EstimatedPortofLoadDate'/>
<StatusDate>20210125</StatusDate>
</Status><Status>
<StatusType type='EstimatedPortofDischargeDate'/>
<StatusDate>20210131</StatusDate>
</Status><Status>
<StatusType type='BolAwbIssueDate'/>
<StatusDate></StatusDate>
</Status><Status>
<StatusType type='ActDocumentDistributionSentDate'/>
<StatusDate></StatusDate>
</Status><Status>
<StatusType type='ActBookingConfirmationDate'/>
<StatusDate>20210118</StatusDate>
</Status><Status>
<StatusType type='RequestedETADestinationDate'/>
<StatusDate>20210131</StatusDate>
</Status><Status>
<StatusType type='GovernmentPermissionToExportReleaseDate'/>
<StatusDate>20210114</StatusDate>
</Status><Status>
<StatusType type='OrderReceiveDate'/>
<StatusDate>20210108</StatusDate>
</Status><Status>
<StatusType type='LatestDeliveryDate'/>
<StatusDate>20210122</StatusDate>
<StatusTime></StatusTime>
</Status><Status>
<StatusType type='SolasVrfdGrMassCutDt'/>
<StatusDate>20210123</StatusDate>
<StatusTime>0000</StatusTime>
</Status>
<Status>
<StatusType type='CarrierDocCutoffDate'/>
<StatusDate>20210120</StatusDate>
<StatusTime>2200</StatusTime>
</Status>
<Status>
<StatusType type='BookingConfirmationDate'/>
<StatusDate>20210210</StatusDate>
</Status><Status>
<StatusType type='RequestedPlantShipDate'/>
<StatusDate>20210118</StatusDate>
</Status><Status>
<StatusType type='EstimatedPlaceofDeliveryDate'/>
<StatusDate>20210124</StatusDate>
</Status><Status>
<StatusType type='TransETDDate'/>
<StatusDate>20210206</StatusDate>
</Status><Status>
<StatusType type='TransETADate'/>
<StatusDate>20210204</StatusDate>
</Status><Status>
<StatusType type='BookingDate'/>
<StatusDate>20210111</StatusDate>
</Status>
<Status>
<StatusType type='CustomsReleaseDate'/>
<StatusDate>20210114</StatusDate>
</Status>
<Status>
<StatusType type='CustomsEntryPermitReleaseDate'/>
<StatusDate>20210114</StatusDate>
</Status>
<Status>
<StatusType type='GovernmentPermissionToExportSubmissionDate'/>
<StatusDate>20210114</StatusDate>
</Status><Status>
<StatusType type='LastModifiedByDate'/>
<StatusDate>20210121</StatusDate>
</Status><Status>
<StatusType type='LoggedDate'/>
<StatusDate>20210113</StatusDate>
</Status><Status>
<StatusType type='FileCreationDate'/>
<StatusDate>20210113</StatusDate>
</Status><Amounts><AmountType><![CDATA[BaseFreightBolAwbAmountPrepaid]]></AmountType><AmountValue><![CDATA[0.00]]></AmountValue><AmountUnit><![CDATA[]]></AmountUnit><AmountCurrency><![CDATA[USD]]></AmountCurrency><AmountCode><![CDATA[]]></AmountCode></Amounts><Amounts><AmountType><![CDATA[TotalFreightBolAwbPrepaidAmount]]></AmountType><AmountValue><![CDATA[0.00]]></AmountValue><AmountUnit><![CDATA[]]></AmountUnit><AmountCurrency><![CDATA[USD]]></AmountCurrency><AmountCode><![CDATA[]]></AmountCode><AmountIndicator><![CDATA[KG]]></AmountIndicator></Amounts><Amounts><AmountType><![CDATA[BaseFreightDomesticInlandAmount]]></AmountType><AmountValue><![CDATA[0.00]]></AmountValue><AmountUnit><![CDATA[]]></AmountUnit><AmountCode><![CDATA[]]></AmountCode><AmountIndicator><![CDATA[KG]]></AmountIndicator></Amounts><Amounts><AmountType><![CDATA[DomesticInlandTotalFreightAmount]]></AmountType><AmountValue><![CDATA[0.00]]></AmountValue><AmountUnit><![CDATA[]]></AmountUnit><AmountCode><![CDATA[]]></AmountCode><AmountIndicator><![CDATA[KG]]></AmountIndicator></Amounts><Amounts><AmountType><![CDATA[ReportableValueAmount]]></AmountType><AmountValue><![CDATA[1923750.00]]></AmountValue><AmountUnit><![CDATA[]]></AmountUnit><AmountCurrency><![CDATA[USD]]></AmountCurrency><AmountCode><![CDATA[]]></AmountCode></Amounts><Amounts><AmountType><![CDATA[NumberOfTEUs]]></AmountType><AmountValue><![CDATA[0]]></AmountValue><AmountUnit><![CDATA[]]></AmountUnit><AmountCode><![CDATA[]]></AmountCode></Amounts><Amounts><AmountType><![CDATA[TotalWeightKG]]></AmountType><AmountValue><![CDATA[82620]]></AmountValue><AmountUnit><![CDATA[]]></AmountUnit><AmountCode><![CDATA[]]></AmountCode><AmountIndicator><![CDATA[KG]]></AmountIndicator></Amounts><Locations>
<LocationType>DomesticInland</LocationType><LocationName>BAHIA BLANCA</LocationName>
<LocationUnlocCode>ARBHI</LocationUnlocCode>
<LocationCountryCode>AR</LocationCountryCode>
<LocationCountryName>BAHIA BLANCA</LocationCountryName><LocationCode></LocationCode>
</Locations><CodesNames>  <CodesNamesType>CargoDescription</CodesNamesType><CodesNamesName><![CDATA[]]></CodesNamesName><CodesNamesCode></CodesNamesCode></CodesNames><CodesNames>  <CodesNamesType>SalesPerson</CodesNamesType><CodesNamesName><![CDATA[Fernando Rossi]]></CodesNamesName><CodesNamesCode></CodesNamesCode></CodesNames></Header><Detail>
<ProductDetail action='Add'>
<LineItemNo>1</LineItemNo>
<ProductCode>374360</ProductCode>
<BrandName><![CDATA[DOWLEX* NG 2038.11B POLYETHYLE     NE RESIN-374360]]></BrandName>
<InvoiceDesc><![CDATA[DOWLEX* NG 2038.11B POLYETHYLE     NE RESIN-374360]]></InvoiceDesc>
<BLDesc>N/I</BLDesc>
<Compliance>
<ClassificationNumber>39011010</ClassificationNumber> 
 <Domestic-Foreign>D</Domestic-Foreign> <DrawbackInd>N</DrawbackInd></Compliance><BilledQuantity>3240</BilledQuantity>
<BilledQuantityUnit>BG</BilledQuantityUnit>
<Price>23.75</Price>
<ProductAmount>76950</ProductAmount><CurrencyCode>USD</CurrencyCode>
<CountryofOriginCode>AR</CountryofOriginCode>
<CountryofOriginName>ARGENTINA</CountryofOriginName>
<NoOfPkgs>129.6</NoOfPkgs><TypePkgCode>BG</TypePkgCode>
<TypePkgDesc>Bags</TypePkgDesc>
<NoOfPlts>129.6</NoOfPlts><Measurements type='GrsWtKgs'>
<MeasurementValue>82620</MeasurementValue>
</Measurements>
<Measurements type='NetWtKgs'>
<MeasurementValue>81000</MeasurementValue>
</Measurements>
<PrimaryRptQty>3240</PrimaryRptQty><PrimaryRptQtyUOM>BG</PrimaryRptQtyUOM><SecondaryRptQty>3240</SecondaryRptQty><SecondaryRptQtyUOM>BG</SecondaryRptQtyUOM><EnterValue>76950</EnterValue></ProductDetail><ProductReferences type='SBU'>
<ProductReferenceNumber>7129</ProductReferenceNumber></ProductReferences><ProductStatements><ProductStatement> <![CDATA[CONTRACT LOGIN]]></ProductStatement></ProductStatements><HazardousDetail><UNNumber></UNNumber><FlashPoint></FlashPoint><HazmatMaterialName></HazmatMaterialName><HazmatDesc></HazmatDesc><HazmatContact></HazmatContact><HighTemp></HighTemp><LowTemp></LowTemp><Indicator>N</Indicator></HazardousDetail><ProductAmounts><ProductAmountType>CubicMeterMeasurement</ProductAmountType><ProductAmountValue>0.000</ProductAmountValue></ProductAmounts><ProductAmounts><ProductAmountType>ReportableValueAmount</ProductAmountType><ProductAmountValue>76950</ProductAmountValue><ProductAmountCurrency>USD</ProductAmountCurrency></ProductAmounts><ProductCodesNames><ProductCodesNamesType>TariffClassification</ProductCodesNamesType><ProductCodesNamesName>POLIETILENO DE DENSIDAD INFERIOR A 0,94 LINEAL</ProductCodesNamesName><ProductCodesNamesCode>39011010</ProductCodesNamesCode></ProductCodesNames></Detail><Footer>
<Measurements item='GrossWeightKilograms'>
<MeasurementValue>82620</MeasurementValue>
</Measurements>
</Footer><Footer>
<Measurements item='GrossWeightPounds'>
<MeasurementValue>182144.052</MeasurementValue>
</Measurements>
</Footer><Footer>
<Measurements item='NetWeightKilograms'>
<MeasurementValue>81000</MeasurementValue>
</Measurements>
</Footer><Footer>
<Measurements item='NetWeightPounds'>
<MeasurementValue>178572.6</MeasurementValue>
</Measurements>
</Footer><Footer>
<Measurements item='VolumeCubicFeet'>
<MeasurementValue>0.000</MeasurementValue>
</Measurements>
</Footer><Footer>
<Measurements item='NumberofPalletPackages'>
<MeasurementValue>54</MeasurementValue>
</Measurements>
</Footer></Request>