<?xml version="1.0" encoding="ISO-8859-1" ?>
<Request>
<ControlNumber>8a9ba459-759e-448f-a0a7-afecf306ee78</ControlNumber>
<UniqueMessageID>8a9ba459-759e-448f-a0a7-afecf306ee78</UniqueMessageID>
<FromIdentifier>ATL</FromIdentifier>
<ToIdentifier>Integration</ToIdentifier>
<Customer>DOW</Customer>
<Timestamp>20210121T183832</Timestamp>
<PrimaryKey>38147089</PrimaryKey>
<SecondaryKey>EMARG202101002AR</SecondaryKey>
<Header RequestType="Shipment" Action="Original" Type="Export"><Parties type="Consignee">
<Party-Name>TECNOLOGIA DE MATERIALES SA</Party-Name>
<Party-Address>AV ALAMEDA LOS HORIZONTES 905 </Party-Address>
<Party-City>LIMA</Party-City>
<Party-State-Prov>LI</Party-State-Prov>
<Party-PostalCode>3</Party-PostalCode>
<Party-Country></Party-Country>
<PartyLocation-ID>02072726</PartyLocation-ID>
<Party-CountryName>Peru</Party-CountryName>
<Party-UnlocCode></Party-UnlocCode><GovIDNumber></GovIDNumber>
</Parties><Parties type="Exporter">
<Party-Name>PBBPOLISUR S.R.L.</Party-Name>
<Party-Address>BOULEVARD CECILIA GRIERSON  355  PISO 3 </Party-Address>
<Party-City>BUENOS AIRES</Party-City>
<Party-State-Prov>C </Party-State-Prov>
<Party-PostalCode>        </Party-PostalCode>
<Party-Country>AR</Party-Country>
<PartyLocation-ID>D6WPG0001</PartyLocation-ID>
<Party-GlobalCode>705997</Party-GlobalCode><Party-CountryName>Argentina</Party-CountryName>
<Party-UnlocCode>ARBUE</Party-UnlocCode><GovIDNumber>30560254195</GovIDNumber>
</Parties><Parties type="ShipTo">
<Party-Name>TECNOLOGIA DE MATERIALES SA</Party-Name>
<Party-Address>AV ALAMEDA LOS HORIZONTES 905 </Party-Address>
<Party-City>LIMA</Party-City>
<Party-State-Prov>LI</Party-State-Prov>
<Party-PostalCode>3</Party-PostalCode>
<Party-Country></Party-Country>
<PartyLocation-ID>02072726</PartyLocation-ID>
<Party-CountryName>Peru</Party-CountryName>
<Party-UnlocCode></Party-UnlocCode><GovIDNumber></GovIDNumber>
</Parties><Parties type="SoldTo">
<Party-Name>TECNOLOGIA DE MATERIALES SA</Party-Name>
<Party-Address>AV ALAMEDA LOS HORIZONTES 905 </Party-Address>
<Party-City>LIMA</Party-City>
<Party-State-Prov>LI</Party-State-Prov>
<Party-PostalCode>3</Party-PostalCode>
<Party-Country></Party-Country>
<PartyLocation-ID>P000003456</PartyLocation-ID>
<Party-CountryName>Peru</Party-CountryName>
<Party-UnlocCode></Party-UnlocCode><GovIDNumber></GovIDNumber>
</Parties><Parties type="Notify">
<Party-Name>TECNOLOGIA DE MATERIALES SA</Party-Name>
<Party-Address>AV ALAMEDA LOS HORIZONTES 905 </Party-Address>
<Party-City>LIMA</Party-City>
<Party-State-Prov>LI</Party-State-Prov>
<Party-PostalCode>3</Party-PostalCode>
<Party-Country></Party-Country>
<PartyLocation-ID>P000003456</PartyLocation-ID>
<Party-CountryName>Peru</Party-CountryName>
<Party-UnlocCode></Party-UnlocCode><GovIDNumber></GovIDNumber>
</Parties><Parties type="Partner">
<Party-Name>BDP INTERNATIONAL SRL - ARGENTINA </Party-Name>
<Party-Address>BOUCHARD  680 PISO 3</Party-Address>
<Party-City>BUENOS AIRES</Party-City>
<Party-State-Prov>C </Party-State-Prov>
<Party-PostalCode>C1106ABJ</Party-PostalCode>
<Party-Country>AR</Party-Country>
<Party-ID type="PartnerID">BDPARBUE</Party-ID><Party-Contacts Action='Add' type="CSR">
<Contact-Name>NELSON FACUNDO LOPEZ</Contact-Name>
<Contact-CommunicationAddress type="Email"><![CDATA[nelson.facundo@bdpint.com]]></Contact-CommunicationAddress>
</Party-Contacts></Parties><Parties type="BDPRepresentative">
<Party-Name>BDP INTERNATIONAL SRL - ARGENTINA </Party-Name>
<Party-Address>BOUCHARD  680 PISO 3</Party-Address>
<Party-City>BUENOS AIRES</Party-City>
<Party-State-Prov>C </Party-State-Prov>
<Party-PostalCode>C1106ABJ</Party-PostalCode>
<Party-Country>AR</Party-Country>
<PartyLocation-ID>P15498</PartyLocation-ID>
<Party-CountryName>Argentina</Party-CountryName>
<Party-UnlocCode>ARBUE</Party-UnlocCode><GovIDNumber>30710500211</GovIDNumber>
</Parties><Parties type="Buyer">
<Party-Name>TECNOLOGIA DE MATERIALES SA</Party-Name>
<Party-Address>AV ALAMEDA LOS HORIZONTES 905 </Party-Address>
<Party-City>LIMA</Party-City>
<Party-State-Prov>LI</Party-State-Prov>
<Party-PostalCode>3</Party-PostalCode>
<Party-Country></Party-Country>
<PartyLocation-ID>02072726</PartyLocation-ID>
<Party-CountryName>Peru</Party-CountryName>
<Party-UnlocCode></Party-UnlocCode><GovIDNumber></GovIDNumber>
</Parties><Parties type="Importer">
<Party-Name>TECNOLOGIA DE MATERIALES SA</Party-Name>
<Party-Address>AV ALAMEDA LOS HORIZONTES 905 </Party-Address>
<Party-City>LIMA</Party-City>
<Party-State-Prov>LI</Party-State-Prov>
<Party-PostalCode>3</Party-PostalCode>
<Party-Country></Party-Country>
<PartyLocation-ID>02072726</PartyLocation-ID>
<Party-CountryName>Peru</Party-CountryName>
<Party-UnlocCode></Party-UnlocCode><GovIDNumber></GovIDNumber>
</Parties><Parties type="Seller">
<Party-Name>PBBPOLISUR S.R.L.</Party-Name>
<Party-Address>BOULEVARD CECILIA GRIERSON  355  PISO 3 </Party-Address>
<Party-City>BUENOS AIRES</Party-City>
<Party-State-Prov>C </Party-State-Prov>
<Party-PostalCode>        </Party-PostalCode>
<Party-Country>AR</Party-Country>
<PartyLocation-ID>P000003507</PartyLocation-ID>
<Party-GlobalCode>705997</Party-GlobalCode><Party-CountryName>Argentina</Party-CountryName>
<Party-UnlocCode>ARBUE</Party-UnlocCode><GovIDNumber>30560254195</GovIDNumber>
</Parties><Parties type="Supplier">
<Party-Name>PBBPOLISUR S.R.L.</Party-Name>
<Party-Address>BOULEVARD CECILIA GRIERSON  355  PISO 3 </Party-Address>
<Party-City>BUENOS AIRES</Party-City>
<Party-State-Prov>C </Party-State-Prov>
<Party-PostalCode>        </Party-PostalCode>
<Party-Country>AR</Party-Country>
<PartyLocation-ID>P000003507</PartyLocation-ID>
<Party-CountryName>Argentina</Party-CountryName>
<Party-UnlocCode>ARBUE</Party-UnlocCode><GovIDNumber>30560254195</GovIDNumber>
</Parties><ProcessingInstructions>
<Process>BRTP</Process>
<Status/>
<SystemCode Code ='BRTP'></SystemCode>
<GlobalHubRoutingCode>SHIPMENT</GlobalHubRoutingCode>
</ProcessingInstructions><References type= 'BDPJobNumber'>
<ReferenceNumber>EMARG202101002AR</ReferenceNumber>
</References><References type='OperatingUnitClassification'><ReferenceNumber>CHB</ReferenceNumber> </References><References type= 'SellerCode'>
<ReferenceNumber>P000003507</ReferenceNumber>
</References><References type= 'ShipmentNumber'>
<ReferenceNumber>38147089</ReferenceNumber>
</References><References type= 'SAPShipmentNumber'>
<ReferenceNumber>38147089</ReferenceNumber>
</References><References type = 'GeneralDescription'>
<ReferenceNumber> <![CDATA[CONTRACT HSUD AMGC0000184]]></ReferenceNumber></References><References type= 'GovernmentPermissionToExportSubmissionNumber'>
<ReferenceNumber>21003EC03000001L</ReferenceNumber>
</References><References type= 'PurchaseOrderNumber'>
<ReferenceNumber>0150776509</ReferenceNumber>
</References><References type= 'OrderNumber'>
<ReferenceNumber>38112256</ReferenceNumber>
<ReferenceDate>20210104</ReferenceDate>
</References><References type= 'OrderType'>
<ReferenceNumber>INDENT</ReferenceNumber>
</References><References type= 'DeliveryOrderNumber'>
<ReferenceNumber>125737-125736-125569-125475-125475</ReferenceNumber>
</References><References type= 'SellerReferenceNumber'>
<ReferenceNumber>38112256</ReferenceNumber>
<ReferenceDate>20210104</ReferenceDate>
</References><References type='BDPClientCode'><ReferenceNumber>D6WPG0001</ReferenceNumber> </References><References type= 'CargoType'>
<ReferenceNumber>05</ReferenceNumber>
<ReferenceDate></ReferenceDate>
</References><References type= 'ManifestHoldIndYN'>
<ReferenceNumber>N</ReferenceNumber>
<ReferenceDate></ReferenceDate>
</References><References type='CountryOfExportUNLOCCode'>
<ReferenceNumber>AR</ReferenceNumber>
</References><References type= 'BuyerReferenceNumber'>
<ReferenceNumber>38147089</ReferenceNumber>
</References><References type= 'DestinationControlIndYN'>
<ReferenceNumber>N</ReferenceNumber>
<ReferenceDate></ReferenceDate>
</References><References type= 'SupplierRelatedNonrelatedUndYN'>
<ReferenceNumber>N</ReferenceNumber>
<ReferenceDate></ReferenceDate>
</References><References type= 'ConsolIndicator'>
<ReferenceNumber>D</ReferenceNumber>
</References><References type= 'BDPTransportYN'>
<ReferenceNumber>N</ReferenceNumber>
</References><References type= 'ExpressMBOLInd'>
<ReferenceNumber>N</ReferenceNumber>
</References><References type= 'HouseBookingNumber'>
<ReferenceNumber>0BUE032798</ReferenceNumber>
<ReferenceDate></ReferenceDate>
</References><References type= 'SupplierReference'>
<ReferenceNumber>38112256</ReferenceNumber>
<ReferenceDate>20210104</ReferenceDate>
</References><References type= 'ExportForwarderRefNbr'>
<ReferenceNumber>EMARG202101002AR</ReferenceNumber>
</References><References type= 'ShipmentStatus'>
<ReferenceNumber>1-Origen</ReferenceNumber>
</References><References type= 'SalesOrderNumber'>
<ReferenceNumber>38112256</ReferenceNumber>
<ReferenceDate>20210104</ReferenceDate>
</References><CommercialInvoice>
<InvoiceNumber></InvoiceNumber>
<TermsofSaleCode>CPT</TermsofSaleCode>
<TermsofSaleDesc>CPT</TermsofSaleDesc>
<FinalTermsofSaleCode>CPT</FinalTermsofSaleCode>
<FinalTermsofSaleDesc>CPT</FinalTermsofSaleDesc>
<TermsofPaymentCode>281</TermsofPaymentCode>
<TermsofPaymentDescription>60 Days of Invoice Date</TermsofPaymentDescription><InvoiceAmount>2789200</InvoiceAmount><CurrencyCode>USD</CurrencyCode><CIDate>20201230</CIDate><FOBAmount>2778368</FOBAmount><FOBCurrency>USD</FOBCurrency><ChargeInd>N</ChargeInd>
<CIProductDetail action='Add'><LineItemNo>1</LineItemNo><ProductCode>00374344</ProductCode><BrandName><![CDATA[PE MDPE NG 6895 BG6025 KG]]></BrandName><InvoiceDesc><![CDATA[PE MDPE NG 6895 BG6025 KG]]></InvoiceDesc><BilledQuantity>102000.00</BilledQuantity>
<BilledQuantityUnit>BG</BilledQuantityUnit><Price>27.35</Price>
<PriceCurrency>USD</PriceCurrency><Amount>2789200.00</Amount><AmountCurrency>USD</AmountCurrency></CIProductDetail></CommercialInvoice><Transportation Responsibility='Carrier' MethodofTransportation='Ocean' LegType='Secondary'></Transportation><Transportation Responsibility='Carrier' MethodofTransportation='Ocean' LegType='Primary'>
<Origin Type='PortofLoad'>
<OriginName>BAHIA BLANCA</OriginName>
</Origin>
<OriginCodeType Type='ScheduleD'>
<OriginCode>35701</OriginCode>
</OriginCodeType><OriginCodeType Type='UNLOCCode'>
<OriginCode>ARBHI</OriginCode>
</OriginCodeType>
<OriginCountryCode>AR</OriginCountryCode><OriginDate type='Estimated'>20210124</OriginDate>
<Destination LocationType='PortofDischarge'>
<DestinationName>CALLAO</DestinationName>
</Destination>
<DestinationCodeType Type='UNLOCCode'>
<DestinationCode>PECLL</DestinationCode>
</DestinationCodeType>
<DestinationCountryCode>PE</DestinationCountryCode>
<DestinationDate type='Estimated'>20210220</DestinationDate>
<TypeofMoveDescription>DOOR TO PORT</TypeofMoveDescription>
<Carrier>
<CarrierName>HAMBURG SUD</CarrierName>
<CarrierCode type='SCAC'>820009</CarrierCode>
</Carrier><Vessel>
<VesselName>ANTOFAGASTA EXPRESS</VesselName>
<VesselCode type='Lloyds'>00000</VesselCode></Vessel>
<PrepaidorCollect>P</PrepaidorCollect>
<ReferenceType type='HouseBillofLadingNumber'>
<ReferenceNumber></ReferenceNumber>
</ReferenceType>
<ReferenceType type='VoyageNumber'>
<ReferenceNumber><![CDATA[052E]]></ReferenceNumber>
</ReferenceType>
<ReferenceType type='AdditionalShipPoint'><ReferenceNumber>D146</ReferenceNumber></ReferenceType><ReferenceType type='FreightAmount'><ReferenceNumber>10832.00</ReferenceNumber>
</ReferenceType>
<ReferenceType type='HouseCarrierSCAC'>
<ReferenceNumber>1659372</ReferenceNumber>
</ReferenceType><ReferenceType type= 'BookingNumber'>
<ReferenceNumber>0BUE032798</ReferenceNumber>
</ReferenceType></Transportation><EquipmentSummary>
<EquipmentQuantity>4</EquipmentQuantity>
<EquipmentSize>40</EquipmentSize>
<EquipmentContainerTypeRequest>ADD</EquipmentContainerTypeRequest>
<EquipmentType>CONTAINER</EquipmentType>
</EquipmentSummary><LetterofCredit>
<RequiredYN>N</RequiredYN>
<IssueNumber></IssueNumber>
</LetterofCredit><Marks>
N/I
</Marks><Status>
<StatusType type='ActualPortofLoadDate'/>
<StatusDate></StatusDate>
</Status><Status>
<StatusType type='DateSailingConfirmed '/>
<StatusDate></StatusDate>
</Status><Status>
<StatusType type='EstDomesticInlandDeliveryDate'/>
<StatusDate>20210117</StatusDate>
</Status><Status>
<StatusType type='ActPlaceOfReceiptDate'/>
<StatusDate></StatusDate>
</Status><Status>
<StatusType type='EstPlaceOfReceiptDate'/>
<StatusDate>20210117</StatusDate>
</Status><Status>
<StatusType type='ActUnloadedFromVesselDate'/>
<StatusDate></StatusDate>
</Status><Status>
<StatusType type='ActPortOfExitDate '/>
<StatusDate></StatusDate>
</Status><Status>
<StatusType type='ActVesselDepartureDate'/>
<StatusDate></StatusDate>
</Status><Status>
<StatusType type='EstPortOfExitDate'/>
<StatusDate></StatusDate>
</Status><Status>
<StatusType type='LoadedOnVessel'/>
<StatusDate></StatusDate>
</Status><Status>
<StatusType type='GovernmentPaymentStatementSubmissionDate'/>
<StatusDate>20210104</StatusDate>
</Status><Status>
<StatusType type='ActPortofDepartureDate'/>
<StatusDate></StatusDate>
</Status><Status>
<StatusType type='EstimatedPortofLoadDate'/>
<StatusDate>20210124</StatusDate>
</Status><Status>
<StatusType type='EstimatedPortofDischargeDate'/>
<StatusDate>20210220</StatusDate>
</Status><Status>
<StatusType type='BolAwbIssueDate'/>
<StatusDate></StatusDate>
</Status><Status>
<StatusType type='ActDocumentDistributionSentDate'/>
<StatusDate></StatusDate>
</Status><Status>
<StatusType type='ActBookingConfirmationDate'/>
<StatusDate>20210119</StatusDate>
</Status><Status>
<StatusType type='RequestedETADestinationDate'/>
<StatusDate>20210220</StatusDate>
</Status><Status>
<StatusType type='GovernmentPermissionToExportReleaseDate'/>
<StatusDate>20210104</StatusDate>
</Status><Status>
<StatusType type='OrderReceiveDate'/>
<StatusDate>20201230</StatusDate>
</Status><Status>
<StatusType type='LatestDeliveryDate'/>
<StatusDate>20210119</StatusDate>
<StatusTime></StatusTime>
</Status><Status>
<StatusType type='SolasVrfdGrMassCutDt'/>
<StatusDate>20210120</StatusDate>
<StatusTime>0000</StatusTime>
</Status>
<Status>
<StatusType type='CarrierDocCutoffDate'/>
<StatusDate>20210119</StatusDate>
<StatusTime>2200</StatusTime>
</Status>
<Status>
<StatusType type='BookingConfirmationDate'/>
<StatusDate>20210302</StatusDate>
</Status><Status>
<StatusType type='RequestedPlantShipDate'/>
<StatusDate>20210117</StatusDate>
</Status><Status>
<StatusType type='EstimatedPlaceofDeliveryDate'/>
<StatusDate>20210213</StatusDate>
</Status><Status>
<StatusType type='TransETDDate'/>
<StatusDate>20210205</StatusDate>
</Status><Status>
<StatusType type='TransETADate'/>
<StatusDate>20210203</StatusDate>
</Status><Status>
<StatusType type='BookingDate'/>
<StatusDate>20210104</StatusDate>
</Status>
<Status>
<StatusType type='CustomsReleaseDate'/>
<StatusDate>20210104</StatusDate>
</Status>
<Status>
<StatusType type='CustomsEntryPermitReleaseDate'/>
<StatusDate>20210104</StatusDate>
</Status>
<Status>
<StatusType type='GovernmentPermissionToExportSubmissionDate'/>
<StatusDate>20210104</StatusDate>
</Status><Status>
<StatusType type='LastModifiedByDate'/>
<StatusDate>20210121</StatusDate>
</Status><Status>
<StatusType type='LoggedDate'/>
<StatusDate>20210104</StatusDate>
</Status><Status>
<StatusType type='FileCreationDate'/>
<StatusDate>20210104</StatusDate>
</Status><Amounts><AmountType><![CDATA[BaseFreightBolAwbAmountPrepaid]]></AmountType><AmountValue><![CDATA[10832.00]]></AmountValue><AmountUnit><![CDATA[]]></AmountUnit><AmountCurrency><![CDATA[USD]]></AmountCurrency><AmountCode><![CDATA[]]></AmountCode></Amounts><Amounts><AmountType><![CDATA[TotalFreightBolAwbPrepaidAmount]]></AmountType><AmountValue><![CDATA[10832.00]]></AmountValue><AmountUnit><![CDATA[]]></AmountUnit><AmountCurrency><![CDATA[USD]]></AmountCurrency><AmountCode><![CDATA[]]></AmountCode><AmountIndicator><![CDATA[KG]]></AmountIndicator></Amounts><Amounts><AmountType><![CDATA[BaseFreightDomesticInlandAmount]]></AmountType><AmountValue><![CDATA[0.00]]></AmountValue><AmountUnit><![CDATA[]]></AmountUnit><AmountCode><![CDATA[]]></AmountCode><AmountIndicator><![CDATA[KG]]></AmountIndicator></Amounts><Amounts><AmountType><![CDATA[DomesticInlandTotalFreightAmount]]></AmountType><AmountValue><![CDATA[0.00]]></AmountValue><AmountUnit><![CDATA[]]></AmountUnit><AmountCode><![CDATA[]]></AmountCode><AmountIndicator><![CDATA[KG]]></AmountIndicator></Amounts><Amounts><AmountType><![CDATA[ReportableValueAmount]]></AmountType><AmountValue><![CDATA[2778368.00]]></AmountValue><AmountUnit><![CDATA[]]></AmountUnit><AmountCurrency><![CDATA[USD]]></AmountCurrency><AmountCode><![CDATA[]]></AmountCode></Amounts><Amounts><AmountType><![CDATA[NumberOfTEUs]]></AmountType><AmountValue><![CDATA[0]]></AmountValue><AmountUnit><![CDATA[]]></AmountUnit><AmountCode><![CDATA[]]></AmountCode></Amounts><Amounts><AmountType><![CDATA[TotalWeightKG]]></AmountType><AmountValue><![CDATA[104040]]></AmountValue><AmountUnit><![CDATA[]]></AmountUnit><AmountCode><![CDATA[]]></AmountCode><AmountIndicator><![CDATA[KG]]></AmountIndicator></Amounts><Locations>
<LocationType>DomesticInland</LocationType><LocationName>BAHIA BLANCA</LocationName>
<LocationUnlocCode>ARBHI</LocationUnlocCode>
<LocationCountryCode>AR</LocationCountryCode>
<LocationCountryName>BAHIA BLANCA</LocationCountryName><LocationCode></LocationCode>
</Locations><CodesNames>  <CodesNamesType>CargoDescription</CodesNamesType><CodesNamesName><![CDATA[]]></CodesNamesName><CodesNamesCode></CodesNamesCode></CodesNames><CodesNames>  <CodesNamesType>SalesPerson</CodesNamesType><CodesNamesName><![CDATA[Fernando Rossi]]></CodesNamesName><CodesNamesCode></CodesNamesCode></CodesNames></Header><Detail>
<ProductDetail action='Add'>
<LineItemNo>1</LineItemNo>
<ProductCode>00374344</ProductCode>
<BrandName><![CDATA[PE MDPE NG 6895 BG6025 KG]]></BrandName>
<InvoiceDesc><![CDATA[PE MDPE NG 6895 BG6025 KG]]></InvoiceDesc>
<BLDesc>N/I</BLDesc>
<Compliance>
<ClassificationNumber>39011092</ClassificationNumber> 
 <Domestic-Foreign>D</Domestic-Foreign> <DrawbackInd>N</DrawbackInd></Compliance><BilledQuantity>4080</BilledQuantity>
<BilledQuantityUnit>BG</BilledQuantityUnit>
<Price>27.3450980392157</Price>
<ProductAmount>111568</ProductAmount><CurrencyCode>USD</CurrencyCode>
<CountryofOriginCode>AR</CountryofOriginCode>
<CountryofOriginName>ARGENTINA</CountryofOriginName>
<NoOfPkgs>163.2</NoOfPkgs><TypePkgCode>BG</TypePkgCode>
<TypePkgDesc>Bags</TypePkgDesc>
<NoOfPlts>163.2</NoOfPlts><Measurements type='GrsWtKgs'>
<MeasurementValue>104040</MeasurementValue>
</Measurements>
<Measurements type='NetWtKgs'>
<MeasurementValue>102000</MeasurementValue>
</Measurements>
<PrimaryRptQty>4080</PrimaryRptQty><PrimaryRptQtyUOM>BG</PrimaryRptQtyUOM><SecondaryRptQty>4080</SecondaryRptQty><SecondaryRptQtyUOM>BG</SecondaryRptQtyUOM><EnterValue>111568</EnterValue></ProductDetail><ProductReferences type='SBU'>
<ProductReferenceNumber>00009995</ProductReferenceNumber></ProductReferences><ProductStatements><ProductStatement> <![CDATA[CONTRACT HSUD AMGC0000184]]></ProductStatement></ProductStatements><HazardousDetail><UNNumber></UNNumber><FlashPoint></FlashPoint><HazmatMaterialName></HazmatMaterialName><HazmatDesc></HazmatDesc><HazmatContact></HazmatContact><HighTemp></HighTemp><LowTemp></LowTemp><Indicator>N</Indicator></HazardousDetail><ProductAmounts><ProductAmountType>CubicMeterMeasurement</ProductAmountType><ProductAmountValue>0.000</ProductAmountValue></ProductAmounts><ProductAmounts><ProductAmountType>ReportableValueAmount</ProductAmountType><ProductAmountValue>111568</ProductAmountValue><ProductAmountCurrency>USD</ProductAmountCurrency></ProductAmounts><ProductCodesNames><ProductCodesNamesType>TariffClassification</ProductCodesNamesType><ProductCodesNamesName>POLIMEROS DE ETILENO EN FORMAS PRIMARIAS.-POLIETILENO DE DENSIDAD INFERIOR A 0,94-LOS DEMAS-SIN CARGA-LOS DEMAS</ProductCodesNamesName><ProductCodesNamesCode>39011092</ProductCodesNamesCode></ProductCodesNames></Detail><Footer>
<Measurements item='GrossWeightKilograms'>
<MeasurementValue>104040</MeasurementValue>
</Measurements>
</Footer><Footer>
<Measurements item='GrossWeightPounds'>
<MeasurementValue>229366.584</MeasurementValue>
</Measurements>
</Footer><Footer>
<Measurements item='NetWeightKilograms'>
<MeasurementValue>102000</MeasurementValue>
</Measurements>
</Footer><Footer>
<Measurements item='NetWeightPounds'>
<MeasurementValue>224869.2</MeasurementValue>
</Measurements>
</Footer><Footer>
<Measurements item='VolumeCubicFeet'>
<MeasurementValue>0.000</MeasurementValue>
</Measurements>
</Footer><Footer>
<Measurements item='NumberofPalletPackages'>
<MeasurementValue>68</MeasurementValue>
</Measurements>
</Footer></Request>