<?xml version="1.0" encoding="ISO-8859-1" ?>
<Request>
<ControlNumber>cd64f55a-bb4d-41b3-971d-2d6642f92b92</ControlNumber>
<UniqueMessageID>cd64f55a-bb4d-41b3-971d-2d6642f92b92</UniqueMessageID>
<FromIdentifier>ATL</FromIdentifier>
<ToIdentifier>Integration</ToIdentifier>
<Customer>DOW</Customer>
<Timestamp>20210121T183810</Timestamp>
<PrimaryKey>38147089</PrimaryKey>
<SecondaryKey>EMARG202101109AR</SecondaryKey>
<Header RequestType="Shipment" Action="Original" Type="Export"><Parties type="Consignee">
<Party-Name>DOW BRASIL IND. E COM. DE PRODUTOS QUIMICOS LTDA</Party-Name>
<Party-Address>RODOVIA MG  267 IGREJINHA</Party-Address>
<Party-City>JUIZ DE FORA</Party-City>
<Party-State-Prov>MG</Party-State-Prov>
<Party-PostalCode>        </Party-PostalCode>
<Party-Country>BR</Party-Country>
<PartyLocation-ID>01954233</PartyLocation-ID>
<Party-CountryName>Brazil</Party-CountryName>
<Party-UnlocCode>BRJDF</Party-UnlocCode><GovIDNumber>60435351005388</GovIDNumber>
</Parties><Parties type="Exporter">
<Party-Name>PBBPOLISUR S.R.L.</Party-Name>
<Party-Address>BOULEVARD CECILIA GRIERSON  355  </Party-Address>
<Party-City>BUENOS AIRES</Party-City>
<Party-State-Prov>C </Party-State-Prov>
<Party-PostalCode>        </Party-PostalCode>
<Party-Country>AR</Party-Country>
<PartyLocation-ID>D6WPG0001</PartyLocation-ID>
<Party-GlobalCode>695584</Party-GlobalCode><Party-CountryName>Argentina</Party-CountryName>
<Party-UnlocCode>ARBUE</Party-UnlocCode><GovIDNumber>30560254195</GovIDNumber>
</Parties><Parties type="ShipTo">
<Party-Name>DOW BRASIL IND. E COM. DE PRODUTOS QUIMICOS LTDA</Party-Name>
<Party-Address>RODOVIA MG  267 IGREJINHA</Party-Address>
<Party-City>JUIZ DE FORA</Party-City>
<Party-State-Prov>MG</Party-State-Prov>
<Party-PostalCode>        </Party-PostalCode>
<Party-Country>BR</Party-Country>
<PartyLocation-ID>01954233</PartyLocation-ID>
<Party-CountryName>Brazil</Party-CountryName>
<Party-UnlocCode>BRJDF</Party-UnlocCode><GovIDNumber>60435351005388</GovIDNumber>
</Parties><Parties type="SoldTo">
<Party-Name>DOW BRASIL IND. E COM. DE PRODUTOS QUIMICOS LTDA</Party-Name>
<Party-Address>RODOVIA MG  267 IGREJINHA</Party-Address>
<Party-City>JUIZ DE FORA</Party-City>
<Party-State-Prov>MG</Party-State-Prov>
<Party-PostalCode>        </Party-PostalCode>
<Party-Country>BR</Party-Country>
<PartyLocation-ID>P000002781</PartyLocation-ID>
<Party-CountryName>Brazil</Party-CountryName>
<Party-UnlocCode>BRJDF</Party-UnlocCode><GovIDNumber>60435351005388</GovIDNumber>
</Parties><Parties type="Notify">
<Party-Name>DOW BRASIL IND. E COM. DE PRODUTOS QUIMICOS LTDA</Party-Name>
<Party-Address>RODOVIA MG  267 IGREJINHA</Party-Address>
<Party-City>JUIZ DE FORA</Party-City>
<Party-State-Prov>MG</Party-State-Prov>
<Party-PostalCode>        </Party-PostalCode>
<Party-Country>BR</Party-Country>
<PartyLocation-ID>P000002781</PartyLocation-ID>
<Party-CountryName>Brazil</Party-CountryName>
<Party-UnlocCode>BRJDF</Party-UnlocCode><GovIDNumber>60435351005388</GovIDNumber>
</Parties><Parties type="Partner">
<Party-Name>BDP INTERNATIONAL SRL - ARGENTINA </Party-Name>
<Party-Address>BOUCHARD  680 PISO 3</Party-Address>
<Party-City>BUENOS AIRES</Party-City>
<Party-State-Prov>C </Party-State-Prov>
<Party-PostalCode>C1106ABJ</Party-PostalCode>
<Party-Country>AR</Party-Country>
<Party-ID type="PartnerID">BDPARBUE</Party-ID><Party-Contacts Action='Add' type="CSR">
<Contact-Name>NELSON FACUNDO LOPEZ</Contact-Name>
<Contact-CommunicationAddress type="Email"><![CDATA[nelson.facundo@bdpint.com]]></Contact-CommunicationAddress>
</Party-Contacts></Parties><Parties type="BDPRepresentative">
<Party-Name>BDP INTERNATIONAL SRL - ARGENTINA </Party-Name>
<Party-Address>BOUCHARD  680 PISO 3</Party-Address>
<Party-City>BUENOS AIRES</Party-City>
<Party-State-Prov>C </Party-State-Prov>
<Party-PostalCode>C1106ABJ</Party-PostalCode>
<Party-Country>AR</Party-Country>
<PartyLocation-ID>P15498</PartyLocation-ID>
<Party-CountryName>Argentina</Party-CountryName>
<Party-UnlocCode>ARBUE</Party-UnlocCode><GovIDNumber>30710500211</GovIDNumber>
</Parties><Parties type="Buyer">
<Party-Name>DOW BRASIL IND. E COM. DE PRODUTOS QUIMICOS LTDA</Party-Name>
<Party-Address>RODOVIA MG  267 IGREJINHA</Party-Address>
<Party-City>JUIZ DE FORA</Party-City>
<Party-State-Prov>MG</Party-State-Prov>
<Party-PostalCode>        </Party-PostalCode>
<Party-Country>BR</Party-Country>
<PartyLocation-ID>01954233</PartyLocation-ID>
<Party-CountryName>Brazil</Party-CountryName>
<Party-UnlocCode>BRJDF</Party-UnlocCode><GovIDNumber>60435351005388</GovIDNumber>
</Parties><Parties type="Importer">
<Party-Name>DOW BRASIL IND. E COM. DE PRODUTOS QUIMICOS LTDA</Party-Name>
<Party-Address>RODOVIA MG  267 IGREJINHA</Party-Address>
<Party-City>JUIZ DE FORA</Party-City>
<Party-State-Prov>MG</Party-State-Prov>
<Party-PostalCode>        </Party-PostalCode>
<Party-Country>BR</Party-Country>
<PartyLocation-ID>01954233</PartyLocation-ID>
<Party-CountryName>Brazil</Party-CountryName>
<Party-UnlocCode>BRJDF</Party-UnlocCode><GovIDNumber>60435351005388</GovIDNumber>
</Parties><Parties type="Seller">
<Party-Name>PBBPOLISUR S.R.L.</Party-Name>
<Party-Address>BOULEVARD CECILIA GRIERSON  355  </Party-Address>
<Party-City>BUENOS AIRES</Party-City>
<Party-State-Prov>C </Party-State-Prov>
<Party-PostalCode>        </Party-PostalCode>
<Party-Country>AR</Party-Country>
<PartyLocation-ID>P000003510</PartyLocation-ID>
<Party-GlobalCode>695584</Party-GlobalCode><Party-CountryName>Argentina</Party-CountryName>
<Party-UnlocCode>ARBUE</Party-UnlocCode><GovIDNumber>30560254195</GovIDNumber>
</Parties><Parties type="Supplier">
<Party-Name>PBBPOLISUR S.R.L.</Party-Name>
<Party-Address>BOULEVARD CECILIA GRIERSON  355  </Party-Address>
<Party-City>BUENOS AIRES</Party-City>
<Party-State-Prov>C </Party-State-Prov>
<Party-PostalCode>        </Party-PostalCode>
<Party-Country>AR</Party-Country>
<PartyLocation-ID>P000003510</PartyLocation-ID>
<Party-CountryName>Argentina</Party-CountryName>
<Party-UnlocCode>ARBUE</Party-UnlocCode><GovIDNumber>30560254195</GovIDNumber>
</Parties><ProcessingInstructions>
<Process>BRTP</Process>
<Status/>
<SystemCode Code ='BRTP'></SystemCode>
<GlobalHubRoutingCode>SHIPMENT</GlobalHubRoutingCode>
</ProcessingInstructions><References type= 'BDPJobNumber'>
<ReferenceNumber>EMARG202101109AR</ReferenceNumber>
</References><References type='OperatingUnitClassification'><ReferenceNumber>CHB</ReferenceNumber> </References><References type= 'SellerCode'>
<ReferenceNumber>P000003510</ReferenceNumber>
</References><References type= 'ShipmentNumber'>
<ReferenceNumber>38147089</ReferenceNumber>
</References><References type= 'SAPShipmentNumber'>
<ReferenceNumber>38147089</ReferenceNumber>
</References><References type = 'GeneralDescription'>
<ReferenceNumber> <![CDATA[BID HSUD AMGC0000184]]></ReferenceNumber></References><References type= 'GovernmentPermissionToExportSubmissionNumber'>
<ReferenceNumber>21003EC03000084W</ReferenceNumber>
</References><References type= 'PurchaseOrderNumber'>
<ReferenceNumber>4005785354</ReferenceNumber>
</References><References type= 'OrderNumber'>
<ReferenceNumber>38179357</ReferenceNumber>
<ReferenceDate>20210114</ReferenceDate>
</References><References type= 'OrderType'>
<ReferenceNumber>INTER-COMPANY</ReferenceNumber>
</References><References type= 'DeliveryOrderNumber'>
<ReferenceNumber>204303-204189-204189</ReferenceNumber>
</References><References type= 'SellerReferenceNumber'>
<ReferenceNumber>38179357</ReferenceNumber>
<ReferenceDate>20210114</ReferenceDate>
</References><References type='BDPClientCode'><ReferenceNumber>D6WPG0001</ReferenceNumber> </References><References type= 'CargoType'>
<ReferenceNumber>05</ReferenceNumber>
<ReferenceDate></ReferenceDate>
</References><References type= 'ManifestHoldIndYN'>
<ReferenceNumber>N</ReferenceNumber>
<ReferenceDate></ReferenceDate>
</References><References type='CountryOfExportUNLOCCode'>
<ReferenceNumber>AR</ReferenceNumber>
</References><References type= 'BuyerReferenceNumber'>
<ReferenceNumber>38147089</ReferenceNumber>
</References><References type= 'DestinationControlIndYN'>
<ReferenceNumber>N</ReferenceNumber>
<ReferenceDate></ReferenceDate>
</References><References type= 'SupplierRelatedNonrelatedUndYN'>
<ReferenceNumber>N</ReferenceNumber>
<ReferenceDate></ReferenceDate>
</References><References type= 'ConsolIndicator'>
<ReferenceNumber>D</ReferenceNumber>
</References><References type= 'BDPTransportYN'>
<ReferenceNumber>N</ReferenceNumber>
</References><References type= 'ExpressMBOLInd'>
<ReferenceNumber>N</ReferenceNumber>
</References><References type= 'HouseBookingNumber'>
<ReferenceNumber>1BUE000611</ReferenceNumber>
<ReferenceDate></ReferenceDate>
</References><References type= 'SupplierReference'>
<ReferenceNumber>38179357</ReferenceNumber>
<ReferenceDate>20210114</ReferenceDate>
</References><References type= 'ExportForwarderRefNbr'>
<ReferenceNumber>EMARG202101109AR</ReferenceNumber>
</References><References type= 'ShipmentStatus'>
<ReferenceNumber>1-Origen</ReferenceNumber>
</References><References type= 'SalesOrderNumber'>
<ReferenceNumber>38179357</ReferenceNumber>
<ReferenceDate>20210114</ReferenceDate>
</References><CommercialInvoice>
<InvoiceNumber></InvoiceNumber>
<TermsofSaleCode>CFR</TermsofSaleCode>
<TermsofSaleDesc>CFR</TermsofSaleDesc>
<FinalTermsofSaleCode>CFR</FinalTermsofSaleCode>
<FinalTermsofSaleDesc>CFR</FinalTermsofSaleDesc>
<TermsofPaymentCode>281</TermsofPaymentCode>
<TermsofPaymentDescription>60 Days of Invoice Date</TermsofPaymentDescription><InvoiceAmount>1255500</InvoiceAmount><CurrencyCode>USD</CurrencyCode><CIDate>20210113</CIDate><FOBAmount>1254294</FOBAmount><FOBCurrency>USD</FOBCurrency><ChargeInd>N</ChargeInd>
<CIProductDetail action='Add'><LineItemNo>1</LineItemNo><ProductCode>374360</ProductCode><BrandName><![CDATA[DOWLEX* NG 2038.11B POLYETHYLE     NE RESIN-374360]]></BrandName><InvoiceDesc><![CDATA[DOWLEX* NG 2038.11B POLYETHYLE     NE RESIN-374360]]></InvoiceDesc><BilledQuantity>54000.00</BilledQuantity>
<BilledQuantityUnit>BG</BilledQuantityUnit><Price>23.25</Price>
<PriceCurrency>USD</PriceCurrency><Amount>1255500.00</Amount><AmountCurrency>USD</AmountCurrency></CIProductDetail></CommercialInvoice><Transportation Responsibility='Carrier' MethodofTransportation='Ocean' LegType='Secondary'></Transportation><Transportation Responsibility='Carrier' MethodofTransportation='Ocean' LegType='Primary'>
<Origin Type='PortofLoad'>
<OriginName>BUENOS AIRES</OriginName>
</Origin>
<OriginCodeType Type='ScheduleD'>
<OriginCode>35701</OriginCode>
</OriginCodeType><OriginCodeType Type='UNLOCCode'>
<OriginCode>ARBUE</OriginCode>
</OriginCodeType>
<OriginCountryCode>AR</OriginCountryCode><OriginDate type='Estimated'>20210131</OriginDate>
<Destination LocationType='PortofDischarge'>
<DestinationName>RIO DE JANEIRO</DestinationName>
</Destination>
<DestinationCodeType Type='UNLOCCode'>
<DestinationCode>BRRIO</DestinationCode>
</DestinationCodeType>
<DestinationCountryCode>BR</DestinationCountryCode>
<DestinationDate type='Estimated'>20210208</DestinationDate>
<TypeofMoveDescription>DOOR TO PORT</TypeofMoveDescription>
<Carrier>
<CarrierName>HAMBURG SUD</CarrierName>
<CarrierCode type='SCAC'>820009</CarrierCode>
</Carrier><Vessel>
<VesselName>MAERSK KARACHI</VesselName>
<VesselCode type='Lloyds'>08211526</VesselCode></Vessel>
<PrepaidorCollect>P</PrepaidorCollect>
<ReferenceType type='HouseBillofLadingNumber'>
<ReferenceNumber></ReferenceNumber>
</ReferenceType>
<ReferenceType type='VoyageNumber'>
<ReferenceNumber><![CDATA[104N]]></ReferenceNumber>
</ReferenceType>
<ReferenceType type='AdditionalShipPoint'><ReferenceNumber>D147</ReferenceNumber></ReferenceType><ReferenceType type='FreightAmount'><ReferenceNumber>1206.00</ReferenceNumber>
</ReferenceType>
<ReferenceType type='HouseCarrierSCAC'>
<ReferenceNumber>1659372</ReferenceNumber>
</ReferenceType><ReferenceType type= 'BookingNumber'>
<ReferenceNumber>1BUE000611</ReferenceNumber>
</ReferenceType></Transportation><EquipmentSummary>
<EquipmentQuantity>2</EquipmentQuantity>
<EquipmentSize>40</EquipmentSize>
<EquipmentContainerTypeRequest>ADD</EquipmentContainerTypeRequest>
<EquipmentType>CONTAINER</EquipmentType>
</EquipmentSummary><LetterofCredit>
<RequiredYN>N</RequiredYN>
<IssueNumber></IssueNumber>
</LetterofCredit><Marks>
N/I
</Marks><Status>
<StatusType type='ActualPortofLoadDate'/>
<StatusDate></StatusDate>
</Status><Status>
<StatusType type='DateSailingConfirmed '/>
<StatusDate></StatusDate>
</Status><Status>
<StatusType type='EstDomesticInlandDeliveryDate'/>
<StatusDate>20210124</StatusDate>
</Status><Status>
<StatusType type='ActPlaceOfReceiptDate'/>
<StatusDate></StatusDate>
</Status><Status>
<StatusType type='EstPlaceOfReceiptDate'/>
<StatusDate>20210124</StatusDate>
</Status><Status>
<StatusType type='ActUnloadedFromVesselDate'/>
<StatusDate></StatusDate>
</Status><Status>
<StatusType type='ActPortOfExitDate '/>
<StatusDate></StatusDate>
</Status><Status>
<StatusType type='ActVesselDepartureDate'/>
<StatusDate></StatusDate>
</Status><Status>
<StatusType type='EstPortOfExitDate'/>
<StatusDate></StatusDate>
</Status><Status>
<StatusType type='LoadedOnVessel'/>
<StatusDate></StatusDate>
</Status><Status>
<StatusType type='GovernmentPaymentStatementSubmissionDate'/>
<StatusDate>20210118</StatusDate>
</Status><Status>
<StatusType type='ActPortofDepartureDate'/>
<StatusDate></StatusDate>
</Status><Status>
<StatusType type='EstimatedPortofLoadDate'/>
<StatusDate>20210131</StatusDate>
</Status><Status>
<StatusType type='EstimatedPortofDischargeDate'/>
<StatusDate>20210208</StatusDate>
</Status><Status>
<StatusType type='BolAwbIssueDate'/>
<StatusDate></StatusDate>
</Status><Status>
<StatusType type='ActDocumentDistributionSentDate'/>
<StatusDate></StatusDate>
</Status><Status>
<StatusType type='ActBookingConfirmationDate'/>
<StatusDate></StatusDate>
</Status><Status>
<StatusType type='RequestedETADestinationDate'/>
<StatusDate>20210208</StatusDate>
</Status><Status>
<StatusType type='GovernmentPermissionToExportReleaseDate'/>
<StatusDate>20210118</StatusDate>
</Status><Status>
<StatusType type='OrderReceiveDate'/>
<StatusDate>20210113</StatusDate>
</Status><Status>
<StatusType type='LatestDeliveryDate'/>
<StatusDate>20210128</StatusDate>
<StatusTime></StatusTime>
</Status><Status>
<StatusType type='SolasVrfdGrMassCutDt'/>
<StatusDate>20210129</StatusDate>
<StatusTime>0000</StatusTime>
</Status>
<Status>
<StatusType type='CarrierDocCutoffDate'/>
<StatusDate>20210127</StatusDate>
<StatusTime>2200</StatusTime>
</Status>
<Status>
<StatusType type='BookingConfirmationDate'/>
<StatusDate>20210218</StatusDate>
</Status><Status>
<StatusType type='RequestedPlantShipDate'/>
<StatusDate>20210124</StatusDate>
</Status><Status>
<StatusType type='EstimatedPlaceofDeliveryDate'/>
<StatusDate>20210201</StatusDate>
</Status><Status>
<StatusType type='TransETDDate'/>
<StatusDate>20210212</StatusDate>
</Status><Status>
<StatusType type='TransETADate'/>
<StatusDate>20210210</StatusDate>
</Status><Status>
<StatusType type='BookingDate'/>
<StatusDate>20210108</StatusDate>
</Status>
<Status>
<StatusType type='CustomsReleaseDate'/>
<StatusDate>20210118</StatusDate>
</Status>
<Status>
<StatusType type='CustomsEntryPermitReleaseDate'/>
<StatusDate>20210118</StatusDate>
</Status>
<Status>
<StatusType type='GovernmentPermissionToExportSubmissionDate'/>
<StatusDate>20210118</StatusDate>
</Status><Status>
<StatusType type='LastModifiedByDate'/>
<StatusDate>20210121</StatusDate>
</Status><Status>
<StatusType type='LoggedDate'/>
<StatusDate>20210114</StatusDate>
</Status><Status>
<StatusType type='FileCreationDate'/>
<StatusDate>20210114</StatusDate>
</Status><Amounts><AmountType><![CDATA[BaseFreightBolAwbAmountPrepaid]]></AmountType><AmountValue><![CDATA[1206.00]]></AmountValue><AmountUnit><![CDATA[]]></AmountUnit><AmountCurrency><![CDATA[USD]]></AmountCurrency><AmountCode><![CDATA[]]></AmountCode></Amounts><Amounts><AmountType><![CDATA[TotalFreightBolAwbPrepaidAmount]]></AmountType><AmountValue><![CDATA[1206.00]]></AmountValue><AmountUnit><![CDATA[]]></AmountUnit><AmountCurrency><![CDATA[USD]]></AmountCurrency><AmountCode><![CDATA[]]></AmountCode><AmountIndicator><![CDATA[KG]]></AmountIndicator></Amounts><Amounts><AmountType><![CDATA[BaseFreightDomesticInlandAmount]]></AmountType><AmountValue><![CDATA[0.00]]></AmountValue><AmountUnit><![CDATA[]]></AmountUnit><AmountCode><![CDATA[]]></AmountCode><AmountIndicator><![CDATA[KG]]></AmountIndicator></Amounts><Amounts><AmountType><![CDATA[DomesticInlandTotalFreightAmount]]></AmountType><AmountValue><![CDATA[0.00]]></AmountValue><AmountUnit><![CDATA[]]></AmountUnit><AmountCode><![CDATA[]]></AmountCode><AmountIndicator><![CDATA[KG]]></AmountIndicator></Amounts><Amounts><AmountType><![CDATA[ReportableValueAmount]]></AmountType><AmountValue><![CDATA[1254294.00]]></AmountValue><AmountUnit><![CDATA[]]></AmountUnit><AmountCurrency><![CDATA[USD]]></AmountCurrency><AmountCode><![CDATA[]]></AmountCode></Amounts><Amounts><AmountType><![CDATA[NumberOfTEUs]]></AmountType><AmountValue><![CDATA[0]]></AmountValue><AmountUnit><![CDATA[]]></AmountUnit><AmountCode><![CDATA[]]></AmountCode></Amounts><Amounts><AmountType><![CDATA[TotalWeightKG]]></AmountType><AmountValue><![CDATA[55080]]></AmountValue><AmountUnit><![CDATA[]]></AmountUnit><AmountCode><![CDATA[]]></AmountCode><AmountIndicator><![CDATA[KG]]></AmountIndicator></Amounts><Locations>
<LocationType>DomesticInland</LocationType><LocationName>BAHIA BLANCA</LocationName>
<LocationUnlocCode>ARBHI</LocationUnlocCode>
<LocationCountryCode>AR</LocationCountryCode>
<LocationCountryName>BAHIA BLANCA</LocationCountryName><LocationCode></LocationCode>
</Locations><CodesNames>  <CodesNamesType>CargoDescription</CodesNamesType><CodesNamesName><![CDATA[]]></CodesNamesName><CodesNamesCode></CodesNamesCode></CodesNames><CodesNames>  <CodesNamesType>SalesPerson</CodesNamesType><CodesNamesName><![CDATA[Fernando Rossi]]></CodesNamesName><CodesNamesCode></CodesNamesCode></CodesNames></Header><Detail>
<ProductDetail action='Add'>
<LineItemNo>1</LineItemNo>
<ProductCode>374360</ProductCode>
<BrandName><![CDATA[DOWLEX* NG 2038.11B POLYETHYLE     NE RESIN-374360]]></BrandName>
<InvoiceDesc><![CDATA[DOWLEX* NG 2038.11B POLYETHYLE     NE RESIN-374360]]></InvoiceDesc>
<BLDesc>N/I</BLDesc>
<Compliance>
<ClassificationNumber>39011010</ClassificationNumber> 
 <Domestic-Foreign>D</Domestic-Foreign> <DrawbackInd>N</DrawbackInd></Compliance><BilledQuantity>2160</BilledQuantity>
<BilledQuantityUnit>BG</BilledQuantityUnit>
<Price>23.25</Price>
<ProductAmount>50220</ProductAmount><CurrencyCode>USD</CurrencyCode>
<CountryofOriginCode>AR</CountryofOriginCode>
<CountryofOriginName>ARGENTINA</CountryofOriginName>
<NoOfPkgs>86.4</NoOfPkgs><TypePkgCode>BG</TypePkgCode>
<TypePkgDesc>Bags</TypePkgDesc>
<NoOfPlts>86.4</NoOfPlts><Measurements type='GrsWtKgs'>
<MeasurementValue>55080</MeasurementValue>
</Measurements>
<Measurements type='NetWtKgs'>
<MeasurementValue>54000</MeasurementValue>
</Measurements>
<PrimaryRptQty>2160</PrimaryRptQty><PrimaryRptQtyUOM>BG</PrimaryRptQtyUOM><SecondaryRptQty>2160</SecondaryRptQty><SecondaryRptQtyUOM>BG</SecondaryRptQtyUOM><EnterValue>50220</EnterValue></ProductDetail><ProductReferences type='SBU'>
<ProductReferenceNumber>7129</ProductReferenceNumber></ProductReferences><ProductStatements><ProductStatement> <![CDATA[BID HSUD AMGC0000184]]></ProductStatement></ProductStatements><HazardousDetail><UNNumber></UNNumber><FlashPoint></FlashPoint><HazmatMaterialName></HazmatMaterialName><HazmatDesc></HazmatDesc><HazmatContact></HazmatContact><HighTemp></HighTemp><LowTemp></LowTemp><Indicator>N</Indicator></HazardousDetail><ProductAmounts><ProductAmountType>CubicMeterMeasurement</ProductAmountType><ProductAmountValue>0.000</ProductAmountValue></ProductAmounts><ProductAmounts><ProductAmountType>ReportableValueAmount</ProductAmountType><ProductAmountValue>50220</ProductAmountValue><ProductAmountCurrency>USD</ProductAmountCurrency></ProductAmounts><ProductCodesNames><ProductCodesNamesType>TariffClassification</ProductCodesNamesType><ProductCodesNamesName>POLIETILENO DE DENSIDAD INFERIOR A 0,94 LINEAL</ProductCodesNamesName><ProductCodesNamesCode>39011010</ProductCodesNamesCode></ProductCodesNames></Detail><Footer>
<Measurements item='GrossWeightKilograms'>
<MeasurementValue>55080</MeasurementValue>
</Measurements>
</Footer><Footer>
<Measurements item='GrossWeightPounds'>
<MeasurementValue>121429.368</MeasurementValue>
</Measurements>
</Footer><Footer>
<Measurements item='NetWeightKilograms'>
<MeasurementValue>54000</MeasurementValue>
</Measurements>
</Footer><Footer>
<Measurements item='NetWeightPounds'>
<MeasurementValue>119048.4</MeasurementValue>
</Measurements>
</Footer><Footer>
<Measurements item='VolumeCubicFeet'>
<MeasurementValue>0.000</MeasurementValue>
</Measurements>
</Footer><Footer>
<Measurements item='NumberofPalletPackages'>
<MeasurementValue>36</MeasurementValue>
</Measurements>
</Footer></Request>