<?xml version="1.0" encoding="ISO-8859-1" ?>
<Request>
<ControlNumber>f958908b-add8-4059-859d-6d466387347d</ControlNumber>
<UniqueMessageID>f958908b-add8-4059-859d-6d466387347d</UniqueMessageID>
<FromIdentifier>ATL</FromIdentifier>
<ToIdentifier>Integration</ToIdentifier>
<Customer>DOW</Customer>
<Timestamp>20210225T174115</Timestamp>
<PrimaryKey>38413776</PrimaryKey>
<SecondaryKey>EMARG202102001AR</SecondaryKey>
<Header RequestType="Shipment" Action="Original" Type="Export"><Parties type="Consignee">
<Party-Name>WISTEMA GMBH </Party-Name>
<Party-Address>INDUSTRIESTR. 2 A   </Party-Address>
<Party-City>DIELHEIM</Party-City>
<Party-State-Prov>BA</Party-State-Prov>
<Party-PostalCode>69234   </Party-PostalCode>
<Party-Country></Party-Country>
<PartyLocation-ID>00533341</PartyLocation-ID>
<Party-CountryName>DEU</Party-CountryName>
<Party-UnlocCode></Party-UnlocCode><GovIDNumber>1</GovIDNumber>
</Parties><Parties type="Exporter">
<Party-Name>PBBPOLISUR S.R.L.</Party-Name>
<Party-Address>BOULEVARD CECILIA GRIERSON  355  PISO 3 </Party-Address>
<Party-City>BUENOS AIRES</Party-City>
<Party-State-Prov>C </Party-State-Prov>
<Party-PostalCode>        </Party-PostalCode>
<Party-Country>AR</Party-Country>
<PartyLocation-ID>D6WPG0001</PartyLocation-ID>
<Party-GlobalCode>705997</Party-GlobalCode><Party-CountryName>Argentina</Party-CountryName>
<Party-UnlocCode>ARBUE</Party-UnlocCode><GovIDNumber></GovIDNumber>
</Parties><Parties type="ShipTo">
<Party-Name>WISTEMA GMBH </Party-Name>
<Party-Address>INDUSTRIESTR. 2 A   </Party-Address>
<Party-City>DIELHEIM</Party-City>
<Party-State-Prov>BA</Party-State-Prov>
<Party-PostalCode>69234   </Party-PostalCode>
<Party-Country></Party-Country>
<PartyLocation-ID>00533341</PartyLocation-ID>
<Party-CountryName>DEU</Party-CountryName>
<Party-UnlocCode></Party-UnlocCode><GovIDNumber>1</GovIDNumber>
</Parties><Parties type="SoldTo">
<Party-Name>WISTEMA GMBH </Party-Name>
<Party-Address>INDUSTRIESTR. 2 A   </Party-Address>
<Party-City>DIELHEIM</Party-City>
<Party-State-Prov>BA</Party-State-Prov>
<Party-PostalCode>69234   </Party-PostalCode>
<Party-Country></Party-Country>
<PartyLocation-ID>P000000169</PartyLocation-ID>
<Party-CountryName>DEU</Party-CountryName>
<Party-UnlocCode></Party-UnlocCode><GovIDNumber>1</GovIDNumber>
</Parties><Parties type="Notify">
<Party-Name>WISTEMA GMBH </Party-Name>
<Party-Address>INDUSTRIESTR. 2 A   </Party-Address>
<Party-City>DIELHEIM</Party-City>
<Party-State-Prov>BA</Party-State-Prov>
<Party-PostalCode>69234   </Party-PostalCode>
<Party-Country></Party-Country>
<PartyLocation-ID>P000000169</PartyLocation-ID>
<Party-CountryName>DEU</Party-CountryName>
<Party-UnlocCode></Party-UnlocCode><GovIDNumber>1</GovIDNumber>
</Parties><Parties type="Partner">
<Party-Name>BDP INTERNATIONAL SRL - ARGENTINA </Party-Name>
<Party-Address>BOUCHARD  680 PISO 3</Party-Address>
<Party-City>BUENOS AIRES</Party-City>
<Party-State-Prov>C </Party-State-Prov>
<Party-PostalCode>C1106ABJ</Party-PostalCode>
<Party-Country>AR</Party-Country>
<Party-ID type="PartnerID">BDPARBUE</Party-ID><Party-Contacts Action='Add' type="CSR">
<Contact-Name>CARLOS EDUARDO</Contact-Name>
<Contact-CommunicationAddress type="Email"><![CDATA[carlos.eduardo@bdpint.com]]></Contact-CommunicationAddress>
</Party-Contacts></Parties><Parties type="BDPRepresentative">
<Party-Name>BDP INTERNATIONAL SRL - ARGENTINA </Party-Name>
<Party-Address>BOUCHARD  680 PISO 3</Party-Address>
<Party-City>BUENOS AIRES</Party-City>
<Party-State-Prov>C </Party-State-Prov>
<Party-PostalCode>C1106ABJ</Party-PostalCode>
<Party-Country>AR</Party-Country>
<PartyLocation-ID>P15498</PartyLocation-ID>
<Party-CountryName>Argentina</Party-CountryName>
<Party-UnlocCode>ARBUE</Party-UnlocCode><GovIDNumber>30710500211</GovIDNumber>
</Parties><Parties type="Buyer">
<Party-Name>WISTEMA GMBH </Party-Name>
<Party-Address>INDUSTRIESTR. 2 A   </Party-Address>
<Party-City>DIELHEIM</Party-City>
<Party-State-Prov>BA</Party-State-Prov>
<Party-PostalCode>69234   </Party-PostalCode>
<Party-Country></Party-Country>
<PartyLocation-ID>00533341</PartyLocation-ID>
<Party-CountryName>DEU</Party-CountryName>
<Party-UnlocCode></Party-UnlocCode><GovIDNumber>1</GovIDNumber>
</Parties><Parties type="Importer">
<Party-Name>WISTEMA GMBH </Party-Name>
<Party-Address>INDUSTRIESTR. 2 A   </Party-Address>
<Party-City>DIELHEIM</Party-City>
<Party-State-Prov>BA</Party-State-Prov>
<Party-PostalCode>69234   </Party-PostalCode>
<Party-Country></Party-Country>
<PartyLocation-ID>00533341</PartyLocation-ID>
<Party-CountryName>DEU</Party-CountryName>
<Party-UnlocCode></Party-UnlocCode><GovIDNumber>1</GovIDNumber>
</Parties><Parties type="Seller">
<Party-Name>PBBPOLISUR S.R.L.</Party-Name>
<Party-Address>BOULEVARD CECILIA GRIERSON  355  PISO 3 </Party-Address>
<Party-City>BUENOS AIRES</Party-City>
<Party-State-Prov>C </Party-State-Prov>
<Party-PostalCode>        </Party-PostalCode>
<Party-Country>AR</Party-Country>
<PartyLocation-ID>P000003507</PartyLocation-ID>
<Party-GlobalCode>705997</Party-GlobalCode><Party-CountryName>Argentina</Party-CountryName>
<Party-UnlocCode>ARBUE</Party-UnlocCode><GovIDNumber></GovIDNumber>
</Parties><Parties type="Supplier">
<Party-Name>PBBPOLISUR S.R.L.</Party-Name>
<Party-Address>BOULEVARD CECILIA GRIERSON  355  PISO 3 </Party-Address>
<Party-City>BUENOS AIRES</Party-City>
<Party-State-Prov>C </Party-State-Prov>
<Party-PostalCode>        </Party-PostalCode>
<Party-Country>AR</Party-Country>
<PartyLocation-ID>P000003507</PartyLocation-ID>
<Party-CountryName>Argentina</Party-CountryName>
<Party-UnlocCode>ARBUE</Party-UnlocCode><GovIDNumber></GovIDNumber>
</Parties><ProcessingInstructions>
<Process>BRTP</Process>
<Status/>
<SystemCode Code ='BRTP'></SystemCode>
<GlobalHubRoutingCode>SHIPMENT</GlobalHubRoutingCode>
</ProcessingInstructions><References type= 'BDPJobNumber'>
<ReferenceNumber>EMARG202102001AR</ReferenceNumber>
</References><References type='OperatingUnitClassification'><ReferenceNumber>CHB</ReferenceNumber> </References><References type= 'SellerCode'>
<ReferenceNumber>P000003507</ReferenceNumber>
</References><References type= 'ShipmentNumber'>
<ReferenceNumber>38413776</ReferenceNumber>
</References><References type= 'SAPShipmentNumber'>
<ReferenceNumber>38413776</ReferenceNumber>
</References><References type = 'GeneralDescription'>
<ReferenceNumber> <![CDATA[CONTRACT MSC]]></ReferenceNumber></References><References type= 'PurchaseOrderNumber'>
<ReferenceNumber>0112207804</ReferenceNumber>
</References><References type= 'OrderNumber'>
<ReferenceNumber>38413776</ReferenceNumber>
<ReferenceDate>20210222</ReferenceDate>
</References><References type= 'OrderType'>
<ReferenceNumber>INDENT</ReferenceNumber>
</References><References type= 'DeliveryOrderNumber'>
<ReferenceNumber>477866-477865-469384-469384</ReferenceNumber>
</References><References type= 'SellerReferenceNumber'>
<ReferenceNumber>38413776</ReferenceNumber>
<ReferenceDate>20210222</ReferenceDate>
</References><References type='BDPClientCode'><ReferenceNumber>D6WPG0001</ReferenceNumber> </References><References type= 'CargoType'>
<ReferenceNumber>05</ReferenceNumber>
<ReferenceDate></ReferenceDate>
</References><References type= 'ManifestHoldIndYN'>
<ReferenceNumber>N</ReferenceNumber>
<ReferenceDate></ReferenceDate>
</References><References type='CountryOfExportUNLOCCode'>
<ReferenceNumber>AR</ReferenceNumber>
</References><References type= 'BuyerReferenceNumber'>
<ReferenceNumber>38413776</ReferenceNumber>
</References><References type= 'DestinationControlIndYN'>
<ReferenceNumber>N</ReferenceNumber>
<ReferenceDate></ReferenceDate>
</References><References type= 'SupplierRelatedNonrelatedUndYN'>
<ReferenceNumber>N</ReferenceNumber>
<ReferenceDate></ReferenceDate>
</References><References type= 'ConsolIndicator'>
<ReferenceNumber>D</ReferenceNumber>
</References><References type= 'BDPTransportYN'>
<ReferenceNumber>N</ReferenceNumber>
</References><References type= 'ExpressMBOLInd'>
<ReferenceNumber>N</ReferenceNumber>
</References><References type= 'HouseBookingNumber'>
<ReferenceNumber>153IAR0569729</ReferenceNumber>
<ReferenceDate></ReferenceDate>
</References><References type= 'SupplierReference'>
<ReferenceNumber>38413776</ReferenceNumber>
<ReferenceDate>20210222</ReferenceDate>
</References><References type= 'ExportForwarderRefNbr'>
<ReferenceNumber>EMARG202102001AR</ReferenceNumber>
</References><References type= 'ShipmentStatus'>
<ReferenceNumber>1-Origen</ReferenceNumber>
</References><References type= 'SalesOrderNumber'>
<ReferenceNumber>38413776</ReferenceNumber>
<ReferenceDate>20210222</ReferenceDate>
</References><References type='STOInd'><ReferenceNumber><![CDATA[N]]></ReferenceNumber> </References><CommercialInvoice>
<InvoiceNumber></InvoiceNumber>
<TermsofSaleCode>FOB</TermsofSaleCode>
<TermsofSaleDesc>FOB</TermsofSaleDesc>
<FinalTermsofSaleCode>FOB</FinalTermsofSaleCode>
<FinalTermsofSaleDesc>FOB</FinalTermsofSaleDesc>
<TermsofPaymentCode>281</TermsofPaymentCode>
<TermsofPaymentDescription>60 Days of Invoice Date</TermsofPaymentDescription><InvoiceAmount>5045718</InvoiceAmount><CurrencyCode>USD</CurrencyCode><CIDate>20210224</CIDate><FOBAmount>5045718</FOBAmount><FOBCurrency>USD</FOBCurrency><ChargeInd>N</ChargeInd>
<CIProductDetail action='Add'><LineItemNo>1</LineItemNo><ProductCode>99029457</ProductCode><BrandName><![CDATA[PE POLYETHYLENE OFF LINE PKG]]></BrandName><InvoiceDesc><![CDATA[PE POLYETHYLENE OFF LINE PKG]]></InvoiceDesc><BilledQuantity>170.00</BilledQuantity>
<BilledQuantityUnit>DR</BilledQuantityUnit><Price>3236.00</Price>
<PriceCurrency>USD</PriceCurrency><Amount>550120.00</Amount><AmountCurrency>USD</AmountCurrency></CIProductDetail><CIProductDetail action='Add'><LineItemNo>2</LineItemNo><ProductCode>99029457</ProductCode><BrandName><![CDATA[PE POLYETHYLENE OFF LINE PKG]]></BrandName><InvoiceDesc><![CDATA[PE POLYETHYLENE OFF LINE PKG]]></InvoiceDesc><BilledQuantity>170.00</BilledQuantity>
<BilledQuantityUnit>DR</BilledQuantityUnit><Price>3237.00</Price>
<PriceCurrency>USD</PriceCurrency><Amount>550290.00</Amount><AmountCurrency>USD</AmountCurrency></CIProductDetail><CIProductDetail action='Add'><LineItemNo>3</LineItemNo><ProductCode>99029457</ProductCode><BrandName><![CDATA[PE POLYETHYLENE OFF LINE PKG]]></BrandName><InvoiceDesc><![CDATA[PE POLYETHYLENE OFF LINE PKG]]></InvoiceDesc><BilledQuantity>170.00</BilledQuantity>
<BilledQuantityUnit>DR</BilledQuantityUnit><Price>3249.00</Price>
<PriceCurrency>USD</PriceCurrency><Amount>552330.00</Amount><AmountCurrency>USD</AmountCurrency></CIProductDetail><CIProductDetail action='Add'><LineItemNo>4</LineItemNo><ProductCode>99029457</ProductCode><BrandName><![CDATA[PE POLYETHYLENE OFF LINE PKG]]></BrandName><InvoiceDesc><![CDATA[PE POLYETHYLENE OFF LINE PKG]]></InvoiceDesc><BilledQuantity>173.00</BilledQuantity>
<BilledQuantityUnit>DR</BilledQuantityUnit><Price>3236.00</Price>
<PriceCurrency>USD</PriceCurrency><Amount>559828.00</Amount><AmountCurrency>USD</AmountCurrency></CIProductDetail><CIProductDetail action='Add'><LineItemNo>5</LineItemNo><ProductCode>99029457</ProductCode><BrandName><![CDATA[PE POLYETHYLENE OFF LINE PKG]]></BrandName><InvoiceDesc><![CDATA[PE POLYETHYLENE OFF LINE PKG]]></InvoiceDesc><BilledQuantity>173.00</BilledQuantity>
<BilledQuantityUnit>DR</BilledQuantityUnit><Price>3237.00</Price>
<PriceCurrency>USD</PriceCurrency><Amount>560001.00</Amount><AmountCurrency>USD</AmountCurrency></CIProductDetail><CIProductDetail action='Add'><LineItemNo>6</LineItemNo><ProductCode>99029457</ProductCode><BrandName><![CDATA[PE POLYETHYLENE OFF LINE PKG]]></BrandName><InvoiceDesc><![CDATA[PE POLYETHYLENE OFF LINE PKG]]></InvoiceDesc><BilledQuantity>173.00</BilledQuantity>
<BilledQuantityUnit>DR</BilledQuantityUnit><Price>3249.00</Price>
<PriceCurrency>USD</PriceCurrency><Amount>562077.00</Amount><AmountCurrency>USD</AmountCurrency></CIProductDetail><CIProductDetail action='Add'><LineItemNo>7</LineItemNo><ProductCode>99029457</ProductCode><BrandName><![CDATA[PE POLYETHYLENE OFF LINE PKG]]></BrandName><InvoiceDesc><![CDATA[PE POLYETHYLENE OFF LINE PKG]]></InvoiceDesc><BilledQuantity>176.00</BilledQuantity>
<BilledQuantityUnit>DR</BilledQuantityUnit><Price>3236.00</Price>
<PriceCurrency>USD</PriceCurrency><Amount>569536.00</Amount><AmountCurrency>USD</AmountCurrency></CIProductDetail><CIProductDetail action='Add'><LineItemNo>8</LineItemNo><ProductCode>99029457</ProductCode><BrandName><![CDATA[PE POLYETHYLENE OFF LINE PKG]]></BrandName><InvoiceDesc><![CDATA[PE POLYETHYLENE OFF LINE PKG]]></InvoiceDesc><BilledQuantity>176.00</BilledQuantity>
<BilledQuantityUnit>DR</BilledQuantityUnit><Price>3237.00</Price>
<PriceCurrency>USD</PriceCurrency><Amount>569712.00</Amount><AmountCurrency>USD</AmountCurrency></CIProductDetail><CIProductDetail action='Add'><LineItemNo>9</LineItemNo><ProductCode>99029457</ProductCode><BrandName><![CDATA[PE POLYETHYLENE OFF LINE PKG]]></BrandName><InvoiceDesc><![CDATA[PE POLYETHYLENE OFF LINE PKG]]></InvoiceDesc><BilledQuantity>176.00</BilledQuantity>
<BilledQuantityUnit>DR</BilledQuantityUnit><Price>3249.00</Price>
<PriceCurrency>USD</PriceCurrency><Amount>571824.00</Amount><AmountCurrency>USD</AmountCurrency></CIProductDetail></CommercialInvoice><Transportation Responsibility='Carrier' MethodofTransportation='Ocean' LegType='Secondary'></Transportation><Transportation Responsibility='Carrier' MethodofTransportation='Ocean' LegType='Primary'>
<Origin Type='PortofLoad'>
<OriginName>BUENOS AIRES</OriginName>
</Origin>
<OriginCodeType Type='ScheduleD'>
<OriginCode>35701</OriginCode>
</OriginCodeType><OriginCodeType Type='UNLOCCode'>
<OriginCode>ARBUE</OriginCode>
</OriginCodeType>
<OriginCountryCode>AR</OriginCountryCode><OriginDate type='Estimated'>20210310</OriginDate>
<Destination LocationType='PortofDischarge'>
<DestinationName>HALDIA</DestinationName>
</Destination>
<DestinationCodeType Type='ScheduleK'>
<DestinationCode>53354</DestinationCode>
</DestinationCodeType><DestinationCodeType Type='UNLOCCode'>
<DestinationCode>INHAL</DestinationCode>
</DestinationCodeType>
<DestinationCountryCode>IN</DestinationCountryCode>
<DestinationDate type='Estimated'>20210514</DestinationDate>
<TypeofMoveDescription>PORT TO PORT</TypeofMoveDescription>
<Carrier>
<CarrierName>MSC - MEDITERRANEAN SHIPPING</CarrierName>
<CarrierCode type='SCAC'>851936</CarrierCode>
</Carrier><Vessel>
<VesselName>MSC SOFIA CELESTE </VesselName>
<VesselCode type='Lloyds'>00000</VesselCode></Vessel>
<PrepaidorCollect>C</PrepaidorCollect>
<ReferenceType type='HouseBillofLadingNumber'>
<ReferenceNumber></ReferenceNumber>
</ReferenceType>
<ReferenceType type='VoyageNumber'>
<ReferenceNumber><![CDATA[NA110R]]></ReferenceNumber>
</ReferenceType>
<ReferenceType type='AdditionalShipPoint'><ReferenceNumber>D146</ReferenceNumber></ReferenceType><ReferenceType type='FreightAmount'><ReferenceNumber>0.00</ReferenceNumber>
</ReferenceType>
<ReferenceType type='HouseCarrierSCAC'>
<ReferenceNumber>1659372</ReferenceNumber>
</ReferenceType><ReferenceType type= 'BookingNumber'>
<ReferenceNumber>153IAR0569729</ReferenceNumber>
</ReferenceType></Transportation><EquipmentSummary>
<EquipmentQuantity>1</EquipmentQuantity>
<EquipmentSize>40</EquipmentSize>
<EquipmentContainerTypeRequest>ADD</EquipmentContainerTypeRequest>
<EquipmentType>CONTAINER</EquipmentType>
</EquipmentSummary><LetterofCredit>
<RequiredYN>N</RequiredYN>
<IssueNumber></IssueNumber>
</LetterofCredit><Marks>
N/I
</Marks><Status>
<StatusType type='ActualPortofLoadDate'/>
<StatusDate></StatusDate>
</Status><Status>
<StatusType type='DateSailingConfirmed '/>
<StatusDate></StatusDate>
</Status><Status>
<StatusType type='EstDomesticInlandDeliveryDate'/>
<StatusDate>20210303</StatusDate>
</Status><Status>
<StatusType type='ActPlaceOfReceiptDate'/>
<StatusDate></StatusDate>
</Status><Status>
<StatusType type='EstPlaceOfReceiptDate'/>
<StatusDate>20210303</StatusDate>
</Status><Status>
<StatusType type='ActUnloadedFromVesselDate'/>
<StatusDate></StatusDate>
</Status><Status>
<StatusType type='ActPortOfExitDate '/>
<StatusDate></StatusDate>
</Status><Status>
<StatusType type='ActVesselDepartureDate'/>
<StatusDate></StatusDate>
</Status><Status>
<StatusType type='EstPortOfExitDate'/>
<StatusDate></StatusDate>
</Status><Status>
<StatusType type='LoadedOnVessel'/>
<StatusDate></StatusDate>
</Status><Status>
<StatusType type='ActPortofDepartureDate'/>
<StatusDate></StatusDate>
</Status><Status>
<StatusType type='EstimatedPortofLoadDate'/>
<StatusDate>20210310</StatusDate>
</Status><Status>
<StatusType type='EstimatedPortofDischargeDate'/>
<StatusDate>20210514</StatusDate>
</Status><Status>
<StatusType type='BolAwbIssueDate'/>
<StatusDate></StatusDate>
</Status><Status>
<StatusType type='ActDocumentDistributionSentDate'/>
<StatusDate></StatusDate>
</Status><Status>
<StatusType type='ActBookingConfirmationDate'/>
<StatusDate></StatusDate>
</Status><Status>
<StatusType type='RequestedETADestinationDate'/>
<StatusDate>20210514</StatusDate>
</Status><Status>
<StatusType type='OrderReceiveDate'/>
<StatusDate>20210224</StatusDate>
</Status><Status>
<StatusType type='LatestDeliveryDate'/>
<StatusDate>20210304</StatusDate>
<StatusTime></StatusTime>
</Status><Status>
<StatusType type='SolasVrfdGrMassCutDt'/>
<StatusDate>20210305</StatusDate>
<StatusTime>0000</StatusTime>
</Status>
<Status>
<StatusType type='CarrierDocCutoffDate'/>
<StatusDate>20210304</StatusDate>
<StatusTime>2200</StatusTime>
</Status>
<Status>
<StatusType type='BookingConfirmationDate'/>
<StatusDate>20210524</StatusDate>
</Status><Status>
<StatusType type='RequestedPlantShipDate'/>
<StatusDate>20210303</StatusDate>
</Status><Status>
<StatusType type='EstimatedPlaceofDeliveryDate'/>
<StatusDate>20210507</StatusDate>
</Status><Status>
<StatusType type='TransETDDate'/>
<StatusDate>20210322</StatusDate>
</Status><Status>
<StatusType type='TransETADate'/>
<StatusDate>20210320</StatusDate>
</Status><Status>
<StatusType type='BookingDate'/>
<StatusDate>20210219</StatusDate>
</Status>
<Status>
<StatusType type='LastModifiedByDate'/>
<StatusDate>20210225</StatusDate>
</Status><Status>
<StatusType type='LoggedDate'/>
<StatusDate>20210222</StatusDate>
</Status><Status>
<StatusType type='FileCreationDate'/>
<StatusDate>20210222</StatusDate>
</Status><Amounts><AmountType><![CDATA[BaseFreightBolAwbAmountPrepaid]]></AmountType><AmountValue><![CDATA[0.00]]></AmountValue><AmountUnit><![CDATA[]]></AmountUnit><AmountCurrency><![CDATA[USD]]></AmountCurrency><AmountCode><![CDATA[]]></AmountCode></Amounts><Amounts><AmountType><![CDATA[TotalFreightBolAwbPrepaidAmount]]></AmountType><AmountValue><![CDATA[0.00]]></AmountValue><AmountUnit><![CDATA[]]></AmountUnit><AmountCurrency><![CDATA[USD]]></AmountCurrency><AmountCode><![CDATA[]]></AmountCode><AmountIndicator><![CDATA[KG]]></AmountIndicator></Amounts><Amounts><AmountType><![CDATA[BaseFreightDomesticInlandAmount]]></AmountType><AmountValue><![CDATA[0.00]]></AmountValue><AmountUnit><![CDATA[]]></AmountUnit><AmountCode><![CDATA[]]></AmountCode><AmountIndicator><![CDATA[KG]]></AmountIndicator></Amounts><Amounts><AmountType><![CDATA[DomesticInlandTotalFreightAmount]]></AmountType><AmountValue><![CDATA[0.00]]></AmountValue><AmountUnit><![CDATA[]]></AmountUnit><AmountCode><![CDATA[]]></AmountCode><AmountIndicator><![CDATA[KG]]></AmountIndicator></Amounts><Amounts><AmountType><![CDATA[ReportableValueAmount]]></AmountType><AmountValue><![CDATA[5045718.00]]></AmountValue><AmountUnit><![CDATA[]]></AmountUnit><AmountCurrency><![CDATA[USD]]></AmountCurrency><AmountCode><![CDATA[]]></AmountCode></Amounts><Amounts><AmountType><![CDATA[NumberOfTEUs]]></AmountType><AmountValue><![CDATA[0]]></AmountValue><AmountUnit><![CDATA[]]></AmountUnit><AmountCode><![CDATA[]]></AmountCode></Amounts><Amounts><AmountType><![CDATA[TotalWeightKG]]></AmountType><AmountValue><![CDATA[79994.72]]></AmountValue><AmountUnit><![CDATA[]]></AmountUnit><AmountCode><![CDATA[]]></AmountCode><AmountIndicator><![CDATA[KG]]></AmountIndicator></Amounts><Locations>
<LocationType>DomesticInland</LocationType><LocationName>BAHIA BLANCA</LocationName>
<LocationUnlocCode>ARBHI</LocationUnlocCode>
<LocationCountryCode>AR</LocationCountryCode>
<LocationCountryName>BAHIA BLANCA</LocationCountryName><LocationCode></LocationCode>
</Locations><CodesNames>  <CodesNamesType>CargoDescription</CodesNamesType><CodesNamesName><![CDATA[]]></CodesNamesName><CodesNamesCode></CodesNamesCode></CodesNames><CodesNames>  <CodesNamesType>SalesPerson</CodesNamesType><CodesNamesName><![CDATA[Fernando Rossi]]></CodesNamesName><CodesNamesCode></CodesNamesCode></CodesNames></Header><Detail>
<ProductDetail action='Add'>
<LineItemNo>1</LineItemNo>
<ProductCode>99029457</ProductCode>
<BrandName><![CDATA[]]></BrandName>
<InvoiceDesc><![CDATA[]]></InvoiceDesc>
<BLDesc><![CDATA[]]></BLDesc>
<Compliance>
<ClassificationNumber>34049012</ClassificationNumber> 
 <Domestic-Foreign>D</Domestic-Foreign> <DrawbackInd>N</DrawbackInd></Compliance><BilledQuantity>170</BilledQuantity>
<BilledQuantityUnit>DR</BilledQuantityUnit>
<Price>3236.000000000</Price>
<ProductAmount>550120</ProductAmount><CurrencyCode>USD</CurrencyCode>
<CountryofOriginCode>AR</CountryofOriginCode>
<CountryofOriginName>ARGENTINA</CountryofOriginName>
<NoOfPkgs>170</NoOfPkgs><TypePkgCode>DRM</TypePkgCode>
<TypePkgDesc>DRUM</TypePkgDesc>
<Measurements type='GrsWtKgs'>
<MeasurementValue>26163.94</MeasurementValue>
</Measurements>
<Measurements type='NetWtKgs'>
<MeasurementValue>22005</MeasurementValue>
</Measurements>
<PrimaryRptQty>170</PrimaryRptQty><PrimaryRptQtyUOM>DR</PrimaryRptQtyUOM><SecondaryRptQty>170</SecondaryRptQty><SecondaryRptQtyUOM>DR</SecondaryRptQtyUOM><EnterValue>550120</EnterValue></ProductDetail><ProductReferences type='SBU'>
<ProductReferenceNumber>00007959</ProductReferenceNumber></ProductReferences><ProductStatements><ProductStatement> <![CDATA[CONTRACT MSC]]></ProductStatement></ProductStatements><HazardousDetail><UNNumber></UNNumber><FlashPoint></FlashPoint><HazmatMaterialName></HazmatMaterialName><HazmatDesc></HazmatDesc><HazmatContact></HazmatContact><HighTemp></HighTemp><LowTemp></LowTemp><Indicator>N</Indicator></HazardousDetail><ProductAmounts><ProductAmountType>CubicMeterMeasurement</ProductAmountType><ProductAmountValue>0.000</ProductAmountValue></ProductAmounts><ProductAmounts><ProductAmountType>ReportableValueAmount</ProductAmountType><ProductAmountValue>550120</ProductAmountValue><ProductAmountCurrency>USD</ProductAmountCurrency></ProductAmounts><ProductCodesNames><ProductCodesNamesType>TariffClassification</ProductCodesNamesType><ProductCodesNamesName>CERAS ARTIFICIALES Y CERAS PREPARADAS.
LAS DEMAS</ProductCodesNamesName><ProductCodesNamesCode>34049012</ProductCodesNamesCode></ProductCodesNames><ProductDates><ProductDatesType>EstOriginOfGoodsDepartureDate</ProductDatesType><ProductDatesDate>20210303</ProductDatesDate></ProductDates><ProductDates><ProductDatesType>ActOriginOfGoodsDepartureDate</ProductDatesType><ProductDatesDate></ProductDatesDate></ProductDates></Detail><Detail>
<ProductDetail action='Add'>
<LineItemNo>2</LineItemNo>
<ProductCode>99029457</ProductCode>
<BrandName><![CDATA[]]></BrandName>
<InvoiceDesc><![CDATA[]]></InvoiceDesc>
<BLDesc><![CDATA[]]></BLDesc>
<Compliance>
<ClassificationNumber>34049012</ClassificationNumber> 
 <Domestic-Foreign>D</Domestic-Foreign> <DrawbackInd>N</DrawbackInd></Compliance><BilledQuantity>170</BilledQuantity>
<BilledQuantityUnit>DR</BilledQuantityUnit>
<Price>3237.000000000</Price>
<ProductAmount>550290</ProductAmount><CurrencyCode>USD</CurrencyCode>
<CountryofOriginCode>AR</CountryofOriginCode>
<CountryofOriginName>ARGENTINA</CountryofOriginName>
<NoOfPkgs>170</NoOfPkgs><TypePkgCode>DRM</TypePkgCode>
<TypePkgDesc>DRUM</TypePkgDesc>
<Measurements type='GrsWtKgs'>
<MeasurementValue>26631.22</MeasurementValue>
</Measurements>
<Measurements type='NetWtKgs'>
<MeasurementValue>22398</MeasurementValue>
</Measurements>
<PrimaryRptQty>170</PrimaryRptQty><PrimaryRptQtyUOM>DR</PrimaryRptQtyUOM><SecondaryRptQty>170</SecondaryRptQty><SecondaryRptQtyUOM>DR</SecondaryRptQtyUOM><EnterValue>550290</EnterValue></ProductDetail><ProductReferences type='SBU'>
<ProductReferenceNumber>00007959</ProductReferenceNumber></ProductReferences><ProductStatements><ProductStatement> <![CDATA[CONTRACT MSC]]></ProductStatement></ProductStatements><HazardousDetail><UNNumber></UNNumber><FlashPoint></FlashPoint><HazmatMaterialName></HazmatMaterialName><HazmatDesc></HazmatDesc><HazmatContact></HazmatContact><HighTemp></HighTemp><LowTemp></LowTemp><Indicator>N</Indicator></HazardousDetail><ProductAmounts><ProductAmountType>CubicMeterMeasurement</ProductAmountType><ProductAmountValue>0.000</ProductAmountValue></ProductAmounts><ProductAmounts><ProductAmountType>ReportableValueAmount</ProductAmountType><ProductAmountValue>550290</ProductAmountValue><ProductAmountCurrency>USD</ProductAmountCurrency></ProductAmounts><ProductCodesNames><ProductCodesNamesType>TariffClassification</ProductCodesNamesType><ProductCodesNamesName>CERAS ARTIFICIALES Y CERAS PREPARADAS.
LAS DEMAS</ProductCodesNamesName><ProductCodesNamesCode>34049012</ProductCodesNamesCode></ProductCodesNames><ProductDates><ProductDatesType>EstOriginOfGoodsDepartureDate</ProductDatesType><ProductDatesDate>20210303</ProductDatesDate></ProductDates><ProductDates><ProductDatesType>ActOriginOfGoodsDepartureDate</ProductDatesType><ProductDatesDate></ProductDatesDate></ProductDates></Detail><Detail>
<ProductDetail action='Add'>
<LineItemNo>3</LineItemNo>
<ProductCode>99029457</ProductCode>
<BrandName><![CDATA[]]></BrandName>
<InvoiceDesc><![CDATA[]]></InvoiceDesc>
<BLDesc><![CDATA[]]></BLDesc>
<Compliance>
<ClassificationNumber>34049012</ClassificationNumber> 
 <Domestic-Foreign>D</Domestic-Foreign> <DrawbackInd>N</DrawbackInd></Compliance><BilledQuantity>170</BilledQuantity>
<BilledQuantityUnit>DR</BilledQuantityUnit>
<Price>3249.000000000</Price>
<ProductAmount>552330</ProductAmount><CurrencyCode>USD</CurrencyCode>
<CountryofOriginCode>AR</CountryofOriginCode>
<CountryofOriginName>ARGENTINA</CountryofOriginName>
<NoOfPkgs>170</NoOfPkgs><TypePkgCode>DRM</TypePkgCode>
<TypePkgDesc>DRUM</TypePkgDesc>
<Measurements type='GrsWtKgs'>
<MeasurementValue>27199.56</MeasurementValue>
</Measurements>
<Measurements type='NetWtKgs'>
<MeasurementValue>22876</MeasurementValue>
</Measurements>
<PrimaryRptQty>170</PrimaryRptQty><PrimaryRptQtyUOM>DR</PrimaryRptQtyUOM><SecondaryRptQty>170</SecondaryRptQty><SecondaryRptQtyUOM>DR</SecondaryRptQtyUOM><EnterValue>552330</EnterValue></ProductDetail><ProductReferences type='SBU'>
<ProductReferenceNumber>00007959</ProductReferenceNumber></ProductReferences><ProductStatements><ProductStatement> <![CDATA[CONTRACT MSC]]></ProductStatement></ProductStatements><HazardousDetail><UNNumber></UNNumber><FlashPoint></FlashPoint><HazmatMaterialName></HazmatMaterialName><HazmatDesc></HazmatDesc><HazmatContact></HazmatContact><HighTemp></HighTemp><LowTemp></LowTemp><Indicator>N</Indicator></HazardousDetail><ProductAmounts><ProductAmountType>CubicMeterMeasurement</ProductAmountType><ProductAmountValue>0.000</ProductAmountValue></ProductAmounts><ProductAmounts><ProductAmountType>ReportableValueAmount</ProductAmountType><ProductAmountValue>552330</ProductAmountValue><ProductAmountCurrency>USD</ProductAmountCurrency></ProductAmounts><ProductCodesNames><ProductCodesNamesType>TariffClassification</ProductCodesNamesType><ProductCodesNamesName>CERAS ARTIFICIALES Y CERAS PREPARADAS.
LAS DEMAS</ProductCodesNamesName><ProductCodesNamesCode>34049012</ProductCodesNamesCode></ProductCodesNames><ProductDates><ProductDatesType>EstOriginOfGoodsDepartureDate</ProductDatesType><ProductDatesDate>20210303</ProductDatesDate></ProductDates><ProductDates><ProductDatesType>ActOriginOfGoodsDepartureDate</ProductDatesType><ProductDatesDate></ProductDatesDate></ProductDates></Detail><Detail>
<ProductDetail action='Add'>
<LineItemNo>4</LineItemNo>
<ProductCode>99029457</ProductCode>
<BrandName><![CDATA[]]></BrandName>
<InvoiceDesc><![CDATA[]]></InvoiceDesc>
<BLDesc><![CDATA[]]></BLDesc>
<Compliance>
<ClassificationNumber>34049012</ClassificationNumber> 
 <Domestic-Foreign>D</Domestic-Foreign> <DrawbackInd>N</DrawbackInd></Compliance><BilledQuantity>173</BilledQuantity>
<BilledQuantityUnit>DR</BilledQuantityUnit>
<Price>3236.000000000</Price>
<ProductAmount>559828</ProductAmount><CurrencyCode>USD</CurrencyCode>
<CountryofOriginCode>AR</CountryofOriginCode>
<CountryofOriginName>ARGENTINA</CountryofOriginName>
<NoOfPkgs>173</NoOfPkgs><TypePkgCode>DRM</TypePkgCode>
<TypePkgDesc>DRUM</TypePkgDesc>
<Measurements type='GrsWtKgs'>
<MeasurementValue>26163.94</MeasurementValue>
</Measurements>
<Measurements type='NetWtKgs'>
<MeasurementValue>22005</MeasurementValue>
</Measurements>
<PrimaryRptQty>173</PrimaryRptQty><PrimaryRptQtyUOM>DR</PrimaryRptQtyUOM><SecondaryRptQty>173</SecondaryRptQty><SecondaryRptQtyUOM>DR</SecondaryRptQtyUOM><EnterValue>559828</EnterValue></ProductDetail><ProductReferences type='SBU'>
<ProductReferenceNumber>00007959</ProductReferenceNumber></ProductReferences><ProductStatements><ProductStatement> <![CDATA[CONTRACT MSC]]></ProductStatement></ProductStatements><HazardousDetail><UNNumber></UNNumber><FlashPoint></FlashPoint><HazmatMaterialName></HazmatMaterialName><HazmatDesc></HazmatDesc><HazmatContact></HazmatContact><HighTemp></HighTemp><LowTemp></LowTemp><Indicator>N</Indicator></HazardousDetail><ProductAmounts><ProductAmountType>CubicMeterMeasurement</ProductAmountType><ProductAmountValue>0.000</ProductAmountValue></ProductAmounts><ProductAmounts><ProductAmountType>ReportableValueAmount</ProductAmountType><ProductAmountValue>559828</ProductAmountValue><ProductAmountCurrency>USD</ProductAmountCurrency></ProductAmounts><ProductCodesNames><ProductCodesNamesType>TariffClassification</ProductCodesNamesType><ProductCodesNamesName>CERAS ARTIFICIALES Y CERAS PREPARADAS.
LAS DEMAS</ProductCodesNamesName><ProductCodesNamesCode>34049012</ProductCodesNamesCode></ProductCodesNames><ProductDates><ProductDatesType>EstOriginOfGoodsDepartureDate</ProductDatesType><ProductDatesDate>20210303</ProductDatesDate></ProductDates><ProductDates><ProductDatesType>ActOriginOfGoodsDepartureDate</ProductDatesType><ProductDatesDate></ProductDatesDate></ProductDates></Detail><Detail>
<ProductDetail action='Add'>
<LineItemNo>5</LineItemNo>
<ProductCode>99029457</ProductCode>
<BrandName><![CDATA[]]></BrandName>
<InvoiceDesc><![CDATA[]]></InvoiceDesc>
<BLDesc><![CDATA[]]></BLDesc>
<Compliance>
<ClassificationNumber>34049012</ClassificationNumber> 
 <Domestic-Foreign>D</Domestic-Foreign> <DrawbackInd>N</DrawbackInd></Compliance><BilledQuantity>173</BilledQuantity>
<BilledQuantityUnit>DR</BilledQuantityUnit>
<Price>3237.000000000</Price>
<ProductAmount>560001</ProductAmount><CurrencyCode>USD</CurrencyCode>
<CountryofOriginCode>AR</CountryofOriginCode>
<CountryofOriginName>ARGENTINA</CountryofOriginName>
<NoOfPkgs>173</NoOfPkgs><TypePkgCode>DRM</TypePkgCode>
<TypePkgDesc>DRUM</TypePkgDesc>
<Measurements type='GrsWtKgs'>
<MeasurementValue>26631.22</MeasurementValue>
</Measurements>
<Measurements type='NetWtKgs'>
<MeasurementValue>22398</MeasurementValue>
</Measurements>
<PrimaryRptQty>173</PrimaryRptQty><PrimaryRptQtyUOM>DR</PrimaryRptQtyUOM><SecondaryRptQty>173</SecondaryRptQty><SecondaryRptQtyUOM>DR</SecondaryRptQtyUOM><EnterValue>560001</EnterValue></ProductDetail><ProductReferences type='SBU'>
<ProductReferenceNumber>00007959</ProductReferenceNumber></ProductReferences><ProductStatements><ProductStatement> <![CDATA[CONTRACT MSC]]></ProductStatement></ProductStatements><HazardousDetail><UNNumber></UNNumber><FlashPoint></FlashPoint><HazmatMaterialName></HazmatMaterialName><HazmatDesc></HazmatDesc><HazmatContact></HazmatContact><HighTemp></HighTemp><LowTemp></LowTemp><Indicator>N</Indicator></HazardousDetail><ProductAmounts><ProductAmountType>CubicMeterMeasurement</ProductAmountType><ProductAmountValue>0.000</ProductAmountValue></ProductAmounts><ProductAmounts><ProductAmountType>ReportableValueAmount</ProductAmountType><ProductAmountValue>560001</ProductAmountValue><ProductAmountCurrency>USD</ProductAmountCurrency></ProductAmounts><ProductCodesNames><ProductCodesNamesType>TariffClassification</ProductCodesNamesType><ProductCodesNamesName>CERAS ARTIFICIALES Y CERAS PREPARADAS.
LAS DEMAS</ProductCodesNamesName><ProductCodesNamesCode>34049012</ProductCodesNamesCode></ProductCodesNames><ProductDates><ProductDatesType>EstOriginOfGoodsDepartureDate</ProductDatesType><ProductDatesDate>20210303</ProductDatesDate></ProductDates><ProductDates><ProductDatesType>ActOriginOfGoodsDepartureDate</ProductDatesType><ProductDatesDate></ProductDatesDate></ProductDates></Detail><Detail>
<ProductDetail action='Add'>
<LineItemNo>6</LineItemNo>
<ProductCode>99029457</ProductCode>
<BrandName><![CDATA[]]></BrandName>
<InvoiceDesc><![CDATA[]]></InvoiceDesc>
<BLDesc><![CDATA[]]></BLDesc>
<Compliance>
<ClassificationNumber>34049012</ClassificationNumber> 
 <Domestic-Foreign>D</Domestic-Foreign> <DrawbackInd>N</DrawbackInd></Compliance><BilledQuantity>173</BilledQuantity>
<BilledQuantityUnit>DR</BilledQuantityUnit>
<Price>3249.000000000</Price>
<ProductAmount>562077</ProductAmount><CurrencyCode>USD</CurrencyCode>
<CountryofOriginCode>AR</CountryofOriginCode>
<CountryofOriginName>ARGENTINA</CountryofOriginName>
<NoOfPkgs>173</NoOfPkgs><TypePkgCode>DRM</TypePkgCode>
<TypePkgDesc>DRUM</TypePkgDesc>
<Measurements type='GrsWtKgs'>
<MeasurementValue>27199.56</MeasurementValue>
</Measurements>
<Measurements type='NetWtKgs'>
<MeasurementValue>22876</MeasurementValue>
</Measurements>
<PrimaryRptQty>173</PrimaryRptQty><PrimaryRptQtyUOM>DR</PrimaryRptQtyUOM><SecondaryRptQty>173</SecondaryRptQty><SecondaryRptQtyUOM>DR</SecondaryRptQtyUOM><EnterValue>562077</EnterValue></ProductDetail><ProductReferences type='SBU'>
<ProductReferenceNumber>00007959</ProductReferenceNumber></ProductReferences><ProductStatements><ProductStatement> <![CDATA[CONTRACT MSC]]></ProductStatement></ProductStatements><HazardousDetail><UNNumber></UNNumber><FlashPoint></FlashPoint><HazmatMaterialName></HazmatMaterialName><HazmatDesc></HazmatDesc><HazmatContact></HazmatContact><HighTemp></HighTemp><LowTemp></LowTemp><Indicator>N</Indicator></HazardousDetail><ProductAmounts><ProductAmountType>CubicMeterMeasurement</ProductAmountType><ProductAmountValue>0.000</ProductAmountValue></ProductAmounts><ProductAmounts><ProductAmountType>ReportableValueAmount</ProductAmountType><ProductAmountValue>562077</ProductAmountValue><ProductAmountCurrency>USD</ProductAmountCurrency></ProductAmounts><ProductCodesNames><ProductCodesNamesType>TariffClassification</ProductCodesNamesType><ProductCodesNamesName>CERAS ARTIFICIALES Y CERAS PREPARADAS.
LAS DEMAS</ProductCodesNamesName><ProductCodesNamesCode>34049012</ProductCodesNamesCode></ProductCodesNames><ProductDates><ProductDatesType>EstOriginOfGoodsDepartureDate</ProductDatesType><ProductDatesDate>20210303</ProductDatesDate></ProductDates><ProductDates><ProductDatesType>ActOriginOfGoodsDepartureDate</ProductDatesType><ProductDatesDate></ProductDatesDate></ProductDates></Detail><Detail>
<ProductDetail action='Add'>
<LineItemNo>7</LineItemNo>
<ProductCode>99029457</ProductCode>
<BrandName><![CDATA[]]></BrandName>
<InvoiceDesc><![CDATA[]]></InvoiceDesc>
<BLDesc><![CDATA[]]></BLDesc>
<Compliance>
<ClassificationNumber>34049012</ClassificationNumber> 
 <Domestic-Foreign>D</Domestic-Foreign> <DrawbackInd>N</DrawbackInd></Compliance><BilledQuantity>176</BilledQuantity>
<BilledQuantityUnit>DR</BilledQuantityUnit>
<Price>3236.000000000</Price>
<ProductAmount>569536</ProductAmount><CurrencyCode>USD</CurrencyCode>
<CountryofOriginCode>AR</CountryofOriginCode>
<CountryofOriginName>ARGENTINA</CountryofOriginName>
<NoOfPkgs>176</NoOfPkgs><TypePkgCode>DRM</TypePkgCode>
<TypePkgDesc>DRUM</TypePkgDesc>
<Measurements type='GrsWtKgs'>
<MeasurementValue>26163.94</MeasurementValue>
</Measurements>
<Measurements type='NetWtKgs'>
<MeasurementValue>22005</MeasurementValue>
</Measurements>
<PrimaryRptQty>176</PrimaryRptQty><PrimaryRptQtyUOM>DR</PrimaryRptQtyUOM><SecondaryRptQty>176</SecondaryRptQty><SecondaryRptQtyUOM>DR</SecondaryRptQtyUOM><EnterValue>569536</EnterValue></ProductDetail><ProductReferences type='SBU'>
<ProductReferenceNumber>00007959</ProductReferenceNumber></ProductReferences><ProductStatements><ProductStatement> <![CDATA[CONTRACT MSC]]></ProductStatement></ProductStatements><HazardousDetail><UNNumber></UNNumber><FlashPoint></FlashPoint><HazmatMaterialName></HazmatMaterialName><HazmatDesc></HazmatDesc><HazmatContact></HazmatContact><HighTemp></HighTemp><LowTemp></LowTemp><Indicator>N</Indicator></HazardousDetail><ProductAmounts><ProductAmountType>CubicMeterMeasurement</ProductAmountType><ProductAmountValue>0.000</ProductAmountValue></ProductAmounts><ProductAmounts><ProductAmountType>ReportableValueAmount</ProductAmountType><ProductAmountValue>569536</ProductAmountValue><ProductAmountCurrency>USD</ProductAmountCurrency></ProductAmounts><ProductCodesNames><ProductCodesNamesType>TariffClassification</ProductCodesNamesType><ProductCodesNamesName>CERAS ARTIFICIALES Y CERAS PREPARADAS.
LAS DEMAS</ProductCodesNamesName><ProductCodesNamesCode>34049012</ProductCodesNamesCode></ProductCodesNames><ProductDates><ProductDatesType>EstOriginOfGoodsDepartureDate</ProductDatesType><ProductDatesDate>20210303</ProductDatesDate></ProductDates><ProductDates><ProductDatesType>ActOriginOfGoodsDepartureDate</ProductDatesType><ProductDatesDate></ProductDatesDate></ProductDates></Detail><Detail>
<ProductDetail action='Add'>
<LineItemNo>8</LineItemNo>
<ProductCode>99029457</ProductCode>
<BrandName><![CDATA[]]></BrandName>
<InvoiceDesc><![CDATA[]]></InvoiceDesc>
<BLDesc><![CDATA[]]></BLDesc>
<Compliance>
<ClassificationNumber>34049012</ClassificationNumber> 
 <Domestic-Foreign>D</Domestic-Foreign> <DrawbackInd>N</DrawbackInd></Compliance><BilledQuantity>176</BilledQuantity>
<BilledQuantityUnit>DR</BilledQuantityUnit>
<Price>3237.000000000</Price>
<ProductAmount>569712</ProductAmount><CurrencyCode>USD</CurrencyCode>
<CountryofOriginCode>AR</CountryofOriginCode>
<CountryofOriginName>ARGENTINA</CountryofOriginName>
<NoOfPkgs>176</NoOfPkgs><TypePkgCode>DRM</TypePkgCode>
<TypePkgDesc>DRUM</TypePkgDesc>
<Measurements type='GrsWtKgs'>
<MeasurementValue>26631.22</MeasurementValue>
</Measurements>
<Measurements type='NetWtKgs'>
<MeasurementValue>22398</MeasurementValue>
</Measurements>
<PrimaryRptQty>176</PrimaryRptQty><PrimaryRptQtyUOM>DR</PrimaryRptQtyUOM><SecondaryRptQty>176</SecondaryRptQty><SecondaryRptQtyUOM>DR</SecondaryRptQtyUOM><EnterValue>569712</EnterValue></ProductDetail><ProductReferences type='SBU'>
<ProductReferenceNumber>00007959</ProductReferenceNumber></ProductReferences><ProductStatements><ProductStatement> <![CDATA[CONTRACT MSC]]></ProductStatement></ProductStatements><HazardousDetail><UNNumber></UNNumber><FlashPoint></FlashPoint><HazmatMaterialName></HazmatMaterialName><HazmatDesc></HazmatDesc><HazmatContact></HazmatContact><HighTemp></HighTemp><LowTemp></LowTemp><Indicator>N</Indicator></HazardousDetail><ProductAmounts><ProductAmountType>CubicMeterMeasurement</ProductAmountType><ProductAmountValue>0.000</ProductAmountValue></ProductAmounts><ProductAmounts><ProductAmountType>ReportableValueAmount</ProductAmountType><ProductAmountValue>569712</ProductAmountValue><ProductAmountCurrency>USD</ProductAmountCurrency></ProductAmounts><ProductCodesNames><ProductCodesNamesType>TariffClassification</ProductCodesNamesType><ProductCodesNamesName>CERAS ARTIFICIALES Y CERAS PREPARADAS.
LAS DEMAS</ProductCodesNamesName><ProductCodesNamesCode>34049012</ProductCodesNamesCode></ProductCodesNames><ProductDates><ProductDatesType>EstOriginOfGoodsDepartureDate</ProductDatesType><ProductDatesDate>20210303</ProductDatesDate></ProductDates><ProductDates><ProductDatesType>ActOriginOfGoodsDepartureDate</ProductDatesType><ProductDatesDate></ProductDatesDate></ProductDates></Detail><Detail>
<ProductDetail action='Add'>
<LineItemNo>9</LineItemNo>
<ProductCode>99029457</ProductCode>
<BrandName><![CDATA[]]></BrandName>
<InvoiceDesc><![CDATA[]]></InvoiceDesc>
<BLDesc><![CDATA[]]></BLDesc>
<Compliance>
<ClassificationNumber>34049012</ClassificationNumber> 
 <Domestic-Foreign>D</Domestic-Foreign> <DrawbackInd>N</DrawbackInd></Compliance><BilledQuantity>176</BilledQuantity>
<BilledQuantityUnit>DR</BilledQuantityUnit>
<Price>3249.000000000</Price>
<ProductAmount>571824</ProductAmount><CurrencyCode>USD</CurrencyCode>
<CountryofOriginCode>AR</CountryofOriginCode>
<CountryofOriginName>ARGENTINA</CountryofOriginName>
<NoOfPkgs>176</NoOfPkgs><TypePkgCode>DRM</TypePkgCode>
<TypePkgDesc>DRUM</TypePkgDesc>
<Measurements type='GrsWtKgs'>
<MeasurementValue>27199.56</MeasurementValue>
</Measurements>
<Measurements type='NetWtKgs'>
<MeasurementValue>22876</MeasurementValue>
</Measurements>
<PrimaryRptQty>176</PrimaryRptQty><PrimaryRptQtyUOM>DR</PrimaryRptQtyUOM><SecondaryRptQty>176</SecondaryRptQty><SecondaryRptQtyUOM>DR</SecondaryRptQtyUOM><EnterValue>571824</EnterValue></ProductDetail><ProductReferences type='SBU'>
<ProductReferenceNumber>00007959</ProductReferenceNumber></ProductReferences><ProductStatements><ProductStatement> <![CDATA[CONTRACT MSC]]></ProductStatement></ProductStatements><HazardousDetail><UNNumber></UNNumber><FlashPoint></FlashPoint><HazmatMaterialName></HazmatMaterialName><HazmatDesc></HazmatDesc><HazmatContact></HazmatContact><HighTemp></HighTemp><LowTemp></LowTemp><Indicator>N</Indicator></HazardousDetail><ProductAmounts><ProductAmountType>CubicMeterMeasurement</ProductAmountType><ProductAmountValue>0.000</ProductAmountValue></ProductAmounts><ProductAmounts><ProductAmountType>ReportableValueAmount</ProductAmountType><ProductAmountValue>571824</ProductAmountValue><ProductAmountCurrency>USD</ProductAmountCurrency></ProductAmounts><ProductCodesNames><ProductCodesNamesType>TariffClassification</ProductCodesNamesType><ProductCodesNamesName>CERAS ARTIFICIALES Y CERAS PREPARADAS.
LAS DEMAS</ProductCodesNamesName><ProductCodesNamesCode>34049012</ProductCodesNamesCode></ProductCodesNames><ProductDates><ProductDatesType>EstOriginOfGoodsDepartureDate</ProductDatesType><ProductDatesDate>20210303</ProductDatesDate></ProductDates><ProductDates><ProductDatesType>ActOriginOfGoodsDepartureDate</ProductDatesType><ProductDatesDate></ProductDatesDate></ProductDates></Detail><Footer>
<Measurements item='GrossWeightKilograms'>
<MeasurementValue>201837</MeasurementValue>
</Measurements>
</Footer><Footer>
<Measurements item='GrossWeightPounds'>
<MeasurementValue>444969.8502</MeasurementValue>
</Measurements>
</Footer><Footer>
<Measurements item='NetWeightKilograms'>
<MeasurementValue>201837</MeasurementValue>
</Measurements>
</Footer><Footer>
<Measurements item='NetWeightPounds'>
<MeasurementValue>444969.8502</MeasurementValue>
</Measurements>
</Footer><Footer>
<Measurements item='VolumeCubicFeet'>
<MeasurementValue>0.000</MeasurementValue>
</Measurements>
</Footer><Footer>
<Measurements item='NumberofPalletPackages'>
<MeasurementValue>72</MeasurementValue>
</Measurements>
</Footer></Request>