<?xml version="1.0" encoding="ISO-8859-1" ?>
<Request>
<ControlNumber>67e70fd6-7171-4607-bbb7-7c616c3120ff</ControlNumber>
<UniqueMessageID>67e70fd6-7171-4607-bbb7-7c616c3120ff</UniqueMessageID>
<FromIdentifier>ATL</FromIdentifier>
<ToIdentifier>Integration</ToIdentifier>
<Customer>DOW</Customer>
<Timestamp>20210225T173840</Timestamp>
<PrimaryKey>0038404827</PrimaryKey>
<SecondaryKey>EMCSR202102002BR</SecondaryKey>
<Header RequestType="Shipment" Action="Original" Type="Export"><Parties type="Consignee">
<Party-Name>ADREM CORPORACION INDUSTRIAL</Party-Name>
<Party-Address>BERON DE ASTRADA 3957              SAN J  </Party-Address>
<Party-City>SAN JUSTO</Party-City>
<Party-State-Prov>  </Party-State-Prov>
<Party-PostalCode>        </Party-PostalCode>
<Party-Country>AR</Party-Country>
<PartyLocation-ID>01587691</PartyLocation-ID>
<Party-CountryName>ARGENTINA</Party-CountryName>
<Party-UnlocCode>ARSJO</Party-UnlocCode><GovIDNumber></GovIDNumber>
</Parties><Parties type="Exporter">
<Party-Name>ROHM AND HAAS QUIMICA LTDA</Party-Name>
<Party-Address>AV PRES HUMBERTO ALENCAR CASTELO BRANCO 3200 </Party-Address>
<Party-City>JACAREI</Party-City>
<Party-State-Prov>SP</Party-State-Prov>
<Party-PostalCode>12321150</Party-PostalCode>
<Party-Country>BR</Party-Country>
<PartyLocation-ID>BDP</PartyLocation-ID>
<Party-GlobalCode>545682</Party-GlobalCode><Party-CountryName>Brazil</Party-CountryName>
<Party-UnlocCode>BRJCE</Party-UnlocCode><GovIDNumber>00310651000340</GovIDNumber>
</Parties><Parties type="ShipTo">
<Party-Name>ADREM CORPORACION INDUSTRIAL</Party-Name>
<Party-Address>BERON DE ASTRADA 3957              SAN J  </Party-Address>
<Party-City>SAN JUSTO</Party-City>
<Party-State-Prov>  </Party-State-Prov>
<Party-PostalCode>        </Party-PostalCode>
<Party-Country>AR</Party-Country>
<PartyLocation-ID>01587691</PartyLocation-ID>
<Party-CountryName>ARGENTINA</Party-CountryName>
<Party-UnlocCode>ARSJO</Party-UnlocCode><GovIDNumber></GovIDNumber>
</Parties><Parties type="SoldTo">
<Party-Name>ADREM CORPORACION INDUSTRIAL</Party-Name>
<Party-Address>BERON DE ASTRADA 3957              SAN J  </Party-Address>
<Party-City>SAN JUSTO</Party-City>
<Party-State-Prov>  </Party-State-Prov>
<Party-PostalCode>        </Party-PostalCode>
<Party-Country>AR</Party-Country>
<PartyLocation-ID>P000038835</PartyLocation-ID>
<Party-CountryName>ARGENTINA</Party-CountryName>
<Party-UnlocCode>ARSJO</Party-UnlocCode><GovIDNumber></GovIDNumber>
</Parties><Parties type="Notify">
<Party-Name>ADREM CORPORACION INDUSTRIAL</Party-Name>
<Party-Address>BERON DE ASTRADA 3957              SAN J  </Party-Address>
<Party-City>SAN JUSTO</Party-City>
<Party-State-Prov>  </Party-State-Prov>
<Party-PostalCode>        </Party-PostalCode>
<Party-Country>AR</Party-Country>
<PartyLocation-ID>P000038835</PartyLocation-ID>
<Party-CountryName>ARGENTINA</Party-CountryName>
<Party-UnlocCode>ARSJO</Party-UnlocCode><GovIDNumber></GovIDNumber>
</Parties><Parties type="Partner">
<Party-Name>BDP SOUTH AMERICA LTDA.</Party-Name>
<Party-Address>AV.ALFREDO EGYDIO SOUZA ARANHA 100 BLOCO D - 12  ANDAR</Party-Address>
<Party-City>SAO PAULO</Party-City>
<Party-State-Prov>SP</Party-State-Prov>
<Party-PostalCode>04726170</Party-PostalCode>
<Party-Country>BR</Party-Country>
<Party-ID type="PartnerID">BDPBRSAO</Party-ID><Party-Contacts Action='Add' type="CSR">
<Contact-Name>CARLOS EDUARDO</Contact-Name>
<Contact-CommunicationAddress type="Email"><![CDATA[carlos.eduardo@bdpint.com]]></Contact-CommunicationAddress>
</Party-Contacts></Parties><Parties type="BDPRepresentative">
<Party-Name>BDP SOUTH AMERICA LTDA.</Party-Name>
<Party-Address>AV.ALFREDO EGYDIO SOUZA ARANHA 100 BLOCO D - 12  ANDAR</Party-Address>
<Party-City>SAO PAULO</Party-City>
<Party-State-Prov>SP</Party-State-Prov>
<Party-PostalCode>04726170</Party-PostalCode>
<Party-Country>BR</Party-Country>
<PartyLocation-ID>10017</PartyLocation-ID>
<Party-CountryName>Brazil</Party-CountryName>
<Party-UnlocCode>BRSAO</Party-UnlocCode><GovIDNumber>03706460000128</GovIDNumber>
</Parties><Parties type="Buyer">
<Party-Name>ADREM CORPORACION INDUSTRIAL</Party-Name>
<Party-Address>BERON DE ASTRADA 3957              SAN J  </Party-Address>
<Party-City>SAN JUSTO</Party-City>
<Party-State-Prov>  </Party-State-Prov>
<Party-PostalCode>        </Party-PostalCode>
<Party-Country>AR</Party-Country>
<PartyLocation-ID>01587691</PartyLocation-ID>
<Party-CountryName>ARGENTINA</Party-CountryName>
<Party-UnlocCode>ARSJO</Party-UnlocCode><GovIDNumber></GovIDNumber>
</Parties><Parties type="Importer">
<Party-Name>ADREM CORPORACION INDUSTRIAL</Party-Name>
<Party-Address>BERON DE ASTRADA 3957              SAN J  </Party-Address>
<Party-City>SAN JUSTO</Party-City>
<Party-State-Prov>  </Party-State-Prov>
<Party-PostalCode>        </Party-PostalCode>
<Party-Country>AR</Party-Country>
<PartyLocation-ID>01587691</PartyLocation-ID>
<Party-CountryName>ARGENTINA</Party-CountryName>
<Party-UnlocCode>ARSJO</Party-UnlocCode><GovIDNumber></GovIDNumber>
</Parties><Parties type="Seller">
<Party-Name>ROHM AND HAAS QUIMICA LTDA</Party-Name>
<Party-Address>AV PRES HUMBERTO ALENCAR CASTELO BRANCO 3200 </Party-Address>
<Party-City>JACAREI</Party-City>
<Party-State-Prov>SP</Party-State-Prov>
<Party-PostalCode>12321150</Party-PostalCode>
<Party-Country>BR</Party-Country>
<PartyLocation-ID>P000009039</PartyLocation-ID>
<Party-GlobalCode>545682</Party-GlobalCode><Party-CountryName>Brazil</Party-CountryName>
<Party-UnlocCode>BRJCE</Party-UnlocCode><GovIDNumber>00310651000340</GovIDNumber>
</Parties><Parties type="Supplier">
<Party-Name>ROHM AND HAAS QUIMICA LTDA</Party-Name>
<Party-Address>AV PRES HUMBERTO ALENCAR CASTELO BRANCO 3200 </Party-Address>
<Party-City>JACAREI</Party-City>
<Party-State-Prov>SP</Party-State-Prov>
<Party-PostalCode>12321150</Party-PostalCode>
<Party-Country>BR</Party-Country>
<PartyLocation-ID>P000009039</PartyLocation-ID>
<Party-CountryName>Brazil</Party-CountryName>
<Party-UnlocCode>BRJCE</Party-UnlocCode><GovIDNumber>00310651000340</GovIDNumber>
</Parties><ProcessingInstructions>
<Process>BRTP</Process>
<Status/>
<SystemCode Code ='BRTP'></SystemCode>
<GlobalHubRoutingCode>SHIPMENT</GlobalHubRoutingCode>
</ProcessingInstructions><References type= 'BDPJobNumber'>
<ReferenceNumber>EMCSR202102002BR</ReferenceNumber>
</References><References type='OperatingUnitClassification'><ReferenceNumber>CHB</ReferenceNumber> </References><References type= 'SellerCode'>
<ReferenceNumber>P000009039</ReferenceNumber>
</References><References type= 'ShipmentNumber'>
<ReferenceNumber>0038404827</ReferenceNumber>
</References><References type= 'SAPShipmentNumber'>
<ReferenceNumber>0038404827</ReferenceNumber>
</References><References type = 'GeneralDescription'>
<ReferenceNumber> <![CDATA[]]></ReferenceNumber></References><References type= 'PurchaseOrderNumber'>
<ReferenceNumber>0150790943</ReferenceNumber>
</References><References type= 'OrderNumber'>
<ReferenceNumber>38404827</ReferenceNumber>
<ReferenceDate>20210224</ReferenceDate>
</References><References type= 'OrderType'>
<ReferenceNumber>INDENT</ReferenceNumber>
</References><References type= 'DeliveryOrderNumber'>
<ReferenceNumber>468659-468659</ReferenceNumber>
</References><References type= 'SellerReferenceNumber'>
<ReferenceNumber>38404827</ReferenceNumber>
<ReferenceDate>20210224</ReferenceDate>
</References><References type='BDPClientCode'><ReferenceNumber>BDP</ReferenceNumber> </References><References type= 'CargoType'>
<ReferenceNumber>05</ReferenceNumber>
<ReferenceDate></ReferenceDate>
</References><References type= 'ManifestHoldIndYN'>
<ReferenceNumber>N</ReferenceNumber>
<ReferenceDate></ReferenceDate>
</References><References type='CountryOfExportUNLOCCode'>
<ReferenceNumber>BR</ReferenceNumber>
</References><References type= 'BuyerReferenceNumber'>
<ReferenceNumber>0038404827</ReferenceNumber>
</References><References type= 'DestinationControlIndYN'>
<ReferenceNumber>N</ReferenceNumber>
<ReferenceDate></ReferenceDate>
</References><References type= 'SupplierRelatedNonrelatedUndYN'>
<ReferenceNumber>N</ReferenceNumber>
<ReferenceDate></ReferenceDate>
</References><References type= 'ConsolIndicator'>
<ReferenceNumber>D</ReferenceNumber>
</References><References type= 'BDPTransportYN'>
<ReferenceNumber>N</ReferenceNumber>
</References><References type= 'ExpressMBOLInd'>
<ReferenceNumber>N</ReferenceNumber>
</References><References type= 'HouseBookingNumber'>
<ReferenceNumber>1SSZ027412</ReferenceNumber>
<ReferenceDate></ReferenceDate>
</References><References type= 'SupplierReference'>
<ReferenceNumber>38404827</ReferenceNumber>
<ReferenceDate>20210224</ReferenceDate>
</References><References type= 'ExportForwarderRefNbr'>
<ReferenceNumber>EMCSR202102002BR</ReferenceNumber>
</References><References type= 'ShipmentStatus'>
<ReferenceNumber></ReferenceNumber>
</References><References type= 'SalesOrderNumber'>
<ReferenceNumber>38404827</ReferenceNumber>
<ReferenceDate>20210224</ReferenceDate>
</References><References type='STOInd'><ReferenceNumber><![CDATA[N]]></ReferenceNumber> </References><CommercialInvoice>
<InvoiceNumber></InvoiceNumber>
<TermsofSaleCode>CPT</TermsofSaleCode>
<TermsofSaleDesc>CPT</TermsofSaleDesc>
<FinalTermsofSaleCode>CPT</FinalTermsofSaleCode>
<FinalTermsofSaleDesc>CPT</FinalTermsofSaleDesc>
<TermsofPaymentCode>281</TermsofPaymentCode>
<TermsofPaymentDescription>60 Days of Invoice Date</TermsofPaymentDescription><InvoiceAmount>263505.22648</InvoiceAmount><CurrencyCode>USD</CurrencyCode><CIDate>20210224</CIDate><FOBAmount>263020.22648</FOBAmount><FOBCurrency>USD</FOBCurrency><ChargeInd>N</ChargeInd>
<CIProductDetail action='Add'><LineItemNo>1</LineItemNo><ProductCode>10096801</ProductCode><BrandName><![CDATA[ACUMER(TM) 1000 POLYMER10096801 (10096801)]]></BrandName><InvoiceDesc><![CDATA[ACUMER(TM) 1000 POLYMER10096801 (10096801)]]></InvoiceDesc><BilledQuantity>12.00</BilledQuantity>
<BilledQuantityUnit>DR</BilledQuantityUnit><Price>0.44</Price>
<PriceCurrency>USD</PriceCurrency><Amount>5.23</Amount><AmountCurrency>USD</AmountCurrency></CIProductDetail><CIProductDetail action='Add'><LineItemNo>2</LineItemNo><ProductCode>10096804</ProductCode><BrandName><![CDATA[ACUMER(TM) 1010 POLYMER10096804 (10096804)]]></BrandName><InvoiceDesc><![CDATA[ACUMER(TM) 1010 POLYMER10096804 (10096804)]]></InvoiceDesc><BilledQuantity>68.00</BilledQuantity>
<BilledQuantityUnit>DR</BilledQuantityUnit><Price>3875.00</Price>
<PriceCurrency>USD</PriceCurrency><Amount>263500.00</Amount><AmountCurrency>USD</AmountCurrency></CIProductDetail></CommercialInvoice><Transportation Responsibility='Carrier' MethodofTransportation='Ocean' LegType='Secondary'></Transportation><Transportation Responsibility='Carrier' MethodofTransportation='Ocean' LegType='Primary'>
<Origin Type='PortofLoad'>
<OriginName>SANTOS</OriginName>
</Origin>
<OriginCodeType Type='UNLOCCode'>
<OriginCode>BRSSZ</OriginCode>
</OriginCodeType>
<OriginCountryCode>BR</OriginCountryCode><OriginDate type='Estimated'>20210318</OriginDate>
<Destination LocationType='PortofDischarge'>
<DestinationName>BUENOS AIRES</DestinationName>
</Destination>
<DestinationCodeType Type='ScheduleK'>
<DestinationCode>35705</DestinationCode>
</DestinationCodeType><DestinationCodeType Type='UNLOCCode'>
<DestinationCode>ARBUE</DestinationCode>
</DestinationCodeType>
<DestinationCountryCode>AR</DestinationCountryCode>
<DestinationDate type='Estimated'>20210321</DestinationDate>
<TypeofMoveDescription>DOOR TO PORT</TypeofMoveDescription>
<Carrier>
<CarrierName>ALIANCA</CarrierName>
<CarrierCode type='SCAC'>707488</CarrierCode>
</Carrier><Vessel>
<VesselName>MAERSK KARACHI</VesselName>
<VesselCode type='Lloyds'>08211526</VesselCode></Vessel>
<PrepaidorCollect>P</PrepaidorCollect>
<ReferenceType type='HouseBillofLadingNumber'>
<ReferenceNumber></ReferenceNumber>
</ReferenceType>
<ReferenceType type='VoyageNumber'>
<ReferenceNumber><![CDATA[108S]]></ReferenceNumber>
</ReferenceType>
<ReferenceType type='AdditionalShipPoint'><ReferenceNumber>B040</ReferenceNumber></ReferenceType><ReferenceType type='FreightAmount'><ReferenceNumber>485.00</ReferenceNumber>
</ReferenceType>
<ReferenceType type='HouseCarrierSCAC'>
<ReferenceNumber>1875991</ReferenceNumber>
</ReferenceType><ReferenceType type= 'BookingNumber'>
<ReferenceNumber>1SSZ027412</ReferenceNumber>
</ReferenceType></Transportation><EquipmentSummary>
<EquipmentQuantity>1</EquipmentQuantity>
<EquipmentSize>40</EquipmentSize>
<EquipmentContainerTypeRequest>ADD</EquipmentContainerTypeRequest>
<EquipmentType>CONTAINER</EquipmentType>
</EquipmentSummary><LetterofCredit>
<RequiredYN>N</RequiredYN>
<IssueNumber></IssueNumber>
</LetterofCredit><Marks>
N/I
</Marks><Status>
<StatusType type='ActualPortofLoadDate'/>
<StatusDate></StatusDate>
</Status><Status>
<StatusType type='DateSailingConfirmed '/>
<StatusDate></StatusDate>
</Status><Status>
<StatusType type='EstDomesticInlandDeliveryDate'/>
<StatusDate>20210311</StatusDate>
</Status><Status>
<StatusType type='ActPlaceOfReceiptDate'/>
<StatusDate></StatusDate>
</Status><Status>
<StatusType type='EstPlaceOfReceiptDate'/>
<StatusDate>20210311</StatusDate>
</Status><Status>
<StatusType type='ActUnloadedFromVesselDate'/>
<StatusDate></StatusDate>
</Status><Status>
<StatusType type='BkngCnfrmtnRcvdSS'/>
<StatusDate>20210219</StatusDate>
</Status><Status>
<StatusType type='ActPortOfExitDate '/>
<StatusDate></StatusDate>
</Status><Status>
<StatusType type='BillofLadingRetreivedDate'/>
<StatusDate></StatusDate>
</Status><Status>
<StatusType type='ActVesselDepartureDate'/>
<StatusDate></StatusDate>
</Status><Status>
<StatusType type='EstPortOfExitDate'/>
<StatusDate></StatusDate>
</Status><Status>
<StatusType type='LoadedOnVessel'/>
<StatusDate></StatusDate>
</Status><Status>
<StatusType type='ActPortofDepartureDate'/>
<StatusDate></StatusDate>
</Status><Status>
<StatusType type='EstimatedPortofLoadDate'/>
<StatusDate>20210318</StatusDate>
</Status><Status>
<StatusType type='EstimatedPortofDischargeDate'/>
<StatusDate>20210321</StatusDate>
</Status><Status>
<StatusType type='BolAwbIssueDate'/>
<StatusDate></StatusDate>
</Status><Status>
<StatusType type='ActDocumentDistributionSentDate'/>
<StatusDate></StatusDate>
</Status><Status>
<StatusType type='BilledDate'/>
<StatusDate></StatusDate>
</Status>
<Status>
<StatusType type='ActBookingConfirmationDate'/>
<StatusDate>20210219</StatusDate>
</Status><Status>
<StatusType type='RequestedETADestinationDate'/>
<StatusDate>20210321</StatusDate>
</Status><Status>
<StatusType type='OrderReceiveDate'/>
<StatusDate>20210224</StatusDate>
</Status><Status>
<StatusType type='LatestDeliveryDate'/>
<StatusDate>20210315</StatusDate>
<StatusTime>1600</StatusTime>
</Status><Status>
<StatusType type='SolasVrfdGrMassCutDt'/>
<StatusDate>20210315</StatusDate>
<StatusTime>1200</StatusTime>
</Status>
<Status>
<StatusType type='CarrierDocCutoffDate'/>
<StatusDate>20210311</StatusDate>
<StatusTime>1500</StatusTime>
</Status>
<Status>
<StatusType type='RequestedPlantShipDate'/>
<StatusDate>20210311</StatusDate>
</Status><Status>
<StatusType type='EstDocumentDistributionSentDate'/>
<StatusDate>20210322</StatusDate>
</Status><Status>
<StatusType type='ActBookedDate'/>
<StatusDate>20210219</StatusDate>
</Status>
<Status> <StatusType type='SDAPayDt'></StatusType><StatusDate>20131002</StatusDate></Status><Status> <StatusType type='WarehousePayDt'></StatusType><StatusDate>20040412</StatusDate></Status><Status>
<StatusType type='LastModifiedByDate'/>
<StatusDate>20210225</StatusDate>
</Status><Status>
<StatusType type='LoggedDate'/>
<StatusDate>20210223</StatusDate>
</Status><Status>
<StatusType type='FileCreationDate'/>
<StatusDate>20210223</StatusDate>
</Status><Amounts><AmountType><![CDATA[BaseFreightBolAwbAmountPrepaid]]></AmountType><AmountValue><![CDATA[485.00]]></AmountValue><AmountUnit><![CDATA[]]></AmountUnit><AmountCurrency><![CDATA[USD]]></AmountCurrency><AmountCode><![CDATA[]]></AmountCode></Amounts><Amounts><AmountType><![CDATA[TotalFreightBolAwbPrepaidAmount]]></AmountType><AmountValue><![CDATA[485.00]]></AmountValue><AmountUnit><![CDATA[]]></AmountUnit><AmountCurrency><![CDATA[USD]]></AmountCurrency><AmountCode><![CDATA[]]></AmountCode><AmountIndicator><![CDATA[KG]]></AmountIndicator></Amounts><Amounts><AmountType><![CDATA[BaseFreightDomesticInlandAmount]]></AmountType><AmountValue><![CDATA[0.00]]></AmountValue><AmountUnit><![CDATA[]]></AmountUnit><AmountCode><![CDATA[]]></AmountCode><AmountIndicator><![CDATA[KG]]></AmountIndicator></Amounts><Amounts><AmountType><![CDATA[DomesticInlandTotalFreightAmount]]></AmountType><AmountValue><![CDATA[0.00]]></AmountValue><AmountUnit><![CDATA[]]></AmountUnit><AmountCode><![CDATA[]]></AmountCode><AmountIndicator><![CDATA[KG]]></AmountIndicator></Amounts><Amounts><AmountType><![CDATA[ReportableValueAmount]]></AmountType><AmountValue><![CDATA[263020.23]]></AmountValue><AmountUnit><![CDATA[]]></AmountUnit><AmountCurrency><![CDATA[USD]]></AmountCurrency><AmountCode><![CDATA[]]></AmountCode></Amounts><Amounts><AmountType><![CDATA[NumberOfTEUs]]></AmountType><AmountValue><![CDATA[0]]></AmountValue><AmountUnit><![CDATA[]]></AmountUnit><AmountCode><![CDATA[]]></AmountCode></Amounts><Amounts><AmountType><![CDATA[TotalWeightKG]]></AmountType><AmountValue><![CDATA[20655.952]]></AmountValue><AmountUnit><![CDATA[]]></AmountUnit><AmountCode><![CDATA[]]></AmountCode><AmountIndicator><![CDATA[KG]]></AmountIndicator></Amounts><Locations>
<LocationType>DomesticInland</LocationType><LocationName>JACAREI</LocationName>
<LocationUnlocCode>BRJCE</LocationUnlocCode>
<LocationCountryCode>BR</LocationCountryCode>
<LocationCountryName>JACAREI</LocationCountryName><LocationCode></LocationCode>
</Locations><Locations>
<LocationType>PierTerminal</LocationType><LocationName>SANTOS BRASIL</LocationName>
<LocationUnlocCode></LocationUnlocCode>
<LocationCountryCode></LocationCountryCode>
<LocationCountryName></LocationCountryName><LocationCode></LocationCode>
</Locations><CodesNames>  <CodesNamesType>CargoDescription</CodesNamesType><CodesNamesName><![CDATA[]]></CodesNamesName><CodesNamesCode></CodesNamesCode></CodesNames><CodesNames>  <CodesNamesType>SalesPerson</CodesNamesType><CodesNamesName><![CDATA[]]></CodesNamesName><CodesNamesCode></CodesNamesCode></CodesNames></Header><Detail>
<ProductDetail action='Add'>
<LineItemNo>1</LineItemNo>
<ProductCode>10096801</ProductCode>
<BrandName><![CDATA[ACUMER(TM) 1000 POLYMER10096801 (10096801)]]></BrandName>
<InvoiceDesc><![CDATA[ACUMER(TM) 1000 POLYMER10096801 (10096801)]]></InvoiceDesc>
<BLDesc><![CDATA[]]></BLDesc>
<Compliance>
<ClassificationNumber>39069011</ClassificationNumber> 
 <Domestic-Foreign>D</Domestic-Foreign> <DrawbackInd>N</DrawbackInd></Compliance><BilledQuantity>12</BilledQuantity>
<BilledQuantityUnit>DR</BilledQuantityUnit>
<Price>0.43554</Price>
<ProductAmount>5.22648</ProductAmount><CurrencyCode>USD</CurrencyCode>
<CountryofOriginCode>BR</CountryofOriginCode>
<CountryofOriginName>BRAZIL</CountryofOriginName>
<NoOfPkgs>12</NoOfPkgs><TypePkgCode>DRM</TypePkgCode>
<TypePkgDesc>DRUM</TypePkgDesc>
<Measurements type='GrsWtKgs'>
<MeasurementValue>2975.952</MeasurementValue>
</Measurements>
<Measurements type='NetWtKgs'>
<MeasurementValue>2856</MeasurementValue>
</Measurements>
<PrimaryRptQty>12</PrimaryRptQty><PrimaryRptQtyUOM>DR</PrimaryRptQtyUOM><SecondaryRptQty>12</SecondaryRptQty><SecondaryRptQtyUOM>DR</SecondaryRptQtyUOM><EnterValue>5.22648</EnterValue></ProductDetail><ProductReferences type='SBU'>
<ProductReferenceNumber>00027666</ProductReferenceNumber></ProductReferences><ProductStatements><ProductStatement> <![CDATA[]]></ProductStatement></ProductStatements><HazardousDetail><UNNumber>NH</UNNumber><Class type='UN'></Class><FlashPoint></FlashPoint><FlashPointUnit></FlashPointUnit>        <HazmatMaterialName><![CDATA[]]></HazmatMaterialName><HazmatDesc><![CDATA[]]></HazmatDesc><HazmatContact></HazmatContact><HighTemp></HighTemp><LowTemp></LowTemp><Indicator>Y</Indicator></HazardousDetail><ProductAmounts><ProductAmountType>CubicMeterMeasurement</ProductAmountType><ProductAmountValue>0.000</ProductAmountValue></ProductAmounts><ProductAmounts><ProductAmountType>ReportableValueAmount</ProductAmountType><ProductAmountValue>5.22648</ProductAmountValue><ProductAmountCurrency>USD</ProductAmountCurrency></ProductAmounts><ProductCodesNames><ProductCodesNamesType>TariffClassification</ProductCodesNamesType><ProductCodesNamesName>ACIDO POLIACRILICO E SAIS,EM LIQ/PASTA,SOLUVEL EM AGUA</ProductCodesNamesName><ProductCodesNamesCode>39069011</ProductCodesNamesCode></ProductCodesNames><ProductCodesNames><ProductCodesNamesType>OGA</ProductCodesNamesType><ProductCodesNamesName>PF1</ProductCodesNamesName><ProductCodesNamesCode>PF1</ProductCodesNamesCode></ProductCodesNames><ProductCodesNames><ProductCodesNamesType>OGA</ProductCodesNamesType><ProductCodesNamesName>PF2</ProductCodesNamesName><ProductCodesNamesCode>PF2</ProductCodesNamesCode></ProductCodesNames><ProductDates><ProductDatesType>EstOriginOfGoodsDepartureDate</ProductDatesType><ProductDatesDate>20210311</ProductDatesDate></ProductDates><ProductDates><ProductDatesType>ActOriginOfGoodsDepartureDate</ProductDatesType><ProductDatesDate></ProductDatesDate></ProductDates></Detail><Detail>
<ProductDetail action='Add'>
<LineItemNo>2</LineItemNo>
<ProductCode>10096804</ProductCode>
<BrandName><![CDATA[ACUMER(TM) 1010 POLYMER10096804 (10096804)]]></BrandName>
<InvoiceDesc><![CDATA[ACUMER(TM) 1010 POLYMER10096804 (10096804)]]></InvoiceDesc>
<BLDesc><![CDATA[]]></BLDesc>
<Compliance>
<ClassificationNumber>39069011</ClassificationNumber> 
 <Domestic-Foreign>D</Domestic-Foreign> <DrawbackInd>N</DrawbackInd></Compliance><BilledQuantity>68</BilledQuantity>
<BilledQuantityUnit>DR</BilledQuantityUnit>
<Price>3875</Price>
<ProductAmount>263500</ProductAmount><CurrencyCode>USD</CurrencyCode>
<CountryofOriginCode>BR</CountryofOriginCode>
<CountryofOriginName>BRAZIL</CountryofOriginName>
<NoOfPkgs>68</NoOfPkgs><TypePkgCode>DRM</TypePkgCode>
<TypePkgDesc>DRUM</TypePkgDesc>
<Measurements type='GrsWtKgs'>
<MeasurementValue>17680</MeasurementValue>
</Measurements>
<Measurements type='NetWtKgs'>
<MeasurementValue>17000</MeasurementValue>
</Measurements>
<PrimaryRptQty>68</PrimaryRptQty><PrimaryRptQtyUOM>DR</PrimaryRptQtyUOM><SecondaryRptQty>68</SecondaryRptQty><SecondaryRptQtyUOM>DR</SecondaryRptQtyUOM><EnterValue>263500</EnterValue></ProductDetail><ProductReferences type='SBU'>
<ProductReferenceNumber>00027666</ProductReferenceNumber></ProductReferences><ProductStatements><ProductStatement> <![CDATA[]]></ProductStatement></ProductStatements><HazardousDetail><UNNumber>NH</UNNumber><Class type='UN'></Class><FlashPoint></FlashPoint><FlashPointUnit></FlashPointUnit>        <HazmatMaterialName><![CDATA[]]></HazmatMaterialName><HazmatDesc><![CDATA[]]></HazmatDesc><HazmatContact></HazmatContact><HighTemp></HighTemp><LowTemp></LowTemp><Indicator>Y</Indicator></HazardousDetail><ProductAmounts><ProductAmountType>CubicMeterMeasurement</ProductAmountType><ProductAmountValue>0.000</ProductAmountValue></ProductAmounts><ProductAmounts><ProductAmountType>ReportableValueAmount</ProductAmountType><ProductAmountValue>263500</ProductAmountValue><ProductAmountCurrency>USD</ProductAmountCurrency></ProductAmounts><ProductCodesNames><ProductCodesNamesType>TariffClassification</ProductCodesNamesType><ProductCodesNamesName>ACIDO POLIACRILICO E SAIS,EM LIQ/PASTA,SOLUVEL EM AGUA</ProductCodesNamesName><ProductCodesNamesCode>39069011</ProductCodesNamesCode></ProductCodesNames><ProductCodesNames><ProductCodesNamesType>OGA</ProductCodesNamesType><ProductCodesNamesName>PF1</ProductCodesNamesName><ProductCodesNamesCode>PF1</ProductCodesNamesCode></ProductCodesNames><ProductCodesNames><ProductCodesNamesType>OGA</ProductCodesNamesType><ProductCodesNamesName>PF2</ProductCodesNamesName><ProductCodesNamesCode>PF2</ProductCodesNamesCode></ProductCodesNames><ProductDates><ProductDatesType>EstOriginOfGoodsDepartureDate</ProductDatesType><ProductDatesDate>20210311</ProductDatesDate></ProductDates><ProductDates><ProductDatesType>ActOriginOfGoodsDepartureDate</ProductDatesType><ProductDatesDate></ProductDatesDate></ProductDates></Detail><Footer>
<Measurements item='GrossWeightKilograms'>
<MeasurementValue>20655.952</MeasurementValue>
</Measurements>
</Footer><Footer>
<Measurements item='GrossWeightPounds'>
<MeasurementValue>45538.1117792</MeasurementValue>
</Measurements>
</Footer><Footer>
<Measurements item='NetWeightKilograms'>
<MeasurementValue>19856</MeasurementValue>
</Measurements>
</Footer><Footer>
<Measurements item='NetWeightPounds'>
<MeasurementValue>43774.5376</MeasurementValue>
</Measurements>
</Footer><Footer>
<Measurements item='VolumeCubicFeet'>
<MeasurementValue>0.000</MeasurementValue>
</Measurements>
</Footer><Footer>
<Measurements item='NumberofPalletPackages'>
<MeasurementValue></MeasurementValue>
</Measurements>
</Footer></Request>