4/10/2020 12:00:24 AM - Inserir Historico EMCTV202003002BR
4/10/2020 12:00:27 AM - Insert with success EMCTV202003002BR
4/10/2020 12:00:57 AM - Inserir Historico IMSLA202003031BR
4/10/2020 12:00:57 AM - Insert with success IMSLA202003031BR
4/10/2020 12:01:27 AM - Inserir Historico IMSOL202003155BR
4/10/2020 12:01:28 AM - Insert with success IMSOL202003155BR
4/10/2020 12:01:57 AM - Inserir Historico IMSLA202003033BR
4/10/2020 12:01:57 AM - Insert with success IMSLA202003033BR
4/10/2020 12:02:25 AM - Inserir Historico IMSOL202003050BR
4/10/2020 12:02:25 AM - Insert with success IMSOL202003050BR
4/10/2020 12:02:56 AM - Inserir Historico IMSOL202002139BR
4/10/2020 12:02:57 AM - Insert with success IMSOL202002139BR
4/10/2020 12:03:25 AM - Inserir Historico EORHO202002032BR
4/10/2020 12:03:26 AM - Insert with success EORHO202002032BR
4/10/2020 12:03:51 AM - Inserir Historico EORHO202003035BR
4/10/2020 12:03:52 AM - Insert with success EORHO202003035BR
4/10/2020 12:04:18 AM - Inserir Historico EORHO202003036BR
4/10/2020 12:04:18 AM - Insert with success EORHO202003036BR
4/10/2020 12:05:40 AM - Inserir Historico IMSLA202003037BR
4/10/2020 12:05:41 AM - Insert with success IMSLA202003037BR
4/10/2020 12:06:12 AM - Inserir Historico IMSLA202003041BR
4/10/2020 12:06:13 AM - Insert with success IMSLA202003041BR
4/10/2020 12:06:44 AM - Inserir Historico IMSLA202003042BR
4/10/2020 12:06:44 AM - Insert with success IMSLA202003042BR
4/10/2020 12:07:11 AM - Inserir Historico IMSWB202002051BR
4/10/2020 12:07:12 AM - Insert with success IMSWB202002051BR
4/10/2020 12:07:39 AM - Inserir Historico IMSWB202001060BR
4/10/2020 12:07:40 AM - Insert with success IMSWB202001060BR
4/10/2020 12:08:06 AM - Inserir Historico IMSWB202003058BR
4/10/2020 12:08:07 AM - Insert with success IMSWB202003058BR
4/10/2020 12:08:32 AM - Inserir Historico IMSWB202002015BR
4/10/2020 12:08:32 AM - Insert with success IMSWB202002015BR
4/10/2020 12:09:03 AM - Inserir Historico IMSWB201910154BR
4/10/2020 12:09:03 AM - Insert with success IMSWB201910154BR
4/10/2020 12:09:39 AM - Inserir Historico IMSWB202001016BR
4/10/2020 12:09:41 AM - Insert with success IMSWB202001016BR
4/10/2020 12:10:16 AM - Inserir Historico IMSWB202002031BR
4/10/2020 12:10:18 AM - Insert with success IMSWB202002031BR
4/10/2020 12:10:48 AM - Inserir Historico IMSWB202003048BR
4/10/2020 12:10:49 AM - Insert with success IMSWB202003048BR
4/10/2020 12:11:18 AM - Inserir Historico IMSWB202002024BR
4/10/2020 12:11:19 AM - Insert with success IMSWB202002024BR
4/10/2020 12:11:51 AM - Inserir Historico IMCSR202003290BR
4/10/2020 12:11:52 AM - Insert with success IMCSR202003290BR
4/10/2020 12:12:21 AM - Inserir Historico IMSWB202002016BR
4/10/2020 12:12:22 AM - Insert with success IMSWB202002016BR
4/10/2020 12:12:53 AM - Inserir Historico IMSWB202002076BR
4/10/2020 12:12:54 AM - Insert with success IMSWB202002076BR
4/10/2020 12:13:23 AM - Inserir Historico IMCSR202003176BR
4/10/2020 12:13:24 AM - Insert with success IMCSR202003176BR
4/10/2020 12:13:53 AM - Inserir Historico IMSWB202001050BR
4/10/2020 12:13:54 AM - Insert with success IMSWB202001050BR
4/10/2020 12:14:23 AM - Inserir Historico EMOXT202004036BR
4/10/2020 12:14:24 AM - Insert with success EMOXT202004036BR
4/10/2020 12:14:51 AM - Inserir Historico EMOXT202004026BR
4/10/2020 12:14:52 AM - Insert with success EMOXT202004026BR
4/10/2020 12:15:41 AM - Inserir Historico EMARC202003007BR
4/10/2020 12:15:42 AM - Insert with success EMARC202003007BR
4/10/2020 12:15:58 AM - Inserir Historico IOSWB202003004BR
4/10/2020 12:15:59 AM - Insert with success IOSWB202003004BR
4/10/2020 12:16:28 AM - Inserir Historico EMOXT202002094BR
4/10/2020 12:16:29 AM - Insert with success EMOXT202002094BR
4/10/2020 12:16:56 AM - Inserir Historico EMOXT202003122BR
4/10/2020 12:16:57 AM - Insert with success EMOXT202003122BR
4/10/2020 12:17:24 AM - Inserir Historico EMOXT202003104BR
4/10/2020 12:17:25 AM - Insert with success EMOXT202003104BR
4/10/2020 12:17:53 AM - Inserir Historico EMOXT202004046BR
4/10/2020 12:17:53 AM - Insert with success EMOXT202004046BR
4/10/2020 12:18:20 AM - Inserir Historico EMOXT202003056BR
4/10/2020 12:18:21 AM - Insert with success EMOXT202003056BR
4/10/2020 12:18:49 AM - Inserir Historico EMOXT202003059BR
4/10/2020 12:18:49 AM - Insert with success EMOXT202003059BR
4/10/2020 12:19:18 AM - Inserir Historico EMOXT202003058BR
4/10/2020 12:19:20 AM - Insert with success EMOXT202003058BR
4/10/2020 12:19:47 AM - Inserir Historico EMOXT202004025BR
4/10/2020 12:19:48 AM - Insert with success EMOXT202004025BR
4/10/2020 12:20:16 AM - Inserir Historico EMOXT202003061BR
4/10/2020 12:20:17 AM - Insert with success EMOXT202003061BR
4/10/2020 12:20:47 AM - Inserir Historico EMOXT202003060BR
4/10/2020 12:20:48 AM - Insert with success EMOXT202003060BR
4/10/2020 12:21:13 AM - Inserir Historico EMOXT202003055BR
4/10/2020 12:21:15 AM - Insert with success EMOXT202003055BR
4/10/2020 12:21:29 AM - Inserir Historico IOSWB202004003BR
4/10/2020 12:21:30 AM - Insert with success IOSWB202004003BR
4/10/2020 12:21:59 AM - Inserir Historico IMCSR202002315BR
4/10/2020 12:22:00 AM - Insert with success IMCSR202002315BR
4/10/2020 12:22:28 AM - Inserir Historico IMCSR202002317BR
4/10/2020 12:22:29 AM - Insert with success IMCSR202002317BR
4/10/2020 12:23:00 AM - Inserir Historico IMCSR202002326BR
4/10/2020 12:23:01 AM - Insert with success IMCSR202002326BR
4/10/2020 12:23:32 AM - Inserir Historico IMCSR202003425BR
4/10/2020 12:23:32 AM - Insert with success IMCSR202003425BR
4/10/2020 12:23:58 AM - Inserir Historico IMCSR202003452BR
4/10/2020 12:23:59 AM - Insert with success IMCSR202003452BR
4/10/2020 12:24:24 AM - Inserir Historico IMCSR202003458BR
4/10/2020 12:24:26 AM - Insert with success IMCSR202003458BR
4/10/2020 12:24:52 AM - Inserir Historico IMCSR202003501BR
4/10/2020 12:24:54 AM - Insert with success IMCSR202003501BR
4/10/2020 12:25:25 AM - Inserir Historico IMCSR202003508BR
4/10/2020 12:25:26 AM - Insert with success IMCSR202003508BR
4/10/2020 12:25:53 AM - Inserir Historico IMCSR202003509BR
4/10/2020 12:25:54 AM - Insert with success IMCSR202003509BR
4/10/2020 12:26:21 AM - Inserir Historico IMCSR202003512BR
4/10/2020 12:26:21 AM - Insert with success IMCSR202003512BR
4/10/2020 12:26:51 AM - Inserir Historico EMARC202003008BR
4/10/2020 12:26:52 AM - Insert with success EMARC202003008BR
4/10/2020 12:27:17 AM - Inserir Historico IMCSR202003548BR
4/10/2020 12:27:17 AM - Insert with success IMCSR202003548BR
4/10/2020 12:27:42 AM - Inserir Historico IMCSR202003534BR
4/10/2020 12:27:43 AM - Insert with success IMCSR202003534BR
4/10/2020 12:28:12 AM - Inserir Historico IMCSR202003546BR
4/10/2020 12:28:12 AM - Insert with success IMCSR202003546BR
4/10/2020 12:28:39 AM - Inserir Historico IMCSR202003550BR
4/10/2020 12:28:41 AM - Insert with success IMCSR202003550BR
4/10/2020 12:29:10 AM - Inserir Historico IMCSR202003610BR
4/10/2020 12:29:11 AM - Insert with success IMCSR202003610BR
4/10/2020 12:29:37 AM - Inserir Historico IMCSR202003611BR
4/10/2020 12:29:37 AM - Insert with success IMCSR202003611BR
4/10/2020 12:30:05 AM - Inserir Historico IMCSR202004005BR
4/10/2020 12:30:07 AM - Insert with success IMCSR202004005BR
4/10/2020 12:30:41 AM - Inserir Historico IMCSR202004022BR
4/10/2020 12:30:41 AM - Insert with success IMCSR202004022BR
4/10/2020 12:31:12 AM - Inserir Historico IMCTV202001037BR
4/10/2020 12:31:13 AM - Insert with success IMCTV202001037BR
4/10/2020 12:31:47 AM - Inserir Historico IMCTV202001036BR
4/10/2020 12:31:48 AM - Insert with success IMCTV202001036BR
4/10/2020 12:32:17 AM - Inserir Historico IMCTV202002037BR
4/10/2020 12:32:18 AM - Insert with success IMCTV202002037BR
4/10/2020 12:32:47 AM - Inserir Historico IMCTV202001059BR
4/10/2020 12:32:49 AM - Insert with success IMCTV202001059BR
4/10/2020 12:33:23 AM - Inserir Historico IMCTV202002027BR
4/10/2020 12:33:24 AM - Insert with success IMCTV202002027BR
4/10/2020 12:33:54 AM - Inserir Historico IMDPT201911011BR
4/10/2020 12:33:55 AM - Insert with success IMDPT201911011BR
4/10/2020 12:34:30 AM - Inserir Historico IMCTV202003012BR
4/10/2020 12:34:31 AM - Insert with success IMCTV202003012BR
4/10/2020 12:35:04 AM - Inserir Historico IMCTV202003010BR
4/10/2020 12:35:05 AM - Insert with success IMCTV202003010BR
4/10/2020 12:35:42 AM - Inserir Historico IMCTV202003011BR
4/10/2020 12:35:43 AM - Insert with success IMCTV202003011BR
4/10/2020 12:36:11 AM - Inserir Historico IMCTV202002034BR
4/10/2020 12:36:12 AM - Insert with success IMCTV202002034BR
4/10/2020 12:36:27 AM - Inserir Historico IAMTE202003021BR
4/10/2020 12:36:28 AM - Insert with success IAMTE202003021BR
4/10/2020 12:36:54 AM - Inserir Historico EMOXT202003083BR
4/10/2020 12:36:56 AM - Insert with success EMOXT202003083BR
4/10/2020 12:37:24 AM - Inserir Historico IMSWB202003050BR
4/10/2020 12:37:25 AM - Insert with success IMSWB202003050BR
4/10/2020 12:37:52 AM - Inserir Historico IMOCV202003006BR
4/10/2020 12:37:53 AM - Insert with success IMOCV202003006BR
4/10/2020 12:38:37 AM - Inserir Historico EMARC202003011BR
4/10/2020 12:38:37 AM - Insert with success EMARC202003011BR
4/10/2020 12:39:07 AM - Inserir Historico IMCSR202003330BR
4/10/2020 12:39:08 AM - Insert with success IMCSR202003330BR
4/10/2020 12:39:44 AM - Inserir Historico IMMAU202003009BR
4/10/2020 12:39:46 AM - Insert with success IMMAU202003009BR
4/10/2020 12:40:02 AM - Inserir Historico IMSPC202004012BR
4/10/2020 12:40:03 AM - Insert with success IMSPC202004012BR
4/10/2020 12:40:31 AM - Inserir Historico EMOXT202003191BR
4/10/2020 12:40:32 AM - Insert with success EMOXT202003191BR
4/10/2020 12:40:58 AM - Inserir Historico EMOXT202002030BR
4/10/2020 12:40:59 AM - Insert with success EMOXT202002030BR
4/10/2020 12:41:27 AM - Inserir Historico IMSPC202003027BR
4/10/2020 12:41:28 AM - Insert with success IMSPC202003027BR
4/10/2020 12:41:48 AM - Inserir Historico EMCSR202003106BR
4/10/2020 12:41:49 AM - Insert with success EMCSR202003106BR
4/10/2020 12:42:16 AM - Inserir Historico IMSPC202003028BR
4/10/2020 12:42:17 AM - Insert with success IMSPC202003028BR
4/10/2020 12:42:44 AM - Inserir Historico IMCTV202003077BR
4/10/2020 12:42:46 AM - Insert with success IMCTV202003077BR
4/10/2020 12:43:12 AM - Inserir Historico IAOCV202003001BR
4/10/2020 12:43:13 AM - Insert with success IAOCV202003001BR
4/10/2020 12:43:41 AM - Inserir Historico EMOXT202003023BR
4/10/2020 12:43:42 AM - Insert with success EMOXT202003023BR
4/10/2020 12:44:08 AM - Inserir Historico EMOXT202003088BR
4/10/2020 12:44:09 AM - Insert with success EMOXT202003088BR
4/10/2020 12:44:34 AM - Inserir Historico EMOXT202003024BR
4/10/2020 12:44:35 AM - Insert with success EMOXT202003024BR
4/10/2020 12:44:59 AM - Inserir Historico EMOXT202001129BR
4/10/2020 12:45:00 AM - Insert with success EMOXT202001129BR
4/10/2020 12:45:27 AM - Inserir Historico EMOXT202003086BR
4/10/2020 12:45:28 AM - Insert with success EMOXT202003086BR
4/10/2020 12:45:55 AM - Inserir Historico EMOXT202003066BR
4/10/2020 12:45:56 AM - Insert with success EMOXT202003066BR
4/10/2020 12:46:16 AM - Inserir Historico IAATL202003032BR
4/10/2020 12:46:17 AM - Insert with success IAATL202003032BR
4/10/2020 12:46:43 AM - Inserir Historico EMOXT202003043BR
4/10/2020 12:46:44 AM - Insert with success EMOXT202003043BR
4/10/2020 12:47:04 AM - Inserir Historico EMCSR202003109BR
4/10/2020 12:47:05 AM - Insert with success EMCSR202003109BR
4/10/2020 12:47:29 AM - Inserir Historico EMOXT202004045BR
4/10/2020 12:47:30 AM - Insert with success EMOXT202004045BR
4/10/2020 12:48:05 AM - Inserir Historico EMOXT202003137BR
4/10/2020 12:48:05 AM - Insert with success EMOXT202003137BR
4/10/2020 12:48:38 AM - Inserir Historico EMOXT202003141BR
4/10/2020 12:48:40 AM - Insert with success EMOXT202003141BR
4/10/2020 12:49:20 AM - Inserir Historico IMCBT202001016BR
4/10/2020 12:49:21 AM - Insert with success IMCBT202001016BR
4/10/2020 12:49:52 AM - Inserir Historico IMSPC202002031BR
4/10/2020 12:49:54 AM - Insert with success IMSPC202002031BR
4/10/2020 12:50:28 AM - Inserir Historico EMCSR202003110BR
4/10/2020 12:50:29 AM - Insert with success EMCSR202003110BR
4/10/2020 12:50:58 AM - Inserir Historico IMCBT201911008BR
4/10/2020 12:50:59 AM - Insert with success IMCBT201911008BR
4/10/2020 12:52:06 AM - Inserir Historico IMCBT202001019BR
4/10/2020 12:52:07 AM - Insert with success IMCBT202001019BR
4/10/2020 12:52:29 AM - Inserir Historico EMCSR202003133BR
4/10/2020 12:52:30 AM - Insert with success EMCSR202003133BR
4/10/2020 12:52:56 AM - Inserir Historico IMSWB202001116BR
4/10/2020 12:52:57 AM - Insert with success IMSWB202001116BR
4/10/2020 12:53:24 AM - Inserir Historico IOOXT202004001BR
4/10/2020 12:53:25 AM - Insert with success IOOXT202004001BR
4/10/2020 12:53:51 AM - Inserir Historico IMSWB202002079BR
4/10/2020 12:53:52 AM - Insert with success IMSWB202002079BR
4/10/2020 12:54:19 AM - Inserir Historico EMOXT202003018BR
4/10/2020 12:54:20 AM - Insert with success EMOXT202003018BR
4/10/2020 12:54:48 AM - Inserir Historico EMOXT202003020BR
4/10/2020 12:54:49 AM - Insert with success EMOXT202003020BR
4/10/2020 12:55:24 AM - Inserir Historico EMOXT202003075BR
4/10/2020 12:55:25 AM - Insert with success EMOXT202003075BR
4/10/2020 12:55:54 AM - Inserir Historico IMCTV202002039BR
4/10/2020 12:55:55 AM - Insert with success IMCTV202002039BR
4/10/2020 12:56:23 AM - Inserir Historico IMCTV202002031BR
4/10/2020 12:56:24 AM - Insert with success IMCTV202002031BR
4/10/2020 12:56:52 AM - Inserir Historico EMOXT202003143BR
4/10/2020 12:56:53 AM - Insert with success EMOXT202003143BR
4/10/2020 12:57:21 AM - Inserir Historico EMOXT202003146BR
4/10/2020 12:57:22 AM - Insert with success EMOXT202003146BR
4/10/2020 12:57:51 AM - Inserir Historico EMOXT202003153BR
4/10/2020 12:57:52 AM - Insert with success EMOXT202003153BR
4/10/2020 12:58:21 AM - Inserir Historico IMCSR202004028BR
4/10/2020 12:58:22 AM - Insert with success IMCSR202004028BR
4/10/2020 12:58:52 AM - Inserir Historico IMCTV202002043BR
4/10/2020 12:58:54 AM - Insert with success IMCTV202002043BR
4/10/2020 10:58:32 AM - Inserir Historico EMOXT202003193BR
4/10/2020 10:58:33 AM - Insert with success EMOXT202003193BR
4/10/2020 10:59:02 AM - Inserir Historico IMCTV202001030BR
4/10/2020 10:59:03 AM - Insert with success IMCTV202001030BR
4/10/2020 10:59:31 AM - Inserir Historico IMCSR202003223BR
4/10/2020 10:59:33 AM - Insert with success IMCSR202003223BR
4/10/2020 11:00:02 AM - Inserir Historico IMCBT202003008BR
4/10/2020 11:00:05 AM - Insert with success IMCBT202003008BR
4/10/2020 11:00:41 AM - Inserir Historico EMOXT202003109BR
4/10/2020 11:00:42 AM - Insert with success EMOXT202003109BR
4/10/2020 11:01:21 AM - Inserir Historico EMOXT202003120BR
4/10/2020 11:01:22 AM - Insert with success EMOXT202003120BR
4/10/2020 11:01:53 AM - Inserir Historico IMCSR202003226BR
4/10/2020 11:01:54 AM - Insert with success IMCSR202003226BR
4/10/2020 11:02:27 AM - Inserir Historico IMCSR202003412BR
4/10/2020 11:02:28 AM - Insert with success IMCSR202003412BR
4/10/2020 11:03:04 AM - Inserir Historico IMCSR202004103BR
4/10/2020 11:03:05 AM - Insert with success IMCSR202004103BR
4/10/2020 11:03:46 AM - Inserir Historico EMOXT202003158BR
4/10/2020 11:03:47 AM - Insert with success EMOXT202003158BR
4/10/2020 11:04:23 AM - Inserir Historico EMOXT202003159BR
4/10/2020 11:04:24 AM - Insert with success EMOXT202003159BR
4/10/2020 11:04:56 AM - Inserir Historico IMSLA202003034BR
4/10/2020 11:04:57 AM - Insert with success IMSLA202003034BR
4/10/2020 11:05:27 AM - Inserir Historico EMOXT202004028BR
4/10/2020 11:05:28 AM - Insert with success EMOXT202004028BR
4/10/2020 11:05:59 AM - Inserir Historico IMCTV202001035BR
4/10/2020 11:06:01 AM - Insert with success IMCTV202001035BR
4/10/2020 11:06:32 AM - Inserir Historico EMARC202003019BR
4/10/2020 11:06:33 AM - Insert with success EMARC202003019BR
4/10/2020 11:07:04 AM - Inserir Historico EMARC202003022BR
4/10/2020 11:07:05 AM - Insert with success EMARC202003022BR
4/10/2020 11:07:45 AM - Inserir Historico EMARC202003034BR
4/10/2020 11:07:47 AM - Insert with success EMARC202003034BR
4/10/2020 11:08:24 AM - Inserir Historico IMUPM202004001BR
4/10/2020 11:08:25 AM - Insert with success IMUPM202004001BR
4/10/2020 11:09:00 AM - Inserir Historico EMARC202004001BR
4/10/2020 11:09:01 AM - Insert with success EMARC202004001BR
4/10/2020 11:11:19 AM - Inserir Historico IMSLA202004009BR
4/10/2020 11:11:19 AM - Insert with success IMSLA202004009BR
4/10/2020 11:11:54 AM - Inserir Historico IMATN202004005BR
4/10/2020 11:11:55 AM - Insert with success IMATN202004005BR
4/10/2020 11:12:26 AM - Inserir Historico IMATN202004008BR
4/10/2020 11:12:27 AM - Insert with success IMATN202004008BR
4/10/2020 11:12:53 AM - Inserir Historico EMCSR202003078BR
4/10/2020 11:12:54 AM - Insert with success EMCSR202003078BR
4/10/2020 11:13:25 AM - Inserir Historico EMSOL202003023BR
4/10/2020 11:13:26 AM - Insert with success EMSOL202003023BR
4/10/2020 11:13:58 AM - Inserir Historico EMSOL202003024BR
4/10/2020 11:13:59 AM - Insert with success EMSOL202003024BR
4/10/2020 11:14:34 AM - Inserir Historico IMATN202004009BR
4/10/2020 11:14:35 AM - Insert with success IMATN202004009BR
4/10/2020 11:15:08 AM - Inserir Historico EMARC202003036BR
4/10/2020 11:15:10 AM - Insert with success EMARC202003036BR
4/10/2020 11:15:31 AM - Inserir Historico EMATL202003023BR
4/10/2020 11:15:33 AM - Insert with success EMATL202003023BR
4/10/2020 11:15:57 AM - Inserir Historico EMATL202003038BR
4/10/2020 11:15:59 AM - Insert with success EMATL202003038BR
4/10/2020 11:16:29 AM - Inserir Historico EMCSR202002107BR
4/10/2020 11:16:31 AM - Insert with success EMCSR202002107BR
4/10/2020 11:16:58 AM - Inserir Historico EMCSR202003059BR
4/10/2020 11:16:59 AM - Insert with success EMCSR202003059BR
4/10/2020 11:17:22 AM - Inserir Historico EMCSR202003060BR
4/10/2020 11:17:23 AM - Insert with success EMCSR202003060BR
4/10/2020 11:17:46 AM - Inserir Historico EMCSR202003061BR
4/10/2020 11:17:47 AM - Insert with success EMCSR202003061BR
4/10/2020 11:18:35 AM - Inserir Historico EMSOL202003017BR
4/10/2020 11:18:35 AM - Insert with success EMSOL202003017BR
4/10/2020 11:19:00 AM - Inserir Historico EMSOL202003020BR
4/10/2020 11:19:00 AM - Insert with success EMSOL202003020BR
4/10/2020 11:19:33 AM - Inserir Historico IMATN202004010BR
4/10/2020 11:19:33 AM - Insert with success IMATN202004010BR
4/10/2020 11:20:03 AM - Inserir Historico EMSOL202003022BR
4/10/2020 11:20:05 AM - Insert with success EMSOL202003022BR
4/10/2020 11:20:39 AM - Inserir Historico IMTAM202003013BR
4/10/2020 11:20:41 AM - Insert with success IMTAM202003013BR
4/10/2020 11:21:34 AM - Inserir Historico EMARC202003009BR
4/10/2020 11:21:35 AM - Insert with success EMARC202003009BR
4/10/2020 11:22:38 AM - Inserir Historico EMARC202003026BR
4/10/2020 11:22:39 AM - Insert with success EMARC202003026BR
4/10/2020 11:22:59 AM - Inserir Historico EMATL202003026BR
4/10/2020 11:23:00 AM - Insert with success EMATL202003026BR
4/10/2020 11:23:22 AM - Inserir Historico EMATL202003027BR
4/10/2020 11:23:23 AM - Insert with success EMATL202003027BR
4/10/2020 11:23:46 AM - Inserir Historico EMCSR202004005BR
4/10/2020 11:23:47 AM - Insert with success EMCSR202004005BR
4/10/2020 11:24:16 AM - Inserir Historico IMSWB202003066BR
4/10/2020 11:24:17 AM - Insert with success IMSWB202003066BR
4/10/2020 11:24:50 AM - Inserir Historico IMIFB202002006BR
4/10/2020 11:24:51 AM - Insert with success IMIFB202002006BR
4/10/2020 11:25:26 AM - Inserir Historico IMIFB202002008BR
4/10/2020 11:25:27 AM - Insert with success IMIFB202002008BR
4/10/2020 11:26:00 AM - Inserir Historico IMOCV202003013BR
4/10/2020 11:26:00 AM - Insert with success IMOCV202003013BR
4/10/2020 11:26:29 AM - Inserir Historico EMOXT202004056BR
4/10/2020 11:26:30 AM - Insert with success EMOXT202004056BR
4/10/2020 11:26:59 AM - Inserir Historico IMIFB202002040BR
4/10/2020 11:27:00 AM - Insert with success IMIFB202002040BR
4/10/2020 11:27:31 AM - Inserir Historico IMCSR202003401BR
4/10/2020 11:27:32 AM - Insert with success IMCSR202003401BR
4/10/2020 11:28:07 AM - Inserir Historico IMEXO202002035BR
4/10/2020 11:28:07 AM - Insert with success IMEXO202002035BR
4/10/2020 11:28:40 AM - Inserir Historico IMCTV202002025BR
4/10/2020 11:28:41 AM - Insert with success IMCTV202002025BR
4/10/2020 11:29:12 AM - Inserir Historico IMCTV202002026BR
4/10/2020 11:29:14 AM - Insert with success IMCTV202002026BR
4/10/2020 11:29:53 AM - Inserir Historico IMEXO202003040BR
4/10/2020 11:29:54 AM - Insert with success IMEXO202003040BR
4/10/2020 11:30:29 AM - Inserir Historico IMMAU202004003BR
4/10/2020 11:30:30 AM - Insert with success IMMAU202004003BR
4/10/2020 11:31:03 AM - Inserir Historico IMEXO202002028BR
4/10/2020 11:31:03 AM - Insert with success IMEXO202002028BR
4/10/2020 11:31:31 AM - Inserir Historico IOOXT202003025BR
4/10/2020 11:31:32 AM - Insert with success IOOXT202003025BR
4/10/2020 11:32:03 AM - Inserir Historico EMOXT202002018BR
4/10/2020 11:32:04 AM - Insert with success EMOXT202002018BR
4/10/2020 11:32:24 AM - Inserir Historico EMATL202004024BR
4/10/2020 11:32:25 AM - Insert with success EMATL202004024BR
4/10/2020 11:33:13 AM - Inserir Historico IMTAM202003022BR
4/10/2020 11:33:14 AM - Insert with success IMTAM202003022BR
4/10/2020 11:33:45 AM - Inserir Historico IMEXO202001043BR
4/10/2020 11:33:46 AM - Insert with success IMEXO202001043BR
4/10/2020 11:34:18 AM - Inserir Historico EMSLA202003005BR
4/10/2020 11:34:19 AM - Insert with success EMSLA202003005BR
4/10/2020 11:34:40 AM - Inserir Historico EMATL202004001BR
4/10/2020 11:34:41 AM - Insert with success EMATL202004001BR
4/10/2020 11:35:13 AM - Inserir Historico EMCTV202003005BR
4/10/2020 11:35:14 AM - Insert with success EMCTV202003005BR
4/10/2020 11:35:45 AM - Inserir Historico EMOXT202003128BR
4/10/2020 11:35:47 AM - Insert with success EMOXT202003128BR
4/10/2020 11:36:15 AM - Inserir Historico EMOXT202003174BR
4/10/2020 11:36:17 AM - Insert with success EMOXT202003174BR
4/10/2020 11:36:46 AM - Inserir Historico IMCTV202002040BR
4/10/2020 11:36:48 AM - Insert with success IMCTV202002040BR
4/10/2020 11:37:18 AM - Inserir Historico IMCTV202002038BR
4/10/2020 11:37:20 AM - Insert with success IMCTV202002038BR
4/10/2020 11:37:42 AM - Inserir Historico IMSOL202003012BR
4/10/2020 11:37:43 AM - Insert with success IMSOL202003012BR
4/10/2020 11:38:11 AM - Inserir Historico IMCBT202002004BR
4/10/2020 11:38:11 AM - Insert with success IMCBT202002004BR
4/10/2020 11:38:36 AM - Inserir Historico IASOL202004004BR
4/10/2020 11:38:37 AM - Insert with success IASOL202004004BR
4/10/2020 11:39:05 AM - Inserir Historico IMCBT202003010BR
4/10/2020 11:39:06 AM - Insert with success IMCBT202003010BR
4/10/2020 11:39:36 AM - Inserir Historico IMLYB202001016BR
4/10/2020 11:39:38 AM - Insert with success IMLYB202001016BR
4/10/2020 11:39:56 AM - Inserir Historico IMATL202002085BR
4/10/2020 11:39:58 AM - Insert with success IMATL202002085BR
4/10/2020 11:40:42 AM - Inserir Historico IMCSR202001484BR
4/10/2020 11:40:43 AM - Insert with success IMCSR202001484BR
4/10/2020 11:41:15 AM - Inserir Historico IMSWB202004035BR
4/10/2020 11:41:17 AM - Insert with success IMSWB202004035BR
4/10/2020 11:41:49 AM - Inserir Historico IMSOL202001075BR
4/10/2020 11:41:50 AM - Insert with success IMSOL202001075BR
4/10/2020 11:42:14 AM - Inserir Historico EMCSR202003070BR
4/10/2020 11:42:15 AM - Insert with success EMCSR202003070BR
4/10/2020 11:42:42 AM - Inserir Historico IMLYB202001018BR
4/10/2020 11:42:43 AM - Insert with success IMLYB202001018BR
4/10/2020 11:43:10 AM - Inserir Historico IACTV202001019BR
4/10/2020 11:43:11 AM - Insert with success IACTV202001019BR
4/10/2020 11:43:37 AM - Inserir Historico EMOXT202004055BR
4/10/2020 11:43:39 AM - Insert with success EMOXT202004055BR
4/10/2020 11:44:04 AM - Inserir Historico IOOXT202004002BR
4/10/2020 11:44:05 AM - Insert with success IOOXT202004002BR
4/10/2020 11:44:38 AM - Inserir Historico EMOXT202004090BR
4/10/2020 11:44:39 AM - Insert with success EMOXT202004090BR
4/10/2020 11:45:07 AM - Inserir Historico IMCBT202003031BR
4/10/2020 11:45:09 AM - Insert with success IMCBT202003031BR
4/10/2020 11:45:40 AM - Inserir Historico IMCSR202003303BR
4/10/2020 11:45:42 AM - Insert with success IMCSR202003303BR
4/10/2020 11:46:13 AM - Inserir Historico IMBCB202003003BR
4/10/2020 11:46:14 AM - Insert with success IMBCB202003003BR
4/10/2020 11:46:49 AM - Inserir Historico IMSOL202001076BR
4/10/2020 11:46:50 AM - Insert with success IMSOL202001076BR
4/10/2020 11:47:26 AM - Inserir Historico IMCBT201911020BR
4/10/2020 11:47:27 AM - Insert with success IMCBT201911020BR
4/10/2020 11:47:59 AM - Inserir Historico IMSWB202001048BR
4/10/2020 11:48:00 AM - Insert with success IMSWB202001048BR
4/10/2020 11:48:32 AM - Inserir Historico IMIFB202002041BR
4/10/2020 11:48:33 AM - Insert with success IMIFB202002041BR
4/10/2020 11:49:07 AM - Inserir Historico IMLYB202003002BR
4/10/2020 11:49:08 AM - Insert with success IMLYB202003002BR
4/10/2020 11:49:27 AM - Inserir Historico IMATL202004026BR
4/10/2020 11:49:27 AM - Insert with success IMATL202004026BR
4/10/2020 11:49:58 AM - Inserir Historico IMSOL201908034BR
4/10/2020 11:49:58 AM - Insert with success IMSOL201908034BR
4/10/2020 11:50:40 AM - Inserir Historico IMCBT202002002BR
4/10/2020 11:50:40 AM - Insert with success IMCBT202002002BR
4/10/2020 11:51:16 AM - Inserir Historico IMSOL202001013BR
4/10/2020 11:51:18 AM - Insert with success IMSOL202001013BR
4/10/2020 11:51:49 AM - Inserir Historico IMSOL202001020BR
4/10/2020 11:51:51 AM - Insert with success IMSOL202001020BR
4/10/2020 11:52:21 AM - Inserir Historico IMSOL202001063BR
4/10/2020 11:52:23 AM - Insert with success IMSOL202001063BR
4/10/2020 11:52:53 AM - Inserir Historico IMSOL202001109BR
4/10/2020 11:52:54 AM - Insert with success IMSOL202001109BR
4/10/2020 11:53:24 AM - Inserir Historico IMSOL202002017BR
4/10/2020 11:53:25 AM - Insert with success IMSOL202002017BR
4/10/2020 11:53:55 AM - Inserir Historico IMSOL202002018BR
4/10/2020 11:53:56 AM - Insert with success IMSOL202002018BR
4/10/2020 11:54:29 AM - Inserir Historico IMSOL202002020BR
4/10/2020 11:54:30 AM - Insert with success IMSOL202002020BR
4/10/2020 11:55:08 AM - Inserir Historico IMSOL202002021BR
4/10/2020 11:55:09 AM - Insert with success IMSOL202002021BR
4/10/2020 11:55:43 AM - Inserir Historico IMATL202003083BR
4/10/2020 11:55:44 AM - Insert with success IMATL202003083BR
4/10/2020 11:56:20 AM - Inserir Historico IMSOL202002059BR
4/10/2020 11:56:21 AM - Insert with success IMSOL202002059BR
4/10/2020 11:56:50 AM - Inserir Historico IMSOL202002112BR
4/10/2020 11:56:51 AM - Insert with success IMSOL202002112BR
4/10/2020 11:57:23 AM - Inserir Historico IMSOL202002135BR
4/10/2020 11:57:25 AM - Insert with success IMSOL202002135BR
4/10/2020 11:58:00 AM - Inserir Historico IMSOL202002140BR
4/10/2020 11:58:01 AM - Insert with success IMSOL202002140BR
4/10/2020 11:58:34 AM - Inserir Historico IMSOL202002144BR
4/10/2020 11:58:35 AM - Insert with success IMSOL202002144BR
4/10/2020 11:59:07 AM - Inserir Historico IMSPC202001029BR
4/10/2020 11:59:07 AM - Insert with success IMSPC202001029BR
4/10/2020 11:59:38 AM - Inserir Historico IMCSR202003190BR
4/10/2020 11:59:39 AM - Insert with success IMCSR202003190BR
4/10/2020 12:00:14 PM - Inserir Historico EMOXT202003189BR
4/10/2020 12:00:16 PM - Insert with success EMOXT202003189BR
4/10/2020 12:01:01 PM - Inserir Historico IMEXO202003028BR
4/10/2020 12:01:01 PM - Insert with success IMEXO202003028BR
4/10/2020 12:01:37 PM - Inserir Historico IMCSR202003191BR
4/10/2020 12:01:39 PM - Insert with success IMCSR202003191BR
4/10/2020 12:02:53 PM - Inserir Historico IMEXO202003022BR
4/10/2020 12:02:54 PM - Insert with success IMEXO202003022BR
4/10/2020 12:03:26 PM - Inserir Historico IMCBT202002003BR
4/10/2020 12:03:27 PM - Insert with success IMCBT202002003BR
4/10/2020 12:04:13 PM - Inserir Historico IMEXO202003021BR
4/10/2020 12:04:14 PM - Insert with success IMEXO202003021BR
4/10/2020 12:04:56 PM - Inserir Historico EMOXT202003126BR
4/10/2020 12:04:57 PM - Insert with success EMOXT202003126BR
4/10/2020 12:05:46 PM - Inserir Historico IMEXO202003029BR
4/10/2020 12:05:48 PM - Insert with success IMEXO202003029BR
4/10/2020 12:06:42 PM - Inserir Historico IMUPM202003004BR
4/10/2020 12:06:43 PM - Insert with success IMUPM202003004BR
4/10/2020 12:07:28 PM - Inserir Historico IMEXO202003017BR
4/10/2020 12:07:29 PM - Insert with success IMEXO202003017BR
4/10/2020 12:08:50 PM - Inserir Historico IMEXO202003024BR
4/10/2020 12:08:51 PM - Insert with success IMEXO202003024BR
4/10/2020 12:09:31 PM - Inserir Historico IMEXO202003030BR
4/10/2020 12:09:33 PM - Insert with success IMEXO202003030BR
4/10/2020 12:10:09 PM - Inserir Historico IMCBT202003006BR
4/10/2020 12:10:11 PM - Insert with success IMCBT202003006BR
4/10/2020 12:10:48 PM - Inserir Historico IMCSR202001170BR
4/10/2020 12:10:49 PM - Insert with success IMCSR202001170BR
4/10/2020 12:11:27 PM - Inserir Historico IMCSR202001188BR
4/10/2020 12:11:28 PM - Insert with success IMCSR202001188BR
4/10/2020 12:11:59 PM - Inserir Historico EMOXT202003127BR
4/10/2020 12:12:00 PM - Insert with success EMOXT202003127BR
4/10/2020 12:12:35 PM - Inserir Historico IMCSR202001488BR
4/10/2020 12:12:36 PM - Insert with success IMCSR202001488BR
4/10/2020 12:13:14 PM - Inserir Historico IMCSR202001494BR
4/10/2020 12:13:15 PM - Insert with success IMCSR202001494BR
4/10/2020 12:13:47 PM - Inserir Historico IMSWB202004036BR
4/10/2020 12:13:49 PM - Insert with success IMSWB202004036BR
4/10/2020 12:14:23 PM - Inserir Historico IMCSR202001537BR
4/10/2020 12:14:24 PM - Insert with success IMCSR202001537BR
4/10/2020 12:14:58 PM - Inserir Historico IMCSR202001552BR
4/10/2020 12:15:00 PM - Insert with success IMCSR202001552BR
4/10/2020 12:15:38 PM - Inserir Historico IMCSR202001581BR
4/10/2020 12:15:40 PM - Insert with success IMCSR202001581BR
4/10/2020 12:16:12 PM - Inserir Historico IMCSR202001627BR
4/10/2020 12:16:13 PM - Insert with success IMCSR202001627BR
4/10/2020 12:16:57 PM - Inserir Historico IMCSR202001638BR
4/10/2020 12:16:58 PM - Insert with success IMCSR202001638BR
4/10/2020 12:17:30 PM - Inserir Historico IMCSR202001639BR
4/10/2020 12:17:31 PM - Insert with success IMCSR202001639BR
4/10/2020 12:18:09 PM - Inserir Historico IMCSR202002111BR
4/10/2020 12:18:10 PM - Insert with success IMCSR202002111BR
4/10/2020 12:18:40 PM - Inserir Historico IMCBT202003009BR
4/10/2020 12:18:41 PM - Insert with success IMCBT202003009BR
4/10/2020 12:19:42 PM - Inserir Historico IMEXO202003014BR
4/10/2020 12:19:43 PM - Insert with success IMEXO202003014BR
4/10/2020 12:20:14 PM - Inserir Historico IMSOL202001107BR
4/10/2020 12:20:15 PM - Insert with success IMSOL202001107BR
4/10/2020 12:20:48 PM - Inserir Historico IMCSR202002196BR
4/10/2020 12:20:49 PM - Insert with success IMCSR202002196BR
4/10/2020 12:21:20 PM - Inserir Historico IMCSR202002199BR
4/10/2020 12:21:21 PM - Insert with success IMCSR202002199BR
4/10/2020 12:21:49 PM - Inserir Historico IMCSR202002410BR
4/10/2020 12:21:50 PM - Insert with success IMCSR202002410BR
4/10/2020 12:22:22 PM - Inserir Historico IMCSR202002436BR
4/10/2020 12:22:23 PM - Insert with success IMCSR202002436BR
4/10/2020 12:22:56 PM - Inserir Historico IMCSR202003084BR
4/10/2020 12:22:57 PM - Insert with success IMCSR202003084BR
4/10/2020 12:23:26 PM - Inserir Historico IMCSR202003086BR
4/10/2020 12:23:27 PM - Insert with success IMCSR202003086BR
4/10/2020 12:23:52 PM - Inserir Historico IMEXO202003019BR
4/10/2020 12:23:54 PM - Insert with success IMEXO202003019BR
4/10/2020 12:24:26 PM - Inserir Historico IMCSR202003092BR
4/10/2020 12:24:27 PM - Insert with success IMCSR202003092BR
4/10/2020 12:24:57 PM - Inserir Historico IMCSR202003103BR
4/10/2020 12:24:59 PM - Insert with success IMCSR202003103BR
4/10/2020 12:25:32 PM - Inserir Historico IMCSR202003165BR
4/10/2020 12:25:33 PM - Insert with success IMCSR202003165BR
4/10/2020 12:26:00 PM - Inserir Historico IMCSR202003295BR
4/10/2020 12:26:01 PM - Insert with success IMCSR202003295BR
4/10/2020 12:26:33 PM - Inserir Historico IMCSR202003318BR
4/10/2020 12:26:34 PM - Insert with success IMCSR202003318BR
4/10/2020 12:27:04 PM - Inserir Historico IMCSR202003319BR
4/10/2020 12:27:05 PM - Insert with success IMCSR202003319BR
4/10/2020 12:27:20 PM - Inserir Historico IAMTE202003019BR
4/10/2020 12:27:20 PM - Insert with success IAMTE202003019BR
4/10/2020 12:27:50 PM - Inserir Historico IMCSR202003322BR
4/10/2020 12:27:51 PM - Insert with success IMCSR202003322BR
4/10/2020 12:28:16 PM - Inserir Historico IMOCV202003007BR
4/10/2020 12:28:16 PM - Insert with success IMOCV202003007BR
4/10/2020 12:28:50 PM - Inserir Historico IMCSR202003350BR
4/10/2020 12:28:50 PM - Insert with success IMCSR202003350BR
4/10/2020 12:29:21 PM - Inserir Historico IMCSR202003352BR
4/10/2020 12:29:21 PM - Insert with success IMCSR202003352BR
4/10/2020 12:29:54 PM - Inserir Historico IMATN202004007BR
4/10/2020 12:29:54 PM - Insert with success IMATN202004007BR
4/10/2020 12:30:31 PM - Inserir Historico IMCSR202003353BR
4/10/2020 12:30:33 PM - Insert with success IMCSR202003353BR
4/10/2020 12:31:10 PM - Inserir Historico IMCSR202003354BR
4/10/2020 12:31:11 PM - Insert with success IMCSR202003354BR
4/10/2020 12:31:48 PM - Inserir Historico IMCSR202003358BR
4/10/2020 12:31:49 PM - Insert with success IMCSR202003358BR
4/10/2020 12:32:25 PM - Inserir Historico IMCSR202003527BR
4/10/2020 12:32:26 PM - Insert with success IMCSR202003527BR
4/10/2020 12:33:00 PM - Inserir Historico IMCSR202003578BR
4/10/2020 12:33:01 PM - Insert with success IMCSR202003578BR
4/10/2020 12:33:33 PM - Inserir Historico IMCSR202003587BR
4/10/2020 12:33:34 PM - Insert with success IMCSR202003587BR
4/10/2020 12:34:04 PM - Inserir Historico IACBT202003009BR
4/10/2020 12:34:05 PM - Insert with success IACBT202003009BR
4/10/2020 12:34:34 PM - Inserir Historico IMCSR202003589BR
4/10/2020 12:34:34 PM - Insert with success IMCSR202003589BR
4/10/2020 12:35:05 PM - Inserir Historico IMCSR202004011BR
4/10/2020 12:35:06 PM - Insert with success IMCSR202004011BR
4/10/2020 12:35:38 PM - Inserir Historico IMCSR202004013BR
4/10/2020 12:35:38 PM - Insert with success IMCSR202004013BR
4/10/2020 12:36:07 PM - Inserir Historico IMCSR202004041BR
4/10/2020 12:36:07 PM - Insert with success IMCSR202004041BR
4/10/2020 12:36:49 PM - Inserir Historico IMEXO202002001BR
4/10/2020 12:36:50 PM - Insert with success IMEXO202002001BR
4/10/2020 12:37:27 PM - Inserir Historico IMEXO202002021BR
4/10/2020 12:37:27 PM - Insert with success IMEXO202002021BR
4/10/2020 12:38:32 PM - Inserir Historico IMEXO202003035BR
4/10/2020 12:38:33 PM - Insert with success IMEXO202003035BR
4/10/2020 12:39:39 PM - Inserir Historico IMEXO202003036BR
4/10/2020 12:39:40 PM - Insert with success IMEXO202003036BR
4/10/2020 12:40:31 PM - Inserir Historico IMEXO202003037BR
4/10/2020 12:40:33 PM - Insert with success IMEXO202003037BR
4/10/2020 12:41:43 PM - Inserir Historico IMEXO202003041BR
4/10/2020 12:41:44 PM - Insert with success IMEXO202003041BR
4/10/2020 12:42:03 PM - Inserir Historico IMATL202003141BR
4/10/2020 12:42:03 PM - Insert with success IMATL202003141BR
4/10/2020 12:42:35 PM - Inserir Historico IOCTV201911015BR
4/10/2020 12:42:36 PM - Insert with success IOCTV201911015BR
4/10/2020 12:42:55 PM - Inserir Historico IMATL202004014BR
4/10/2020 12:42:55 PM - Insert with success IMATL202004014BR
4/10/2020 12:43:20 PM - Inserir Historico IOOXT202004006BR
4/10/2020 12:43:21 PM - Insert with success IOOXT202004006BR
4/10/2020 12:43:48 PM - Inserir Historico IAATN202004002BR
4/10/2020 12:43:48 PM - Insert with success IAATN202004002BR
4/10/2020 12:44:14 PM - Inserir Historico IACSR202003020BR
4/10/2020 12:44:14 PM - Insert with success IACSR202003020BR
4/10/2020 12:44:40 PM - Inserir Historico IACTV202002007BR
4/10/2020 12:44:40 PM - Insert with success IACTV202002007BR
4/10/2020 12:45:15 PM - Inserir Historico IMATN202004006BR
4/10/2020 12:45:15 PM - Insert with success IMATN202004006BR
4/10/2020 12:45:45 PM - Inserir Historico IMCTV202002006BR
4/10/2020 12:45:45 PM - Insert with success IMCTV202002006BR
4/10/2020 12:46:19 PM - Inserir Historico IMCSR202003612BR
4/10/2020 12:46:19 PM - Insert with success IMCSR202003612BR
4/10/2020 12:46:49 PM - Inserir Historico IMIFB202001066BR
4/10/2020 12:46:49 PM - Insert with success IMIFB202001066BR
4/10/2020 12:47:20 PM - Inserir Historico IMIFB202001070BR
4/10/2020 12:47:20 PM - Insert with success IMIFB202001070BR
4/10/2020 12:47:51 PM - Inserir Historico IMIFB202001071BR
4/10/2020 12:47:51 PM - Insert with success IMIFB202001071BR
4/10/2020 12:48:19 PM - Inserir Historico IMIFB202001076BR
4/10/2020 12:48:19 PM - Insert with success IMIFB202001076BR
4/10/2020 12:48:49 PM - Inserir Historico IMIFB202002009BR
4/10/2020 12:48:49 PM - Insert with success IMIFB202002009BR
4/10/2020 12:49:19 PM - Inserir Historico IMMAU202003016BR
4/10/2020 12:49:20 PM - Insert with success IMMAU202003016BR
4/10/2020 12:49:55 PM - Inserir Historico IMCSR202003505BR
4/10/2020 12:49:55 PM - Insert with success IMCSR202003505BR
4/10/2020 12:50:28 PM - Inserir Historico EMOXT202004011BR
4/10/2020 12:50:29 PM - Insert with success EMOXT202004011BR
4/10/2020 12:51:02 PM - Inserir Historico IMSOL202001032BR
4/10/2020 12:51:03 PM - Insert with success IMSOL202001032BR
4/10/2020 12:51:25 PM - Inserir Historico EMCSR202003108BR
4/10/2020 12:51:26 PM - Insert with success EMCSR202003108BR
4/10/2020 12:51:56 PM - Inserir Historico IMSOL202002122BR
4/10/2020 12:51:56 PM - Insert with success IMSOL202002122BR
4/10/2020 12:52:25 PM - Inserir Historico IMBCB202003002BR
4/10/2020 12:52:25 PM - Insert with success IMBCB202003002BR
4/10/2020 12:52:57 PM - Inserir Historico IMCSR202003189BR
4/10/2020 12:52:58 PM - Insert with success IMCSR202003189BR
4/10/2020 12:53:26 PM - Inserir Historico IMSPC202003063BR
4/10/2020 12:53:27 PM - Insert with success IMSPC202003063BR
4/10/2020 12:53:59 PM - Inserir Historico IMSWB201912041BR
4/10/2020 12:54:00 PM - Insert with success IMSWB201912041BR
4/10/2020 12:54:36 PM - Inserir Historico IMSWB201912105BR
4/10/2020 12:54:37 PM - Insert with success IMSWB201912105BR
4/10/2020 12:55:12 PM - Inserir Historico IMSWB202001018BR
4/10/2020 12:55:13 PM - Insert with success IMSWB202001018BR
4/10/2020 12:55:46 PM - Inserir Historico IMSWB202001040BR
4/10/2020 12:55:47 PM - Insert with success IMSWB202001040BR
4/10/2020 12:56:18 PM - Inserir Historico IMSWB202001044BR
4/10/2020 12:56:19 PM - Insert with success IMSWB202001044BR
4/10/2020 12:56:49 PM - Inserir Historico IMSWB202002012BR
4/10/2020 12:56:50 PM - Insert with success IMSWB202002012BR
4/10/2020 12:57:19 PM - Inserir Historico IOCBT202003004BR
4/10/2020 12:57:19 PM - Insert with success IOCBT202003004BR
4/10/2020 12:57:48 PM - Inserir Historico IOCBT202003005BR
4/10/2020 12:57:49 PM - Insert with success IOCBT202003005BR
4/10/2020 12:58:19 PM - Inserir Historico IOCBT202003008BR
4/10/2020 12:58:19 PM - Insert with success IOCBT202003008BR
4/10/2020 12:58:51 PM - Inserir Historico EMOXT202004091BR
4/10/2020 12:58:52 PM - Insert with success EMOXT202004091BR
4/10/2020 12:59:21 PM - Inserir Historico IMSLA202003035BR
4/10/2020 12:59:23 PM - Insert with success IMSLA202003035BR
4/10/2020 12:59:54 PM - Inserir Historico EMARC202003017BR
4/10/2020 12:59:55 PM - Insert with success EMARC202003017BR
4/10/2020 1:00:26 PM - Inserir Historico IOCBT202002023BR
4/10/2020 1:00:26 PM - Insert with success IOCBT202002023BR
4/10/2020 1:00:59 PM - Inserir Historico IMSWB201912072BR
4/10/2020 1:01:00 PM - Insert with success IMSWB201912072BR
4/10/2020 1:01:28 PM - Inserir Historico EMARC202003018BR
4/10/2020 1:01:28 PM - Insert with success EMARC202003018BR
4/10/2020 1:01:56 PM - Inserir Historico IOCBT202003009BR
4/10/2020 1:01:57 PM - Insert with success IOCBT202003009BR
4/10/2020 1:02:23 PM - Inserir Historico IOCBT202003010BR
4/10/2020 1:02:24 PM - Insert with success IOCBT202003010BR
4/10/2020 1:02:51 PM - Inserir Historico IMOXT202004032BR
4/10/2020 1:02:52 PM - Insert with success IMOXT202004032BR
4/10/2020 1:03:19 PM - Inserir Historico IMEXO202003011BR
4/10/2020 1:03:19 PM - Insert with success IMEXO202003011BR
4/10/2020 1:03:34 PM - Inserir Historico EAMTE202004001BR
4/10/2020 1:03:34 PM - Insert with success EAMTE202004001BR
4/10/2020 1:04:02 PM - Inserir Historico EMOXT202003186BR
4/10/2020 1:04:03 PM - Insert with success EMOXT202003186BR
4/10/2020 1:04:31 PM - Inserir Historico IMSLA202003039BR
4/10/2020 1:04:32 PM - Insert with success IMSLA202003039BR
4/10/2020 1:04:57 PM - Inserir Historico IMOXT202004033BR
4/10/2020 1:04:58 PM - Insert with success IMOXT202004033BR
4/10/2020 1:05:26 PM - Inserir Historico IMSOL202001084BR
4/10/2020 1:05:27 PM - Insert with success IMSOL202001084BR
4/10/2020 1:05:53 PM - Inserir Historico EMOXT202004092BR
4/10/2020 1:05:54 PM - Insert with success EMOXT202004092BR
4/10/2020 1:06:27 PM - Inserir Historico EMOXT202003184BR
4/10/2020 1:06:28 PM - Insert with success EMOXT202003184BR
4/10/2020 1:06:55 PM - Inserir Historico IMSOL202002001BR
4/10/2020 1:06:55 PM - Insert with success IMSOL202002001BR
4/10/2020 1:07:25 PM - Inserir Historico IMSWB201912097BR
4/10/2020 1:07:26 PM - Insert with success IMSWB201912097BR
4/10/2020 1:07:53 PM - Inserir Historico IMCTV202002059BR
4/10/2020 1:07:53 PM - Insert with success IMCTV202002059BR
4/10/2020 1:08:22 PM - Inserir Historico IMSLA202003044BR
4/10/2020 1:08:22 PM - Insert with success IMSLA202003044BR
4/10/2020 1:08:50 PM - Inserir Historico IABCB202003001BR
4/10/2020 1:08:51 PM - Insert with success IABCB202003001BR
4/10/2020 1:09:16 PM - Inserir Historico IACSR202003012BR
4/10/2020 1:09:17 PM - Insert with success IACSR202003012BR
4/10/2020 1:09:42 PM - Inserir Historico IAOCV202003007BR
4/10/2020 1:09:43 PM - Insert with success IAOCV202003007BR
4/10/2020 1:10:09 PM - Inserir Historico IMCBT202003037BR
4/10/2020 1:10:10 PM - Insert with success IMCBT202003037BR
4/10/2020 1:10:41 PM - Inserir Historico IMCSR201912099BR
4/10/2020 1:10:42 PM - Insert with success IMCSR201912099BR
4/10/2020 1:11:10 PM - Inserir Historico IMCSR202002291BR
4/10/2020 1:11:12 PM - Insert with success IMCSR202002291BR
4/10/2020 1:11:41 PM - Inserir Historico IMCSR202002293BR
4/10/2020 1:11:42 PM - Insert with success IMCSR202002293BR
4/10/2020 1:12:10 PM - Inserir Historico IMCSR202003183BR
4/10/2020 1:12:11 PM - Insert with success IMCSR202003183BR
4/10/2020 1:12:40 PM - Inserir Historico IMCSR202003196BR
4/10/2020 1:12:41 PM - Insert with success IMCSR202003196BR
4/10/2020 1:13:07 PM - Inserir Historico IMCTV202001061BR
4/10/2020 1:13:08 PM - Insert with success IMCTV202001061BR
4/10/2020 1:13:35 PM - Inserir Historico IMCTV202002060BR
4/10/2020 1:13:36 PM - Insert with success IMCTV202002060BR
4/10/2020 1:14:01 PM - Inserir Historico IMSOL202002123BR
4/10/2020 1:14:02 PM - Insert with success IMSOL202002123BR
4/10/2020 1:14:29 PM - Inserir Historico IMCSR202003395BR
4/10/2020 1:14:30 PM - Insert with success IMCSR202003395BR
4/10/2020 1:15:01 PM - Inserir Historico IMCSR202003400BR
4/10/2020 1:15:02 PM - Insert with success IMCSR202003400BR
4/10/2020 1:15:32 PM - Inserir Historico IMCSR202003456BR
4/10/2020 1:15:33 PM - Insert with success IMCSR202003456BR
4/10/2020 1:16:05 PM - Inserir Historico EMARC202004003BR
4/10/2020 1:16:06 PM - Insert with success EMARC202004003BR
4/10/2020 1:16:37 PM - Inserir Historico IMSPC202004019BR
4/10/2020 1:16:37 PM - Insert with success IMSPC202004019BR
4/10/2020 1:17:08 PM - Inserir Historico IMOXT202004034BR
4/10/2020 1:17:09 PM - Insert with success IMOXT202004034BR
4/10/2020 1:17:40 PM - Inserir Historico IMCTV202002042BR
4/10/2020 1:17:40 PM - Insert with success IMCTV202002042BR
4/10/2020 1:18:24 PM - Inserir Historico IMEAS202003007BR
4/10/2020 1:18:25 PM - Insert with success IMEAS202003007BR
4/10/2020 1:18:55 PM - Inserir Historico IMEAS202003009BR
4/10/2020 1:18:56 PM - Insert with success IMEAS202003009BR
4/10/2020 1:19:27 PM - Inserir Historico EMOXT201912142BR
4/10/2020 1:19:27 PM - Insert with success EMOXT201912142BR
4/10/2020 1:20:06 PM - Inserir Historico EMOXT202001027BR
4/10/2020 1:20:07 PM - Insert with success EMOXT202001027BR
4/10/2020 1:20:43 PM - Inserir Historico EMOXT202002110BR
4/10/2020 1:20:44 PM - Insert with success EMOXT202002110BR
4/10/2020 1:21:14 PM - Inserir Historico EMOXT202001214BR
4/10/2020 1:21:15 PM - Insert with success EMOXT202001214BR
4/10/2020 1:21:48 PM - Inserir Historico EMOXT202002109BR
4/10/2020 1:21:49 PM - Insert with success EMOXT202002109BR
4/10/2020 1:22:23 PM - Inserir Historico EMOXT202002113BR
4/10/2020 1:22:24 PM - Insert with success EMOXT202002113BR
4/10/2020 1:22:50 PM - Inserir Historico EMOXT202002112BR
4/10/2020 1:22:51 PM - Insert with success EMOXT202002112BR
4/10/2020 1:23:18 PM - Inserir Historico EMOXT202001064BR
4/10/2020 1:23:19 PM - Insert with success EMOXT202001064BR
4/10/2020 1:23:46 PM - Inserir Historico EMOXT202002121BR
4/10/2020 1:23:47 PM - Insert with success EMOXT202002121BR
4/10/2020 1:24:17 PM - Inserir Historico EMOXT202002053BR
4/10/2020 1:24:17 PM - Insert with success EMOXT202002053BR
4/10/2020 1:25:01 PM - Inserir Historico EMOXT202002072BR
4/10/2020 1:25:02 PM - Insert with success EMOXT202002072BR
4/10/2020 1:25:31 PM - Inserir Historico EMOXT202002194BR
4/10/2020 1:25:32 PM - Insert with success EMOXT202002194BR
4/10/2020 1:26:05 PM - Inserir Historico EMOXT202002233BR
4/10/2020 1:26:06 PM - Insert with success EMOXT202002233BR
4/10/2020 1:26:37 PM - Inserir Historico EMOXT202003054BR
4/10/2020 1:26:38 PM - Insert with success EMOXT202003054BR
4/10/2020 1:27:14 PM - Inserir Historico EMOXT202003007BR
4/10/2020 1:27:14 PM - Insert with success EMOXT202003007BR
4/10/2020 1:27:45 PM - Inserir Historico EMOXT202003012BR
4/10/2020 1:27:45 PM - Insert with success EMOXT202003012BR
4/10/2020 1:28:14 PM - Inserir Historico EMOXT202002232BR
4/10/2020 1:28:15 PM - Insert with success EMOXT202002232BR
4/10/2020 1:28:41 PM - Inserir Historico EMOXT202003008BR
4/10/2020 1:28:42 PM - Insert with success EMOXT202003008BR
4/10/2020 1:29:13 PM - Inserir Historico EMOXT202003011BR
4/10/2020 1:29:14 PM - Insert with success EMOXT202003011BR
4/10/2020 1:29:46 PM - Inserir Historico EMOXT202003027BR
4/10/2020 1:29:46 PM - Insert with success EMOXT202003027BR
4/10/2020 1:30:18 PM - Inserir Historico EMOXT202003029BR
4/10/2020 1:30:19 PM - Insert with success EMOXT202003029BR
4/10/2020 1:31:05 PM - Inserir Historico EMOXT202002214BR
4/10/2020 1:31:06 PM - Insert with success EMOXT202002214BR
4/10/2020 1:31:36 PM - Inserir Historico EMOXT202002218BR
4/10/2020 1:31:37 PM - Insert with success EMOXT202002218BR
4/10/2020 1:32:21 PM - Inserir Historico EMOXT202002181BR
4/10/2020 1:32:22 PM - Insert with success EMOXT202002181BR
4/10/2020 1:33:00 PM - Inserir Historico EMOXT202001026BR
4/10/2020 1:33:01 PM - Insert with success EMOXT202001026BR
4/10/2020 1:33:33 PM - Inserir Historico EMOXT202003051BR
4/10/2020 1:33:33 PM - Insert with success EMOXT202003051BR
4/10/2020 1:34:03 PM - Inserir Historico EMOXT202003050BR
4/10/2020 1:34:03 PM - Insert with success EMOXT202003050BR
4/10/2020 1:34:33 PM - Inserir Historico EMOXT202002111BR
4/10/2020 1:34:33 PM - Insert with success EMOXT202002111BR
4/10/2020 1:35:03 PM - Inserir Historico EMOXT202001217BR
4/10/2020 1:35:04 PM - Insert with success EMOXT202001217BR
4/10/2020 1:35:37 PM - Inserir Historico EMOXT202002012BR
4/10/2020 1:35:39 PM - Insert with success EMOXT202002012BR
4/10/2020 1:36:29 PM - Inserir Historico EMOXT202003076BR
4/10/2020 1:36:30 PM - Insert with success EMOXT202003076BR
4/10/2020 1:37:02 PM - Inserir Historico EMOXT202003044BR
4/10/2020 1:37:03 PM - Insert with success EMOXT202003044BR
4/10/2020 1:37:37 PM - Inserir Historico EMOXT202001228BR
4/10/2020 1:37:38 PM - Insert with success EMOXT202001228BR
4/10/2020 1:38:13 PM - Inserir Historico EMOXT202002025BR
4/10/2020 1:38:13 PM - Insert with success EMOXT202002025BR
4/10/2020 1:38:45 PM - Inserir Historico EMOXT202002195BR
4/10/2020 1:38:46 PM - Insert with success EMOXT202002195BR
4/10/2020 1:39:15 PM - Inserir Historico EMOXT202002196BR
4/10/2020 1:39:16 PM - Insert with success EMOXT202002196BR
4/10/2020 1:39:52 PM - Inserir Historico EMOXT202003084BR
4/10/2020 1:39:52 PM - Insert with success EMOXT202003084BR
4/10/2020 1:40:23 PM - Inserir Historico EMOXT202002156BR
4/10/2020 1:40:24 PM - Insert with success EMOXT202002156BR
4/10/2020 1:40:53 PM - Inserir Historico EMOXT202003099BR
4/10/2020 1:40:54 PM - Insert with success EMOXT202003099BR
4/10/2020 1:41:39 PM - Inserir Historico EMOXT202002182BR
4/10/2020 1:41:40 PM - Insert with success EMOXT202002182BR
4/10/2020 1:42:12 PM - Inserir Historico EMOXT202002183BR
4/10/2020 1:42:13 PM - Insert with success EMOXT202002183BR
4/10/2020 1:42:49 PM - Inserir Historico EMOXT202003068BR
4/10/2020 1:42:50 PM - Insert with success EMOXT202003068BR
4/10/2020 1:43:20 PM - Inserir Historico EMOXT202003079BR
4/10/2020 1:43:20 PM - Insert with success EMOXT202003079BR
4/10/2020 1:43:50 PM - Inserir Historico EMOXT202003098BR
4/10/2020 1:43:51 PM - Insert with success EMOXT202003098BR
4/10/2020 1:44:29 PM - Inserir Historico EMOXT202003096BR
4/10/2020 1:44:30 PM - Insert with success EMOXT202003096BR
4/10/2020 1:45:02 PM - Inserir Historico EMOXT202003090BR
4/10/2020 1:45:03 PM - Insert with success EMOXT202003090BR
4/10/2020 1:45:36 PM - Inserir Historico EMOXT202003091BR
4/10/2020 1:45:37 PM - Insert with success EMOXT202003091BR
4/10/2020 1:46:13 PM - Inserir Historico EMOXT202001155BR
4/10/2020 1:46:14 PM - Insert with success EMOXT202001155BR
4/10/2020 1:46:57 PM - Inserir Historico EMOXT202002073BR
4/10/2020 1:46:58 PM - Insert with success EMOXT202002073BR
4/10/2020 1:47:28 PM - Inserir Historico EMOXT202002157BR
4/10/2020 1:47:29 PM - Insert with success EMOXT202002157BR
4/10/2020 1:47:57 PM - Inserir Historico EMOXT202003069BR
4/10/2020 1:47:58 PM - Insert with success EMOXT202003069BR
4/10/2020 1:48:25 PM - Inserir Historico EMOXT202003134BR
4/10/2020 1:48:26 PM - Insert with success EMOXT202003134BR
4/10/2020 1:48:59 PM - Inserir Historico EMOXT202003144BR
4/10/2020 1:49:00 PM - Insert with success EMOXT202003144BR
4/10/2020 1:49:33 PM - Inserir Historico EMOXT202002161BR
4/10/2020 1:49:34 PM - Insert with success EMOXT202002161BR
4/10/2020 1:50:08 PM - Inserir Historico EMOXT202003067BR
4/10/2020 1:50:10 PM - Insert with success EMOXT202003067BR
4/10/2020 1:50:41 PM - Inserir Historico EMOXT202003080BR
4/10/2020 1:50:42 PM - Insert with success EMOXT202003080BR
4/10/2020 1:51:11 PM - Inserir Historico EMOXT202003133BR
4/10/2020 1:51:12 PM - Insert with success EMOXT202003133BR
4/10/2020 1:51:37 PM - Inserir Historico EMOXT202003135BR
4/10/2020 1:51:37 PM - Insert with success EMOXT202003135BR
4/10/2020 1:52:07 PM - Inserir Historico EMOXT202003148BR
4/10/2020 1:52:08 PM - Insert with success EMOXT202003148BR
4/10/2020 1:52:33 PM - Inserir Historico EMOXT202003155BR
4/10/2020 1:52:33 PM - Insert with success EMOXT202003155BR
4/10/2020 1:53:02 PM - Inserir Historico EMOXT202003161BR
4/10/2020 1:53:03 PM - Insert with success EMOXT202003161BR
4/10/2020 1:53:31 PM - Inserir Historico EMOXT202003136BR
4/10/2020 1:53:32 PM - Insert with success EMOXT202003136BR
4/10/2020 1:54:01 PM - Inserir Historico EMOXT202003164BR
4/10/2020 1:54:02 PM - Insert with success EMOXT202003164BR
4/10/2020 1:54:30 PM - Inserir Historico EMOXT202003169BR
4/10/2020 1:54:32 PM - Insert with success EMOXT202003169BR
4/10/2020 1:55:02 PM - Inserir Historico EMOXT202003175BR
4/10/2020 1:55:04 PM - Insert with success EMOXT202003175BR
4/10/2020 1:55:33 PM - Inserir Historico EMOXT202003162BR
4/10/2020 1:55:35 PM - Insert with success EMOXT202003162BR
4/10/2020 1:56:04 PM - Inserir Historico EMOXT202003163BR
4/10/2020 1:56:05 PM - Insert with success EMOXT202003163BR
4/10/2020 1:56:33 PM - Inserir Historico EMOXT202003177BR
4/10/2020 1:56:34 PM - Insert with success EMOXT202003177BR
4/10/2020 1:57:15 PM - Inserir Historico EMOXT202003179BR
4/10/2020 1:57:15 PM - Insert with success EMOXT202003179BR
4/10/2020 1:57:43 PM - Inserir Historico EMOXT202003170BR
4/10/2020 1:57:43 PM - Insert with success EMOXT202003170BR
4/10/2020 1:58:11 PM - Inserir Historico EMOXT202003185BR
4/10/2020 1:58:11 PM - Insert with success EMOXT202003185BR
4/10/2020 1:58:42 PM - Inserir Historico EMOXT202003183BR
4/10/2020 1:58:44 PM - Insert with success EMOXT202003183BR
4/10/2020 1:59:16 PM - Inserir Historico EMOXT202003198BR
4/10/2020 1:59:16 PM - Insert with success EMOXT202003198BR
4/10/2020 1:59:50 PM - Inserir Historico IMIFB202001030BR
4/10/2020 1:59:50 PM - Insert with success IMIFB202001030BR
4/10/2020 2:00:19 PM - Inserir Historico EMOXT202004093BR
4/10/2020 2:00:20 PM - Insert with success EMOXT202004093BR
4/10/2020 2:00:56 PM - Inserir Historico EMARC202003040BR
4/10/2020 2:00:58 PM - Insert with success EMARC202003040BR
4/10/2020 2:01:27 PM - Inserir Historico IMOXT202004035BR
4/10/2020 2:01:29 PM - Insert with success IMOXT202004035BR
4/10/2020 2:02:00 PM - Inserir Historico IMSPC202003062BR
4/10/2020 2:02:01 PM - Insert with success IMSPC202003062BR
4/10/2020 2:02:32 PM - Inserir Historico IMSOL202003076BR
4/10/2020 2:02:33 PM - Insert with success IMSOL202003076BR
4/10/2020 2:03:05 PM - Inserir Historico IMSPC202003065BR
4/10/2020 2:03:06 PM - Insert with success IMSPC202003065BR
4/10/2020 2:03:41 PM - Inserir Historico IMSWB201910013BR
4/10/2020 2:03:42 PM - Insert with success IMSWB201910013BR
4/10/2020 2:04:15 PM - Inserir Historico IMSWB201912107BR
4/10/2020 2:04:16 PM - Insert with success IMSWB201912107BR
4/10/2020 2:04:49 PM - Inserir Historico IMSPC202003060BR
4/10/2020 2:04:51 PM - Insert with success IMSPC202003060BR
4/10/2020 2:05:24 PM - Inserir Historico IMCSR202003244BR
4/10/2020 2:05:25 PM - Insert with success IMCSR202003244BR
4/10/2020 2:05:56 PM - Inserir Historico IMSPC202003064BR
4/10/2020 2:05:57 PM - Insert with success IMSPC202003064BR
4/10/2020 2:06:29 PM - Inserir Historico IMSWB202001077BR
4/10/2020 2:06:30 PM - Insert with success IMSWB202001077BR
4/10/2020 2:07:03 PM - Inserir Historico IMSWB202002003BR
4/10/2020 2:07:04 PM - Insert with success IMSWB202002003BR
4/10/2020 2:07:45 PM - Inserir Historico IMSWB202002034BR
4/10/2020 2:07:46 PM - Insert with success IMSWB202002034BR
4/10/2020 2:08:17 PM - Inserir Historico IMSWB202002057BR
4/10/2020 2:08:18 PM - Insert with success IMSWB202002057BR
4/10/2020 2:08:52 PM - Inserir Historico IMSWB202002082BR
4/10/2020 2:08:53 PM - Insert with success IMSWB202002082BR
4/10/2020 2:10:07 PM - Inserir Historico IMSWB202003053BR
4/10/2020 2:10:09 PM - Insert with success IMSWB202003053BR
4/10/2020 2:10:34 PM - Inserir Historico EMCSR202003020BR
4/10/2020 2:10:35 PM - Insert with success EMCSR202003020BR
4/10/2020 2:11:50 PM - Inserir Historico IMUPL201701051BR
4/10/2020 2:11:51 PM - Insert with success IMUPL201701051BR
4/10/2020 2:12:26 PM - Inserir Historico IMCSR202003212BR
4/10/2020 2:12:27 PM - Insert with success IMCSR202003212BR
4/10/2020 2:12:57 PM - Inserir Historico IMOXT202004036BR
4/10/2020 2:12:57 PM - Insert with success IMOXT202004036BR
4/10/2020 2:13:28 PM - Inserir Historico IMSPC202004015BR
4/10/2020 2:13:28 PM - Insert with success IMSPC202004015BR
4/10/2020 2:14:05 PM - Inserir Historico IMOXT201802062BR
4/10/2020 2:14:06 PM - Insert with success IMOXT201802062BR
4/10/2020 2:14:43 PM - Inserir Historico IMOXT201911009BR
4/10/2020 2:14:44 PM - Insert with success IMOXT201911009BR
4/10/2020 2:15:30 PM - Inserir Historico IMOXT201910034BR
4/10/2020 2:15:32 PM - Insert with success IMOXT201910034BR
4/10/2020 2:15:56 PM - Inserir Historico EMCSR202004023BR
4/10/2020 2:15:56 PM - Insert with success EMCSR202004023BR
4/10/2020 2:16:31 PM - Inserir Historico IMOXT202002008BR
4/10/2020 2:16:32 PM - Insert with success IMOXT202002008BR
4/10/2020 2:17:06 PM - Inserir Historico IMEXO202003043BR
4/10/2020 2:17:07 PM - Insert with success IMEXO202003043BR
4/10/2020 2:17:37 PM - Inserir Historico IMCSR202003558BR
4/10/2020 2:17:38 PM - Insert with success IMCSR202003558BR
4/10/2020 2:18:12 PM - Inserir Historico IMOXT201812013BR
4/10/2020 2:18:13 PM - Insert with success IMOXT201812013BR
4/10/2020 2:18:51 PM - Inserir Historico IMEXO202002023BR
4/10/2020 2:18:52 PM - Insert with success IMEXO202002023BR
4/10/2020 2:19:27 PM - Inserir Historico IMEXO202003002BR
4/10/2020 2:19:28 PM - Insert with success IMEXO202003002BR
4/10/2020 2:20:33 PM - Inserir Historico IMEXO202003004BR
4/10/2020 2:20:34 PM - Insert with success IMEXO202003004BR
4/10/2020 2:21:08 PM - Inserir Historico IMCSR202003213BR
4/10/2020 2:21:09 PM - Insert with success IMCSR202003213BR
4/10/2020 2:21:51 PM - Inserir Historico IMOXT201902036BR
4/10/2020 2:21:52 PM - Insert with success IMOXT201902036BR
4/10/2020 2:22:30 PM - Inserir Historico IMOXT201810018BR
4/10/2020 2:22:31 PM - Insert with success IMOXT201810018BR
4/10/2020 2:23:07 PM - Inserir Historico IMOXT201909036BR
4/10/2020 2:23:07 PM - Insert with success IMOXT201909036BR
4/10/2020 2:23:42 PM - Inserir Historico IMOXT201908026BR
4/10/2020 2:23:43 PM - Insert with success IMOXT201908026BR
4/10/2020 2:24:13 PM - Inserir Historico IOOXT202003011BR
4/10/2020 2:24:13 PM - Insert with success IOOXT202003011BR
4/10/2020 2:24:46 PM - Inserir Historico IASWB202003015BR
4/10/2020 2:24:47 PM - Insert with success IASWB202003015BR
4/10/2020 2:25:21 PM - Inserir Historico IMOXT201901003BR
4/10/2020 2:25:23 PM - Insert with success IMOXT201901003BR
4/10/2020 2:26:02 PM - Inserir Historico IMOXT201901028BR
4/10/2020 2:26:03 PM - Insert with success IMOXT201901028BR
4/10/2020 2:26:37 PM - Inserir Historico IMOXT201812001BR
4/10/2020 2:26:39 PM - Insert with success IMOXT201812001BR
4/10/2020 2:27:17 PM - Inserir Historico IMOXT202001055BR
4/10/2020 2:27:18 PM - Insert with success IMOXT202001055BR
4/10/2020 2:27:50 PM - Inserir Historico IMOXT201902006BR
4/10/2020 2:27:51 PM - Insert with success IMOXT201902006BR
4/10/2020 2:28:24 PM - Inserir Historico IMOXT201911024BR
4/10/2020 2:28:25 PM - Insert with success IMOXT201911024BR
4/10/2020 2:28:58 PM - Inserir Historico IMOXT202004037BR
4/10/2020 2:28:58 PM - Insert with success IMOXT202004037BR
4/10/2020 2:29:33 PM - Inserir Historico IMOXT201907008BR
4/10/2020 2:29:34 PM - Insert with success IMOXT201907008BR
4/10/2020 2:30:16 PM - Inserir Historico IMOXT201806006BR
4/10/2020 2:30:18 PM - Insert with success IMOXT201806006BR
4/10/2020 2:30:52 PM - Inserir Historico IMSPC202004016BR
4/10/2020 2:30:53 PM - Insert with success IMSPC202004016BR
4/10/2020 2:31:32 PM - Inserir Historico IMOXT201907044BR
4/10/2020 2:31:33 PM - Insert with success IMOXT201907044BR
4/10/2020 2:32:10 PM - Inserir Historico IMOXT201908025BR
4/10/2020 2:32:11 PM - Insert with success IMOXT201908025BR
4/10/2020 2:32:41 PM - Inserir Historico IMOXT201803003BR
4/10/2020 2:32:43 PM - Insert with success IMOXT201803003BR
4/10/2020 2:33:22 PM - Inserir Historico IMOXT201907048BR
4/10/2020 2:33:23 PM - Insert with success IMOXT201907048BR
4/10/2020 2:33:55 PM - Inserir Historico IMOXT202002025BR
4/10/2020 2:33:56 PM - Insert with success IMOXT202002025BR
4/10/2020 2:34:37 PM - Inserir Historico EMOXT202004023BR
4/10/2020 2:34:38 PM - Insert with success EMOXT202004023BR
4/10/2020 2:34:55 PM - Inserir Historico EAATL202004001BR
4/10/2020 2:34:56 PM - Insert with success EAATL202004001BR
4/10/2020 2:35:23 PM - Inserir Historico EMOXT202004057BR
4/10/2020 2:35:25 PM - Insert with success EMOXT202004057BR
4/10/2020 2:35:54 PM - Inserir Historico IMCTV202003070BR
4/10/2020 2:35:54 PM - Insert with success IMCTV202003070BR
4/10/2020 2:36:26 PM - Inserir Historico IMCTV202003059BR
4/10/2020 2:36:27 PM - Insert with success IMCTV202003059BR
4/10/2020 2:36:55 PM - Inserir Historico IMCSR202003199BR
4/10/2020 2:36:56 PM - Insert with success IMCSR202003199BR
4/10/2020 2:37:21 PM - Inserir Historico IMCBT202004002BR
4/10/2020 2:37:22 PM - Insert with success IMCBT202004002BR
4/10/2020 2:37:38 PM - Inserir Historico IMATL202004027BR
4/10/2020 2:37:39 PM - Insert with success IMATL202004027BR
4/10/2020 2:37:58 PM - Inserir Historico EMATL202003019BR
4/10/2020 2:37:58 PM - Insert with success EMATL202003019BR
4/10/2020 2:38:25 PM - Inserir Historico IMOXT202001027BR
4/10/2020 2:38:26 PM - Insert with success IMOXT202001027BR
4/10/2020 2:38:53 PM - Inserir Historico IMCTV202002004BR
4/10/2020 2:38:53 PM - Insert with success IMCTV202002004BR
4/10/2020 2:39:28 PM - Inserir Historico EMATL201909041BR
4/10/2020 2:39:28 PM - Insert with success EMATL201909041BR
4/10/2020 2:39:57 PM - Inserir Historico IAMAU202003001BR
4/10/2020 2:39:58 PM - Insert with success IAMAU202003001BR
4/10/2020 2:40:26 PM - Inserir Historico IASOL202003005BR
4/10/2020 2:40:27 PM - Insert with success IASOL202003005BR
4/10/2020 2:41:04 PM - Inserir Historico IMATN202003004BR
4/10/2020 2:41:06 PM - Insert with success IMATN202003004BR
4/10/2020 2:41:34 PM - Inserir Historico IMBCB202002002BR
4/10/2020 2:41:35 PM - Insert with success IMBCB202002002BR
4/10/2020 2:42:02 PM - Inserir Historico IMBCB202003005BR
4/10/2020 2:42:03 PM - Insert with success IMBCB202003005BR
4/10/2020 2:42:29 PM - Inserir Historico IMCBT202003028BR
4/10/2020 2:42:30 PM - Insert with success IMCBT202003028BR
4/10/2020 2:42:48 PM - Inserir Historico EMCSR202004024BR
4/10/2020 2:42:49 PM - Insert with success EMCSR202004024BR
4/10/2020 2:43:12 PM - Inserir Historico IASWB202004004BR
4/10/2020 2:43:13 PM - Insert with success IASWB202004004BR
4/10/2020 2:43:39 PM - Inserir Historico IMCSR202003198BR
4/10/2020 2:43:40 PM - Insert with success IMCSR202003198BR
4/10/2020 2:44:07 PM - Inserir Historico EMARC202002033BR
4/10/2020 2:44:08 PM - Insert with success EMARC202002033BR
4/10/2020 2:44:35 PM - Inserir Historico IMCSR202003391BR
4/10/2020 2:44:36 PM - Insert with success IMCSR202003391BR
4/10/2020 2:45:08 PM - Inserir Historico IMCTV202001002BR
4/10/2020 2:45:10 PM - Insert with success IMCTV202001002BR
4/10/2020 2:45:41 PM - Inserir Historico IMCTV202001021BR
4/10/2020 2:45:41 PM - Insert with success IMCTV202001021BR
4/10/2020 2:46:09 PM - Inserir Historico IMEXO202001035BR
4/10/2020 2:46:10 PM - Insert with success IMEXO202001035BR
4/10/2020 2:46:36 PM - Inserir Historico IMEXO202001038BR
4/10/2020 2:46:37 PM - Insert with success IMEXO202001038BR
4/10/2020 2:47:06 PM - Inserir Historico EMOXT202003085BR
4/10/2020 2:47:07 PM - Insert with success EMOXT202003085BR
4/10/2020 2:47:37 PM - Inserir Historico IMIFB202002050BR
4/10/2020 2:47:38 PM - Insert with success IMIFB202002050BR
4/10/2020 2:48:03 PM - Inserir Historico IMMAU202003005BR
4/10/2020 2:48:04 PM - Insert with success IMMAU202003005BR
4/10/2020 2:48:35 PM - Inserir Historico IMMAU202003012BR
4/10/2020 2:48:35 PM - Insert with success IMMAU202003012BR
4/10/2020 2:48:55 PM - Inserir Historico EMATL202004025BR
4/10/2020 2:48:55 PM - Insert with success EMATL202004025BR
4/10/2020 2:49:29 PM - Inserir Historico EMOXT202003113BR
4/10/2020 2:49:30 PM - Insert with success EMOXT202003113BR
4/10/2020 2:49:58 PM - Inserir Historico IMSOL202002031BR
4/10/2020 2:49:59 PM - Insert with success IMSOL202002031BR
4/10/2020 2:50:28 PM - Inserir Historico IMSOL202002044BR
4/10/2020 2:50:29 PM - Insert with success IMSOL202002044BR
4/10/2020 2:50:58 PM - Inserir Historico IMSOL202002109BR
4/10/2020 2:50:58 PM - Insert with success IMSOL202002109BR
4/10/2020 2:51:29 PM - Inserir Historico IMSWB202003091BR
4/10/2020 2:51:29 PM - Insert with success IMSWB202003091BR
4/10/2020 2:51:50 PM - Inserir Historico EMCSR202003058BR
4/10/2020 2:51:50 PM - Insert with success EMCSR202003058BR
4/10/2020 2:52:34 PM - Inserir Historico IMCTV202001026BR
4/10/2020 2:52:34 PM - Insert with success IMCTV202001026BR
4/10/2020 2:53:10 PM - Inserir Historico IMCBT202004003BR
4/10/2020 2:53:11 PM - Insert with success IMCBT202004003BR
4/10/2020 2:53:42 PM - Inserir Historico IMCTV201911028BR
4/10/2020 2:53:43 PM - Insert with success IMCTV201911028BR
4/10/2020 2:54:09 PM - Inserir Historico IMCTV202002001BR
4/10/2020 2:54:10 PM - Insert with success IMCTV202002001BR
4/10/2020 2:54:43 PM - Inserir Historico EMOXT202003123BR
4/10/2020 2:54:44 PM - Insert with success EMOXT202003123BR
4/10/2020 2:55:17 PM - Inserir Historico IMCTV202001039BR
4/10/2020 2:55:18 PM - Insert with success IMCTV202001039BR
4/10/2020 2:55:52 PM - Inserir Historico EMCSR202004025BR
4/10/2020 2:55:53 PM - Insert with success EMCSR202004025BR
4/10/2020 2:56:26 PM - Inserir Historico IMCSR202002355BR
4/10/2020 2:56:26 PM - Insert with success IMCSR202002355BR
4/10/2020 2:56:42 PM - Inserir Historico EMATL202004015BR
4/10/2020 2:56:43 PM - Insert with success EMATL202004015BR
4/10/2020 2:57:12 PM - Inserir Historico IMCTV202001038BR
4/10/2020 2:57:13 PM - Insert with success IMCTV202001038BR
4/10/2020 2:57:44 PM - Inserir Historico EMOXT202003167BR
4/10/2020 2:57:44 PM - Insert with success EMOXT202003167BR
4/10/2020 2:58:55 PM - Inserir Historico IMEXO202002033BR
4/10/2020 2:58:56 PM - Insert with success IMEXO202002033BR
4/10/2020 2:59:27 PM - Inserir Historico IMEXO202003015BR
4/10/2020 2:59:27 PM - Insert with success IMEXO202003015BR
4/10/2020 2:59:53 PM - Inserir Historico EORHO202003046BR
4/10/2020 2:59:54 PM - Insert with success EORHO202003046BR
4/10/2020 3:00:29 PM - Inserir Historico IMCBT202004004BR
4/10/2020 3:00:29 PM - Insert with success IMCBT202004004BR
4/10/2020 3:01:00 PM - Inserir Historico IMEXO202001040BR
4/10/2020 3:01:01 PM - Insert with success IMEXO202001040BR
4/10/2020 3:01:37 PM - Inserir Historico EMOXT202004005BR
4/10/2020 3:01:38 PM - Insert with success EMOXT202004005BR
4/10/2020 3:02:10 PM - Inserir Historico IMCSR202003377BR
4/10/2020 3:02:10 PM - Insert with success IMCSR202003377BR
4/10/2020 3:02:43 PM - Inserir Historico EMOXT202003115BR
4/10/2020 3:02:44 PM - Insert with success EMOXT202003115BR
4/10/2020 3:03:17 PM - Inserir Historico IMTAM202003019BR
4/10/2020 3:03:18 PM - Insert with success IMTAM202003019BR
4/10/2020 3:04:11 PM - Inserir Historico IASPC202003004BR
4/10/2020 3:04:11 PM - Insert with success IASPC202003004BR
4/10/2020 3:04:36 PM - Inserir Historico EACTV202003001BR
4/10/2020 3:04:37 PM - Insert with success EACTV202003001BR
4/10/2020 3:05:07 PM - Inserir Historico IMCTV202001041BR
4/10/2020 3:05:07 PM - Insert with success IMCTV202001041BR
4/10/2020 3:05:40 PM - Inserir Historico EMOXT202003195BR
4/10/2020 3:05:41 PM - Insert with success EMOXT202003195BR
4/10/2020 3:06:14 PM - Inserir Historico IMCSR202003201BR
4/10/2020 3:06:14 PM - Insert with success IMCSR202003201BR
4/10/2020 3:06:46 PM - Inserir Historico IMCSR202003237BR
4/10/2020 3:06:47 PM - Insert with success IMCSR202003237BR
4/10/2020 3:07:56 PM - Inserir Historico IMEXO202003044BR
4/10/2020 3:07:57 PM - Insert with success IMEXO202003044BR
4/10/2020 3:08:29 PM - Inserir Historico IAOCV202003003BR
4/10/2020 3:08:30 PM - Insert with success IAOCV202003003BR
4/10/2020 3:09:03 PM - Inserir Historico EMOXT202003160BR
4/10/2020 3:09:03 PM - Insert with success EMOXT202003160BR
4/10/2020 3:09:35 PM - Inserir Historico IMCSR202002228BR
4/10/2020 3:09:36 PM - Insert with success IMCSR202002228BR
4/10/2020 3:10:06 PM - Inserir Historico IMSOL202002125BR
4/10/2020 3:10:08 PM - Insert with success IMSOL202002125BR
4/10/2020 3:10:40 PM - Inserir Historico IMCSR202003252BR
4/10/2020 3:10:41 PM - Insert with success IMCSR202003252BR
4/10/2020 3:11:25 PM - Inserir Historico IMCSR202003264BR
4/10/2020 3:11:26 PM - Insert with success IMCSR202003264BR
4/10/2020 3:11:58 PM - Inserir Historico IMCSR202003276BR
4/10/2020 3:12:00 PM - Insert with success IMCSR202003276BR
4/10/2020 3:12:33 PM - Inserir Historico IMCSR202003390BR
4/10/2020 3:12:33 PM - Insert with success IMCSR202003390BR
4/10/2020 3:13:05 PM - Inserir Historico IMCTV202001040BR
4/10/2020 3:13:05 PM - Insert with success IMCTV202001040BR
4/10/2020 3:13:36 PM - Inserir Historico IMCSR202003392BR
4/10/2020 3:13:37 PM - Insert with success IMCSR202003392BR
4/10/2020 3:14:08 PM - Inserir Historico EMOXT202003111BR
4/10/2020 3:14:09 PM - Insert with success EMOXT202003111BR
4/10/2020 3:14:38 PM - Inserir Historico IMCSR202003394BR
4/10/2020 3:14:39 PM - Insert with success IMCSR202003394BR
4/10/2020 3:14:57 PM - Inserir Historico IAATL202004012BR
4/10/2020 3:14:57 PM - Insert with success IAATL202004012BR
4/10/2020 3:15:28 PM - Inserir Historico IMOXT202004038BR
4/10/2020 3:15:29 PM - Insert with success IMOXT202004038BR
4/10/2020 3:15:59 PM - Inserir Historico IMIFB201909005BR
4/10/2020 3:16:00 PM - Insert with success IMIFB201909005BR
4/10/2020 3:16:28 PM - Inserir Historico IMIFB202001028BR
4/10/2020 3:16:29 PM - Insert with success IMIFB202001028BR
4/10/2020 3:16:53 PM - Inserir Historico IMIFB202001029BR
4/10/2020 3:16:54 PM - Insert with success IMIFB202001029BR
4/10/2020 3:17:18 PM - Inserir Historico IMSOL202001034BR
4/10/2020 3:17:18 PM - Insert with success IMSOL202001034BR
4/10/2020 3:17:45 PM - Inserir Historico IMOXT201910038BR
4/10/2020 3:17:46 PM - Insert with success IMOXT201910038BR
4/10/2020 3:18:09 PM - Inserir Historico IMOXT202001037BR
4/10/2020 3:18:10 PM - Insert with success IMOXT202001037BR
4/10/2020 3:18:38 PM - Inserir Historico IMCSR202002242BR
4/10/2020 3:18:38 PM - Insert with success IMCSR202002242BR
4/10/2020 3:19:06 PM - Inserir Historico IMSPC202002048BR
4/10/2020 3:19:07 PM - Insert with success IMSPC202002048BR
