19/02/2020 8:58:25 AM -  ERRO -XML_ODS_NET Command1_Click- ERRO - Exchange -  Conversion from string "" to type 'Double' is not valid.
Enviado aos emails: br.sao.sistemas@bdpint.com
19/02/2020 9:01:00 AM -  ERRO -XML_ODS_NET Command1_Click- ERRO - Exchange -  Conversion from string "" to type 'Double' is not valid.
Enviado aos emails: br.sao.sistemas@bdpint.com
19/02/2020 9:01:33 AM -  ERRO -XML_ODS_NET Command1_Click- ERRO - Exchange -  Conversion from string "" to type 'Double' is not valid.
Enviado aos emails: br.sao.sistemas@bdpint.com
19/02/2020 9:02:21 AM -  ERRO -XML_ODS_NET Command1_Click- ERRO - Exchange -  Conversion from string "" to type 'Double' is not valid.
Enviado aos emails: br.sao.sistemas@bdpint.com
19/02/2020 9:03:59 AM -  ERRO -XML_ODS_NET Command1_Click- ERRO - Exchange -  Item cannot be found in the collection corresponding to the requested name or ordinal.
Enviado aos emails: br.sao.sistemas@bdpint.com
19/02/2020 9:07:51 AM -  ERRO -XML_ODS_NET Command1_Click- ERRO - Exchange -  Conversion from string "select numero_po_hIm LI,data_po_" to type 'Double' is not valid.
Enviado aos emails: br.sao.sistemas@bdpint.com
19/02/2020 9:10:24 AM -  ERRO -XML_ODS_NET Command1_Click- ERRO - Exchange -  Conversion from string "select numero_po_hIm LI,data_po_" to type 'Double' is not valid.
Enviado aos emails: br.sao.sistemas@bdpint.com
19/02/2020 9:16:20 AM -  ERRO -XML_ODS_NET Command1_Click- ERRO - Exchange -  Item cannot be found in the collection corresponding to the requested name or ordinal.
Enviado aos emails: br.sao.sistemas@bdpint.com
19/02/2020 9:22:04 AM -  ERRO -XML_ODS_NET Command1_Click- ERRO - Exchange -  Item cannot be found in the collection corresponding to the requested name or ordinal.
Enviado aos emails: br.sao.sistemas@bdpint.com
19/02/2020 9:26:50 AM -  ERRO -XML_ODS_NET Command1_Click- ERRO - Exchange -  Item cannot be found in the collection corresponding to the requested name or ordinal.
Enviado aos emails: br.sao.sistemas@bdpint.com
19/02/2020 9:31:47 AM -  ERRO -XML_ODS_NET Command1_Click- ERRO - Exchange -  Item cannot be found in the collection corresponding to the requested name or ordinal.
Enviado aos emails: br.sao.sistemas@bdpint.com
19/02/2020 9:35:39 AM -  ERRO -XML_ODS_NET Command1_Click- ERRO - Exchange -  Item cannot be found in the collection corresponding to the requested name or ordinal.
Enviado aos emails: br.sao.sistemas@bdpint.com
19/02/2020 9:36:40 AM - Inserir Historico IMFLT202001104AR
19/02/2020 9:36:40 AM - Insert with success IMFLT202001104AR
