11/03/2020 9:58:35 AM - Inserir Historico IMFLT202002065AR
11/03/2020 9:58:35 AM - Insert with success IMFLT202002065AR
11/03/2020 9:59:50 AM - Inserir Historico IMFLT202003020AR
11/03/2020 9:59:50 AM - Insert with success IMFLT202003020AR
11/03/2020 10:00:19 AM - Inserir Historico IMFLT201906022AR
11/03/2020 10:00:20 AM - Insert with success IMFLT201906022AR
11/03/2020 10:05:24 AM - Inserir Historico IOGRH202001001AR
11/03/2020 10:05:24 AM - Insert with success IOGRH202001001AR
11/03/2020 10:12:27 AM - Inserir Historico IMFLT201908019AR
11/03/2020 10:12:27 AM - Insert with success IMFLT201908019AR
11/03/2020 10:13:21 AM - Inserir Historico IMFLT202003019AR
11/03/2020 10:13:21 AM - Insert with success IMFLT202003019AR
11/03/2020 10:13:46 AM - Inserir Historico IMROA202003009AR
11/03/2020 10:13:46 AM - Insert with success IMROA202003009AR
11/03/2020 10:14:21 AM - Inserir Historico IMFLT202002090AR
11/03/2020 10:14:21 AM - Insert with success IMFLT202002090AR
11/03/2020 10:14:33 AM - Inserir Historico IMCHP202002011AR
11/03/2020 10:14:33 AM - Insert with success IMCHP202002011AR
11/03/2020 10:14:44 AM - Inserir Historico IMSLT202002004AR
11/03/2020 10:14:44 AM - Insert with success IMSLT202002004AR
11/03/2020 10:14:55 AM - Inserir Historico EMARG202003111AR
11/03/2020 10:14:55 AM - Insert with success EMARG202003111AR
11/03/2020 10:15:02 AM - Inserir Historico IMFLT202003008AR
11/03/2020 10:15:02 AM - Insert with success IMFLT202003008AR
11/03/2020 10:15:09 AM - Inserir Historico IMFLT202002059AR
11/03/2020 10:15:09 AM - Insert with success IMFLT202002059AR
11/03/2020 10:15:15 AM - Inserir Historico IMFLT202002056AR
11/03/2020 10:15:15 AM - Insert with success IMFLT202002056AR
11/03/2020 10:19:58 AM - Inserir Historico IMSOL202003005AR
11/03/2020 10:19:58 AM - Insert with success IMSOL202003005AR
11/03/2020 10:20:13 AM - Inserir Historico EOARG202003067AR
11/03/2020 10:20:13 AM - Insert with success EOARG202003067AR
11/03/2020 10:20:25 AM - Inserir Historico IMROA202003017AR
11/03/2020 10:20:25 AM - Insert with success IMROA202003017AR
11/03/2020 10:20:31 AM - Inserir Historico IMSOL202003006AR
11/03/2020 10:20:32 AM - Insert with success IMSOL202003006AR
11/03/2020 10:20:43 AM - Inserir Historico IMARG202003060AR
11/03/2020 10:20:43 AM - Insert with success IMARG202003060AR
11/03/2020 10:20:56 AM - Inserir Historico IMROA202003011AR
11/03/2020 10:20:56 AM - Insert with success IMROA202003011AR
11/03/2020 10:21:07 AM - Inserir Historico IMARG202003061AR
11/03/2020 10:21:07 AM - Insert with success IMARG202003061AR
11/03/2020 10:21:14 AM - Inserir Historico IMSOL202003007AR
11/03/2020 10:21:14 AM - Insert with success IMSOL202003007AR
11/03/2020 10:21:26 AM - Inserir Historico IMROA202003015AR
11/03/2020 10:21:26 AM - Insert with success IMROA202003015AR
11/03/2020 10:21:37 AM - Inserir Historico IMROA202001003AR
11/03/2020 10:21:37 AM - Insert with success IMROA202001003AR
11/03/2020 10:21:48 AM - Inserir Historico EMARG202003096AR
11/03/2020 10:21:48 AM - Insert with success EMARG202003096AR
11/03/2020 10:21:59 AM - Inserir Historico IMROA202003018AR
11/03/2020 10:22:00 AM - Insert with success IMROA202003018AR
11/03/2020 10:22:11 AM - Inserir Historico IMROA202003019AR
11/03/2020 10:22:11 AM - Insert with success IMROA202003019AR
11/03/2020 10:22:22 AM - Inserir Historico IMROA202003020AR
11/03/2020 10:22:22 AM - Insert with success IMROA202003020AR
11/03/2020 10:22:32 AM - Inserir Historico IAARG202002007AR
11/03/2020 10:22:32 AM - Insert with success IAARG202002007AR
11/03/2020 10:22:43 AM - Inserir Historico EMARG202001002AR
11/03/2020 10:22:44 AM - Insert with success EMARG202001002AR
11/03/2020 10:22:53 AM - Inserir Historico IMARG202001120AR
11/03/2020 10:22:53 AM - Insert with success IMARG202001120AR
11/03/2020 10:23:04 AM - Inserir Historico EOARG201912220AR
11/03/2020 10:23:04 AM - Insert with success EOARG201912220AR
11/03/2020 10:23:16 AM - Inserir Historico IMARG202003041AR
11/03/2020 10:23:16 AM - Insert with success IMARG202003041AR
11/03/2020 10:23:23 AM - Inserir Historico IMFLT202003021AR
11/03/2020 10:23:23 AM - Insert with success IMFLT202003021AR
11/03/2020 10:23:34 AM - Inserir Historico IMROA202003021AR
11/03/2020 10:23:34 AM - Insert with success IMROA202003021AR
11/03/2020 10:23:48 AM - Inserir Historico IMARG202003026AR
11/03/2020 10:23:48 AM - Insert with success IMARG202003026AR
11/03/2020 10:24:01 AM - Inserir Historico IMARG202002080AR
11/03/2020 10:24:01 AM - Insert with success IMARG202002080AR
11/03/2020 10:24:11 AM - Inserir Historico IOARG202002012AR
11/03/2020 10:24:11 AM - Insert with success IOARG202002012AR
11/03/2020 10:24:23 AM - Inserir Historico EMARG201912329AR
11/03/2020 10:24:23 AM - Insert with success EMARG201912329AR
11/03/2020 10:24:35 AM - Inserir Historico IMARG202002097AR
11/03/2020 10:24:35 AM - Insert with success IMARG202002097AR
11/03/2020 10:24:49 AM - Inserir Historico IMARG202002095AR
11/03/2020 10:24:49 AM - Insert with success IMARG202002095AR
11/03/2020 10:28:28 AM - Inserir Historico IMROA202003022AR
11/03/2020 10:28:28 AM - Insert with success IMROA202003022AR
11/03/2020 10:28:39 AM - Inserir Historico EMARG202001035AR
11/03/2020 10:28:39 AM - Insert with success EMARG202001035AR
11/03/2020 10:28:59 AM - Inserir Historico IAARG202003005AR
11/03/2020 10:28:59 AM - Insert with success IAARG202003005AR
11/03/2020 10:29:12 AM - Inserir Historico EMARG201912330AR
11/03/2020 10:29:12 AM - Insert with success EMARG201912330AR
11/03/2020 10:29:23 AM - Inserir Historico EOARG202001117AR
11/03/2020 10:29:24 AM - Insert with success EOARG202001117AR
11/03/2020 10:29:43 AM - Inserir Historico IMARG202003062AR
11/03/2020 10:29:43 AM - Insert with success IMARG202003062AR
11/03/2020 10:39:02 AM - Inserir Historico IMARG202003063AR
11/03/2020 10:39:02 AM - Insert with success IMARG202003063AR
11/03/2020 10:45:03 AM - Inserir Historico EOARG202003083AR
11/03/2020 10:45:03 AM - Insert with success EOARG202003083AR
11/03/2020 10:45:26 AM - Inserir Historico IAFLT202001023AR
11/03/2020 10:45:26 AM - Insert with success IAFLT202001023AR
11/03/2020 10:46:18 AM - Inserir Historico EOUNI202003009AR
11/03/2020 10:46:18 AM - Insert with success EOUNI202003009AR
11/03/2020 11:04:22 AM - Inserir Historico IMARG202003064AR
11/03/2020 11:04:22 AM - Insert with success IMARG202003064AR
11/03/2020 11:08:32 AM - Inserir Historico EOARG202002009AR
11/03/2020 11:08:32 AM - Insert with success EOARG202002009AR
11/03/2020 11:09:15 AM - Inserir Historico IAFLT202001018AR
11/03/2020 11:09:16 AM - Insert with success IAFLT202001018AR
11/03/2020 11:09:30 AM - Inserir Historico IMFLT202002084AR
11/03/2020 11:09:30 AM - Insert with success IMFLT202002084AR
11/03/2020 11:09:50 AM - Inserir Historico EOARG202003003AR
11/03/2020 11:09:51 AM - Insert with success EOARG202003003AR
11/03/2020 11:10:08 AM - Inserir Historico EOARG202001086AR
11/03/2020 11:10:08 AM - Insert with success EOARG202001086AR
11/03/2020 11:10:23 AM - Inserir Historico EOARG202001173AR
11/03/2020 11:10:23 AM - Insert with success EOARG202001173AR
11/03/2020 11:10:40 AM - Inserir Historico EOARG202001135AR
11/03/2020 11:10:40 AM - Insert with success EOARG202001135AR
11/03/2020 11:11:14 AM - Inserir Historico EOUNI202003007AR
11/03/2020 11:11:14 AM - Insert with success EOUNI202003007AR
11/03/2020 11:11:29 AM - Inserir Historico EOARG202002246AR
11/03/2020 11:11:29 AM - Insert with success EOARG202002246AR
11/03/2020 11:28:17 AM - Inserir Historico IMARG202001018AR
11/03/2020 11:28:17 AM - Insert with success IMARG202001018AR
11/03/2020 11:28:31 AM - Inserir Historico EMARG202001104AR
11/03/2020 11:28:31 AM - Insert with success EMARG202001104AR
11/03/2020 11:33:47 AM - Inserir Historico IOCHP202001001AR
11/03/2020 11:33:47 AM - Insert with success IOCHP202001001AR
11/03/2020 11:40:31 AM - Inserir Historico EOUNI202001039AR
11/03/2020 11:40:31 AM - Insert with success EOUNI202001039AR
11/03/2020 11:40:48 AM - Inserir Historico EOARG202001213AR
11/03/2020 11:40:48 AM - Insert with success EOARG202001213AR
11/03/2020 11:41:07 AM - Inserir Historico EMARG202003026AR
11/03/2020 11:41:07 AM - Insert with success EMARG202003026AR
11/03/2020 11:41:24 AM - Inserir Historico EMARG202002071AR
11/03/2020 11:41:24 AM - Insert with success EMARG202002071AR
11/03/2020 11:41:49 AM - Inserir Historico EOARG202001056AR
11/03/2020 11:41:49 AM - Insert with success EOARG202001056AR
11/03/2020 11:42:02 AM - Inserir Historico EMARG202002038AR
11/03/2020 11:42:02 AM - Insert with success EMARG202002038AR
11/03/2020 11:42:20 AM - Inserir Historico EMARG202001321AR
11/03/2020 11:42:20 AM - Insert with success EMARG202001321AR
11/03/2020 11:42:34 AM - Inserir Historico EOUNI202002036AR
11/03/2020 11:42:34 AM - Insert with success EOUNI202002036AR
11/03/2020 11:42:46 AM - Inserir Historico EOARG202002163AR
11/03/2020 11:42:46 AM - Insert with success EOARG202002163AR
11/03/2020 11:43:56 AM - Inserir Historico EOARG202001258AR
11/03/2020 11:43:56 AM - Insert with success EOARG202001258AR
11/03/2020 11:44:10 AM - Inserir Historico EMARG202002067AR
11/03/2020 11:44:10 AM - Insert with success EMARG202002067AR
11/03/2020 11:44:21 AM - Inserir Historico EOARG202001196AR
11/03/2020 11:44:21 AM - Insert with success EOARG202001196AR
11/03/2020 11:44:35 AM - Inserir Historico EMARG202002210AR
11/03/2020 11:44:35 AM - Insert with success EMARG202002210AR
11/03/2020 11:44:45 AM - Inserir Historico EOARG202002206AR
11/03/2020 11:44:45 AM - Insert with success EOARG202002206AR
11/03/2020 11:45:32 AM - Inserir Historico IMFLT202002070AR
11/03/2020 11:45:33 AM - Insert with success IMFLT202002070AR
11/03/2020 11:45:45 AM - Inserir Historico EMARG202002262AR
11/03/2020 11:45:45 AM - Insert with success EMARG202002262AR
11/03/2020 11:45:55 AM - Inserir Historico EOARG202001024AR
11/03/2020 11:45:55 AM - Insert with success EOARG202001024AR
11/03/2020 11:46:03 AM - Inserir Historico EMARG202002089AR
11/03/2020 11:46:03 AM - Insert with success EMARG202002089AR
11/03/2020 11:46:14 AM - Inserir Historico EMARG202001288AR
11/03/2020 11:46:14 AM - Insert with success EMARG202001288AR
11/03/2020 12:02:41 PM - Inserir Historico IMARG202001098AR
11/03/2020 12:02:42 PM - Insert with success IMARG202001098AR
11/03/2020 12:03:44 PM - Inserir Historico EOARG202002035AR
11/03/2020 12:03:44 PM - Insert with success EOARG202002035AR
11/03/2020 12:03:59 PM - Inserir Historico EOARG202001018AR
11/03/2020 12:03:59 PM - Insert with success EOARG202001018AR
11/03/2020 12:04:19 PM - Inserir Historico EMARG202002107AR
11/03/2020 12:04:19 PM - Insert with success EMARG202002107AR
11/03/2020 12:04:37 PM - Inserir Historico EMARG202003066AR
11/03/2020 12:04:37 PM - Insert with success EMARG202003066AR
11/03/2020 12:04:53 PM - Inserir Historico EOARG202002107AR
11/03/2020 12:04:53 PM - Insert with success EOARG202002107AR
11/03/2020 12:05:08 PM - Inserir Historico EMARG202001009AR
11/03/2020 12:05:08 PM - Insert with success EMARG202001009AR
11/03/2020 12:05:27 PM - Inserir Historico EMARG202002160AR
11/03/2020 12:05:27 PM - Insert with success EMARG202002160AR
11/03/2020 12:05:47 PM - Inserir Historico IMROA202001015AR
11/03/2020 12:05:47 PM - Insert with success IMROA202001015AR
11/03/2020 12:06:01 PM - Inserir Historico EMARG202001194AR
11/03/2020 12:06:01 PM - Insert with success EMARG202001194AR
11/03/2020 12:06:16 PM - Inserir Historico IMARG201912010AR
11/03/2020 12:06:16 PM - Insert with success IMARG201912010AR
11/03/2020 12:06:29 PM - Inserir Historico EOARG202002076AR
11/03/2020 12:06:29 PM - Insert with success EOARG202002076AR
11/03/2020 12:06:45 PM - Inserir Historico EOARG202002084AR
11/03/2020 12:06:45 PM - Insert with success EOARG202002084AR
11/03/2020 12:07:00 PM - Inserir Historico EMARG202001024AR
11/03/2020 12:07:00 PM - Insert with success EMARG202001024AR
11/03/2020 12:07:16 PM - Inserir Historico EMARG202002149AR
11/03/2020 12:07:17 PM - Insert with success EMARG202002149AR
11/03/2020 12:07:30 PM - Inserir Historico EMARG202001133AR
11/03/2020 12:07:31 PM - Insert with success EMARG202001133AR
11/03/2020 12:07:46 PM - Inserir Historico EMARG202002059AR
11/03/2020 12:07:47 PM - Insert with success EMARG202002059AR
11/03/2020 12:08:01 PM - Inserir Historico EMARG202001304AR
11/03/2020 12:08:01 PM - Insert with success EMARG202001304AR
11/03/2020 12:08:16 PM - Inserir Historico EMARG202002154AR
11/03/2020 12:08:16 PM - Insert with success EMARG202002154AR
11/03/2020 12:08:28 PM - Inserir Historico EOUNI202001025AR
11/03/2020 12:08:28 PM - Insert with success EOUNI202001025AR
11/03/2020 12:08:41 PM - Inserir Historico EOARG202001154AR
11/03/2020 12:08:41 PM - Insert with success EOARG202001154AR
11/03/2020 12:08:53 PM - Inserir Historico EOARG202002142AR
11/03/2020 12:08:53 PM - Insert with success EOARG202002142AR
11/03/2020 12:09:08 PM - Inserir Historico IMARG202002042AR
11/03/2020 12:09:08 PM - Insert with success IMARG202002042AR
11/03/2020 12:09:23 PM - Inserir Historico EOARG202002247AR
11/03/2020 12:09:23 PM - Insert with success EOARG202002247AR
11/03/2020 12:09:36 PM - Inserir Historico EMARG202002055AR
11/03/2020 12:09:36 PM - Insert with success EMARG202002055AR
11/03/2020 12:09:48 PM - Inserir Historico EOUNI202002035AR
11/03/2020 12:09:48 PM - Insert with success EOUNI202002035AR
11/03/2020 12:10:01 PM - Inserir Historico EMARG202001221AR
11/03/2020 12:10:02 PM - Insert with success EMARG202001221AR
11/03/2020 12:10:14 PM - Inserir Historico EOARG202002160AR
11/03/2020 12:10:14 PM - Insert with success EOARG202002160AR
11/03/2020 12:10:27 PM - Inserir Historico EOARG202002078AR
11/03/2020 12:10:27 PM - Insert with success EOARG202002078AR
11/03/2020 12:10:44 PM - Inserir Historico EMARG202002265AR
11/03/2020 12:10:44 PM - Insert with success EMARG202002265AR
11/03/2020 12:10:57 PM - Inserir Historico EOARG202003002AR
11/03/2020 12:10:57 PM - Insert with success EOARG202003002AR
11/03/2020 12:11:13 PM - Inserir Historico EMARG202002161AR
11/03/2020 12:11:14 PM - Insert with success EMARG202002161AR
11/03/2020 12:11:36 PM - Inserir Historico EMARG202002199AR
11/03/2020 12:11:36 PM - Insert with success EMARG202002199AR
11/03/2020 12:11:50 PM - Inserir Historico EMARG202001105AR
11/03/2020 12:11:50 PM - Insert with success EMARG202001105AR
11/03/2020 12:12:03 PM - Inserir Historico EOARG202002089AR
11/03/2020 12:12:04 PM - Insert with success EOARG202002089AR
11/03/2020 12:12:19 PM - Inserir Historico IMARG202001161AR
11/03/2020 12:12:19 PM - Insert with success IMARG202001161AR
11/03/2020 12:12:34 PM - Inserir Historico IMROA201911042AR
11/03/2020 12:12:34 PM - Insert with success IMROA201911042AR
11/03/2020 12:12:48 PM - Inserir Historico EMARG202001128AR
11/03/2020 12:12:48 PM - Insert with success EMARG202001128AR
11/03/2020 12:13:05 PM - Inserir Historico IMARG201912068AR
11/03/2020 12:13:05 PM - Insert with success IMARG201912068AR
11/03/2020 12:13:18 PM - Inserir Historico EMARG202003037AR
11/03/2020 12:13:18 PM - Insert with success EMARG202003037AR
11/03/2020 12:13:34 PM - Inserir Historico IMARG202001035AR
11/03/2020 12:13:34 PM - Insert with success IMARG202001035AR
11/03/2020 12:13:49 PM - Inserir Historico IMARG202002066AR
11/03/2020 12:13:49 PM - Insert with success IMARG202002066AR
11/03/2020 12:14:02 PM - Inserir Historico EOARG202003073AR
11/03/2020 12:14:02 PM - Insert with success EOARG202003073AR
11/03/2020 12:14:17 PM - Inserir Historico IMROA201912018AR
11/03/2020 12:14:17 PM - Insert with success IMROA201912018AR
11/03/2020 12:14:28 PM - Inserir Historico EOARG202002007AR
11/03/2020 12:14:29 PM - Insert with success EOARG202002007AR
11/03/2020 12:14:43 PM - Inserir Historico IMARG202001087AR
11/03/2020 12:14:43 PM - Insert with success IMARG202001087AR
11/03/2020 12:14:57 PM - Inserir Historico IMARG202003065AR
11/03/2020 12:14:57 PM - Insert with success IMARG202003065AR
11/03/2020 12:15:09 PM - Inserir Historico EOARG202003005AR
11/03/2020 12:15:09 PM - Insert with success EOARG202003005AR
11/03/2020 12:15:19 PM - Inserir Historico EOARG202002181AR
11/03/2020 12:15:19 PM - Insert with success EOARG202002181AR
11/03/2020 12:15:27 PM - Inserir Historico IOARG202002008AR
11/03/2020 12:15:27 PM - Insert with success IOARG202002008AR
11/03/2020 12:15:41 PM - Inserir Historico IMARG202002017AR
11/03/2020 12:15:41 PM - Insert with success IMARG202002017AR
11/03/2020 12:15:54 PM - Inserir Historico IMARG202001032AR
11/03/2020 12:15:54 PM - Insert with success IMARG202001032AR
11/03/2020 12:16:07 PM - Inserir Historico IMARG202001157AR
11/03/2020 12:16:07 PM - Insert with success IMARG202001157AR
11/03/2020 12:16:18 PM - Inserir Historico EMARG202002139AR
11/03/2020 12:16:18 PM - Insert with success EMARG202002139AR
11/03/2020 12:16:30 PM - Inserir Historico IMCHP202001009AR
11/03/2020 12:16:30 PM - Insert with success IMCHP202001009AR
11/03/2020 12:16:44 PM - Inserir Historico EMARG202002235AR
11/03/2020 12:16:44 PM - Insert with success EMARG202002235AR
11/03/2020 12:16:54 PM - Inserir Historico EOARG202002029AR
11/03/2020 12:16:54 PM - Insert with success EOARG202002029AR
11/03/2020 12:17:08 PM - Inserir Historico EMARG202002213AR
11/03/2020 12:17:08 PM - Insert with success EMARG202002213AR
11/03/2020 12:17:20 PM - Inserir Historico IMROA202001047AR
11/03/2020 12:17:20 PM - Insert with success IMROA202001047AR
11/03/2020 12:17:33 PM - Inserir Historico IMROA202002031AR
11/03/2020 12:17:33 PM - Insert with success IMROA202002031AR
11/03/2020 12:17:43 PM - Inserir Historico EOARG202001201AR
11/03/2020 12:17:43 PM - Insert with success EOARG202001201AR
11/03/2020 12:17:55 PM - Inserir Historico IOARG202002003AR
11/03/2020 12:17:55 PM - Insert with success IOARG202002003AR
11/03/2020 12:18:05 PM - Inserir Historico EOARG202001088AR
11/03/2020 12:18:05 PM - Insert with success EOARG202001088AR
11/03/2020 12:18:17 PM - Inserir Historico EMARG202002259AR
11/03/2020 12:18:18 PM - Insert with success EMARG202002259AR
11/03/2020 12:18:25 PM - Inserir Historico IAARG202002005AR
11/03/2020 12:18:25 PM - Insert with success IAARG202002005AR
11/03/2020 12:18:36 PM - Inserir Historico EMARG202001161AR
11/03/2020 12:18:36 PM - Insert with success EMARG202001161AR
11/03/2020 12:18:50 PM - Inserir Historico IMARG202001114AR
11/03/2020 12:18:50 PM - Insert with success IMARG202001114AR
11/03/2020 12:19:02 PM - Inserir Historico IMARG202001107AR
11/03/2020 12:19:03 PM - Insert with success IMARG202001107AR
11/03/2020 12:19:13 PM - Inserir Historico EOARG202002073AR
11/03/2020 12:19:13 PM - Insert with success EOARG202002073AR
11/03/2020 12:19:25 PM - Inserir Historico EMARG202002254AR
11/03/2020 12:19:25 PM - Insert with success EMARG202002254AR
11/03/2020 12:19:37 PM - Inserir Historico IMROA202001069AR
11/03/2020 12:19:37 PM - Insert with success IMROA202001069AR
11/03/2020 12:19:47 PM - Inserir Historico EOARG202002157AR
11/03/2020 12:19:47 PM - Insert with success EOARG202002157AR
11/03/2020 12:20:01 PM - Inserir Historico IMARG202001003AR
11/03/2020 12:20:02 PM - Insert with success IMARG202001003AR
11/03/2020 12:20:13 PM - Inserir Historico EMARG202001270AR
11/03/2020 12:20:13 PM - Insert with success EMARG202001270AR
11/03/2020 12:20:24 PM - Inserir Historico EOARG202001238AR
11/03/2020 12:20:24 PM - Insert with success EOARG202001238AR
11/03/2020 12:20:34 PM - Inserir Historico EOUNI202002038AR
11/03/2020 12:20:34 PM - Insert with success EOUNI202002038AR
11/03/2020 12:20:44 PM - Inserir Historico EOARG202001261AR
11/03/2020 12:20:44 PM - Insert with success EOARG202001261AR
11/03/2020 12:20:55 PM - Inserir Historico EOARG202001242AR
11/03/2020 12:20:55 PM - Insert with success EOARG202001242AR
11/03/2020 12:21:05 PM - Inserir Historico EOARG202001047AR
11/03/2020 12:21:05 PM - Insert with success EOARG202001047AR
11/03/2020 12:21:16 PM - Inserir Historico EOARG202002015AR
11/03/2020 12:21:16 PM - Insert with success EOARG202002015AR
11/03/2020 12:21:27 PM - Inserir Historico EMARG202001037AR
11/03/2020 12:21:27 PM - Insert with success EMARG202001037AR
11/03/2020 12:21:40 PM - Inserir Historico EMARG202002279AR
11/03/2020 12:21:40 PM - Insert with success EMARG202002279AR
11/03/2020 12:21:51 PM - Inserir Historico EMARG202003012AR
11/03/2020 12:21:51 PM - Insert with success EMARG202003012AR
11/03/2020 12:22:10 PM - Inserir Historico EMARG202002177AR
11/03/2020 12:22:11 PM - Insert with success EMARG202002177AR
11/03/2020 12:22:21 PM - Inserir Historico EMARG202001042AR
11/03/2020 12:22:21 PM - Insert with success EMARG202001042AR
11/03/2020 12:22:33 PM - Inserir Historico EOARG202001217AR
11/03/2020 12:22:33 PM - Insert with success EOARG202001217AR
11/03/2020 12:22:48 PM - Inserir Historico EMARG202002129AR
11/03/2020 12:22:48 PM - Insert with success EMARG202002129AR
11/03/2020 12:23:01 PM - Inserir Historico IMROA202001048AR
11/03/2020 12:23:01 PM - Insert with success IMROA202001048AR
11/03/2020 12:23:29 PM - Inserir Historico IMARG202002079AR
11/03/2020 12:23:29 PM - Insert with success IMARG202002079AR
11/03/2020 12:27:15 PM - Inserir Historico EOARG202001094AR
11/03/2020 12:27:15 PM - Insert with success EOARG202001094AR
11/03/2020 12:27:27 PM - Inserir Historico IMARG201911092AR
11/03/2020 12:27:27 PM - Insert with success IMARG201911092AR
11/03/2020 12:27:38 PM - Inserir Historico EMARG202001195AR
11/03/2020 12:27:38 PM - Insert with success EMARG202001195AR
11/03/2020 12:27:48 PM - Inserir Historico EOARG202003001AR
11/03/2020 12:27:49 PM - Insert with success EOARG202003001AR
11/03/2020 12:28:00 PM - Inserir Historico IOARG202002009AR
11/03/2020 12:28:01 PM - Insert with success IOARG202002009AR
11/03/2020 12:28:12 PM - Inserir Historico EMARG202001157AR
11/03/2020 12:28:12 PM - Insert with success EMARG202001157AR
11/03/2020 12:28:22 PM - Inserir Historico EOARG202001064AR
11/03/2020 12:28:22 PM - Insert with success EOARG202001064AR
11/03/2020 12:28:35 PM - Inserir Historico EMARG202003070AR
11/03/2020 12:28:35 PM - Insert with success EMARG202003070AR
11/03/2020 12:28:41 PM - Inserir Historico EMARG202002033AR
11/03/2020 12:28:42 PM - Insert with success EMARG202002033AR
11/03/2020 12:28:52 PM - Inserir Historico EOARG202001255AR
11/03/2020 12:28:52 PM - Insert with success EOARG202001255AR
11/03/2020 12:29:02 PM - Inserir Historico EOARG202001188AR
11/03/2020 12:29:02 PM - Insert with success EOARG202001188AR
11/03/2020 12:29:12 PM - Inserir Historico EOUNI202003011AR
11/03/2020 12:29:12 PM - Insert with success EOUNI202003011AR
11/03/2020 12:29:22 PM - Inserir Historico EOARG202001189AR
11/03/2020 12:29:23 PM - Insert with success EOARG202001189AR
11/03/2020 12:29:34 PM - Inserir Historico EMARG202001015AR
11/03/2020 12:29:34 PM - Insert with success EMARG202001015AR
11/03/2020 12:29:45 PM - Inserir Historico EMARG202001241AR
11/03/2020 12:29:45 PM - Insert with success EMARG202001241AR
11/03/2020 12:29:55 PM - Inserir Historico EOARG202001186AR
11/03/2020 12:29:55 PM - Insert with success EOARG202001186AR
11/03/2020 12:30:10 PM - Inserir Historico EMARG202001162AR
11/03/2020 12:30:10 PM - Insert with success EMARG202001162AR
11/03/2020 12:30:23 PM - Inserir Historico EOARG202001248AR
11/03/2020 12:30:23 PM - Insert with success EOARG202001248AR
11/03/2020 12:30:34 PM - Inserir Historico EMARG202002207AR
11/03/2020 12:30:34 PM - Insert with success EMARG202002207AR
11/03/2020 12:30:48 PM - Inserir Historico EMARG202002196AR
11/03/2020 12:30:49 PM - Insert with success EMARG202002196AR
11/03/2020 12:31:00 PM - Inserir Historico EOARG202002132AR
11/03/2020 12:31:00 PM - Insert with success EOARG202002132AR
11/03/2020 12:31:12 PM - Inserir Historico IMROA202001031AR
11/03/2020 12:31:12 PM - Insert with success IMROA202001031AR
11/03/2020 12:31:22 PM - Inserir Historico EOARG202003059AR
11/03/2020 12:31:22 PM - Insert with success EOARG202003059AR
11/03/2020 12:31:36 PM - Inserir Historico IMROA202001007AR
11/03/2020 12:31:36 PM - Insert with success IMROA202001007AR
11/03/2020 12:31:47 PM - Inserir Historico EOARG201912241AR
11/03/2020 12:31:47 PM - Insert with success EOARG201912241AR
11/03/2020 12:31:58 PM - Inserir Historico EOARG202001175AR
11/03/2020 12:31:59 PM - Insert with success EOARG202001175AR
11/03/2020 12:32:12 PM - Inserir Historico IMARG202001170AR
11/03/2020 12:32:12 PM - Insert with success IMARG202001170AR
11/03/2020 12:32:23 PM - Inserir Historico EOARG202001030AR
11/03/2020 12:32:23 PM - Insert with success EOARG202001030AR
11/03/2020 12:32:35 PM - Inserir Historico EMARG202003063AR
11/03/2020 12:32:35 PM - Insert with success EMARG202003063AR
11/03/2020 12:32:48 PM - Inserir Historico EMARG202002260AR
11/03/2020 12:32:48 PM - Insert with success EMARG202002260AR
11/03/2020 12:32:58 PM - Inserir Historico EOARG202002239AR
11/03/2020 12:32:58 PM - Insert with success EOARG202002239AR
11/03/2020 12:33:08 PM - Inserir Historico EOARG202002149AR
11/03/2020 12:33:08 PM - Insert with success EOARG202002149AR
11/03/2020 12:33:19 PM - Inserir Historico EMARG202001314AR
11/03/2020 12:33:20 PM - Insert with success EMARG202001314AR
11/03/2020 12:33:30 PM - Inserir Historico EOARG202001249AR
11/03/2020 12:33:30 PM - Insert with success EOARG202001249AR
11/03/2020 12:33:40 PM - Inserir Historico EOARG202001251AR
11/03/2020 12:33:40 PM - Insert with success EOARG202001251AR
11/03/2020 12:33:50 PM - Inserir Historico EOARG202001252AR
11/03/2020 12:33:51 PM - Insert with success EOARG202001252AR
11/03/2020 12:34:01 PM - Inserir Historico EOARG202002114AR
11/03/2020 12:34:01 PM - Insert with success EOARG202002114AR
11/03/2020 12:34:12 PM - Inserir Historico EMARG202001098AR
11/03/2020 12:34:12 PM - Insert with success EMARG202001098AR
11/03/2020 12:34:23 PM - Inserir Historico EOARG202001130AR
11/03/2020 12:34:23 PM - Insert with success EOARG202001130AR
11/03/2020 12:34:34 PM - Inserir Historico EMARG202001250AR
11/03/2020 12:34:35 PM - Insert with success EMARG202001250AR
11/03/2020 12:34:45 PM - Inserir Historico EMARG201912239AR
11/03/2020 12:34:46 PM - Insert with success EMARG201912239AR
11/03/2020 12:34:57 PM - Inserir Historico EOARG202001038AR
11/03/2020 12:34:57 PM - Insert with success EOARG202001038AR
11/03/2020 12:35:08 PM - Inserir Historico EMARG202001094AR
11/03/2020 12:35:08 PM - Insert with success EMARG202001094AR
11/03/2020 12:35:19 PM - Inserir Historico EOARG202002147AR
11/03/2020 12:35:19 PM - Insert with success EOARG202002147AR
11/03/2020 12:35:33 PM - Inserir Historico EMARG202002203AR
11/03/2020 12:35:33 PM - Insert with success EMARG202002203AR
11/03/2020 12:35:44 PM - Inserir Historico EMARG202003053AR
11/03/2020 12:35:45 PM - Insert with success EMARG202003053AR
11/03/2020 12:35:56 PM - Inserir Historico EMARG202001310AR
11/03/2020 12:35:56 PM - Insert with success EMARG202001310AR
11/03/2020 12:36:07 PM - Inserir Historico EOUNI202003004AR
11/03/2020 12:36:07 PM - Insert with success EOUNI202003004AR
11/03/2020 12:36:17 PM - Inserir Historico EOARG202001069AR
11/03/2020 12:36:18 PM - Insert with success EOARG202001069AR
11/03/2020 12:36:28 PM - Inserir Historico EOROA202002003AR
11/03/2020 12:36:28 PM - Insert with success EOROA202002003AR
11/03/2020 12:36:39 PM - Inserir Historico EOARG202001016AR
11/03/2020 12:36:39 PM - Insert with success EOARG202001016AR
11/03/2020 12:36:50 PM - Inserir Historico EMARG202002178AR
11/03/2020 12:36:50 PM - Insert with success EMARG202002178AR
11/03/2020 12:37:01 PM - Inserir Historico EMARG202002244AR
11/03/2020 12:37:02 PM - Insert with success EMARG202002244AR
11/03/2020 12:37:12 PM - Inserir Historico EOARG201912243AR
11/03/2020 12:37:12 PM - Insert with success EOARG201912243AR
11/03/2020 12:37:24 PM - Inserir Historico EMARG202001229AR
11/03/2020 12:37:24 PM - Insert with success EMARG202001229AR
11/03/2020 12:37:35 PM - Inserir Historico EMARG202001202AR
11/03/2020 12:37:35 PM - Insert with success EMARG202001202AR
11/03/2020 12:37:47 PM - Inserir Historico EMARG202002184AR
11/03/2020 12:37:47 PM - Insert with success EMARG202002184AR
11/03/2020 12:38:01 PM - Inserir Historico IMARG202001115AR
11/03/2020 12:38:01 PM - Insert with success IMARG202001115AR
11/03/2020 12:38:13 PM - Inserir Historico EOARG202002141AR
11/03/2020 12:38:13 PM - Insert with success EOARG202002141AR
11/03/2020 12:38:23 PM - Inserir Historico EOARG202002199AR
11/03/2020 12:38:23 PM - Insert with success EOARG202002199AR
11/03/2020 12:38:36 PM - Inserir Historico IMARG201910114AR
11/03/2020 12:38:36 PM - Insert with success IMARG201910114AR
11/03/2020 12:38:49 PM - Inserir Historico IMARG202001108AR
11/03/2020 12:38:49 PM - Insert with success IMARG202001108AR
11/03/2020 12:39:00 PM - Inserir Historico EMARG202001339AR
11/03/2020 12:39:00 PM - Insert with success EMARG202001339AR
11/03/2020 12:39:12 PM - Inserir Historico EMARG202001151AR
11/03/2020 12:39:12 PM - Insert with success EMARG202001151AR
11/03/2020 12:39:23 PM - Inserir Historico EOARG202003069AR
11/03/2020 12:39:23 PM - Insert with success EOARG202003069AR
11/03/2020 12:39:34 PM - Inserir Historico EOARG202001072AR
11/03/2020 12:39:34 PM - Insert with success EOARG202001072AR
11/03/2020 12:39:48 PM - Inserir Historico EMARG202001349AR
11/03/2020 12:39:48 PM - Insert with success EMARG202001349AR
11/03/2020 12:39:59 PM - Inserir Historico EOROA202001003AR
11/03/2020 12:39:59 PM - Insert with success EOROA202001003AR
11/03/2020 12:40:12 PM - Inserir Historico IMCHP202002007AR
11/03/2020 12:40:12 PM - Insert with success IMCHP202002007AR
11/03/2020 12:40:25 PM - Inserir Historico IMARG202002033AR
11/03/2020 12:40:25 PM - Insert with success IMARG202002033AR
11/03/2020 12:40:40 PM - Inserir Historico EMARG202002144AR
11/03/2020 12:40:40 PM - Insert with success EMARG202002144AR
11/03/2020 12:40:51 PM - Inserir Historico EMARG202001060AR
11/03/2020 12:40:51 PM - Insert with success EMARG202001060AR
11/03/2020 12:41:02 PM - Inserir Historico IOARG202001009AR
11/03/2020 12:41:02 PM - Insert with success IOARG202001009AR
11/03/2020 12:41:12 PM - Inserir Historico EOUNI202002013AR
11/03/2020 12:41:12 PM - Insert with success EOUNI202002013AR
11/03/2020 12:41:23 PM - Inserir Historico EMARG202003088AR
11/03/2020 12:41:23 PM - Insert with success EMARG202003088AR
11/03/2020 12:41:37 PM - Inserir Historico EMARG202003005AR
11/03/2020 12:41:37 PM - Insert with success EMARG202003005AR
11/03/2020 12:41:48 PM - Inserir Historico EOARG202001168AR
11/03/2020 12:41:48 PM - Insert with success EOARG202001168AR
11/03/2020 12:42:01 PM - Inserir Historico IMARG202003066AR
11/03/2020 12:42:02 PM - Insert with success IMARG202003066AR
11/03/2020 12:42:17 PM - Inserir Historico EMARG202003010AR
11/03/2020 12:42:17 PM - Insert with success EMARG202003010AR
11/03/2020 12:42:29 PM - Inserir Historico EMARG202001311AR
11/03/2020 12:42:29 PM - Insert with success EMARG202001311AR
11/03/2020 12:42:39 PM - Inserir Historico EOARG202003084AR
11/03/2020 12:42:39 PM - Insert with success EOARG202003084AR
11/03/2020 12:42:48 PM - Inserir Historico IMARG201912093AR
11/03/2020 12:42:49 PM - Insert with success IMARG201912093AR
11/03/2020 12:43:01 PM - Inserir Historico IMROA202001032AR
11/03/2020 12:43:01 PM - Insert with success IMROA202001032AR
11/03/2020 12:43:15 PM - Inserir Historico EMARG202002104AR
11/03/2020 12:43:15 PM - Insert with success EMARG202002104AR
11/03/2020 12:43:25 PM - Inserir Historico EOARG202001226AR
11/03/2020 12:43:25 PM - Insert with success EOARG202001226AR
11/03/2020 12:43:36 PM - Inserir Historico EOARG202002235AR
11/03/2020 12:43:36 PM - Insert with success EOARG202002235AR
11/03/2020 12:43:50 PM - Inserir Historico EMARG202002040AR
11/03/2020 12:43:50 PM - Insert with success EMARG202002040AR
11/03/2020 12:44:01 PM - Inserir Historico EMARG202002148AR
11/03/2020 12:44:02 PM - Insert with success EMARG202002148AR
11/03/2020 12:44:13 PM - Inserir Historico EOARG202002008AR
11/03/2020 12:44:13 PM - Insert with success EOARG202002008AR
11/03/2020 12:44:23 PM - Inserir Historico EOARG202002013AR
11/03/2020 12:44:23 PM - Insert with success EOARG202002013AR
11/03/2020 12:44:33 PM - Inserir Historico EOARG202002120AR
11/03/2020 12:44:33 PM - Insert with success EOARG202002120AR
11/03/2020 12:44:45 PM - Inserir Historico IMARG202001065AR
11/03/2020 12:44:45 PM - Insert with success IMARG202001065AR
11/03/2020 12:44:58 PM - Inserir Historico EMARG202002238AR
11/03/2020 12:44:59 PM - Insert with success EMARG202002238AR
11/03/2020 12:45:11 PM - Inserir Historico IMARG202001135AR
11/03/2020 12:45:11 PM - Insert with success IMARG202001135AR
11/03/2020 12:45:27 PM - Inserir Historico EMARG202003009AR
11/03/2020 12:45:27 PM - Insert with success EMARG202003009AR
11/03/2020 12:45:37 PM - Inserir Historico EOARG202001017AR
11/03/2020 12:45:37 PM - Insert with success EOARG202001017AR
11/03/2020 12:45:51 PM - Inserir Historico EMARG202002273AR
11/03/2020 12:45:51 PM - Insert with success EMARG202002273AR
11/03/2020 12:46:03 PM - Inserir Historico IMARG202001149AR
11/03/2020 12:46:03 PM - Insert with success IMARG202001149AR
11/03/2020 12:46:16 PM - Inserir Historico IMROA202001057AR
11/03/2020 12:46:16 PM - Insert with success IMROA202001057AR
11/03/2020 12:46:26 PM - Inserir Historico EOARG202001260AR
11/03/2020 12:46:26 PM - Insert with success EOARG202001260AR
11/03/2020 12:46:37 PM - Inserir Historico EOARG202002146AR
11/03/2020 12:46:38 PM - Insert with success EOARG202002146AR
11/03/2020 12:46:48 PM - Inserir Historico EOARG202001170AR
11/03/2020 12:46:48 PM - Insert with success EOARG202001170AR
11/03/2020 12:47:02 PM - Inserir Historico EMARG202003033AR
11/03/2020 12:47:03 PM - Insert with success EMARG202003033AR
11/03/2020 12:47:13 PM - Inserir Historico EOARG202001190AR
11/03/2020 12:47:13 PM - Insert with success EOARG202001190AR
11/03/2020 12:47:23 PM - Inserir Historico EOARG202002053AR
11/03/2020 12:47:23 PM - Insert with success EOARG202002053AR
11/03/2020 12:47:38 PM - Inserir Historico IOARG202001001AR
11/03/2020 12:47:38 PM - Insert with success IOARG202001001AR
11/03/2020 12:47:51 PM - Inserir Historico IMARG202002019AR
11/03/2020 12:47:51 PM - Insert with success IMARG202002019AR
11/03/2020 12:48:04 PM - Inserir Historico EMARG202001354AR
11/03/2020 12:48:04 PM - Insert with success EMARG202001354AR
11/03/2020 12:48:14 PM - Inserir Historico EOARG202003010AR
11/03/2020 12:48:14 PM - Insert with success EOARG202003010AR
11/03/2020 12:48:26 PM - Inserir Historico EMARG202001076AR
11/03/2020 12:48:26 PM - Insert with success EMARG202001076AR
11/03/2020 12:48:38 PM - Inserir Historico IMCHP202001016AR
11/03/2020 12:48:38 PM - Insert with success IMCHP202001016AR
11/03/2020 12:48:51 PM - Inserir Historico IMARG201912012AR
11/03/2020 12:48:51 PM - Insert with success IMARG201912012AR
11/03/2020 12:49:02 PM - Inserir Historico EMARG202002291AR
11/03/2020 12:49:02 PM - Insert with success EMARG202002291AR
11/03/2020 12:49:13 PM - Inserir Historico EOARG202002031AR
11/03/2020 12:49:13 PM - Insert with success EOARG202002031AR
11/03/2020 12:49:23 PM - Inserir Historico EOUNI202003013AR
11/03/2020 12:49:24 PM - Insert with success EOUNI202003013AR
11/03/2020 12:49:35 PM - Inserir Historico EMARG202001299AR
11/03/2020 12:49:35 PM - Insert with success EMARG202001299AR
11/03/2020 12:49:46 PM - Inserir Historico EMARG202001048AR
11/03/2020 12:49:46 PM - Insert with success EMARG202001048AR
11/03/2020 12:49:59 PM - Inserir Historico IMROA201911009AR
11/03/2020 12:49:59 PM - Insert with success IMROA201911009AR
11/03/2020 12:50:09 PM - Inserir Historico IOCHP202002001AR
11/03/2020 12:50:09 PM - Insert with success IOCHP202002001AR
11/03/2020 12:50:23 PM - Inserir Historico EMARG202002111AR
11/03/2020 12:50:23 PM - Insert with success EMARG202002111AR
11/03/2020 12:50:36 PM - Inserir Historico IMARG202002018AR
11/03/2020 12:50:36 PM - Insert with success IMARG202002018AR
11/03/2020 12:50:48 PM - Inserir Historico IOARG202002007AR
11/03/2020 12:50:48 PM - Insert with success IOARG202002007AR
11/03/2020 12:51:00 PM - Inserir Historico EMARG202001258AR
11/03/2020 12:51:00 PM - Insert with success EMARG202001258AR
11/03/2020 12:51:11 PM - Inserir Historico EMARG202001262AR
11/03/2020 12:51:11 PM - Insert with success EMARG202001262AR
11/03/2020 12:51:22 PM - Inserir Historico EOARG202001204AR
11/03/2020 12:51:22 PM - Insert with success EOARG202001204AR
11/03/2020 12:51:33 PM - Inserir Historico EOARG202001068AR
11/03/2020 12:51:33 PM - Insert with success EOARG202001068AR
11/03/2020 12:51:44 PM - Inserir Historico EOARG202003058AR
11/03/2020 12:51:44 PM - Insert with success EOARG202003058AR
11/03/2020 12:51:59 PM - Inserir Historico IMCHP202001008AR
11/03/2020 12:51:59 PM - Insert with success IMCHP202001008AR
11/03/2020 12:52:11 PM - Inserir Historico EOARG202002136AR
11/03/2020 12:52:11 PM - Insert with success EOARG202002136AR
11/03/2020 12:52:21 PM - Inserir Historico EOARG202001228AR
11/03/2020 12:52:22 PM - Insert with success EOARG202001228AR
11/03/2020 12:52:32 PM - Inserir Historico EOUNI202001028AR
11/03/2020 12:52:32 PM - Insert with success EOUNI202001028AR
11/03/2020 12:52:45 PM - Inserir Historico IMARG202002010AR
11/03/2020 12:52:45 PM - Insert with success IMARG202002010AR
11/03/2020 12:52:58 PM - Inserir Historico IMARG202001131AR
11/03/2020 12:52:59 PM - Insert with success IMARG202001131AR
11/03/2020 12:53:12 PM - Inserir Historico IMROA202001062AR
11/03/2020 12:53:12 PM - Insert with success IMROA202001062AR
11/03/2020 12:53:28 PM - Inserir Historico EMARG202002189AR
11/03/2020 12:53:28 PM - Insert with success EMARG202002189AR
11/03/2020 12:53:39 PM - Inserir Historico EOARG202001265AR
11/03/2020 12:53:39 PM - Insert with success EOARG202001265AR
11/03/2020 12:53:49 PM - Inserir Historico EOUNI202002030AR
11/03/2020 12:53:50 PM - Insert with success EOUNI202002030AR
11/03/2020 12:54:00 PM - Inserir Historico EMARG202001117AR
11/03/2020 12:54:01 PM - Insert with success EMARG202001117AR
11/03/2020 12:54:13 PM - Inserir Historico IMROA202001070AR
11/03/2020 12:54:13 PM - Insert with success IMROA202001070AR
11/03/2020 12:54:22 PM - Inserir Historico EAARG202002001AR
11/03/2020 12:54:22 PM - Insert with success EAARG202002001AR
11/03/2020 12:54:34 PM - Inserir Historico IMROA202001045AR
11/03/2020 12:54:34 PM - Insert with success IMROA202001045AR
11/03/2020 12:54:45 PM - Inserir Historico EOARG202001134AR
11/03/2020 12:54:45 PM - Insert with success EOARG202001134AR
11/03/2020 12:54:56 PM - Inserir Historico EMARG202001146AR
11/03/2020 12:54:56 PM - Insert with success EMARG202001146AR
11/03/2020 12:55:10 PM - Inserir Historico EMARG202002079AR
11/03/2020 12:55:11 PM - Insert with success EMARG202002079AR
11/03/2020 12:55:24 PM - Inserir Historico IMARG202001004AR
11/03/2020 12:55:24 PM - Insert with success IMARG202001004AR
11/03/2020 12:55:37 PM - Inserir Historico EMARG202003035AR
11/03/2020 12:55:37 PM - Insert with success EMARG202003035AR
11/03/2020 12:55:42 PM - Inserir Historico IAFLT202001030AR
11/03/2020 12:55:43 PM - Insert with success IAFLT202001030AR
11/03/2020 12:55:56 PM - Inserir Historico EOARG202001209AR
11/03/2020 12:55:56 PM - Insert with success EOARG202001209AR
11/03/2020 12:56:09 PM - Inserir Historico IMARG202001092AR
11/03/2020 12:56:09 PM - Insert with success IMARG202001092AR
11/03/2020 12:56:19 PM - Inserir Historico EOARG202001183AR
11/03/2020 12:56:20 PM - Insert with success EOARG202001183AR
11/03/2020 12:56:31 PM - Inserir Historico EMARG202001327AR
11/03/2020 12:56:31 PM - Insert with success EMARG202001327AR
11/03/2020 12:56:42 PM - Inserir Historico EOARG202001182AR
11/03/2020 12:56:42 PM - Insert with success EOARG202001182AR
11/03/2020 12:56:54 PM - Inserir Historico EMARG202003020AR
11/03/2020 12:56:54 PM - Insert with success EMARG202003020AR
11/03/2020 12:57:11 PM - Inserir Historico IMARG201911099AR
11/03/2020 12:57:11 PM - Insert with success IMARG201911099AR
11/03/2020 12:57:25 PM - Inserir Historico IMARG202002014AR
11/03/2020 12:57:25 PM - Insert with success IMARG202002014AR
11/03/2020 12:57:38 PM - Inserir Historico IMARG202001041AR
11/03/2020 12:57:38 PM - Insert with success IMARG202001041AR
11/03/2020 12:57:50 PM - Inserir Historico EMARG202003077AR
11/03/2020 12:57:50 PM - Insert with success EMARG202003077AR
11/03/2020 12:58:01 PM - Inserir Historico EMARG202001213AR
11/03/2020 12:58:01 PM - Insert with success EMARG202001213AR
11/03/2020 12:58:11 PM - Inserir Historico EOARG202002098AR
11/03/2020 12:58:11 PM - Insert with success EOARG202002098AR
11/03/2020 12:58:25 PM - Inserir Historico IMARG202001006AR
11/03/2020 12:58:26 PM - Insert with success IMARG202001006AR
11/03/2020 12:58:36 PM - Inserir Historico EOARG202001082AR
11/03/2020 12:58:36 PM - Insert with success EOARG202001082AR
11/03/2020 12:58:46 PM - Inserir Historico EOARG202002227AR
11/03/2020 12:58:46 PM - Insert with success EOARG202002227AR
11/03/2020 12:59:00 PM - Inserir Historico EMARG202002112AR
11/03/2020 12:59:00 PM - Insert with success EMARG202002112AR
11/03/2020 12:59:12 PM - Inserir Historico IMROA202001016AR
11/03/2020 12:59:12 PM - Insert with success IMROA202001016AR
11/03/2020 12:59:24 PM - Inserir Historico EOARG202002104AR
11/03/2020 12:59:24 PM - Insert with success EOARG202002104AR
11/03/2020 12:59:37 PM - Inserir Historico EMARG202003004AR
11/03/2020 12:59:38 PM - Insert with success EMARG202003004AR
11/03/2020 12:59:48 PM - Inserir Historico EOUNI202002017AR
11/03/2020 12:59:48 PM - Insert with success EOUNI202002017AR
11/03/2020 1:00:03 PM - Inserir Historico EMARG202002256AR
11/03/2020 1:00:03 PM - Insert with success EMARG202002256AR
11/03/2020 1:00:17 PM - Inserir Historico EMARG202001123AR
11/03/2020 1:00:17 PM - Insert with success EMARG202001123AR
11/03/2020 1:00:30 PM - Inserir Historico EOROA202002012AR
11/03/2020 1:00:30 PM - Insert with success EOROA202002012AR
11/03/2020 1:00:46 PM - Inserir Historico EMARG202001006AR
11/03/2020 1:00:46 PM - Insert with success EMARG202001006AR
11/03/2020 1:01:00 PM - Inserir Historico EOUNI202002003AR
11/03/2020 1:01:00 PM - Insert with success EOUNI202002003AR
11/03/2020 1:01:14 PM - Inserir Historico EOUNI202002001AR
11/03/2020 1:01:14 PM - Insert with success EOUNI202002001AR
11/03/2020 1:01:30 PM - Inserir Historico EMARG202001226AR
11/03/2020 1:01:30 PM - Insert with success EMARG202001226AR
11/03/2020 1:01:46 PM - Inserir Historico EOARG202001206AR
11/03/2020 1:01:46 PM - Insert with success EOARG202001206AR
11/03/2020 1:02:01 PM - Inserir Historico EMARG202001211AR
11/03/2020 1:02:01 PM - Insert with success EMARG202001211AR
11/03/2020 1:02:18 PM - Inserir Historico IMARG202002025AR
11/03/2020 1:02:18 PM - Insert with success IMARG202002025AR
11/03/2020 1:02:32 PM - Inserir Historico EOARG202002004AR
11/03/2020 1:02:32 PM - Insert with success EOARG202002004AR
11/03/2020 1:02:50 PM - Inserir Historico EMARG202002295AR
11/03/2020 1:02:50 PM - Insert with success EMARG202002295AR
11/03/2020 1:03:07 PM - Inserir Historico IMROA202002019AR
11/03/2020 1:03:07 PM - Insert with success IMROA202002019AR
11/03/2020 1:03:23 PM - Inserir Historico EOARG202002106AR
11/03/2020 1:03:23 PM - Insert with success EOARG202002106AR
11/03/2020 1:03:39 PM - Inserir Historico EMARG202001305AR
11/03/2020 1:03:39 PM - Insert with success EMARG202001305AR
11/03/2020 1:03:57 PM - Inserir Historico EMARG202003069AR
11/03/2020 1:03:57 PM - Insert with success EMARG202003069AR
11/03/2020 1:04:14 PM - Inserir Historico EMARG202002063AR
11/03/2020 1:04:14 PM - Insert with success EMARG202002063AR
11/03/2020 1:04:28 PM - Inserir Historico EOARG202002231AR
11/03/2020 1:04:28 PM - Insert with success EOARG202002231AR
11/03/2020 1:04:43 PM - Inserir Historico IMARG202001026AR
11/03/2020 1:04:44 PM - Insert with success IMARG202001026AR
11/03/2020 1:04:57 PM - Inserir Historico EMARG202001290AR
11/03/2020 1:04:57 PM - Insert with success EMARG202001290AR
11/03/2020 1:05:10 PM - Inserir Historico EOUNI202001038AR
11/03/2020 1:05:10 PM - Insert with success EOUNI202001038AR
11/03/2020 1:05:26 PM - Inserir Historico EMARG202002034AR
11/03/2020 1:05:26 PM - Insert with success EMARG202002034AR
11/03/2020 1:05:38 PM - Inserir Historico EOARG202002244AR
11/03/2020 1:05:38 PM - Insert with success EOARG202002244AR
11/03/2020 1:05:52 PM - Inserir Historico EMARG202001038AR
11/03/2020 1:05:52 PM - Insert with success EMARG202001038AR
11/03/2020 1:06:08 PM - Inserir Historico EMARG202002305AR
11/03/2020 1:06:08 PM - Insert with success EMARG202002305AR
11/03/2020 1:06:20 PM - Inserir Historico EOARG202001156AR
11/03/2020 1:06:21 PM - Insert with success EOARG202001156AR
11/03/2020 1:06:32 PM - Inserir Historico EOARG202002092AR
11/03/2020 1:06:33 PM - Insert with success EOARG202002092AR
11/03/2020 1:06:49 PM - Inserir Historico EMARG202002275AR
11/03/2020 1:06:49 PM - Insert with success EMARG202002275AR
11/03/2020 1:07:04 PM - Inserir Historico EMARG202002277AR
11/03/2020 1:07:05 PM - Insert with success EMARG202002277AR
11/03/2020 1:07:20 PM - Inserir Historico IMARG201911098AR
11/03/2020 1:07:20 PM - Insert with success IMARG201911098AR
11/03/2020 1:07:36 PM - Inserir Historico IMROA202002011AR
11/03/2020 1:07:36 PM - Insert with success IMROA202002011AR
11/03/2020 1:07:50 PM - Inserir Historico EMARG202001246AR
11/03/2020 1:07:50 PM - Insert with success EMARG202001246AR
11/03/2020 1:08:06 PM - Inserir Historico EOARG202001029AR
11/03/2020 1:08:06 PM - Insert with success EOARG202001029AR
11/03/2020 1:08:22 PM - Inserir Historico IMARG201911093AR
11/03/2020 1:08:22 PM - Insert with success IMARG201911093AR
11/03/2020 1:08:35 PM - Inserir Historico EOARG202001162AR
11/03/2020 1:08:35 PM - Insert with success EOARG202001162AR
11/03/2020 1:08:56 PM - Inserir Historico IMBRN202002004AR
11/03/2020 1:08:56 PM - Insert with success IMBRN202002004AR
11/03/2020 1:09:08 PM - Inserir Historico EOARG202003018AR
11/03/2020 1:09:09 PM - Insert with success EOARG202003018AR
11/03/2020 1:09:25 PM - Inserir Historico EMARG202001345AR
11/03/2020 1:09:26 PM - Insert with success EMARG202001345AR
11/03/2020 1:09:39 PM - Inserir Historico EMARG202001201AR
11/03/2020 1:09:39 PM - Insert with success EMARG202001201AR
11/03/2020 1:09:52 PM - Inserir Historico EMARG202001124AR
11/03/2020 1:09:52 PM - Insert with success EMARG202001124AR
11/03/2020 1:10:08 PM - Inserir Historico EMARG202001348AR
11/03/2020 1:10:08 PM - Insert with success EMARG202001348AR
11/03/2020 1:10:22 PM - Inserir Historico EOARG202001177AR
11/03/2020 1:10:22 PM - Insert with success EOARG202001177AR
11/03/2020 1:10:34 PM - Inserir Historico EOARG202002042AR
11/03/2020 1:10:34 PM - Insert with success EOARG202002042AR
11/03/2020 1:10:45 PM - Inserir Historico EOUNI202003008AR
11/03/2020 1:10:46 PM - Insert with success EOUNI202003008AR
11/03/2020 1:10:58 PM - Inserir Historico EOARG202002046AR
11/03/2020 1:10:58 PM - Insert with success EOARG202002046AR
11/03/2020 1:11:11 PM - Inserir Historico EOARG202002168AR
11/03/2020 1:11:11 PM - Insert with success EOARG202002168AR
11/03/2020 1:11:25 PM - Inserir Historico IMARG201912098AR
11/03/2020 1:11:26 PM - Insert with success IMARG201912098AR
11/03/2020 1:11:38 PM - Inserir Historico EOARG202002218AR
11/03/2020 1:11:38 PM - Insert with success EOARG202002218AR
11/03/2020 1:11:53 PM - Inserir Historico EMARG202002019AR
11/03/2020 1:11:53 PM - Insert with success EMARG202002019AR
11/03/2020 1:12:09 PM - Inserir Historico IMARG202001162AR
11/03/2020 1:12:09 PM - Insert with success IMARG202001162AR
11/03/2020 1:12:23 PM - Inserir Historico IMARG202002082AR
11/03/2020 1:12:23 PM - Insert with success IMARG202002082AR
11/03/2020 1:12:37 PM - Inserir Historico EMARG202002004AR
11/03/2020 1:12:38 PM - Insert with success EMARG202002004AR
11/03/2020 1:12:48 PM - Inserir Historico EOARG202001211AR
11/03/2020 1:12:48 PM - Insert with success EOARG202001211AR
11/03/2020 1:13:00 PM - Inserir Historico IMCHP202001006AR
11/03/2020 1:13:00 PM - Insert with success IMCHP202001006AR
11/03/2020 1:13:10 PM - Inserir Historico EOARG202002211AR
11/03/2020 1:13:11 PM - Insert with success EOARG202002211AR
11/03/2020 1:13:21 PM - Inserir Historico EMARG202001192AR
11/03/2020 1:13:22 PM - Insert with success EMARG202001192AR
11/03/2020 1:13:34 PM - Inserir Historico IMCHP202001005AR
11/03/2020 1:13:34 PM - Insert with success IMCHP202001005AR
11/03/2020 1:13:45 PM - Inserir Historico EOUNI202001026AR
11/03/2020 1:13:45 PM - Insert with success EOUNI202001026AR
11/03/2020 1:13:56 PM - Inserir Historico EOARG202001034AR
11/03/2020 1:13:56 PM - Insert with success EOARG202001034AR
11/03/2020 1:14:07 PM - Inserir Historico EMARG202001240AR
11/03/2020 1:14:08 PM - Insert with success EMARG202001240AR
11/03/2020 1:14:19 PM - Inserir Historico EMARG202001283AR
11/03/2020 1:14:19 PM - Insert with success EMARG202001283AR
11/03/2020 1:14:32 PM - Inserir Historico EMARG202002220AR
11/03/2020 1:14:32 PM - Insert with success EMARG202002220AR
11/03/2020 1:14:43 PM - Inserir Historico EOUNI202002012AR
11/03/2020 1:14:43 PM - Insert with success EOUNI202002012AR
11/03/2020 1:14:56 PM - Inserir Historico EMARG202002306AR
11/03/2020 1:14:56 PM - Insert with success EMARG202002306AR
11/03/2020 1:15:06 PM - Inserir Historico EOARG202002101AR
11/03/2020 1:15:06 PM - Insert with success EOARG202002101AR
11/03/2020 1:15:16 PM - Inserir Historico EOUNI202001036AR
11/03/2020 1:15:17 PM - Insert with success EOUNI202001036AR
11/03/2020 1:15:29 PM - Inserir Historico IMROA202003007AR
11/03/2020 1:15:29 PM - Insert with success IMROA202003007AR
11/03/2020 1:15:40 PM - Inserir Historico EOARG202003085AR
11/03/2020 1:15:40 PM - Insert with success EOARG202003085AR
11/03/2020 1:15:55 PM - Inserir Historico EMARG202002120AR
11/03/2020 1:15:55 PM - Insert with success EMARG202002120AR
11/03/2020 1:16:07 PM - Inserir Historico EMARG202002105AR
11/03/2020 1:16:07 PM - Insert with success EMARG202002105AR
11/03/2020 1:16:19 PM - Inserir Historico IMROA202001021AR
11/03/2020 1:16:20 PM - Insert with success IMROA202001021AR
11/03/2020 1:16:31 PM - Inserir Historico EMARG202001122AR
11/03/2020 1:16:31 PM - Insert with success EMARG202001122AR
11/03/2020 1:16:42 PM - Inserir Historico EOARG202002108AR
11/03/2020 1:16:43 PM - Insert with success EOARG202002108AR
11/03/2020 1:16:57 PM - Inserir Historico EMARG202002075AR
11/03/2020 1:16:57 PM - Insert with success EMARG202002075AR
11/03/2020 1:17:09 PM - Inserir Historico EMARG202003021AR
11/03/2020 1:17:09 PM - Insert with success EMARG202003021AR
11/03/2020 1:17:21 PM - Inserir Historico EOARG202001074AR
11/03/2020 1:17:21 PM - Insert with success EOARG202001074AR
11/03/2020 1:17:31 PM - Inserir Historico EOARG202001077AR
11/03/2020 1:17:31 PM - Insert with success EOARG202001077AR
11/03/2020 1:17:43 PM - Inserir Historico EMARG202001205AR
11/03/2020 1:17:43 PM - Insert with success EMARG202001205AR
11/03/2020 1:17:56 PM - Inserir Historico IMARG202001104AR
11/03/2020 1:17:56 PM - Insert with success IMARG202001104AR
11/03/2020 1:18:07 PM - Inserir Historico EMARG202001070AR
11/03/2020 1:18:07 PM - Insert with success EMARG202001070AR
11/03/2020 1:18:20 PM - Inserir Historico IMARG201912013AR
11/03/2020 1:18:20 PM - Insert with success IMARG201912013AR
11/03/2020 1:18:32 PM - Inserir Historico IMROA202003008AR
11/03/2020 1:18:33 PM - Insert with success IMROA202003008AR
11/03/2020 1:18:43 PM - Inserir Historico EOARG202002093AR
11/03/2020 1:18:43 PM - Insert with success EOARG202002093AR
11/03/2020 1:18:55 PM - Inserir Historico EMARG202001147AR
11/03/2020 1:18:55 PM - Insert with success EMARG202001147AR
11/03/2020 1:19:07 PM - Inserir Historico EMARG202001109AR
11/03/2020 1:19:07 PM - Insert with success EMARG202001109AR
11/03/2020 1:19:21 PM - Inserir Historico EMARG202002166AR
11/03/2020 1:19:21 PM - Insert with success EMARG202002166AR
11/03/2020 1:19:34 PM - Inserir Historico EOARG202001022AR
11/03/2020 1:19:34 PM - Insert with success EOARG202001022AR
11/03/2020 1:19:46 PM - Inserir Historico EMARG202001078AR
11/03/2020 1:19:46 PM - Insert with success EMARG202001078AR
11/03/2020 1:20:02 PM - Inserir Historico EMARG202002249AR
11/03/2020 1:20:02 PM - Insert with success EMARG202002249AR
11/03/2020 1:20:13 PM - Inserir Historico EMUNI202003001AR
11/03/2020 1:20:13 PM - Insert with success EMUNI202003001AR
11/03/2020 1:20:23 PM - Inserir Historico EOARG202002165AR
11/03/2020 1:20:23 PM - Insert with success EOARG202002165AR
11/03/2020 1:20:35 PM - Inserir Historico EMARG202003038AR
11/03/2020 1:20:35 PM - Insert with success EMARG202003038AR
11/03/2020 1:20:46 PM - Inserir Historico IOARG202001004AR
11/03/2020 1:20:46 PM - Insert with success IOARG202001004AR
11/03/2020 1:20:59 PM - Inserir Historico EMARG202003034AR
11/03/2020 1:20:59 PM - Insert with success EMARG202003034AR
11/03/2020 1:21:06 PM - Inserir Historico EMFLT202002020AR
11/03/2020 1:21:06 PM - Insert with success EMFLT202002020AR
11/03/2020 1:21:12 PM - Inserir Historico IAFLT202001032AR
11/03/2020 1:21:12 PM - Insert with success IAFLT202001032AR
11/03/2020 1:21:26 PM - Inserir Historico EMARG202002121AR
11/03/2020 1:21:27 PM - Insert with success EMARG202002121AR
11/03/2020 1:21:41 PM - Inserir Historico EMARG202002127AR
11/03/2020 1:21:41 PM - Insert with success EMARG202002127AR
11/03/2020 1:21:53 PM - Inserir Historico EMARG202002292AR
11/03/2020 1:21:53 PM - Insert with success EMARG202002292AR
11/03/2020 1:22:04 PM - Inserir Historico EOARG202003050AR
11/03/2020 1:22:05 PM - Insert with success EOARG202003050AR
11/03/2020 1:22:15 PM - Inserir Historico EOARG202001163AR
11/03/2020 1:22:15 PM - Insert with success EOARG202001163AR
11/03/2020 1:22:26 PM - Inserir Historico EMARG202001152AR
11/03/2020 1:22:26 PM - Insert with success EMARG202001152AR
11/03/2020 1:22:38 PM - Inserir Historico EMARG202001100AR
11/03/2020 1:22:38 PM - Insert with success EMARG202001100AR
11/03/2020 1:22:51 PM - Inserir Historico IMARG202001074AR
11/03/2020 1:22:51 PM - Insert with success IMARG202001074AR
11/03/2020 1:23:02 PM - Inserir Historico EOARG202003023AR
11/03/2020 1:23:02 PM - Insert with success EOARG202003023AR
11/03/2020 1:23:13 PM - Inserir Historico EOUNI202002042AR
11/03/2020 1:23:13 PM - Insert with success EOUNI202002042AR
11/03/2020 1:23:25 PM - Inserir Historico EOARG202002051AR
11/03/2020 1:23:25 PM - Insert with success EOARG202002051AR
11/03/2020 1:23:35 PM - Inserir Historico EOROA202001001AR
11/03/2020 1:23:36 PM - Insert with success EOROA202001001AR
11/03/2020 1:23:48 PM - Inserir Historico EOARG202002152AR
11/03/2020 1:23:48 PM - Insert with success EOARG202002152AR
11/03/2020 1:23:56 PM - Inserir Historico EMFLT202002021AR
11/03/2020 1:23:56 PM - Insert with success EMFLT202002021AR
11/03/2020 1:24:07 PM - Inserir Historico EOARG202001075AR
11/03/2020 1:24:07 PM - Insert with success EOARG202001075AR
11/03/2020 1:24:19 PM - Inserir Historico EMARG202001224AR
11/03/2020 1:24:19 PM - Insert with success EMARG202001224AR
11/03/2020 1:24:31 PM - Inserir Historico IMARG202001066AR
11/03/2020 1:24:31 PM - Insert with success IMARG202001066AR
11/03/2020 1:24:42 PM - Inserir Historico EOARG202001058AR
11/03/2020 1:24:42 PM - Insert with success EOARG202001058AR
11/03/2020 1:24:52 PM - Inserir Historico EOUNI202001016AR
11/03/2020 1:24:52 PM - Insert with success EOUNI202001016AR
11/03/2020 1:25:04 PM - Inserir Historico EMARG202001302AR
11/03/2020 1:25:04 PM - Insert with success EMARG202001302AR
11/03/2020 1:25:18 PM - Inserir Historico EMARG202002119AR
11/03/2020 1:25:18 PM - Insert with success EMARG202002119AR
11/03/2020 1:25:30 PM - Inserir Historico EMARG202003076AR
11/03/2020 1:25:30 PM - Insert with success EMARG202003076AR
11/03/2020 1:25:40 PM - Inserir Historico EOARG202001202AR
11/03/2020 1:25:41 PM - Insert with success EOARG202001202AR
11/03/2020 1:25:51 PM - Inserir Historico EOUNI202001020AR
11/03/2020 1:25:51 PM - Insert with success EOUNI202001020AR
11/03/2020 1:26:03 PM - Inserir Historico EMARG202001040AR
11/03/2020 1:26:03 PM - Insert with success EMARG202001040AR
11/03/2020 1:26:13 PM - Inserir Historico EOARG202001141AR
11/03/2020 1:26:13 PM - Insert with success EOARG202001141AR
11/03/2020 1:26:24 PM - Inserir Historico EOARG202003064AR
11/03/2020 1:26:24 PM - Insert with success EOARG202003064AR
11/03/2020 1:26:31 PM - Inserir Historico IMFLT202003001AR
11/03/2020 1:26:31 PM - Insert with success IMFLT202003001AR
11/03/2020 1:26:42 PM - Inserir Historico EMARG202001265AR
11/03/2020 1:26:42 PM - Insert with success EMARG202001265AR
11/03/2020 1:26:53 PM - Inserir Historico EOARG202001102AR
11/03/2020 1:26:53 PM - Insert with success EOARG202001102AR
11/03/2020 1:27:04 PM - Inserir Historico EMARG202001284AR
11/03/2020 1:27:04 PM - Insert with success EMARG202001284AR
11/03/2020 1:27:17 PM - Inserir Historico IMARG202001046AR
11/03/2020 1:27:17 PM - Insert with success IMARG202001046AR
11/03/2020 1:27:29 PM - Inserir Historico IMROA202003010AR
11/03/2020 1:27:30 PM - Insert with success IMROA202003010AR
11/03/2020 1:27:44 PM - Inserir Historico EMARG202002114AR
11/03/2020 1:27:44 PM - Insert with success EMARG202002114AR
11/03/2020 1:27:58 PM - Inserir Historico IMARG202001080AR
11/03/2020 1:27:58 PM - Insert with success IMARG202001080AR
11/03/2020 1:28:09 PM - Inserir Historico EOARG201912242AR
11/03/2020 1:28:10 PM - Insert with success EOARG201912242AR
11/03/2020 1:28:22 PM - Inserir Historico IMARG202001096AR
11/03/2020 1:28:22 PM - Insert with success IMARG202001096AR
11/03/2020 1:28:35 PM - Inserir Historico IMARG202001166AR
11/03/2020 1:28:35 PM - Insert with success IMARG202001166AR
11/03/2020 1:28:46 PM - Inserir Historico EOARG202001157AR
11/03/2020 1:28:46 PM - Insert with success EOARG202001157AR
11/03/2020 1:28:55 PM - Inserir Historico IAARG201912007AR
11/03/2020 1:28:55 PM - Insert with success IAARG201912007AR
11/03/2020 1:29:07 PM - Inserir Historico EMARG202002051AR
11/03/2020 1:29:07 PM - Insert with success EMARG202002051AR
11/03/2020 1:29:18 PM - Inserir Historico EMARG202001023AR
11/03/2020 1:29:18 PM - Insert with success EMARG202001023AR
11/03/2020 1:29:29 PM - Inserir Historico EMARG202001325AR
11/03/2020 1:29:29 PM - Insert with success EMARG202001325AR
11/03/2020 1:29:41 PM - Inserir Historico EMARG202001329AR
11/03/2020 1:29:41 PM - Insert with success EMARG202001329AR
11/03/2020 1:29:51 PM - Inserir Historico EOARG202002117AR
11/03/2020 1:29:51 PM - Insert with success EOARG202002117AR
11/03/2020 1:30:05 PM - Inserir Historico EMARG202002159AR
11/03/2020 1:30:05 PM - Insert with success EMARG202002159AR
11/03/2020 1:30:15 PM - Inserir Historico EOUNI202002044AR
11/03/2020 1:30:15 PM - Insert with success EOUNI202002044AR
11/03/2020 1:30:26 PM - Inserir Historico EMUNI202002003AR
11/03/2020 1:30:27 PM - Insert with success EMUNI202002003AR
11/03/2020 1:30:37 PM - Inserir Historico EOARG202002102AR
11/03/2020 1:30:37 PM - Insert with success EOARG202002102AR
11/03/2020 1:30:47 PM - Inserir Historico EOARG202001083AR
11/03/2020 1:30:48 PM - Insert with success EOARG202001083AR
11/03/2020 1:31:00 PM - Inserir Historico EMARG202003043AR
11/03/2020 1:31:01 PM - Insert with success EMARG202003043AR
11/03/2020 1:31:13 PM - Inserir Historico IMARG201912071AR
11/03/2020 1:31:14 PM - Insert with success IMARG201912071AR
11/03/2020 1:31:26 PM - Inserir Historico IMARG202002057AR
11/03/2020 1:31:26 PM - Insert with success IMARG202002057AR
11/03/2020 1:31:37 PM - Inserir Historico EMARG202001017AR
11/03/2020 1:31:37 PM - Insert with success EMARG202001017AR
11/03/2020 1:31:48 PM - Inserir Historico EOARG202003086AR
11/03/2020 1:31:48 PM - Insert with success EOARG202003086AR
11/03/2020 1:31:58 PM - Inserir Historico EOUNI202002037AR
11/03/2020 1:31:59 PM - Insert with success EOUNI202002037AR
11/03/2020 1:32:11 PM - Inserir Historico EMARG202003016AR
11/03/2020 1:32:11 PM - Insert with success EMARG202003016AR
11/03/2020 1:32:26 PM - Inserir Historico IMARG202001101AR
11/03/2020 1:32:26 PM - Insert with success IMARG202001101AR
11/03/2020 1:32:38 PM - Inserir Historico IMCHP202001003AR
11/03/2020 1:32:39 PM - Insert with success IMCHP202001003AR
11/03/2020 1:32:49 PM - Inserir Historico EOARG202002033AR
11/03/2020 1:32:49 PM - Insert with success EOARG202002033AR
11/03/2020 1:32:59 PM - Inserir Historico EOARG202002161AR
11/03/2020 1:33:00 PM - Insert with success EOARG202002161AR
11/03/2020 1:33:12 PM - Inserir Historico IMCHP202002006AR
11/03/2020 1:33:12 PM - Insert with success IMCHP202002006AR
11/03/2020 1:33:22 PM - Inserir Historico EOARG202002172AR
11/03/2020 1:33:22 PM - Insert with success EOARG202002172AR
11/03/2020 1:33:35 PM - Inserir Historico IMARG202002023AR
11/03/2020 1:33:35 PM - Insert with success IMARG202002023AR
11/03/2020 1:33:53 PM - Inserir Historico EMARG202002008AR
11/03/2020 1:33:53 PM - Insert with success EMARG202002008AR
11/03/2020 1:34:03 PM - Inserir Historico EOARG202001079AR
11/03/2020 1:34:04 PM - Insert with success EOARG202001079AR
11/03/2020 1:34:15 PM - Inserir Historico EMARG202001335AR
11/03/2020 1:34:15 PM - Insert with success EMARG202001335AR
11/03/2020 1:34:26 PM - Inserir Historico EOARG202001124AR
11/03/2020 1:34:26 PM - Insert with success EOARG202001124AR
11/03/2020 1:34:36 PM - Inserir Historico EOARG202001236AR
11/03/2020 1:34:36 PM - Insert with success EOARG202001236AR
11/03/2020 1:34:48 PM - Inserir Historico EOARG202001195AR
11/03/2020 1:34:48 PM - Insert with success EOARG202001195AR
11/03/2020 1:34:58 PM - Inserir Historico EOARG202001214AR
11/03/2020 1:34:59 PM - Insert with success EOARG202001214AR
11/03/2020 1:35:13 PM - Inserir Historico EMARG202002122AR
11/03/2020 1:35:13 PM - Insert with success EMARG202002122AR
11/03/2020 1:35:24 PM - Inserir Historico EMARG202002142AR
11/03/2020 1:35:25 PM - Insert with success EMARG202002142AR
11/03/2020 1:35:35 PM - Inserir Historico EOARG202002208AR
11/03/2020 1:35:35 PM - Insert with success EOARG202002208AR
11/03/2020 1:35:50 PM - Inserir Historico EMARG202002152AR
11/03/2020 1:35:50 PM - Insert with success EMARG202002152AR
11/03/2020 1:36:01 PM - Inserir Historico EOARG202003087AR
11/03/2020 1:36:01 PM - Insert with success EOARG202003087AR
11/03/2020 1:36:16 PM - Inserir Historico IOCHP202001002AR
11/03/2020 1:36:16 PM - Insert with success IOCHP202001002AR
11/03/2020 1:36:27 PM - Inserir Historico EOARG202002099AR
11/03/2020 1:36:27 PM - Insert with success EOARG202002099AR
11/03/2020 1:36:39 PM - Inserir Historico EMARG202001016AR
11/03/2020 1:36:39 PM - Insert with success EMARG202001016AR
11/03/2020 1:36:49 PM - Inserir Historico EOARG202002111AR
11/03/2020 1:36:49 PM - Insert with success EOARG202002111AR
11/03/2020 1:37:04 PM - Inserir Historico EMARG202002190AR
11/03/2020 1:37:04 PM - Insert with success EMARG202002190AR
11/03/2020 1:37:14 PM - Inserir Historico EOARG202002011AR
11/03/2020 1:37:14 PM - Insert with success EOARG202002011AR
11/03/2020 1:37:26 PM - Inserir Historico EMARG202001208AR
11/03/2020 1:37:26 PM - Insert with success EMARG202001208AR
11/03/2020 1:37:40 PM - Inserir Historico EMARG202002200AR
11/03/2020 1:37:40 PM - Insert with success EMARG202002200AR
11/03/2020 1:37:50 PM - Inserir Historico EOARG202002155AR
11/03/2020 1:37:50 PM - Insert with success EOARG202002155AR
11/03/2020 1:38:01 PM - Inserir Historico EOARG202001139AR
11/03/2020 1:38:01 PM - Insert with success EOARG202001139AR
11/03/2020 1:38:14 PM - Inserir Historico IMROA202001036AR
11/03/2020 1:38:14 PM - Insert with success IMROA202001036AR
11/03/2020 1:38:24 PM - Inserir Historico EOUNI202001021AR
11/03/2020 1:38:24 PM - Insert with success EOUNI202001021AR
11/03/2020 1:38:38 PM - Inserir Historico IMROA201912001AR
11/03/2020 1:38:38 PM - Insert with success IMROA201912001AR
11/03/2020 1:38:52 PM - Inserir Historico EMARG202002225AR
11/03/2020 1:38:52 PM - Insert with success EMARG202002225AR
11/03/2020 1:39:05 PM - Inserir Historico IMROA202001013AR
11/03/2020 1:39:06 PM - Insert with success IMROA202001013AR
11/03/2020 1:39:17 PM - Inserir Historico EMARG202001261AR
11/03/2020 1:39:17 PM - Insert with success EMARG202001261AR
11/03/2020 1:39:30 PM - Inserir Historico IMROA202002017AR
11/03/2020 1:39:30 PM - Insert with success IMROA202002017AR
11/03/2020 1:39:42 PM - Inserir Historico EOARG202001043AR
11/03/2020 1:39:42 PM - Insert with success EOARG202001043AR
11/03/2020 1:39:54 PM - Inserir Historico EMARG201912238AR
11/03/2020 1:39:55 PM - Insert with success EMARG201912238AR
11/03/2020 1:40:06 PM - Inserir Historico EOARG202001222AR
11/03/2020 1:40:06 PM - Insert with success EOARG202001222AR
11/03/2020 1:40:16 PM - Inserir Historico IAARG202001008AR
11/03/2020 1:40:16 PM - Insert with success IAARG202001008AR
11/03/2020 1:40:28 PM - Inserir Historico IMARG202003067AR
11/03/2020 1:40:28 PM - Insert with success IMARG202003067AR
11/03/2020 1:40:39 PM - Inserir Historico EMARG202003112AR
11/03/2020 1:40:39 PM - Insert with success EMARG202003112AR
11/03/2020 1:40:51 PM - Inserir Historico EMARG202001025AR
11/03/2020 1:40:51 PM - Insert with success EMARG202001025AR
11/03/2020 1:41:02 PM - Inserir Historico EMARG202001059AR
11/03/2020 1:41:02 PM - Insert with success EMARG202001059AR
11/03/2020 1:41:16 PM - Inserir Historico EMARG202002224AR
11/03/2020 1:41:17 PM - Insert with success EMARG202002224AR
11/03/2020 1:41:29 PM - Inserir Historico IMROA202001030AR
11/03/2020 1:41:29 PM - Insert with success IMROA202001030AR
11/03/2020 1:41:40 PM - Inserir Historico EOARG202001192AR
11/03/2020 1:41:40 PM - Insert with success EOARG202001192AR
11/03/2020 1:41:54 PM - Inserir Historico IMROA202002012AR
11/03/2020 1:41:54 PM - Insert with success IMROA202002012AR
11/03/2020 1:42:06 PM - Inserir Historico EMARG202001257AR
11/03/2020 1:42:06 PM - Insert with success EMARG202001257AR
11/03/2020 1:42:16 PM - Inserir Historico EOUNI202002045AR
11/03/2020 1:42:17 PM - Insert with success EOUNI202002045AR
11/03/2020 1:42:29 PM - Inserir Historico IMROA201911041AR
11/03/2020 1:42:29 PM - Insert with success IMROA201911041AR
11/03/2020 1:42:42 PM - Inserir Historico IMCHP202002009AR
11/03/2020 1:42:42 PM - Insert with success IMCHP202002009AR
11/03/2020 1:42:53 PM - Inserir Historico EOARG202001066AR
11/03/2020 1:42:53 PM - Insert with success EOARG202001066AR
11/03/2020 1:43:06 PM - Inserir Historico EMARG202001330AR
11/03/2020 1:43:06 PM - Insert with success EMARG202001330AR
11/03/2020 1:43:18 PM - Inserir Historico IMPME202002006AR
11/03/2020 1:43:18 PM - Insert with success IMPME202002006AR
11/03/2020 1:43:28 PM - Inserir Historico EOARG202002209AR
11/03/2020 1:43:28 PM - Insert with success EOARG202002209AR
11/03/2020 1:43:40 PM - Inserir Historico EMARG202001242AR
11/03/2020 1:43:40 PM - Insert with success EMARG202001242AR
11/03/2020 1:43:51 PM - Inserir Historico EOUNI202002039AR
11/03/2020 1:43:51 PM - Insert with success EOUNI202002039AR
11/03/2020 1:44:02 PM - Inserir Historico EOARG202002248AR
11/03/2020 1:44:02 PM - Insert with success EOARG202002248AR
11/03/2020 1:44:13 PM - Inserir Historico EMARG202001170AR
11/03/2020 1:44:13 PM - Insert with success EMARG202001170AR
11/03/2020 1:44:25 PM - Inserir Historico EOARG202001216AR
11/03/2020 1:44:25 PM - Insert with success EOARG202001216AR
11/03/2020 1:44:37 PM - Inserir Historico IMROA202001054AR
11/03/2020 1:44:38 PM - Insert with success IMROA202001054AR
11/03/2020 1:44:48 PM - Inserir Historico EOARG202003088AR
11/03/2020 1:44:48 PM - Insert with success EOARG202003088AR
11/03/2020 1:44:58 PM - Inserir Historico EOARG202001161AR
11/03/2020 1:44:59 PM - Insert with success EOARG202001161AR
11/03/2020 1:45:10 PM - Inserir Historico EMARG202001196AR
11/03/2020 1:45:10 PM - Insert with success EMARG202001196AR
11/03/2020 1:45:20 PM - Inserir Historico EOARG202002040AR
11/03/2020 1:45:20 PM - Insert with success EOARG202002040AR
11/03/2020 1:45:31 PM - Inserir Historico EMARG202003113AR
11/03/2020 1:45:32 PM - Insert with success EMARG202003113AR
11/03/2020 1:45:42 PM - Inserir Historico EOARG202003004AR
11/03/2020 1:45:42 PM - Insert with success EOARG202003004AR
11/03/2020 1:45:55 PM - Inserir Historico EMARG202002252AR
11/03/2020 1:45:56 PM - Insert with success EMARG202002252AR
11/03/2020 1:46:10 PM - Inserir Historico EMARG202001180AR
11/03/2020 1:46:10 PM - Insert with success EMARG202001180AR
11/03/2020 1:46:21 PM - Inserir Historico IOARG202001003AR
11/03/2020 1:46:21 PM - Insert with success IOARG202001003AR
11/03/2020 1:46:31 PM - Inserir Historico IACHP202002001AR
11/03/2020 1:46:31 PM - Insert with success IACHP202002001AR
11/03/2020 1:46:45 PM - Inserir Historico EMARG202001306AR
11/03/2020 1:46:45 PM - Insert with success EMARG202001306AR
11/03/2020 1:46:55 PM - Inserir Historico EOARG202002061AR
11/03/2020 1:46:56 PM - Insert with success EOARG202002061AR
11/03/2020 1:47:05 PM - Inserir Historico IMARG202001014AR
11/03/2020 1:47:05 PM - Insert with success IMARG202001014AR
11/03/2020 1:47:16 PM - Inserir Historico EMARG202003041AR
11/03/2020 1:47:16 PM - Insert with success EMARG202003041AR
11/03/2020 1:47:28 PM - Inserir Historico IMCHP202002002AR
11/03/2020 1:47:28 PM - Insert with success IMCHP202002002AR
11/03/2020 1:47:39 PM - Inserir Historico EOUNI202001024AR
11/03/2020 1:47:39 PM - Insert with success EOUNI202001024AR
11/03/2020 1:47:50 PM - Inserir Historico EOARG202001067AR
11/03/2020 1:47:50 PM - Insert with success EOARG202001067AR
11/03/2020 1:48:02 PM - Inserir Historico EOARG202002183AR
11/03/2020 1:48:02 PM - Insert with success EOARG202002183AR
11/03/2020 1:48:15 PM - Inserir Historico EMARG202002172AR
11/03/2020 1:48:15 PM - Insert with success EMARG202002172AR
11/03/2020 1:48:28 PM - Inserir Historico IMROA202001040AR
11/03/2020 1:48:28 PM - Insert with success IMROA202001040AR
11/03/2020 1:48:39 PM - Inserir Historico EMARG202001198AR
11/03/2020 1:48:39 PM - Insert with success EMARG202001198AR
11/03/2020 1:48:50 PM - Inserir Historico EOARG202001254AR
11/03/2020 1:48:50 PM - Insert with success EOARG202001254AR
11/03/2020 1:49:01 PM - Inserir Historico EMARG202003052AR
11/03/2020 1:49:01 PM - Insert with success EMARG202003052AR
11/03/2020 1:49:11 PM - Inserir Historico EOARG202003041AR
11/03/2020 1:49:11 PM - Insert with success EOARG202003041AR
11/03/2020 1:49:25 PM - Inserir Historico EMARG202002158AR
11/03/2020 1:49:25 PM - Insert with success EMARG202002158AR
11/03/2020 1:49:39 PM - Inserir Historico EMARG202001315AR
11/03/2020 1:49:39 PM - Insert with success EMARG202001315AR
11/03/2020 1:49:50 PM - Inserir Historico EMARG202001018AR
11/03/2020 1:49:51 PM - Insert with success EMARG202001018AR
11/03/2020 1:50:04 PM - Inserir Historico EMARG202002155AR
11/03/2020 1:50:05 PM - Insert with success EMARG202002155AR
11/03/2020 1:50:12 PM - Inserir Historico EMARG201912242AR
11/03/2020 1:50:13 PM - Insert with success EMARG201912242AR
11/03/2020 1:50:24 PM - Inserir Historico EMARG202001239AR
11/03/2020 1:50:24 PM - Insert with success EMARG202001239AR
11/03/2020 1:50:35 PM - Inserir Historico EMARG202002092AR
11/03/2020 1:50:36 PM - Insert with success EMARG202002092AR
11/03/2020 1:50:49 PM - Inserir Historico EMARG202001326AR
11/03/2020 1:50:50 PM - Insert with success EMARG202001326AR
11/03/2020 1:51:00 PM - Inserir Historico EOARG202002162AR
11/03/2020 1:51:00 PM - Insert with success EOARG202002162AR
11/03/2020 1:51:12 PM - Inserir Historico EMARG202002186AR
11/03/2020 1:51:12 PM - Insert with success EMARG202002186AR
11/03/2020 1:51:23 PM - Inserir Historico EOARG202003060AR
11/03/2020 1:51:23 PM - Insert with success EOARG202003060AR
11/03/2020 1:51:33 PM - Inserir Historico EOARG202002232AR
11/03/2020 1:51:34 PM - Insert with success EOARG202002232AR
11/03/2020 1:51:45 PM - Inserir Historico EOUNI202001017AR
11/03/2020 1:51:45 PM - Insert with success EOUNI202001017AR
11/03/2020 1:52:00 PM - Inserir Historico IMROA202001022AR
11/03/2020 1:52:00 PM - Insert with success IMROA202001022AR
11/03/2020 1:52:14 PM - Inserir Historico EMARG202003081AR
11/03/2020 1:52:14 PM - Insert with success EMARG202003081AR
11/03/2020 1:52:25 PM - Inserir Historico EMARG202002204AR
11/03/2020 1:52:25 PM - Insert with success EMARG202002204AR
11/03/2020 1:52:39 PM - Inserir Historico EMARG202002253AR
11/03/2020 1:52:39 PM - Insert with success EMARG202002253AR
11/03/2020 1:52:52 PM - Inserir Historico IMARG202002088AR
11/03/2020 1:52:52 PM - Insert with success IMARG202002088AR
11/03/2020 1:53:04 PM - Inserir Historico EMARG202001318AR
11/03/2020 1:53:04 PM - Insert with success EMARG202001318AR
11/03/2020 1:53:17 PM - Inserir Historico EMARG202003046AR
11/03/2020 1:53:17 PM - Insert with success EMARG202003046AR
11/03/2020 1:53:29 PM - Inserir Historico IMROA202002007AR
11/03/2020 1:53:29 PM - Insert with success IMROA202002007AR
11/03/2020 1:53:39 PM - Inserir Historico EOARG202003089AR
11/03/2020 1:53:39 PM - Insert with success EOARG202003089AR
11/03/2020 1:53:50 PM - Inserir Historico EMARG202003114AR
11/03/2020 1:53:50 PM - Insert with success EMARG202003114AR
11/03/2020 1:54:02 PM - Inserir Historico IMROA202002015AR
11/03/2020 1:54:02 PM - Insert with success IMROA202002015AR
11/03/2020 1:54:13 PM - Inserir Historico EMARG202001291AR
11/03/2020 1:54:13 PM - Insert with success EMARG202001291AR
11/03/2020 1:54:25 PM - Inserir Historico EMARG202001137AR
11/03/2020 1:54:25 PM - Insert with success EMARG202001137AR
11/03/2020 1:54:35 PM - Inserir Historico EOARG202002103AR
11/03/2020 1:54:35 PM - Insert with success EOARG202002103AR
11/03/2020 1:54:48 PM - Inserir Historico EMARG202003080AR
11/03/2020 1:54:48 PM - Insert with success EMARG202003080AR
11/03/2020 1:54:58 PM - Inserir Historico EOARG202001191AR
11/03/2020 1:54:58 PM - Insert with success EOARG202001191AR
11/03/2020 1:55:08 PM - Inserir Historico EOUNI202002029AR
11/03/2020 1:55:09 PM - Insert with success EOUNI202002029AR
11/03/2020 1:55:22 PM - Inserir Historico EMARG202003002AR
11/03/2020 1:55:22 PM - Insert with success EMARG202003002AR
11/03/2020 1:55:32 PM - Inserir Historico EOARG202001106AR
11/03/2020 1:55:32 PM - Insert with success EOARG202001106AR
11/03/2020 1:55:44 PM - Inserir Historico EMARG202001272AR
11/03/2020 1:55:44 PM - Insert with success EMARG202001272AR
11/03/2020 1:55:55 PM - Inserir Historico EMARG202001088AR
11/03/2020 1:55:55 PM - Insert with success EMARG202001088AR
11/03/2020 1:56:09 PM - Inserir Historico EMARG202002041AR
11/03/2020 1:56:09 PM - Insert with success EMARG202002041AR
11/03/2020 1:56:20 PM - Inserir Historico EMARG202003047AR
11/03/2020 1:56:20 PM - Insert with success EMARG202003047AR
11/03/2020 1:56:34 PM - Inserir Historico EMARG202002232AR
11/03/2020 1:56:34 PM - Insert with success EMARG202002232AR
11/03/2020 1:56:45 PM - Inserir Historico EMARG202001099AR
11/03/2020 1:56:45 PM - Insert with success EMARG202001099AR
11/03/2020 1:56:56 PM - Inserir Historico EOARG202003030AR
11/03/2020 1:56:57 PM - Insert with success EOARG202003030AR
11/03/2020 1:57:10 PM - Inserir Historico IMARG202003068AR
11/03/2020 1:57:10 PM - Insert with success IMARG202003068AR
11/03/2020 1:57:20 PM - Inserir Historico EOARG202001240AR
11/03/2020 1:57:20 PM - Insert with success EOARG202001240AR
11/03/2020 1:57:31 PM - Inserir Historico EMARG202001165AR
11/03/2020 1:57:31 PM - Insert with success EMARG202001165AR
11/03/2020 1:57:43 PM - Inserir Historico IMROA202002006AR
11/03/2020 1:57:44 PM - Insert with success IMROA202002006AR
11/03/2020 1:57:56 PM - Inserir Historico IMROA202001060AR
11/03/2020 1:57:56 PM - Insert with success IMROA202001060AR
11/03/2020 1:58:07 PM - Inserir Historico EMARG202001020AR
11/03/2020 1:58:07 PM - Insert with success EMARG202001020AR
11/03/2020 1:58:21 PM - Inserir Historico EMARG202002069AR
11/03/2020 1:58:21 PM - Insert with success EMARG202002069AR
11/03/2020 1:58:32 PM - Inserir Historico EOARG202001028AR
11/03/2020 1:58:32 PM - Insert with success EOARG202001028AR
11/03/2020 1:58:42 PM - Inserir Historico EOARG202002229AR
11/03/2020 1:58:42 PM - Insert with success EOARG202002229AR
11/03/2020 1:58:55 PM - Inserir Historico EMARG202002021AR
11/03/2020 1:58:55 PM - Insert with success EMARG202002021AR
11/03/2020 1:59:06 PM - Inserir Historico EMARG202001080AR
11/03/2020 1:59:07 PM - Insert with success EMARG202001080AR
11/03/2020 1:59:17 PM - Inserir Historico EOARG202002186AR
11/03/2020 1:59:17 PM - Insert with success EOARG202002186AR
11/03/2020 1:59:29 PM - Inserir Historico IMROA202002009AR
11/03/2020 1:59:29 PM - Insert with success IMROA202002009AR
11/03/2020 1:59:42 PM - Inserir Historico IMROA202001068AR
11/03/2020 1:59:42 PM - Insert with success IMROA202001068AR
11/03/2020 1:59:54 PM - Inserir Historico EMARG202001297AR
11/03/2020 1:59:54 PM - Insert with success EMARG202001297AR
11/03/2020 2:00:05 PM - Inserir Historico EOARG202002158AR
11/03/2020 2:00:05 PM - Insert with success EOARG202002158AR
11/03/2020 2:00:17 PM - Inserir Historico EOARG202002060AR
11/03/2020 2:00:17 PM - Insert with success EOARG202002060AR
11/03/2020 2:00:29 PM - Inserir Historico EOUNI202002006AR
11/03/2020 2:00:29 PM - Insert with success EOUNI202002006AR
11/03/2020 2:00:45 PM - Inserir Historico EMARG202002103AR
11/03/2020 2:00:45 PM - Insert with success EMARG202002103AR
11/03/2020 2:00:58 PM - Inserir Historico EMARG202001347AR
11/03/2020 2:00:58 PM - Insert with success EMARG202001347AR
11/03/2020 2:01:09 PM - Inserir Historico IAARG202002004AR
11/03/2020 2:01:10 PM - Insert with success IAARG202002004AR
11/03/2020 2:01:23 PM - Inserir Historico EMARG202001189AR
11/03/2020 2:01:23 PM - Insert with success EMARG202001189AR
11/03/2020 2:01:37 PM - Inserir Historico IMARG201911045AR
11/03/2020 2:01:38 PM - Insert with success IMARG201911045AR
11/03/2020 2:01:53 PM - Inserir Historico IMROA202001037AR
11/03/2020 2:01:53 PM - Insert with success IMROA202001037AR
11/03/2020 2:02:06 PM - Inserir Historico EOARG202001166AR
11/03/2020 2:02:06 PM - Insert with success EOARG202001166AR
11/03/2020 2:02:18 PM - Inserir Historico EOARG202002075AR
11/03/2020 2:02:18 PM - Insert with success EOARG202002075AR
11/03/2020 2:02:33 PM - Inserir Historico IMARG202002012AR
11/03/2020 2:02:33 PM - Insert with success IMARG202002012AR
11/03/2020 2:02:46 PM - Inserir Historico EMARG202001068AR
11/03/2020 2:02:47 PM - Insert with success EMARG202001068AR
11/03/2020 2:03:00 PM - Inserir Historico EMARG202001301AR
11/03/2020 2:03:00 PM - Insert with success EMARG202001301AR
11/03/2020 2:03:14 PM - Inserir Historico EOARG202002079AR
11/03/2020 2:03:14 PM - Insert with success EOARG202002079AR
11/03/2020 2:03:28 PM - Inserir Historico IMARG202001134AR
11/03/2020 2:03:28 PM - Insert with success IMARG202001134AR
11/03/2020 2:03:44 PM - Inserir Historico EMARG202003039AR
11/03/2020 2:03:45 PM - Insert with success EMARG202003039AR
11/03/2020 2:03:57 PM - Inserir Historico EOARG202003061AR
11/03/2020 2:03:57 PM - Insert with success EOARG202003061AR
11/03/2020 2:04:09 PM - Inserir Historico EOARG202002193AR
11/03/2020 2:04:09 PM - Insert with success EOARG202002193AR
11/03/2020 2:04:24 PM - Inserir Historico IMARG202001095AR
11/03/2020 2:04:25 PM - Insert with success IMARG202001095AR
11/03/2020 2:04:38 PM - Inserir Historico EOARG202001003AR
11/03/2020 2:04:38 PM - Insert with success EOARG202001003AR
11/03/2020 2:04:52 PM - Inserir Historico EOARG202002070AR
11/03/2020 2:04:52 PM - Insert with success EOARG202002070AR
11/03/2020 2:05:07 PM - Inserir Historico EMARG202002197AR
11/03/2020 2:05:07 PM - Insert with success EMARG202002197AR
11/03/2020 2:05:23 PM - Inserir Historico IMARG202001081AR
11/03/2020 2:05:23 PM - Insert with success IMARG202001081AR
11/03/2020 2:05:30 PM - Inserir Historico IAFLT202002006AR
11/03/2020 2:05:30 PM - Insert with success IAFLT202002006AR
11/03/2020 2:05:45 PM - Inserir Historico EMARG202002070AR
11/03/2020 2:05:46 PM - Insert with success EMARG202002070AR
11/03/2020 2:06:01 PM - Inserir Historico EMARG202003082AR
11/03/2020 2:06:01 PM - Insert with success EMARG202003082AR
11/03/2020 2:06:15 PM - Inserir Historico IMARG201911094AR
11/03/2020 2:06:15 PM - Insert with success IMARG201911094AR
11/03/2020 2:06:26 PM - Inserir Historico EOARG202002058AR
11/03/2020 2:06:26 PM - Insert with success EOARG202002058AR
11/03/2020 2:06:39 PM - Inserir Historico EMARG202002057AR
11/03/2020 2:06:39 PM - Insert with success EMARG202002057AR
11/03/2020 2:06:49 PM - Inserir Historico EOROA202002007AR
11/03/2020 2:06:49 PM - Insert with success EOROA202002007AR
11/03/2020 2:07:00 PM - Inserir Historico EMARG202001313AR
11/03/2020 2:07:00 PM - Insert with success EMARG202001313AR
11/03/2020 2:07:11 PM - Inserir Historico EMARG202001303AR
11/03/2020 2:07:11 PM - Insert with success EMARG202001303AR
11/03/2020 2:07:22 PM - Inserir Historico EMARG202002182AR
11/03/2020 2:07:22 PM - Insert with success EMARG202002182AR
11/03/2020 2:07:28 PM - Inserir Historico IMFLT202002024AR
11/03/2020 2:07:28 PM - Insert with success IMFLT202002024AR
11/03/2020 2:07:36 PM - Inserir Historico IMFLT202003010AR
11/03/2020 2:07:36 PM - Insert with success IMFLT202003010AR
11/03/2020 2:07:45 PM - Inserir Historico EOUNI202002046AR
11/03/2020 2:07:46 PM - Insert with success EOUNI202002046AR
11/03/2020 2:08:06 PM - Inserir Historico IMARG202001156AR
11/03/2020 2:08:06 PM - Insert with success IMARG202001156AR
11/03/2020 2:08:16 PM - Inserir Historico EOARG202002242AR
11/03/2020 2:08:16 PM - Insert with success EOARG202002242AR
11/03/2020 2:08:27 PM - Inserir Historico EMARG202001267AR
11/03/2020 2:08:28 PM - Insert with success EMARG202001267AR
11/03/2020 2:08:38 PM - Inserir Historico EOARG202002177AR
11/03/2020 2:08:38 PM - Insert with success EOARG202002177AR
11/03/2020 2:08:49 PM - Inserir Historico EOARG202002095AR
11/03/2020 2:08:49 PM - Insert with success EOARG202002095AR
11/03/2020 2:08:58 PM - Inserir Historico IAARG202002010AR
11/03/2020 2:08:58 PM - Insert with success IAARG202002010AR
11/03/2020 2:09:09 PM - Inserir Historico EOARG202002189AR
11/03/2020 2:09:10 PM - Insert with success EOARG202002189AR
11/03/2020 2:09:20 PM - Inserir Historico EMARG202001086AR
11/03/2020 2:09:21 PM - Insert with success EMARG202001086AR
11/03/2020 2:09:31 PM - Inserir Historico EOARG202001007AR
11/03/2020 2:09:31 PM - Insert with success EOARG202001007AR
11/03/2020 2:09:44 PM - Inserir Historico EMARG202001307AR
11/03/2020 2:09:44 PM - Insert with success EMARG202001307AR
11/03/2020 2:09:56 PM - Inserir Historico IOARG202002006AR
11/03/2020 2:09:56 PM - Insert with success IOARG202002006AR
11/03/2020 2:10:06 PM - Inserir Historico EOUNI202001013AR
11/03/2020 2:10:06 PM - Insert with success EOUNI202001013AR
11/03/2020 2:10:17 PM - Inserir Historico EMARG202001111AR
11/03/2020 2:10:17 PM - Insert with success EMARG202001111AR
11/03/2020 2:10:29 PM - Inserir Historico IMARG202001044AR
11/03/2020 2:10:30 PM - Insert with success IMARG202001044AR
11/03/2020 2:10:40 PM - Inserir Historico EOARG202002214AR
11/03/2020 2:10:40 PM - Insert with success EOARG202002214AR
11/03/2020 2:10:51 PM - Inserir Historico EOARG202001116AR
11/03/2020 2:10:51 PM - Insert with success EOARG202001116AR
11/03/2020 2:11:03 PM - Inserir Historico IMARG202001153AR
11/03/2020 2:11:03 PM - Insert with success IMARG202001153AR
11/03/2020 2:11:14 PM - Inserir Historico EMARG202001139AR
11/03/2020 2:11:15 PM - Insert with success EMARG202001139AR
11/03/2020 2:11:25 PM - Inserir Historico EOARG202002119AR
11/03/2020 2:11:25 PM - Insert with success EOARG202002119AR
11/03/2020 2:11:35 PM - Inserir Historico EOARG202001235AR
11/03/2020 2:11:35 PM - Insert with success EOARG202001235AR
11/03/2020 2:11:48 PM - Inserir Historico IMROA202001034AR
11/03/2020 2:11:48 PM - Insert with success IMROA202001034AR
11/03/2020 2:12:00 PM - Inserir Historico IMROA202001027AR
11/03/2020 2:12:00 PM - Insert with success IMROA202001027AR
11/03/2020 2:12:14 PM - Inserir Historico EMARG202002231AR
11/03/2020 2:12:14 PM - Insert with success EMARG202002231AR
11/03/2020 2:12:28 PM - Inserir Historico IMARG202002009AR
11/03/2020 2:12:28 PM - Insert with success IMARG202002009AR
11/03/2020 2:12:39 PM - Inserir Historico EMARG202001047AR
11/03/2020 2:12:39 PM - Insert with success EMARG202001047AR
11/03/2020 2:12:49 PM - Inserir Historico EOARG202001147AR
11/03/2020 2:12:49 PM - Insert with success EOARG202001147AR
11/03/2020 2:13:03 PM - Inserir Historico EMARG202002162AR
11/03/2020 2:13:03 PM - Insert with success EMARG202002162AR
11/03/2020 2:13:16 PM - Inserir Historico EMARG202002226AR
11/03/2020 2:13:16 PM - Insert with success EMARG202002226AR
11/03/2020 2:13:29 PM - Inserir Historico EMARG202002115AR
11/03/2020 2:13:30 PM - Insert with success EMARG202002115AR
11/03/2020 2:13:40 PM - Inserir Historico EMARG202001169AR
11/03/2020 2:13:40 PM - Insert with success EMARG202001169AR
11/03/2020 2:13:53 PM - Inserir Historico EMARG202002131AR
11/03/2020 2:13:53 PM - Insert with success EMARG202002131AR
11/03/2020 2:14:03 PM - Inserir Historico EOARG202002112AR
11/03/2020 2:14:03 PM - Insert with success EOARG202002112AR
11/03/2020 2:14:15 PM - Inserir Historico IMROA202001033AR
11/03/2020 2:14:15 PM - Insert with success IMROA202001033AR
11/03/2020 2:14:26 PM - Inserir Historico EMARG202002141AR
11/03/2020 2:14:27 PM - Insert with success EMARG202002141AR
11/03/2020 2:14:38 PM - Inserir Historico EOUNI202001031AR
11/03/2020 2:14:38 PM - Insert with success EOUNI202001031AR
11/03/2020 2:47:54 PM - Inserir Historico EOARG202001165AR
11/03/2020 2:47:54 PM - Insert with success EOARG202001165AR
11/03/2020 2:52:48 PM - Inserir Historico IMARG202001037AR
11/03/2020 2:53:11 PM - Insert with success IMARG202001037AR
