29/07/2019 09:36:35 - Inserir Historico IMCSR201907722BR
29/07/2019 09:36:36 - Insert with success IMCSR201907722BR
29/07/2019 09:36:45 - Inserir Historico IMCSR201904208BR
29/07/2019 09:36:45 - Insert with success IMCSR201904208BR
29/07/2019 09:36:54 - Inserir Historico IMCSR201904210BR
29/07/2019 09:36:54 - Insert with success IMCSR201904210BR
29/07/2019 09:37:03 - Inserir Historico IMCSR201904215BR
29/07/2019 09:37:04 - Insert with success IMCSR201904215BR
29/07/2019 09:37:12 - Inserir Historico IMCSR201904216BR
29/07/2019 09:37:12 - Insert with success IMCSR201904216BR
29/07/2019 09:37:21 - Inserir Historico IMCSR201904221BR
29/07/2019 09:37:21 - Insert with success IMCSR201904221BR
29/07/2019 09:37:30 - Inserir Historico IMCSR201904223BR
29/07/2019 09:37:30 - Insert with success IMCSR201904223BR
29/07/2019 09:37:40 - Inserir Historico IMCSR201904225BR
29/07/2019 09:37:40 - Insert with success IMCSR201904225BR
29/07/2019 09:37:49 - Inserir Historico IMCSR201904226BR
29/07/2019 09:37:49 - Insert with success IMCSR201904226BR
29/07/2019 09:37:58 - Inserir Historico IMCSR201904227BR
29/07/2019 09:37:58 - Insert with success IMCSR201904227BR
29/07/2019 09:38:08 - Inserir Historico IMCSR201904228BR
29/07/2019 09:38:08 - Insert with success IMCSR201904228BR
29/07/2019 09:38:16 - Inserir Historico IMCSR201904344BR
29/07/2019 09:38:16 - Insert with success IMCSR201904344BR
29/07/2019 09:38:25 - Inserir Historico IMCSR201904345BR
29/07/2019 09:38:25 - Insert with success IMCSR201904345BR
29/07/2019 09:38:34 - Inserir Historico IMCSR201904348BR
29/07/2019 09:38:34 - Insert with success IMCSR201904348BR
29/07/2019 09:38:44 - Inserir Historico IMCSR201904349BR
29/07/2019 09:38:44 - Insert with success IMCSR201904349BR
29/07/2019 09:38:54 - Inserir Historico IMCSR201904543BR
29/07/2019 09:38:54 - Insert with success IMCSR201904543BR
29/07/2019 09:39:03 - Inserir Historico IMCSR201904546BR
29/07/2019 09:39:03 - Insert with success IMCSR201904546BR
29/07/2019 09:39:13 - Inserir Historico IMCSR201905006BR
29/07/2019 09:39:14 - Insert with success IMCSR201905006BR
29/07/2019 09:39:23 - Inserir Historico IMCSR201905009BR
29/07/2019 09:39:23 - Insert with success IMCSR201905009BR
29/07/2019 09:39:32 - Inserir Historico IMCSR201905051BR
29/07/2019 09:39:32 - Insert with success IMCSR201905051BR
29/07/2019 09:39:41 - Inserir Historico IMCSR201905052BR
29/07/2019 09:39:41 - Insert with success IMCSR201905052BR
29/07/2019 09:39:50 - Inserir Historico IMCSR201905058BR
29/07/2019 09:39:50 - Insert with success IMCSR201905058BR
29/07/2019 09:39:59 - Inserir Historico IMCSR201905060BR
29/07/2019 09:39:59 - Insert with success IMCSR201905060BR
29/07/2019 09:40:10 - Inserir Historico IMCSR201905061BR
29/07/2019 09:40:11 - Insert with success IMCSR201905061BR
29/07/2019 09:40:19 - Inserir Historico IMCSR201905072BR
29/07/2019 09:40:19 - Insert with success IMCSR201905072BR
29/07/2019 09:40:28 - Inserir Historico IMCSR201905142BR
29/07/2019 09:40:28 - Insert with success IMCSR201905142BR
29/07/2019 09:40:37 - Inserir Historico IMCSR201905271BR
29/07/2019 09:40:37 - Insert with success IMCSR201905271BR
29/07/2019 09:40:46 - Inserir Historico IMCSR201905273BR
29/07/2019 09:40:46 - Insert with success IMCSR201905273BR
29/07/2019 09:40:55 - Inserir Historico IMCSR201905312BR
29/07/2019 09:40:55 - Insert with success IMCSR201905312BR
29/07/2019 09:41:04 - Inserir Historico IMCSR201905314BR
29/07/2019 09:41:04 - Insert with success IMCSR201905314BR
29/07/2019 09:41:14 - Inserir Historico IMCSR201905328BR
29/07/2019 09:41:14 - Insert with success IMCSR201905328BR
29/07/2019 09:41:23 - Inserir Historico IMCSR201905368BR
29/07/2019 09:41:23 - Insert with success IMCSR201905368BR
29/07/2019 09:41:32 - Inserir Historico IMCSR201905372BR
29/07/2019 09:41:33 - Insert with success IMCSR201905372BR
29/07/2019 09:41:42 - Inserir Historico IMCSR201905373BR
29/07/2019 09:41:42 - Insert with success IMCSR201905373BR
29/07/2019 09:41:50 - Inserir Historico IMCSR201905397BR
29/07/2019 09:41:51 - Insert with success IMCSR201905397BR
29/07/2019 09:42:01 - Inserir Historico IMCSR201905403BR
29/07/2019 09:42:02 - Insert with success IMCSR201905403BR
29/07/2019 09:42:12 - Inserir Historico IMCSR201905411BR
29/07/2019 09:42:12 - Insert with success IMCSR201905411BR
29/07/2019 09:42:22 - Inserir Historico IMCSR201905453BR
29/07/2019 09:42:22 - Insert with success IMCSR201905453BR
29/07/2019 09:42:31 - Inserir Historico IMCSR201905454BR
29/07/2019 09:42:31 - Insert with success IMCSR201905454BR
29/07/2019 09:42:41 - Inserir Historico IMCSR201905522BR
29/07/2019 09:42:46 - Insert with success IMCSR201905522BR
29/07/2019 09:42:55 - Inserir Historico IMCSR201905548BR
29/07/2019 09:42:55 - Insert with success IMCSR201905548BR
29/07/2019 09:43:05 - Inserir Historico IMCSR201905549BR
29/07/2019 09:43:05 - Insert with success IMCSR201905549BR
29/07/2019 09:43:19 - Inserir Historico IMCSR201905593BR
29/07/2019 09:43:20 - Insert with success IMCSR201905593BR
29/07/2019 09:43:31 - Inserir Historico IMCSR201905595BR
29/07/2019 09:43:31 - Insert with success IMCSR201905595BR
29/07/2019 09:43:46 - Inserir Historico IMCSR201905598BR
29/07/2019 09:43:46 - Insert with success IMCSR201905598BR
29/07/2019 09:43:56 - Inserir Historico IMCSR201905599BR
29/07/2019 09:43:56 - Insert with success IMCSR201905599BR
29/07/2019 09:44:06 - Inserir Historico IMCSR201906232BR
29/07/2019 09:44:06 - Insert with success IMCSR201906232BR
29/07/2019 09:44:15 - Inserir Historico IMCSR201905546BR
29/07/2019 09:44:15 - Insert with success IMCSR201905546BR
29/07/2019 09:44:23 - Inserir Historico IASOL201907003BR
29/07/2019 09:44:23 - Insert with success IASOL201907003BR
29/07/2019 09:44:32 - Inserir Historico IMCSR201906610BR
29/07/2019 09:44:32 - Insert with success IMCSR201906610BR
29/07/2019 09:44:36 - Inserir Historico IAMTE201907019BR
29/07/2019 09:44:36 - Insert with success IAMTE201907019BR
29/07/2019 09:44:45 - Inserir Historico IMCSR201907012BR
29/07/2019 09:44:45 - Insert with success IMCSR201907012BR
29/07/2019 09:44:54 - Inserir Historico IMCSR201907013BR
29/07/2019 09:44:54 - Insert with success IMCSR201907013BR
29/07/2019 09:45:04 - Inserir Historico IMCSR201907011BR
29/07/2019 09:45:04 - Insert with success IMCSR201907011BR
29/07/2019 09:45:13 - Inserir Historico IASOL201907002BR
29/07/2019 09:45:14 - Insert with success IASOL201907002BR
29/07/2019 09:45:23 - Inserir Historico IACSR201904008BR
29/07/2019 09:45:24 - Insert with success IACSR201904008BR
29/07/2019 09:45:36 - Inserir Historico EMOXT201907189BR
29/07/2019 09:45:36 - Insert with success EMOXT201907189BR
29/07/2019 09:45:45 - Inserir Historico IAATN201907003BR
29/07/2019 09:45:45 - Insert with success IAATN201907003BR
29/07/2019 09:45:55 - Inserir Historico IACSR201905010BR
29/07/2019 09:45:55 - Insert with success IACSR201905010BR
29/07/2019 09:46:04 - Inserir Historico IACSR201905051BR
29/07/2019 09:46:04 - Insert with success IACSR201905051BR
29/07/2019 09:46:09 - Inserir Historico IAATL201907075BR
29/07/2019 09:46:09 - Insert with success IAATL201907075BR
29/07/2019 09:46:21 - Inserir Historico IACSR201907008BR
29/07/2019 09:46:21 - Insert with success IACSR201907008BR
29/07/2019 09:46:31 - Inserir Historico EMCSR201907112BR
29/07/2019 09:46:32 - Insert with success EMCSR201907112BR
29/07/2019 09:46:43 - Inserir Historico IMATN201907001BR
29/07/2019 09:46:44 - Insert with success IMATN201907001BR
29/07/2019 09:46:55 - Inserir Historico IMATN201907002BR
29/07/2019 09:46:55 - Insert with success IMATN201907002BR
29/07/2019 09:47:10 - Inserir Historico IMATN201907024BR
29/07/2019 09:47:10 - Insert with success IMATN201907024BR
29/07/2019 09:47:23 - Inserir Historico IMATN201907025BR
29/07/2019 09:47:23 - Insert with success IMATN201907025BR
29/07/2019 09:47:35 - Inserir Historico IMATN201907026BR
29/07/2019 09:47:35 - Insert with success IMATN201907026BR
29/07/2019 09:47:47 - Inserir Historico IMATN201907032BR
29/07/2019 09:47:47 - Insert with success IMATN201907032BR
29/07/2019 09:47:58 - Inserir Historico IMCSR201905002BR
29/07/2019 09:47:59 - Insert with success IMCSR201905002BR
29/07/2019 09:48:09 - Inserir Historico IMCSR201905017BR
29/07/2019 09:48:10 - Insert with success IMCSR201905017BR
29/07/2019 09:48:20 - Inserir Historico IMCSR201905143BR
29/07/2019 09:48:20 - Insert with success IMCSR201905143BR
29/07/2019 09:48:31 - Inserir Historico IMCSR201906156BR
29/07/2019 09:48:31 - Insert with success IMCSR201906156BR
29/07/2019 09:48:41 - Inserir Historico IMCSR201906535BR
29/07/2019 09:48:41 - Insert with success IMCSR201906535BR
29/07/2019 09:48:51 - Inserir Historico IMCSR201906536BR
29/07/2019 09:48:51 - Insert with success IMCSR201906536BR
29/07/2019 09:49:03 - Inserir Historico IMSPC201906047BR
29/07/2019 09:49:04 - Insert with success IMSPC201906047BR
29/07/2019 09:49:13 - Inserir Historico IMSPC201907006BR
29/07/2019 09:49:13 - Insert with success IMSPC201907006BR
29/07/2019 09:49:22 - Inserir Historico IACSR201904007BR
29/07/2019 09:49:22 - Insert with success IACSR201904007BR
29/07/2019 09:49:32 - Inserir Historico IMOXT201902042BR
29/07/2019 09:49:32 - Insert with success IMOXT201902042BR
29/07/2019 09:49:42 - Inserir Historico IMSOL201906060BR
29/07/2019 09:49:42 - Insert with success IMSOL201906060BR
29/07/2019 09:49:50 - Inserir Historico IMSOL201905007BR
29/07/2019 09:49:50 - Insert with success IMSOL201905007BR
29/07/2019 09:50:02 - Inserir Historico EMCSR201907113BR
29/07/2019 09:50:02 - Insert with success EMCSR201907113BR
