4/6/2020 3:37:51 PM - Inserir Historico IAATL202003036BR
4/6/2020 3:37:52 PM - Insert with success IAATL202003036BR
4/6/2020 3:38:32 PM - Inserir Historico IAATL202003032BR
4/6/2020 3:38:34 PM - Insert with success IAATL202003032BR
4/6/2020 3:39:34 PM - Inserir Historico IABSF202003013BR
4/6/2020 3:39:37 PM - Insert with success IABSF202003013BR
4/6/2020 3:43:03 PM - Inserir Historico IMCSR202002339BR
4/6/2020 3:43:05 PM - Insert with success IMCSR202002339BR
4/6/2020 3:44:11 PM - Inserir Historico IMCTV202003085BR
4/6/2020 3:44:13 PM - Insert with success IMCTV202003085BR
4/6/2020 3:45:00 PM - Inserir Historico IMCSR202004008BR
4/6/2020 3:45:02 PM - Insert with success IMCSR202004008BR
4/6/2020 3:45:47 PM - Inserir Historico IMCSR202004012BR
4/6/2020 3:45:49 PM - Insert with success IMCSR202004012BR
4/6/2020 3:46:44 PM - Inserir Historico IMCSR202004009BR
4/6/2020 3:46:45 PM - Insert with success IMCSR202004009BR
4/6/2020 3:47:27 PM - Inserir Historico IMCSR202003154BR
4/6/2020 3:47:28 PM - Insert with success IMCSR202003154BR
4/6/2020 3:48:00 PM - Inserir Historico IACSR202004004BR
4/6/2020 3:48:01 PM - Insert with success IACSR202004004BR
4/6/2020 3:48:58 PM - Inserir Historico IMCSR202003153BR
4/6/2020 3:49:00 PM - Insert with success IMCSR202003153BR
4/6/2020 3:50:15 PM - Inserir Historico IACSR202003023BR
4/6/2020 3:50:16 PM - Insert with success IACSR202003023BR
4/6/2020 3:51:16 PM - Inserir Historico IMEAS202003015BR
4/6/2020 3:51:18 PM - Insert with success IMEAS202003015BR
4/6/2020 3:51:58 PM - Inserir Historico IMSOL202001096BR
4/6/2020 3:52:00 PM - Insert with success IMSOL202001096BR
4/6/2020 3:52:55 PM - Inserir Historico IMCSR202003430BR
4/6/2020 3:52:56 PM - Insert with success IMCSR202003430BR
4/6/2020 3:53:46 PM - Inserir Historico IMOCV202001009BR
4/6/2020 3:53:47 PM - Insert with success IMOCV202001009BR
4/6/2020 3:54:31 PM - Inserir Historico IMCSR202002316BR
4/6/2020 3:54:33 PM - Insert with success IMCSR202002316BR
4/6/2020 3:55:17 PM - Inserir Historico IACSR202004001BR
4/6/2020 3:55:19 PM - Insert with success IACSR202004001BR
4/6/2020 3:55:55 PM - Inserir Historico IMCSR202003486BR
4/6/2020 3:55:57 PM - Insert with success IMCSR202003486BR
4/6/2020 3:56:42 PM - Inserir Historico EMCSR202003126BR
4/6/2020 3:56:44 PM - Insert with success EMCSR202003126BR
4/6/2020 3:57:33 PM - Inserir Historico IMCSR202003221BR
4/6/2020 3:57:35 PM - Insert with success IMCSR202003221BR
4/6/2020 3:58:20 PM - Inserir Historico IMCSR202003325BR
4/6/2020 3:58:22 PM - Insert with success IMCSR202003325BR
4/6/2020 3:59:18 PM - Inserir Historico IMCSR202003368BR
4/6/2020 3:59:20 PM - Insert with success IMCSR202003368BR
4/6/2020 4:00:20 PM - Inserir Historico IMCSR202002331BR
4/6/2020 4:00:22 PM - Insert with success IMCSR202002331BR
4/6/2020 4:01:38 PM - Inserir Historico IASOL201906003BR
4/6/2020 4:01:40 PM - Insert with success IASOL201906003BR
4/6/2020 4:02:29 PM - Inserir Historico IAOCV202004001BR
4/6/2020 4:02:32 PM - Insert with success IAOCV202004001BR
4/6/2020 4:03:39 PM - Inserir Historico IMSPC202003055BR
4/6/2020 4:03:42 PM - Insert with success IMSPC202003055BR
4/6/2020 4:04:42 PM - Inserir Historico IASWB202003019BR
4/6/2020 4:04:43 PM - Insert with success IASWB202003019BR
4/6/2020 4:05:07 PM - Inserir Historico IMATL202001143BR
4/6/2020 4:05:09 PM - Insert with success IMATL202001143BR
4/6/2020 4:05:54 PM - Inserir Historico EMCSR202003117BR
4/6/2020 4:05:56 PM - Insert with success EMCSR202003117BR
4/6/2020 4:06:47 PM - Inserir Historico EMCSR202004004BR
4/6/2020 4:06:50 PM - Insert with success EMCSR202004004BR
4/6/2020 4:07:48 PM - Inserir Historico IACSR202004002BR
4/6/2020 4:07:51 PM - Insert with success IACSR202004002BR
4/6/2020 4:08:56 PM - Inserir Historico IMSPC202003054BR
4/6/2020 4:08:58 PM - Insert with success IMSPC202003054BR
4/6/2020 4:10:12 PM - Inserir Historico EMCSR202003030BR
4/6/2020 4:10:15 PM - Insert with success EMCSR202003030BR
4/6/2020 4:11:41 PM - Inserir Historico IMSWB202002071BR
4/6/2020 4:11:43 PM - Insert with success IMSWB202002071BR
4/6/2020 4:12:35 PM - Inserir Historico IMSOL202001095BR
4/6/2020 4:12:36 PM - Insert with success IMSOL202001095BR
4/6/2020 4:13:19 PM - Inserir Historico IMSWB202002070BR
4/6/2020 4:13:21 PM - Insert with success IMSWB202002070BR
4/6/2020 4:14:07 PM - Inserir Historico IMSPC202004007BR
4/6/2020 4:14:08 PM - Insert with success IMSPC202004007BR
4/6/2020 4:14:53 PM - Inserir Historico IABSF202003021BR
4/6/2020 4:14:54 PM - Insert with success IABSF202003021BR
4/6/2020 4:16:33 PM - Inserir Historico IMCSR202003370BR
4/6/2020 4:16:34 PM - Insert with success IMCSR202003370BR
4/6/2020 4:17:29 PM - Inserir Historico IMOXT202002003BR
4/6/2020 4:17:30 PM - Insert with success IMOXT202002003BR
4/6/2020 4:18:12 PM - Inserir Historico IMCSR202003371BR
4/6/2020 4:18:13 PM - Insert with success IMCSR202003371BR
4/6/2020 4:19:37 PM - Inserir Historico IMSWB202001053BR
4/6/2020 4:19:39 PM - Insert with success IMSWB202001053BR
4/6/2020 4:21:55 PM - Inserir Historico IMSWB202001094BR
4/6/2020 4:21:58 PM - Insert with success IMSWB202001094BR
4/6/2020 4:23:21 PM - Inserir Historico IMCSR202003372BR
4/6/2020 4:23:23 PM - Insert with success IMCSR202003372BR
4/6/2020 4:23:58 PM - Inserir Historico IMSWB202002087BR
4/6/2020 4:24:01 PM - Insert with success IMSWB202002087BR
4/6/2020 4:24:30 PM - Inserir Historico IMCSR202003373BR
4/6/2020 4:24:31 PM - Insert with success IMCSR202003373BR
4/6/2020 4:25:06 PM - Inserir Historico IMCSR202003475BR
4/6/2020 4:25:07 PM - Insert with success IMCSR202003475BR
4/6/2020 4:25:53 PM - Inserir Historico IMCSR202003374BR
4/6/2020 4:25:54 PM - Insert with success IMCSR202003374BR
4/6/2020 4:27:05 PM - Inserir Historico IMCSR202002340BR
4/6/2020 4:27:06 PM - Insert with success IMCSR202002340BR
4/6/2020 4:28:08 PM - Inserir Historico IMCSR202003378BR
4/6/2020 4:28:09 PM - Insert with success IMCSR202003378BR
4/6/2020 4:29:01 PM - Inserir Historico IMSLA202003015BR
4/6/2020 4:29:03 PM - Insert with success IMSLA202003015BR
4/6/2020 4:29:38 PM - Inserir Historico IMSLA201712006BR
4/6/2020 4:29:40 PM - Insert with success IMSLA201712006BR
4/6/2020 4:30:32 PM - Inserir Historico IMCSR202003379BR
4/6/2020 4:30:34 PM - Insert with success IMCSR202003379BR
4/6/2020 4:31:32 PM - Inserir Historico IMCSR201912071BR
4/6/2020 4:31:33 PM - Insert with success IMCSR201912071BR
4/6/2020 4:32:54 PM - Inserir Historico IMCSR202004022BR
4/6/2020 4:32:57 PM - Insert with success IMCSR202004022BR
4/6/2020 4:34:28 PM - Inserir Historico IMSOL202001089BR
4/6/2020 4:34:30 PM - Insert with success IMSOL202001089BR
4/6/2020 4:35:33 PM - Inserir Historico IMCSR202001038BR
4/6/2020 4:35:36 PM - Insert with success IMCSR202001038BR
4/6/2020 4:36:34 PM - Inserir Historico IMSOL201912002BR
4/6/2020 4:36:36 PM - Insert with success IMSOL201912002BR
4/6/2020 4:37:37 PM - Inserir Historico IMCSR202002288BR
4/6/2020 4:37:40 PM - Insert with success IMCSR202002288BR
4/6/2020 4:38:18 PM - Inserir Historico EMCSR202002094BR
4/6/2020 4:38:20 PM - Insert with success EMCSR202002094BR
4/6/2020 4:38:44 PM - Inserir Historico EMATL202004003BR
4/6/2020 4:38:47 PM - Insert with success EMATL202004003BR
4/6/2020 4:39:58 PM - Inserir Historico IMCBT202001002BR
4/6/2020 4:40:00 PM - Insert with success IMCBT202001002BR
4/6/2020 4:41:32 PM - Inserir Historico IMCSR202003177BR
4/6/2020 4:41:34 PM - Insert with success IMCSR202003177BR
4/6/2020 4:42:17 PM - Inserir Historico EMCSR202003001BR
4/6/2020 4:42:18 PM - Insert with success EMCSR202003001BR
4/6/2020 4:43:09 PM - Inserir Historico IMEXO202004007BR
4/6/2020 4:43:12 PM - Insert with success IMEXO202004007BR
4/6/2020 4:44:21 PM - Inserir Historico EMSOL202003021BR
4/6/2020 4:44:22 PM - Insert with success EMSOL202003021BR
4/6/2020 4:45:13 PM - Inserir Historico EMCSR202002095BR
4/6/2020 4:45:15 PM - Insert with success EMCSR202002095BR
4/6/2020 4:46:36 PM - Inserir Historico IMCTV202001072BR
4/6/2020 4:46:38 PM - Insert with success IMCTV202001072BR
4/6/2020 4:47:17 PM - Inserir Historico EMCSR202003133BR
4/6/2020 4:47:19 PM - Insert with success EMCSR202003133BR
4/6/2020 4:47:52 PM - Inserir Historico EMCSR202002054BR
4/6/2020 4:47:55 PM - Insert with success EMCSR202002054BR
4/6/2020 4:48:40 PM - Inserir Historico IAATN202002009BR
4/6/2020 4:48:42 PM - Insert with success IAATN202002009BR
4/6/2020 4:50:18 PM - Inserir Historico EMCTV202003002BR
4/6/2020 4:50:20 PM - Insert with success EMCTV202003002BR
4/6/2020 4:51:46 PM - Inserir Historico IMCTV202003013BR
4/6/2020 4:51:48 PM - Insert with success IMCTV202003013BR
4/6/2020 4:52:55 PM - Inserir Historico EMCSR202002017BR
4/6/2020 4:52:58 PM - Insert with success EMCSR202002017BR
4/6/2020 4:53:42 PM - Inserir Historico EMCSR202003120BR
4/6/2020 4:53:44 PM - Insert with success EMCSR202003120BR
4/6/2020 4:54:59 PM - Inserir Historico EMCBT202003001BR
4/6/2020 4:55:02 PM - Insert with success EMCBT202003001BR
4/6/2020 4:55:41 PM - Inserir Historico EMCSR202002009BR
4/6/2020 4:55:43 PM - Insert with success EMCSR202002009BR
4/6/2020 4:56:51 PM - Inserir Historico IMSOL202002124BR
4/6/2020 4:56:53 PM - Insert with success IMSOL202002124BR
4/6/2020 4:57:29 PM - Inserir Historico EMATL202003013BR
4/6/2020 4:57:31 PM - Insert with success EMATL202003013BR
4/6/2020 4:58:11 PM - Inserir Historico EMCSR202003129BR
4/6/2020 4:58:13 PM - Insert with success EMCSR202003129BR
4/6/2020 4:58:36 PM - Inserir Historico IMTAM202003022BR
4/6/2020 4:58:38 PM - Insert with success IMTAM202003022BR
4/6/2020 4:59:20 PM - Inserir Historico EMCSR202002083BR
4/6/2020 4:59:24 PM - Insert with success EMCSR202002083BR
4/6/2020 4:59:58 PM - Inserir Historico EMCSR202002106BR
4/6/2020 5:00:00 PM - Insert with success EMCSR202002106BR
4/6/2020 5:01:06 PM - Inserir Historico IMCSR202003257BR
4/6/2020 5:01:09 PM - Insert with success IMCSR202003257BR
4/6/2020 5:02:59 PM - Inserir Historico IMEXO202003024BR
4/6/2020 5:03:02 PM - Insert with success IMEXO202003024BR
4/6/2020 5:04:05 PM - Inserir Historico IMEXO202003023BR
4/6/2020 5:04:07 PM - Insert with success IMEXO202003023BR
4/6/2020 5:05:23 PM - Inserir Historico IMEXO202003017BR
4/6/2020 5:05:25 PM - Insert with success IMEXO202003017BR
4/6/2020 5:06:10 PM - Inserir Historico IMEXO202003028BR
4/6/2020 5:06:14 PM - Insert with success IMEXO202003028BR
4/6/2020 5:06:56 PM - Inserir Historico IMCSR202003463BR
4/6/2020 5:06:58 PM - Insert with success IMCSR202003463BR
4/6/2020 7:03:18 PM - Inserir Historico IMCTV201912071BR
4/6/2020 7:03:19 PM - Insert with success IMCTV201912071BR
4/6/2020 7:03:46 PM - Inserir Historico IMSOL202001098BR
4/6/2020 7:03:46 PM - Insert with success IMSOL202001098BR
4/6/2020 7:04:19 PM - Inserir Historico IMCTV201912081BR
4/6/2020 7:04:20 PM - Insert with success IMCTV201912081BR
4/6/2020 7:04:39 PM - Inserir Historico EMCSR202003134BR
4/6/2020 7:04:40 PM - Insert with success EMCSR202003134BR
4/6/2020 7:05:28 PM - Inserir Historico IMCTV201912074BR
4/6/2020 7:05:29 PM - Insert with success IMCTV201912074BR
4/6/2020 7:06:19 PM - Inserir Historico EMCBE201911001BR
4/6/2020 7:06:20 PM - Insert with success EMCBE201911001BR
4/6/2020 7:06:57 PM - Inserir Historico IMCTV201912077BR
4/6/2020 7:06:58 PM - Insert with success IMCTV201912077BR
4/6/2020 7:07:29 PM - Inserir Historico IMSOL202002007BR
4/6/2020 7:07:30 PM - Insert with success IMSOL202002007BR
4/6/2020 7:08:06 PM - Inserir Historico IMCTV201912078BR
4/6/2020 7:08:06 PM - Insert with success IMCTV201912078BR
4/6/2020 7:08:35 PM - Inserir Historico IMCTV201912076BR
4/6/2020 7:08:35 PM - Insert with success IMCTV201912076BR
4/6/2020 7:08:58 PM - Inserir Historico EAATL202001001BR
4/6/2020 7:08:58 PM - Insert with success EAATL202001001BR
4/6/2020 7:09:25 PM - Inserir Historico EMATL202002016BR
4/6/2020 7:09:26 PM - Insert with success EMATL202002016BR
4/6/2020 7:10:25 PM - Inserir Historico IMCBT202003002BR
4/6/2020 7:10:25 PM - Insert with success IMCBT202003002BR
4/6/2020 7:10:49 PM - Inserir Historico EAATL202001003BR
4/6/2020 7:10:49 PM - Insert with success EAATL202001003BR
4/6/2020 7:11:29 PM - Inserir Historico IMOCV202001011BR
4/6/2020 7:11:29 PM - Insert with success IMOCV202001011BR
4/6/2020 7:12:29 PM - Inserir Historico IMCTV201912080BR
4/6/2020 7:12:29 PM - Insert with success IMCTV201912080BR
4/6/2020 7:13:28 PM - Inserir Historico EMSLA202003002BR
4/6/2020 7:13:28 PM - Insert with success EMSLA202003002BR
4/6/2020 7:14:13 PM - Inserir Historico IMCTV202003023BR
4/6/2020 7:14:13 PM - Insert with success IMCTV202003023BR
4/6/2020 7:14:35 PM - Inserir Historico EAKRY202002001BR
4/6/2020 7:14:36 PM - Insert with success EAKRY202002001BR
4/6/2020 7:15:17 PM - Inserir Historico IMSWB202002091BR
4/6/2020 7:15:17 PM - Insert with success IMSWB202002091BR
4/6/2020 7:15:32 PM - Inserir Historico IAATL202001033BR
4/6/2020 7:15:32 PM - Insert with success IAATL202001033BR
4/6/2020 7:16:11 PM - Inserir Historico IAOXT202002003BR
4/6/2020 7:16:12 PM - Insert with success IAOXT202002003BR
4/6/2020 7:17:11 PM - Inserir Historico EMSAM202003011BR
4/6/2020 7:17:12 PM - Insert with success EMSAM202003011BR
4/6/2020 7:17:52 PM - Inserir Historico EMMAU202002001BR
4/6/2020 7:17:53 PM - Insert with success EMMAU202002001BR
4/6/2020 7:18:22 PM - Inserir Historico IMTAM202003013BR
4/6/2020 7:18:22 PM - Insert with success IMTAM202003013BR
4/6/2020 7:19:01 PM - Inserir Historico IMSOL202003105BR
4/6/2020 7:19:02 PM - Insert with success IMSOL202003105BR
4/6/2020 7:20:30 PM - Inserir Historico IMSWB202002004BR
4/6/2020 7:20:32 PM - Insert with success IMSWB202002004BR
4/6/2020 7:21:14 PM - Inserir Historico IMOXT202002028BR
4/6/2020 7:21:16 PM - Insert with success IMOXT202002028BR
4/6/2020 7:21:59 PM - Inserir Historico EMATN202002001BR
4/6/2020 7:22:01 PM - Insert with success EMATN202002001BR
4/6/2020 7:22:33 PM - Inserir Historico EMCOR201912012BR
4/6/2020 7:22:35 PM - Insert with success EMCOR201912012BR
4/6/2020 7:23:00 PM - Inserir Historico EMCOR201912013BR
4/6/2020 7:23:02 PM - Insert with success EMCOR201912013BR
4/6/2020 7:23:50 PM - Inserir Historico IMSWB202002048BR
4/6/2020 7:23:52 PM - Insert with success IMSWB202002048BR
4/6/2020 7:24:53 PM - Inserir Historico IMOXT202001017BR
4/6/2020 7:24:54 PM - Insert with success IMOXT202001017BR
4/6/2020 7:26:23 PM - Inserir Historico IMCTV202001022BR
4/6/2020 7:26:24 PM - Insert with success IMCTV202001022BR
4/6/2020 7:27:31 PM - Inserir Historico EMOXT202004005BR
4/6/2020 7:27:33 PM - Insert with success EMOXT202004005BR
4/6/2020 7:28:48 PM - Inserir Historico EMOXT202003078BR
4/6/2020 7:28:49 PM - Insert with success EMOXT202003078BR
4/6/2020 7:29:45 PM - Inserir Historico IMCSR202002019BR
4/6/2020 7:29:47 PM - Insert with success IMCSR202002019BR
4/6/2020 7:31:24 PM - Inserir Historico EMARC202003009BR
4/6/2020 7:31:26 PM - Insert with success EMARC202003009BR
4/6/2020 7:32:03 PM - Inserir Historico IMSLA202004006BR
4/6/2020 7:32:05 PM - Insert with success IMSLA202004006BR
4/6/2020 7:33:00 PM - Inserir Historico EMOXT202002195BR
4/6/2020 7:33:02 PM - Insert with success EMOXT202002195BR
4/6/2020 7:34:18 PM - Inserir Historico EMARC202003026BR
4/6/2020 7:34:20 PM - Insert with success EMARC202003026BR
4/6/2020 7:35:27 PM - Inserir Historico IMCSR202004023BR
4/6/2020 7:35:33 PM - Insert with success IMCSR202004023BR
4/6/2020 7:36:52 PM - Inserir Historico IMSWB202002103BR
4/6/2020 7:36:55 PM - Insert with success IMSWB202002103BR
4/6/2020 7:38:56 PM - Inserir Historico EMCSR202003027BR
4/6/2020 7:38:58 PM - Insert with success EMCSR202003027BR
4/6/2020 7:40:11 PM - Inserir Historico IMSWB202002023BR
4/6/2020 7:40:13 PM - Insert with success IMSWB202002023BR
4/6/2020 7:41:42 PM - Inserir Historico IMCSR202001301BR
4/6/2020 7:41:45 PM - Insert with success IMCSR202001301BR
4/6/2020 7:42:57 PM - Inserir Historico IASWB202003003BR
4/6/2020 7:42:58 PM - Insert with success IASWB202003003BR
4/6/2020 7:43:40 PM - Inserir Historico IMSUR202004001BR
4/6/2020 7:43:41 PM - Insert with success IMSUR202004001BR
4/6/2020 7:44:39 PM - Inserir Historico EMCSR202003078BR
4/6/2020 7:44:41 PM - Insert with success EMCSR202003078BR
4/6/2020 7:46:18 PM - Inserir Historico IMCSR202001302BR
4/6/2020 7:46:21 PM - Insert with success IMCSR202001302BR
4/6/2020 7:47:09 PM - Inserir Historico IMEXO201910038BR
4/6/2020 7:47:11 PM - Insert with success IMEXO201910038BR
4/6/2020 7:48:09 PM - Inserir Historico IASWB202003006BR
4/6/2020 7:48:10 PM - Insert with success IASWB202003006BR
4/6/2020 7:48:54 PM - Inserir Historico EMCSR202003019BR
4/6/2020 7:48:56 PM - Insert with success EMCSR202003019BR
4/6/2020 7:49:37 PM - Inserir Historico IMCSR202002136BR
4/6/2020 7:49:39 PM - Insert with success IMCSR202002136BR
4/6/2020 7:50:30 PM - Inserir Historico IMSWB201911065BR
4/6/2020 7:50:32 PM - Insert with success IMSWB201911065BR
4/6/2020 7:51:41 PM - Inserir Historico IMSWB202002117BR
4/6/2020 7:51:43 PM - Insert with success IMSWB202002117BR
4/6/2020 7:52:55 PM - Inserir Historico EMSOL202003004BR
4/6/2020 7:52:57 PM - Insert with success EMSOL202003004BR
4/6/2020 7:53:42 PM - Inserir Historico IMCTV202001064BR
4/6/2020 7:53:44 PM - Insert with success IMCTV202001064BR
4/6/2020 7:54:48 PM - Inserir Historico EMSLA202002004BR
4/6/2020 7:54:51 PM - Insert with success EMSLA202002004BR
4/6/2020 7:56:16 PM - Inserir Historico IMSWB202001059BR
4/6/2020 7:56:18 PM - Insert with success IMSWB202001059BR
4/6/2020 7:57:18 PM - Inserir Historico IMSWB202002059BR
4/6/2020 7:57:19 PM - Insert with success IMSWB202002059BR
4/6/2020 7:58:15 PM - Inserir Historico IMSWB202002008BR
4/6/2020 7:58:16 PM - Insert with success IMSWB202002008BR
4/6/2020 7:58:59 PM - Inserir Historico IACLA202002001BR
4/6/2020 7:59:01 PM - Insert with success IACLA202002001BR
4/6/2020 8:00:15 PM - Inserir Historico IMSWB202001062BR
4/6/2020 8:00:16 PM - Insert with success IMSWB202001062BR
4/6/2020 8:01:30 PM - Inserir Historico EMIFB202003001BR
4/6/2020 8:01:31 PM - Insert with success EMIFB202003001BR
4/6/2020 8:02:35 PM - Inserir Historico IMATL201912143BR
4/6/2020 8:02:37 PM - Insert with success IMATL201912143BR
4/6/2020 8:03:45 PM - Inserir Historico IMCSR202003266BR
4/6/2020 8:03:47 PM - Insert with success IMCSR202003266BR
4/6/2020 8:04:49 PM - Inserir Historico IMLYB202001021BR
4/6/2020 8:04:52 PM - Insert with success IMLYB202001021BR
4/6/2020 8:05:51 PM - Inserir Historico EMOXT202002103BR
4/6/2020 8:05:53 PM - Insert with success EMOXT202002103BR
4/6/2020 8:06:53 PM - Inserir Historico EMOXT202002176BR
4/6/2020 8:06:56 PM - Insert with success EMOXT202002176BR
4/6/2020 8:08:13 PM - Inserir Historico EMOXT202002190BR
4/6/2020 8:08:15 PM - Insert with success EMOXT202002190BR
4/6/2020 8:09:00 PM - Inserir Historico EMOXT202003072BR
4/6/2020 8:09:03 PM - Insert with success EMOXT202003072BR
4/6/2020 8:10:02 PM - Inserir Historico EMCSR202004005BR
4/6/2020 8:10:09 PM - Insert with success EMCSR202004005BR
4/6/2020 8:11:32 PM - Inserir Historico EMOXT202003066BR
4/6/2020 8:11:34 PM - Insert with success EMOXT202003066BR
4/6/2020 8:12:49 PM - Inserir Historico IACSR202003018BR
4/6/2020 8:12:51 PM - Insert with success IACSR202003018BR
4/6/2020 8:13:53 PM - Inserir Historico IMCSR202002318BR
4/6/2020 8:13:54 PM - Insert with success IMCSR202002318BR
4/6/2020 8:14:46 PM - Inserir Historico IMCSR202002329BR
4/6/2020 8:14:48 PM - Insert with success IMCSR202002329BR
4/6/2020 8:15:35 PM - Inserir Historico IMCSR202003016BR
4/6/2020 8:15:37 PM - Insert with success IMCSR202003016BR
4/6/2020 8:16:44 PM - Inserir Historico IMCSR202003017BR
4/6/2020 8:16:46 PM - Insert with success IMCSR202003017BR
4/6/2020 8:17:41 PM - Inserir Historico IMCSR202003019BR
4/6/2020 8:17:43 PM - Insert with success IMCSR202003019BR
4/6/2020 8:18:44 PM - Inserir Historico IMCSR202003175BR
4/6/2020 8:18:45 PM - Insert with success IMCSR202003175BR
4/6/2020 8:20:06 PM - Inserir Historico IMCSR202003207BR
4/6/2020 8:20:12 PM - Insert with success IMCSR202003207BR
4/6/2020 8:21:18 PM - Inserir Historico IMCSR202003214BR
4/6/2020 8:21:20 PM - Insert with success IMCSR202003214BR
4/6/2020 8:22:24 PM - Inserir Historico IMCSR202003215BR
4/6/2020 8:22:26 PM - Insert with success IMCSR202003215BR
4/6/2020 8:23:16 PM - Inserir Historico IMFMC201902001BR
4/6/2020 8:23:18 PM - Insert with success IMFMC201902001BR
4/6/2020 8:24:19 PM - Inserir Historico IMCSR202003217BR
4/6/2020 8:24:22 PM - Insert with success IMCSR202003217BR
4/6/2020 8:25:34 PM - Inserir Historico IMCSR202003404BR
4/6/2020 8:25:39 PM - Insert with success IMCSR202003404BR
4/6/2020 8:26:57 PM - Inserir Historico IMCSR202003249BR
4/6/2020 8:27:00 PM - Insert with success IMCSR202003249BR
4/6/2020 8:28:16 PM - Inserir Historico IMCSR202003284BR
4/6/2020 8:28:17 PM - Insert with success IMCSR202003284BR
4/6/2020 8:29:24 PM - Inserir Historico IMCSR202003482BR
4/6/2020 8:29:26 PM - Insert with success IMCSR202003482BR
4/6/2020 8:30:58 PM - Inserir Historico IMSOL202002125BR
4/6/2020 8:31:01 PM - Insert with success IMSOL202002125BR
4/6/2020 8:31:47 PM - Inserir Historico IMFMC201903001BR
4/6/2020 8:31:49 PM - Insert with success IMFMC201903001BR
4/6/2020 8:32:37 PM - Inserir Historico IMSWB202002094BR
4/6/2020 8:32:39 PM - Insert with success IMSWB202002094BR
4/6/2020 8:33:31 PM - Inserir Historico EMSLA202002005BR
4/6/2020 8:33:37 PM - Insert with success EMSLA202002005BR
4/6/2020 8:34:33 PM - Inserir Historico IMSWB202002036BR
4/6/2020 8:34:35 PM - Insert with success IMSWB202002036BR
4/6/2020 8:35:04 PM - Inserir Historico IMFMC201907001BR
4/6/2020 8:35:06 PM - Insert with success IMFMC201907001BR
4/6/2020 8:35:40 PM - Inserir Historico IMFMC201908001BR
4/6/2020 8:35:42 PM - Insert with success IMFMC201908001BR
4/6/2020 8:36:36 PM - Inserir Historico IMSWB202002038BR
4/6/2020 8:36:38 PM - Insert with success IMSWB202002038BR
4/6/2020 8:37:08 PM - Inserir Historico IMFMC201901001BR
4/6/2020 8:37:10 PM - Insert with success IMFMC201901001BR
4/6/2020 8:37:57 PM - Inserir Historico IMSPC202003064BR
4/6/2020 8:37:58 PM - Insert with success IMSPC202003064BR
4/6/2020 8:38:28 PM - Inserir Historico IMFMC201905001BR
4/6/2020 8:38:29 PM - Insert with success IMFMC201905001BR
4/6/2020 8:39:20 PM - Inserir Historico EMATN201910001BR
4/6/2020 8:39:22 PM - Insert with success EMATN201910001BR
4/6/2020 8:40:09 PM - Inserir Historico IMCSR202003206BR
4/6/2020 8:40:11 PM - Insert with success IMCSR202003206BR
4/6/2020 8:40:37 PM - Inserir Historico IMFMC201909001BR
4/6/2020 8:40:39 PM - Insert with success IMFMC201909001BR
4/6/2020 8:41:30 PM - Inserir Historico EASLA202003001BR
4/6/2020 8:41:32 PM - Insert with success EASLA202003001BR
4/6/2020 8:42:16 PM - Inserir Historico IMSOL202001049BR
4/6/2020 8:42:19 PM - Insert with success IMSOL202001049BR
4/6/2020 8:42:59 PM - Inserir Historico IMSOL202002003BR
4/6/2020 8:43:02 PM - Insert with success IMSOL202002003BR
4/6/2020 8:43:48 PM - Inserir Historico IMFMC201904003BR
4/6/2020 8:43:50 PM - Insert with success IMFMC201904003BR
4/6/2020 8:44:32 PM - Inserir Historico IMSOL202002005BR
4/6/2020 8:44:37 PM - Insert with success IMSOL202002005BR
4/6/2020 8:45:04 PM - Inserir Historico IMFMC201906001BR
4/6/2020 8:45:06 PM - Insert with success IMFMC201906001BR
4/6/2020 8:45:53 PM - Inserir Historico IMMAU202003010BR
4/6/2020 8:45:55 PM - Insert with success IMMAU202003010BR
4/6/2020 8:46:32 PM - Inserir Historico EMCSR202003137BR
4/6/2020 8:46:34 PM - Insert with success EMCSR202003137BR
4/6/2020 8:47:06 PM - Inserir Historico IMFMC201910003BR
4/6/2020 8:47:08 PM - Insert with success IMFMC201910003BR
4/6/2020 8:47:37 PM - Inserir Historico EAOXT201901002BR
4/6/2020 8:47:40 PM - Insert with success EAOXT201901002BR
4/6/2020 8:48:05 PM - Inserir Historico IMFMC201910004BR
4/6/2020 8:48:06 PM - Insert with success IMFMC201910004BR
4/6/2020 8:48:40 PM - Inserir Historico IMSPC202003052BR
4/6/2020 8:48:43 PM - Insert with success IMSPC202003052BR
4/6/2020 8:49:45 PM - Inserir Historico IMSOL202001077BR
4/6/2020 8:49:47 PM - Insert with success IMSOL202001077BR
4/6/2020 8:51:00 PM - Inserir Historico IMSOL202003078BR
4/6/2020 8:51:02 PM - Insert with success IMSOL202003078BR
4/6/2020 8:53:05 PM - Inserir Historico IMSLA202004002BR
4/6/2020 8:53:07 PM - Insert with success IMSLA202004002BR
4/6/2020 8:53:53 PM - Inserir Historico IAOXT202003006BR
4/6/2020 8:53:55 PM - Insert with success IAOXT202003006BR
4/6/2020 8:54:34 PM - Inserir Historico IMSPC202003058BR
4/6/2020 8:54:36 PM - Insert with success IMSPC202003058BR
4/6/2020 8:55:32 PM - Inserir Historico EMSOL202003007BR
4/6/2020 8:55:35 PM - Insert with success EMSOL202003007BR
4/6/2020 8:56:19 PM - Inserir Historico IMCSR202003273BR
4/6/2020 8:56:20 PM - Insert with success IMCSR202003273BR
4/6/2020 8:57:03 PM - Inserir Historico EACPE201909001BR
4/6/2020 8:57:03 PM - Insert with success EACPE201909001BR
4/6/2020 8:57:48 PM - Inserir Historico IMSOL201912004BR
4/6/2020 8:57:49 PM - Insert with success IMSOL201912004BR
4/6/2020 8:58:13 PM - Inserir Historico EMCSR202003138BR
4/6/2020 8:58:14 PM - Insert with success EMCSR202003138BR
4/6/2020 8:59:17 PM - Inserir Historico IMATN202003001BR
4/6/2020 8:59:20 PM - Insert with success IMATN202003001BR
4/6/2020 9:01:48 PM - Inserir Historico IMSOL202001046BR
4/6/2020 9:01:51 PM - Insert with success IMSOL202001046BR
4/6/2020 9:03:17 PM - Inserir Historico IMSPC202003059BR
4/6/2020 9:03:23 PM - Insert with success IMSPC202003059BR
4/6/2020 9:04:35 PM - Inserir Historico IMSOL202002122BR
4/6/2020 9:04:40 PM - Insert with success IMSOL202002122BR
4/6/2020 9:05:42 PM - Inserir Historico EASOL202003001BR
4/6/2020 9:05:45 PM - Insert with success EASOL202003001BR
4/6/2020 9:06:59 PM - Inserir Historico IMSOL202001086BR
4/6/2020 9:07:01 PM - Insert with success IMSOL202001086BR
4/6/2020 9:07:52 PM - Inserir Historico IMSPC202003065BR
4/6/2020 9:07:53 PM - Insert with success IMSPC202003065BR
4/6/2020 9:08:48 PM - Inserir Historico IAATN202002002BR
4/6/2020 9:08:50 PM - Insert with success IAATN202002002BR
4/6/2020 9:09:40 PM - Inserir Historico EACPE201906001BR
4/6/2020 9:09:42 PM - Insert with success EACPE201906001BR
4/6/2020 9:10:52 PM - Inserir Historico IMCSR202002092BR
4/6/2020 9:10:53 PM - Insert with success IMCSR202002092BR
4/6/2020 9:12:06 PM - Inserir Historico IMSPC201912022BR
4/6/2020 9:12:08 PM - Insert with success IMSPC201912022BR
4/6/2020 9:12:59 PM - Inserir Historico IMSPC202003061BR
4/6/2020 9:13:01 PM - Insert with success IMSPC202003061BR
4/6/2020 9:14:06 PM - Inserir Historico EACPE202001001BR
4/6/2020 9:14:07 PM - Insert with success EACPE202001001BR
4/6/2020 9:14:59 PM - Inserir Historico IMSPC202003053BR
4/6/2020 9:15:03 PM - Insert with success IMSPC202003053BR
4/6/2020 9:16:02 PM - Inserir Historico IMSOL202003081BR
4/6/2020 9:16:04 PM - Insert with success IMSOL202003081BR
4/6/2020 9:16:58 PM - Inserir Historico IMSOL202002111BR
4/6/2020 9:17:01 PM - Insert with success IMSOL202002111BR
4/6/2020 9:17:52 PM - Inserir Historico IMSPC202003060BR
4/6/2020 9:17:54 PM - Insert with success IMSPC202003060BR
4/6/2020 9:18:28 PM - Inserir Historico EAOXT201907008BR
4/6/2020 9:18:30 PM - Insert with success EAOXT201907008BR
4/6/2020 9:19:24 PM - Inserir Historico IMCSR202002002BR
4/6/2020 9:19:26 PM - Insert with success IMCSR202002002BR
4/6/2020 9:20:34 PM - Inserir Historico EACPE201908001BR
4/6/2020 9:20:36 PM - Insert with success EACPE201908001BR
4/6/2020 9:21:44 PM - Inserir Historico EMARC202003041BR
4/6/2020 9:21:45 PM - Insert with success EMARC202003041BR
4/6/2020 9:22:10 PM - Inserir Historico EAOXT201908001BR
4/6/2020 9:22:12 PM - Insert with success EAOXT201908001BR
4/6/2020 9:23:09 PM - Inserir Historico EMOXT202002199BR
4/6/2020 9:23:12 PM - Insert with success EMOXT202002199BR
4/6/2020 9:24:19 PM - Inserir Historico EMOXT202002200BR
4/6/2020 9:24:21 PM - Insert with success EMOXT202002200BR
4/6/2020 9:25:42 PM - Inserir Historico EMOXT202002201BR
4/6/2020 9:25:44 PM - Insert with success EMOXT202002201BR
4/6/2020 9:27:06 PM - Inserir Historico EMOXT202002216BR
4/6/2020 9:27:08 PM - Insert with success EMOXT202002216BR
4/6/2020 9:28:02 PM - Inserir Historico IMLYB202001017BR
4/6/2020 9:28:04 PM - Insert with success IMLYB202001017BR
4/6/2020 9:28:38 PM - Inserir Historico EMOXT202003178BR
4/6/2020 9:28:40 PM - Insert with success EMOXT202003178BR
4/6/2020 9:29:33 PM - Inserir Historico IMSPC202003062BR
4/6/2020 9:29:35 PM - Insert with success IMSPC202003062BR
4/6/2020 9:30:26 PM - Inserir Historico EACBE201908001BR
4/6/2020 9:30:27 PM - Insert with success EACBE201908001BR
4/6/2020 9:32:50 PM - Inserir Historico IMEAS202003003BR
4/6/2020 9:32:52 PM - Insert with success IMEAS202003003BR
4/6/2020 9:34:00 PM - Inserir Historico IMCSR202001627BR
4/6/2020 9:34:01 PM - Insert with success IMCSR202001627BR
4/6/2020 9:34:59 PM - Inserir Historico IMCSR202003295BR
4/6/2020 9:35:02 PM - Insert with success IMCSR202003295BR
4/6/2020 9:36:00 PM - Inserir Historico IMCSR202002111BR
4/6/2020 9:36:02 PM - Insert with success IMCSR202002111BR
4/6/2020 9:36:26 PM - Inserir Historico EAOXT201907007BR
4/6/2020 9:36:28 PM - Insert with success EAOXT201907007BR
4/6/2020 9:37:21 PM - Inserir Historico EMARC202003010BR
4/6/2020 9:37:23 PM - Insert with success EMARC202003010BR
4/6/2020 9:38:23 PM - Inserir Historico EMCSR202002109BR
4/6/2020 9:38:24 PM - Insert with success EMCSR202002109BR
4/6/2020 9:39:39 PM - Inserir Historico EMCSR202003032BR
4/6/2020 9:39:42 PM - Insert with success EMCSR202003032BR
4/6/2020 9:40:51 PM - Inserir Historico EMSOL202003016BR
4/6/2020 9:40:53 PM - Insert with success EMSOL202003016BR
4/6/2020 9:41:44 PM - Inserir Historico EMSOL202003019BR
4/6/2020 9:41:46 PM - Insert with success EMSOL202003019BR
4/6/2020 9:42:35 PM - Inserir Historico IMSLA202003002BR
4/6/2020 9:42:38 PM - Insert with success IMSLA202003002BR
4/6/2020 9:43:13 PM - Inserir Historico EMCSR202003066BR
4/6/2020 9:43:14 PM - Insert with success EMCSR202003066BR
4/6/2020 9:44:14 PM - Inserir Historico IMUPM202003004BR
4/6/2020 9:44:16 PM - Insert with success IMUPM202003004BR
4/6/2020 9:45:46 PM - Inserir Historico IMSOL202001111BR
4/6/2020 9:45:48 PM - Insert with success IMSOL202001111BR
4/6/2020 9:46:15 PM - Inserir Historico EAOXT201906006BR
4/6/2020 9:46:18 PM - Insert with success EAOXT201906006BR
4/6/2020 9:47:13 PM - Inserir Historico IMSOL202002027BR
4/6/2020 9:47:14 PM - Insert with success IMSOL202002027BR
4/6/2020 9:47:49 PM - Inserir Historico IMSOL202001041BR
4/6/2020 9:47:50 PM - Insert with success IMSOL202001041BR
4/6/2020 9:48:23 PM - Inserir Historico EAOXT201906007BR
4/6/2020 9:48:25 PM - Insert with success EAOXT201906007BR
4/6/2020 9:49:15 PM - Inserir Historico IMCTV202001060BR
4/6/2020 9:49:17 PM - Insert with success IMCTV202001060BR
4/6/2020 9:50:18 PM - Inserir Historico EASOL202003004BR
4/6/2020 9:50:20 PM - Insert with success EASOL202003004BR
4/6/2020 9:51:12 PM - Inserir Historico EMSOL202002011BR
4/6/2020 9:51:15 PM - Insert with success EMSOL202002011BR
4/6/2020 9:52:13 PM - Inserir Historico IACBT202003001BR
4/6/2020 9:52:16 PM - Insert with success IACBT202003001BR
4/6/2020 9:53:35 PM - Inserir Historico IMCTV202002012BR
4/6/2020 9:53:37 PM - Insert with success IMCTV202002012BR
4/6/2020 9:56:03 PM - Inserir Historico IMSLA202003025BR
4/6/2020 9:56:06 PM - Insert with success IMSLA202003025BR
4/6/2020 9:57:16 PM - Inserir Historico IMCSR202001297BR
4/6/2020 9:57:18 PM - Insert with success IMCSR202001297BR
4/6/2020 9:58:12 PM - Inserir Historico IMOXT202002025BR
4/6/2020 9:58:13 PM - Insert with success IMOXT202002025BR
4/6/2020 9:59:09 PM - Inserir Historico EMBCB201905009BR
4/6/2020 9:59:12 PM - Insert with success EMBCB201905009BR
4/6/2020 9:59:56 PM - Inserir Historico IMSPC202004001BR
4/6/2020 9:59:57 PM - Insert with success IMSPC202004001BR
4/6/2020 10:00:44 PM - Inserir Historico IOOXT202003024BR
4/6/2020 10:00:46 PM - Insert with success IOOXT202003024BR
4/6/2020 10:01:36 PM - Inserir Historico IMCTV202002009BR
4/6/2020 10:01:38 PM - Insert with success IMCTV202002009BR
4/6/2020 10:02:20 PM - Inserir Historico EMCSR202002056BR
4/6/2020 10:02:22 PM - Insert with success EMCSR202002056BR
4/6/2020 10:03:22 PM - Inserir Historico IMLYB202001020BR
4/6/2020 10:03:26 PM - Insert with success IMLYB202001020BR
4/6/2020 10:04:01 PM - Inserir Historico EMCSR202003111BR
4/6/2020 10:04:03 PM - Insert with success EMCSR202003111BR
4/6/2020 10:04:36 PM - Inserir Historico IMCTV202002010BR
4/6/2020 10:04:38 PM - Insert with success IMCTV202002010BR
4/6/2020 10:05:56 PM - Inserir Historico EMOXT202003179BR
4/6/2020 10:06:00 PM - Insert with success EMOXT202003179BR
4/6/2020 10:06:58 PM - Inserir Historico IMCTV202002011BR
4/6/2020 10:07:00 PM - Insert with success IMCTV202002011BR
4/6/2020 10:07:48 PM - Inserir Historico IMSOL202001110BR
4/6/2020 10:07:49 PM - Insert with success IMSOL202001110BR
4/6/2020 10:08:54 PM - Inserir Historico EMOXT202003169BR
4/6/2020 10:08:56 PM - Insert with success EMOXT202003169BR
4/6/2020 10:09:50 PM - Inserir Historico IMSLA202004003BR
4/6/2020 10:09:53 PM - Insert with success IMSLA202004003BR
4/6/2020 10:10:49 PM - Inserir Historico IMCSR201911277BR
4/6/2020 10:10:50 PM - Insert with success IMCSR201911277BR
4/6/2020 10:11:35 PM - Inserir Historico IMCSR202003259BR
4/6/2020 10:11:36 PM - Insert with success IMCSR202003259BR
4/6/2020 10:12:29 PM - Inserir Historico IMCSR202003504BR
4/6/2020 10:12:30 PM - Insert with success IMCSR202003504BR
4/6/2020 10:13:41 PM - Inserir Historico IMCSR202003505BR
4/6/2020 10:13:42 PM - Insert with success IMCSR202003505BR
4/6/2020 10:14:55 PM - Inserir Historico IMCSR202003202BR
4/6/2020 10:15:00 PM - Insert with success IMCSR202003202BR
4/6/2020 10:15:50 PM - Inserir Historico IMCSR202003283BR
4/6/2020 10:15:52 PM - Insert with success IMCSR202003283BR
4/6/2020 10:16:46 PM - Inserir Historico IMCSR202003387BR
4/6/2020 10:16:48 PM - Insert with success IMCSR202003387BR
4/6/2020 10:17:40 PM - Inserir Historico IMCSR202003503BR
4/6/2020 10:17:42 PM - Insert with success IMCSR202003503BR
4/6/2020 10:18:22 PM - Inserir Historico IMCSR202003396BR
4/6/2020 10:18:25 PM - Insert with success IMCSR202003396BR
4/6/2020 10:19:02 PM - Inserir Historico IMCSR202003388BR
4/6/2020 10:19:04 PM - Insert with success IMCSR202003388BR
4/6/2020 10:19:54 PM - Inserir Historico IMCSR202003457BR
4/6/2020 10:19:56 PM - Insert with success IMCSR202003457BR
4/6/2020 10:21:00 PM - Inserir Historico IMCSR202003375BR
4/6/2020 10:21:02 PM - Insert with success IMCSR202003375BR
4/6/2020 10:21:51 PM - Inserir Historico IMCSR202001309BR
4/6/2020 10:21:53 PM - Insert with success IMCSR202001309BR
4/6/2020 10:22:50 PM - Inserir Historico IMCSR202003246BR
4/6/2020 10:22:52 PM - Insert with success IMCSR202003246BR
4/6/2020 10:23:41 PM - Inserir Historico IMCSR202003241BR
4/6/2020 10:23:44 PM - Insert with success IMCSR202003241BR
4/6/2020 10:24:22 PM - Inserir Historico IMCSR202002227BR
4/6/2020 10:24:23 PM - Insert with success IMCSR202002227BR
4/6/2020 10:25:01 PM - Inserir Historico IMCSR202003018BR
4/6/2020 10:25:04 PM - Insert with success IMCSR202003018BR
4/6/2020 10:25:55 PM - Inserir Historico IMCSR201910309BR
4/6/2020 10:25:57 PM - Insert with success IMCSR201910309BR
4/6/2020 10:26:33 PM - Inserir Historico IMCSR202003380BR
4/6/2020 10:26:36 PM - Insert with success IMCSR202003380BR
4/6/2020 10:27:08 PM - Inserir Historico IMCSR202003176BR
4/6/2020 10:27:09 PM - Insert with success IMCSR202003176BR
4/6/2020 10:27:41 PM - Inserir Historico IMCSR202002214BR
4/6/2020 10:27:41 PM - Insert with success IMCSR202002214BR
4/6/2020 10:28:14 PM - Inserir Historico IMCSR202002223BR
4/6/2020 10:28:14 PM - Insert with success IMCSR202002223BR
4/6/2020 10:28:58 PM - Inserir Historico IMSOL202002045BR
4/6/2020 10:28:59 PM - Insert with success IMSOL202002045BR
4/6/2020 10:30:08 PM - Inserir Historico IMCSR201911278BR
4/6/2020 10:30:11 PM - Insert with success IMCSR201911278BR
4/6/2020 10:31:03 PM - Inserir Historico EMOXT202003175BR
4/6/2020 10:31:06 PM - Insert with success EMOXT202003175BR
4/6/2020 10:32:04 PM - Inserir Historico IMCSR202003383BR
4/6/2020 10:32:06 PM - Insert with success IMCSR202003383BR
4/6/2020 10:32:44 PM - Inserir Historico IMLYB202002001BR
4/6/2020 10:32:45 PM - Insert with success IMLYB202002001BR
4/6/2020 10:33:30 PM - Inserir Historico EMOXT202003177BR
4/6/2020 10:33:32 PM - Insert with success EMOXT202003177BR
4/6/2020 10:34:17 PM - Inserir Historico IMSPC202003057BR
4/6/2020 10:34:18 PM - Insert with success IMSPC202003057BR
4/6/2020 10:34:57 PM - Inserir Historico IMSPC202003051BR
4/6/2020 10:34:59 PM - Insert with success IMSPC202003051BR
4/6/2020 10:35:39 PM - Inserir Historico IMSPC202003056BR
4/6/2020 10:35:41 PM - Insert with success IMSPC202003056BR
4/6/2020 10:36:32 PM - Inserir Historico IMSPC202003063BR
4/6/2020 10:36:34 PM - Insert with success IMSPC202003063BR
4/6/2020 10:37:30 PM - Inserir Historico IMCTV202001004BR
4/6/2020 10:37:31 PM - Insert with success IMCTV202001004BR
4/6/2020 10:38:32 PM - Inserir Historico IMEAS202003016BR
4/6/2020 10:38:33 PM - Insert with success IMEAS202003016BR
4/6/2020 10:39:43 PM - Inserir Historico EMOXT202003162BR
4/6/2020 10:39:45 PM - Insert with success EMOXT202003162BR
4/6/2020 10:40:53 PM - Inserir Historico IMCSR202002106BR
4/6/2020 10:40:55 PM - Insert with success IMCSR202002106BR
4/6/2020 10:41:53 PM - Inserir Historico EMOXT202003159BR
4/6/2020 10:41:54 PM - Insert with success EMOXT202003159BR
4/6/2020 10:42:37 PM - Inserir Historico EMOXT202003163BR
4/6/2020 10:42:39 PM - Insert with success EMOXT202003163BR
4/6/2020 10:44:26 PM - Inserir Historico IMSLA202003026BR
4/6/2020 10:44:27 PM - Insert with success IMSLA202003026BR
4/6/2020 10:45:00 PM - Inserir Historico IMEAS202003005BR
4/6/2020 10:45:01 PM - Insert with success IMEAS202003005BR
4/6/2020 10:45:55 PM - Inserir Historico IMSOL202002047BR
4/6/2020 10:45:57 PM - Insert with success IMSOL202002047BR
4/6/2020 10:46:53 PM - Inserir Historico EMOXT202003164BR
4/6/2020 10:46:54 PM - Insert with success EMOXT202003164BR
4/6/2020 10:48:01 PM - Inserir Historico IASOL202003006BR
4/6/2020 10:48:03 PM - Insert with success IASOL202003006BR
4/6/2020 10:49:02 PM - Inserir Historico IMEAS202003006BR
4/6/2020 10:49:04 PM - Insert with success IMEAS202003006BR
4/6/2020 10:50:08 PM - Inserir Historico IMCSR202003367BR
4/6/2020 10:50:10 PM - Insert with success IMCSR202003367BR
4/6/2020 10:51:24 PM - Inserir Historico IMSLA202003043BR
4/6/2020 10:51:29 PM - Insert with success IMSLA202003043BR
4/6/2020 10:53:06 PM - Inserir Historico EMOXT202003158BR
4/6/2020 10:53:10 PM - Insert with success EMOXT202003158BR
4/6/2020 10:54:07 PM - Inserir Historico IMSWB202001043BR
4/6/2020 10:54:10 PM - Insert with success IMSWB202001043BR
4/6/2020 10:54:56 PM - Inserir Historico IMEXO202002021BR
4/6/2020 10:54:58 PM - Insert with success IMEXO202002021BR
4/6/2020 10:55:54 PM - Inserir Historico IMSWB201912083BR
4/6/2020 10:55:56 PM - Insert with success IMSWB201912083BR
4/6/2020 10:56:41 PM - Inserir Historico IASWB202003011BR
4/6/2020 10:56:44 PM - Insert with success IASWB202003011BR
4/6/2020 10:57:52 PM - Inserir Historico EMOXT202003151BR
4/6/2020 10:57:53 PM - Insert with success EMOXT202003151BR
4/6/2020 10:58:38 PM - Inserir Historico IMSOL202001101BR
4/6/2020 10:58:39 PM - Insert with success IMSOL202001101BR
4/6/2020 11:00:23 PM - Inserir Historico IMOCV202002013BR
4/6/2020 11:00:25 PM - Insert with success IMOCV202002013BR
4/6/2020 11:01:19 PM - Inserir Historico IMCSR202002149BR
4/6/2020 11:01:26 PM - Insert with success IMCSR202002149BR
4/6/2020 11:02:25 PM - Inserir Historico IMCBT201912007BR
4/6/2020 11:02:27 PM - Insert with success IMCBT201912007BR
4/6/2020 11:03:53 PM - Inserir Historico IMCBT202003024BR
4/6/2020 11:03:56 PM - Insert with success IMCBT202003024BR
4/6/2020 11:05:16 PM - Inserir Historico IMCBT202003027BR
4/6/2020 11:05:18 PM - Insert with success IMCBT202003027BR
4/6/2020 11:06:35 PM - Inserir Historico IMCSR202004024BR
4/6/2020 11:06:37 PM - Insert with success IMCSR202004024BR
4/6/2020 11:07:27 PM - Inserir Historico IMOXT202001018BR
4/6/2020 11:07:30 PM - Insert with success IMOXT202001018BR
4/6/2020 11:08:21 PM - Inserir Historico IMSWB201912097BR
4/6/2020 11:08:23 PM - Insert with success IMSWB201912097BR
4/6/2020 11:09:45 PM - Inserir Historico IASWB202003013BR
4/6/2020 11:09:50 PM - Insert with success IASWB202003013BR
4/6/2020 11:10:47 PM - Inserir Historico IMSLA202003019BR
4/6/2020 11:10:49 PM - Insert with success IMSLA202003019BR
4/6/2020 11:11:39 PM - Inserir Historico IMCTV202003027BR
4/6/2020 11:11:43 PM - Insert with success IMCTV202003027BR
4/6/2020 11:12:28 PM - Inserir Historico IMSOL202002004BR
4/6/2020 11:12:30 PM - Insert with success IMSOL202002004BR
4/6/2020 11:15:06 PM - Inserir Historico IMTAM202003007BR
4/6/2020 11:15:10 PM - Insert with success IMTAM202003007BR
4/6/2020 11:16:26 PM - Inserir Historico IMSOL202002024BR
4/6/2020 11:16:28 PM - Insert with success IMSOL202002024BR
4/6/2020 11:17:19 PM - Inserir Historico IMSWB202001099BR
4/6/2020 11:17:20 PM - Insert with success IMSWB202001099BR
4/6/2020 11:18:17 PM - Inserir Historico IMSWB201910132BR
4/6/2020 11:18:19 PM - Insert with success IMSWB201910132BR
4/6/2020 11:19:24 PM - Inserir Historico IMSWB201912081BR
4/6/2020 11:19:26 PM - Insert with success IMSWB201912081BR
4/6/2020 11:20:12 PM - Inserir Historico IMSOL202002025BR
4/6/2020 11:20:14 PM - Insert with success IMSOL202002025BR
4/6/2020 11:20:49 PM - Inserir Historico EMSOL202003023BR
4/6/2020 11:20:51 PM - Insert with success EMSOL202003023BR
4/6/2020 11:21:47 PM - Inserir Historico IMSOL202002023BR
4/6/2020 11:21:51 PM - Insert with success IMSOL202002023BR
4/6/2020 11:22:56 PM - Inserir Historico IMCSR202002193BR
4/6/2020 11:22:58 PM - Insert with success IMCSR202002193BR
4/6/2020 11:23:49 PM - Inserir Historico IMSOL202002026BR
4/6/2020 11:23:51 PM - Insert with success IMSOL202002026BR
4/6/2020 11:24:33 PM - Inserir Historico IMTAM202003012BR
4/6/2020 11:24:36 PM - Insert with success IMTAM202003012BR
4/6/2020 11:25:13 PM - Inserir Historico EMCSR202003050BR
4/6/2020 11:25:14 PM - Insert with success EMCSR202003050BR
4/6/2020 11:26:01 PM - Inserir Historico IMSOL202001012BR
4/6/2020 11:26:03 PM - Insert with success IMSOL202001012BR
4/6/2020 11:26:43 PM - Inserir Historico IMSOL202002013BR
4/6/2020 11:26:44 PM - Insert with success IMSOL202002013BR
4/6/2020 11:27:29 PM - Inserir Historico IMCSR202001651BR
4/6/2020 11:27:30 PM - Insert with success IMCSR202001651BR
4/6/2020 11:28:07 PM - Inserir Historico IMCSR202001421BR
4/6/2020 11:28:08 PM - Insert with success IMCSR202001421BR
4/6/2020 11:28:50 PM - Inserir Historico IMSOL201912042BR
4/6/2020 11:28:51 PM - Insert with success IMSOL201912042BR
4/6/2020 11:30:14 PM - Inserir Historico IMCSR202001649BR
4/6/2020 11:30:16 PM - Insert with success IMCSR202001649BR
4/6/2020 11:30:53 PM - Inserir Historico EMCSR202003051BR
4/6/2020 11:30:55 PM - Insert with success EMCSR202003051BR
4/6/2020 11:31:40 PM - Inserir Historico IMOXT201902001BR
4/6/2020 11:31:42 PM - Insert with success IMOXT201902001BR
4/6/2020 11:32:36 PM - Inserir Historico IMSWB202001026BR
4/6/2020 11:32:38 PM - Insert with success IMSWB202001026BR
4/6/2020 11:33:02 PM - Inserir Historico IMOXT201908003BR
4/6/2020 11:33:03 PM - Insert with success IMOXT201908003BR
4/6/2020 11:33:45 PM - Inserir Historico EMOXT202003149BR
4/6/2020 11:33:47 PM - Insert with success EMOXT202003149BR
4/6/2020 11:34:06 PM - Inserir Historico IAATN202004001BR
4/6/2020 11:34:08 PM - Insert with success IAATN202004001BR
4/6/2020 11:34:51 PM - Inserir Historico IMSOL202001062BR
4/6/2020 11:34:52 PM - Insert with success IMSOL202001062BR
4/6/2020 11:35:11 PM - Inserir Historico IMOXT201909022BR
4/6/2020 11:35:14 PM - Insert with success IMOXT201909022BR
4/6/2020 11:35:48 PM - Inserir Historico EMCSR202003052BR
4/6/2020 11:35:50 PM - Insert with success EMCSR202003052BR
4/6/2020 11:36:17 PM - Inserir Historico IAOXT201905009BR
4/6/2020 11:36:21 PM - Insert with success IAOXT201905009BR
4/6/2020 11:37:13 PM - Inserir Historico IMCTV202002053BR
4/6/2020 11:37:15 PM - Insert with success IMCTV202002053BR
4/6/2020 11:38:01 PM - Inserir Historico IOOXT201910001BR
4/6/2020 11:38:03 PM - Insert with success IOOXT201910001BR
4/6/2020 11:39:10 PM - Inserir Historico IMCTV202002052BR
4/6/2020 11:39:13 PM - Insert with success IMCTV202002052BR
4/6/2020 11:40:11 PM - Inserir Historico IOOXT201909007BR
4/6/2020 11:40:14 PM - Insert with success IOOXT201909007BR
4/6/2020 11:41:25 PM - Inserir Historico IAATN202004002BR
4/6/2020 11:41:27 PM - Insert with success IAATN202004002BR
4/6/2020 11:41:57 PM - Inserir Historico IOOXT201907007BR
4/6/2020 11:41:59 PM - Insert with success IOOXT201907007BR
4/6/2020 11:43:08 PM - Inserir Historico EMSOL202003024BR
4/6/2020 11:43:09 PM - Insert with success EMSOL202003024BR
4/6/2020 11:44:18 PM - Inserir Historico IMCSR202002001BR
4/6/2020 11:44:20 PM - Insert with success IMCSR202002001BR
4/6/2020 11:44:55 PM - Inserir Historico EMCSR202003053BR
4/6/2020 11:44:57 PM - Insert with success EMCSR202003053BR
4/6/2020 11:46:03 PM - Inserir Historico IMCSR202002315BR
4/6/2020 11:46:04 PM - Insert with success IMCSR202002315BR
4/6/2020 11:47:40 PM - Inserir Historico IMMAU202002015BR
4/6/2020 11:47:42 PM - Insert with success IMMAU202002015BR
4/6/2020 11:48:20 PM - Inserir Historico EMCSR202003049BR
4/6/2020 11:48:22 PM - Insert with success EMCSR202003049BR
4/6/2020 11:49:32 PM - Inserir Historico IMCSR202002317BR
4/6/2020 11:49:34 PM - Insert with success IMCSR202002317BR
4/6/2020 11:50:25 PM - Inserir Historico IMCBT202003036BR
4/6/2020 11:50:27 PM - Insert with success IMCBT202003036BR
4/6/2020 11:51:11 PM - Inserir Historico EMCBE202002002BR
4/6/2020 11:51:13 PM - Insert with success EMCBE202002002BR
4/6/2020 11:52:20 PM - Inserir Historico IMSOL202002114BR
4/6/2020 11:52:21 PM - Insert with success IMSOL202002114BR
4/6/2020 11:53:18 PM - Inserir Historico IMSOL202002090BR
4/6/2020 11:53:20 PM - Insert with success IMSOL202002090BR
4/6/2020 11:54:16 PM - Inserir Historico IMSOL202003079BR
4/6/2020 11:54:21 PM - Insert with success IMSOL202003079BR
4/6/2020 11:55:07 PM - Inserir Historico IMSOL202001094BR
4/6/2020 11:55:09 PM - Insert with success IMSOL202001094BR
4/6/2020 11:55:46 PM - Inserir Historico IMEXO202003019BR
4/6/2020 11:55:49 PM - Insert with success IMEXO202003019BR
4/6/2020 11:56:41 PM - Inserir Historico IMEXO202003021BR
4/6/2020 11:56:44 PM - Insert with success IMEXO202003021BR
4/6/2020 11:58:05 PM - Inserir Historico IMEXO202003022BR
4/6/2020 11:58:06 PM - Insert with success IMEXO202003022BR
4/6/2020 11:58:59 PM - Inserir Historico IMEXO202003029BR
4/6/2020 11:59:02 PM - Insert with success IMEXO202003029BR
