02/08/2019 09:29:36 - Inserir Historico IMCSR201906078BR
02/08/2019 09:29:37 - Insert with success IMCSR201906078BR
02/08/2019 09:29:46 - Inserir Historico IMCSR201906080BR
02/08/2019 09:29:58 - Insert with success IMCSR201906080BR
02/08/2019 09:30:10 - Inserir Historico IMCSR201906082BR
02/08/2019 09:30:11 - Insert with success IMCSR201906082BR
02/08/2019 09:30:25 - Inserir Historico IMCSR201906096BR
02/08/2019 09:30:25 - Insert with success IMCSR201906096BR
02/08/2019 09:30:36 - Inserir Historico IMCSR201906134BR
02/08/2019 09:30:36 - Insert with success IMCSR201906134BR
02/08/2019 09:30:46 - Inserir Historico IMCSR201906137BR
02/08/2019 09:30:47 - Insert with success IMCSR201906137BR
02/08/2019 09:30:56 - Inserir Historico IMCSR201906139BR
02/08/2019 09:30:56 - Insert with success IMCSR201906139BR
02/08/2019 09:31:06 - Inserir Historico IMCSR201906140BR
02/08/2019 09:31:07 - Insert with success IMCSR201906140BR
02/08/2019 09:31:16 - Inserir Historico IMCSR201906141BR
02/08/2019 09:31:16 - Insert with success IMCSR201906141BR
02/08/2019 09:31:27 - Inserir Historico IMCSR201906142BR
02/08/2019 09:31:27 - Insert with success IMCSR201906142BR
02/08/2019 09:31:37 - Inserir Historico IMCSR201906146BR
02/08/2019 09:31:37 - Insert with success IMCSR201906146BR
02/08/2019 09:31:51 - Inserir Historico EMOXT201907175BR
02/08/2019 09:31:51 - Insert with success EMOXT201907175BR
02/08/2019 09:32:03 - Inserir Historico EMOXT201907050BR
02/08/2019 09:32:03 - Insert with success EMOXT201907050BR
02/08/2019 09:32:14 - Inserir Historico EMOXT201906219BR
02/08/2019 09:32:14 - Insert with success EMOXT201906219BR
02/08/2019 09:32:24 - Inserir Historico IMCSR201906092BR
02/08/2019 09:32:24 - Insert with success IMCSR201906092BR
02/08/2019 09:32:36 - Inserir Historico EMOXT201907187BR
02/08/2019 09:32:37 - Insert with success EMOXT201907187BR
02/08/2019 09:32:49 - Inserir Historico EMOXT201907074BR
02/08/2019 09:32:49 - Insert with success EMOXT201907074BR
02/08/2019 09:33:00 - Inserir Historico EMOXT201907174BR
02/08/2019 09:33:00 - Insert with success EMOXT201907174BR
02/08/2019 09:33:12 - Inserir Historico EMOXT201907112BR
02/08/2019 09:33:12 - Insert with success EMOXT201907112BR
02/08/2019 09:33:24 - Inserir Historico EMOXT201907044BR
02/08/2019 09:33:24 - Insert with success EMOXT201907044BR
02/08/2019 09:33:35 - Inserir Historico EMOXT201907083BR
02/08/2019 09:33:35 - Insert with success EMOXT201907083BR
02/08/2019 09:33:50 - Inserir Historico EMOXT201907064BR
02/08/2019 09:33:50 - Insert with success EMOXT201907064BR
02/08/2019 09:34:01 - Inserir Historico EMOXT201907081BR
02/08/2019 09:34:01 - Insert with success EMOXT201907081BR
02/08/2019 09:34:12 - Inserir Historico EMOXT201907117BR
02/08/2019 09:34:12 - Insert with success EMOXT201907117BR
02/08/2019 09:34:22 - Inserir Historico IMCSR201906310BR
02/08/2019 09:34:22 - Insert with success IMCSR201906310BR
02/08/2019 09:34:36 - Inserir Historico EMOXT201907049BR
02/08/2019 09:34:37 - Insert with success EMOXT201907049BR
02/08/2019 09:34:49 - Inserir Historico EMOXT201907122BR
02/08/2019 09:34:50 - Insert with success EMOXT201907122BR
02/08/2019 09:35:01 - Inserir Historico EMOXT201907040BR
02/08/2019 09:35:01 - Insert with success EMOXT201907040BR
02/08/2019 09:35:14 - Inserir Historico EMOXT201907090BR
02/08/2019 09:35:14 - Insert with success EMOXT201907090BR
02/08/2019 09:35:26 - Inserir Historico EMOXT201907084BR
02/08/2019 09:35:26 - Insert with success EMOXT201907084BR
02/08/2019 09:35:39 - Inserir Historico EMOXT201906130BR
02/08/2019 09:35:39 - Insert with success EMOXT201906130BR
02/08/2019 09:35:49 - Inserir Historico EMOXT201907092BR
02/08/2019 09:35:50 - Insert with success EMOXT201907092BR
02/08/2019 09:36:00 - Inserir Historico EMOXT201907123BR
02/08/2019 09:36:00 - Insert with success EMOXT201907123BR
02/08/2019 09:36:12 - Inserir Historico EMOXT201907070BR
02/08/2019 09:36:12 - Insert with success EMOXT201907070BR
02/08/2019 09:36:22 - Inserir Historico EMOXT201907073BR
02/08/2019 09:36:23 - Insert with success EMOXT201907073BR
02/08/2019 09:36:33 - Inserir Historico EMOXT201907130BR
02/08/2019 09:36:33 - Insert with success EMOXT201907130BR
02/08/2019 09:36:44 - Inserir Historico EMOXT201907010BR
02/08/2019 09:36:44 - Insert with success EMOXT201907010BR
02/08/2019 09:36:56 - Inserir Historico EMOXT201906198BR
02/08/2019 09:36:56 - Insert with success EMOXT201906198BR
02/08/2019 09:37:08 - Inserir Historico EMOXT201907063BR
02/08/2019 09:37:08 - Insert with success EMOXT201907063BR
02/08/2019 09:37:19 - Inserir Historico EMOXT201907041BR
02/08/2019 09:37:19 - Insert with success EMOXT201907041BR
02/08/2019 09:37:30 - Inserir Historico EMOXT201907091BR
02/08/2019 09:37:30 - Insert with success EMOXT201907091BR
02/08/2019 09:37:41 - Inserir Historico EMOXT201907136BR
02/08/2019 09:37:41 - Insert with success EMOXT201907136BR
02/08/2019 09:37:51 - Inserir Historico EMOXT201907071BR
02/08/2019 09:37:51 - Insert with success EMOXT201907071BR
02/08/2019 09:38:00 - Inserir Historico IMCSR201905072BR
02/08/2019 09:38:00 - Insert with success IMCSR201905072BR
02/08/2019 09:38:09 - Inserir Historico IMCSR201905063BR
02/08/2019 09:38:10 - Insert with success IMCSR201905063BR
02/08/2019 09:38:17 - Inserir Historico IAOXT201808005BR
02/08/2019 09:38:17 - Insert with success IAOXT201808005BR
02/08/2019 09:38:25 - Inserir Historico IAOXT201802001BR
02/08/2019 09:38:25 - Insert with success IAOXT201802001BR
02/08/2019 09:38:33 - Inserir Historico IMLYB201903006BR
02/08/2019 09:38:33 - Insert with success IMLYB201903006BR
02/08/2019 09:38:43 - Inserir Historico IMOXT201806005BR
02/08/2019 09:38:44 - Insert with success IMOXT201806005BR
02/08/2019 09:38:52 - Inserir Historico IMOXT201802013BR
02/08/2019 09:38:52 - Insert with success IMOXT201802013BR
02/08/2019 09:39:01 - Inserir Historico IMOXT201904015BR
02/08/2019 09:39:01 - Insert with success IMOXT201904015BR
02/08/2019 09:39:09 - Inserir Historico IAOXT201905005BR
02/08/2019 09:39:09 - Insert with success IAOXT201905005BR
02/08/2019 09:39:18 - Inserir Historico IMOXT201805006BR
02/08/2019 09:39:18 - Insert with success IMOXT201805006BR
02/08/2019 09:39:27 - Inserir Historico IMOXT201906023BR
02/08/2019 09:39:27 - Insert with success IMOXT201906023BR
02/08/2019 09:39:38 - Inserir Historico IMOXT201907015BR
02/08/2019 09:39:38 - Insert with success IMOXT201907015BR
02/08/2019 09:39:45 - Inserir Historico IMOXT201807047BR
02/08/2019 09:39:46 - Insert with success IMOXT201807047BR
02/08/2019 09:39:56 - Inserir Historico IMOXT201907018BR
02/08/2019 09:39:56 - Insert with success IMOXT201907018BR
02/08/2019 09:40:12 - Inserir Historico IMOXT201904013BR
02/08/2019 09:40:12 - Insert with success IMOXT201904013BR
02/08/2019 09:40:23 - Inserir Historico IMOXT201905040BR
02/08/2019 09:40:23 - Insert with success IMOXT201905040BR
02/08/2019 09:40:31 - Inserir Historico IMOXT201811021BR
02/08/2019 09:40:31 - Insert with success IMOXT201811021BR
02/08/2019 09:40:41 - Inserir Historico IMOXT201901042BR
02/08/2019 09:40:41 - Insert with success IMOXT201901042BR
02/08/2019 09:40:49 - Inserir Historico IAOXT201809009BR
02/08/2019 09:40:49 - Insert with success IAOXT201809009BR
02/08/2019 09:40:58 - Inserir Historico IMOXT201904014BR
02/08/2019 09:40:58 - Insert with success IMOXT201904014BR
02/08/2019 09:41:05 - Inserir Historico IMOXT201806001BR
02/08/2019 09:41:06 - Insert with success IMOXT201806001BR
02/08/2019 09:41:14 - Inserir Historico IMOXT201812003BR
02/08/2019 09:41:14 - Insert with success IMOXT201812003BR
02/08/2019 09:41:22 - Inserir Historico IAOXT201808001BR
02/08/2019 09:41:22 - Insert with success IAOXT201808001BR
02/08/2019 09:41:30 - Inserir Historico IMOXT201905015BR
02/08/2019 09:41:30 - Insert with success IMOXT201905015BR
02/08/2019 09:41:38 - Inserir Historico IAOXT201906001BR
02/08/2019 09:41:38 - Insert with success IAOXT201906001BR
02/08/2019 09:41:48 - Inserir Historico IAOXT201803007BR
02/08/2019 09:41:48 - Insert with success IAOXT201803007BR
02/08/2019 09:41:56 - Inserir Historico IAOXT201811001BR
02/08/2019 09:41:56 - Insert with success IAOXT201811001BR
02/08/2019 09:42:03 - Inserir Historico IMOXT201903010BR
02/08/2019 09:42:04 - Insert with success IMOXT201903010BR
02/08/2019 09:42:12 - Inserir Historico IMOXT201807004BR
02/08/2019 09:42:12 - Insert with success IMOXT201807004BR
02/08/2019 09:42:19 - Inserir Historico IAOXT201907006BR
02/08/2019 09:42:19 - Insert with success IAOXT201907006BR
02/08/2019 09:42:28 - Inserir Historico IMOXT201807006BR
02/08/2019 09:42:28 - Insert with success IMOXT201807006BR
02/08/2019 09:42:36 - Inserir Historico IAOXT201810001BR
02/08/2019 09:42:36 - Insert with success IAOXT201810001BR
02/08/2019 09:42:47 - Inserir Historico IMOXT201907017BR
02/08/2019 09:42:48 - Insert with success IMOXT201907017BR
02/08/2019 09:43:00 - Inserir Historico IAOXT201810004BR
02/08/2019 09:43:01 - Insert with success IAOXT201810004BR
02/08/2019 09:43:09 - Inserir Historico IAOXT201903001BR
02/08/2019 09:43:09 - Insert with success IAOXT201903001BR
02/08/2019 09:43:16 - Inserir Historico IAOXT201905010BR
02/08/2019 09:43:17 - Insert with success IAOXT201905010BR
02/08/2019 09:43:25 - Inserir Historico IAOXT201806004BR
02/08/2019 09:43:25 - Insert with success IAOXT201806004BR
02/08/2019 09:43:33 - Inserir Historico IAOXT201809003BR
02/08/2019 09:43:33 - Insert with success IAOXT201809003BR
02/08/2019 09:43:43 - Inserir Historico IMOXT201907016BR
02/08/2019 09:43:43 - Insert with success IMOXT201907016BR
02/08/2019 09:43:51 - Inserir Historico IMOXT201804007BR
02/08/2019 09:43:51 - Insert with success IMOXT201804007BR
02/08/2019 09:43:59 - Inserir Historico IMOXT201905020BR
02/08/2019 09:43:59 - Insert with success IMOXT201905020BR
02/08/2019 09:44:08 - Inserir Historico IMOXT201906004BR
02/08/2019 09:44:08 - Insert with success IMOXT201906004BR
02/08/2019 09:44:17 - Inserir Historico IAOXT201907001BR
02/08/2019 09:44:17 - Insert with success IAOXT201907001BR
02/08/2019 09:44:25 - Inserir Historico IMOXT201808044BR
02/08/2019 09:44:25 - Insert with success IMOXT201808044BR
02/08/2019 09:44:33 - Inserir Historico IAOXT201907002BR
02/08/2019 09:44:33 - Insert with success IAOXT201907002BR
02/08/2019 09:44:42 - Inserir Historico IMOXT201901022BR
02/08/2019 09:44:42 - Insert with success IMOXT201901022BR
02/08/2019 09:44:50 - Inserir Historico IAOXT201811003BR
02/08/2019 09:44:50 - Insert with success IAOXT201811003BR
02/08/2019 09:44:58 - Inserir Historico IMOXT201811011BR
02/08/2019 09:44:58 - Insert with success IMOXT201811011BR
02/08/2019 09:45:07 - Inserir Historico IMOXT201902042BR
02/08/2019 09:45:07 - Insert with success IMOXT201902042BR
02/08/2019 09:45:17 - Inserir Historico IMOXT201809031BR
02/08/2019 09:45:17 - Insert with success IMOXT201809031BR
02/08/2019 09:45:26 - Inserir Historico IMOXT201801037BR
02/08/2019 09:45:26 - Insert with success IMOXT201801037BR
02/08/2019 09:45:38 - Inserir Historico IAOXT201905008BR
02/08/2019 09:45:38 - Insert with success IAOXT201905008BR
02/08/2019 09:45:46 - Inserir Historico IMOXT201810001BR
02/08/2019 09:45:46 - Insert with success IMOXT201810001BR
02/08/2019 09:45:55 - Inserir Historico IAOXT201803006BR
02/08/2019 09:45:55 - Insert with success IAOXT201803006BR
02/08/2019 09:46:06 - Inserir Historico IAOXT201902004BR
02/08/2019 09:46:06 - Insert with success IAOXT201902004BR
02/08/2019 09:46:14 - Inserir Historico IAOXT201906002BR
02/08/2019 09:46:14 - Insert with success IAOXT201906002BR
02/08/2019 09:46:23 - Inserir Historico IMOXT201801038BR
02/08/2019 09:46:23 - Insert with success IMOXT201801038BR
02/08/2019 09:46:28 - Inserir Historico IMATL201907081BR
02/08/2019 09:46:28 - Insert with success IMATL201907081BR
02/08/2019 09:46:37 - Inserir Historico IMOXT201905038BR
02/08/2019 09:46:37 - Insert with success IMOXT201905038BR
02/08/2019 09:46:47 - Inserir Historico IMOXT201902021BR
02/08/2019 09:46:47 - Insert with success IMOXT201902021BR
02/08/2019 09:46:55 - Inserir Historico IAOXT201804004BR
02/08/2019 09:46:56 - Insert with success IAOXT201804004BR
02/08/2019 09:47:04 - Inserir Historico IMOXT201808003BR
02/08/2019 09:47:04 - Insert with success IMOXT201808003BR
02/08/2019 09:47:09 - Inserir Historico IMATL201907133BR
02/08/2019 09:47:09 - Insert with success IMATL201907133BR
02/08/2019 09:47:15 - Inserir Historico IMATL201907132BR
02/08/2019 09:47:15 - Insert with success IMATL201907132BR
02/08/2019 09:47:23 - Inserir Historico IAOXT201802007BR
02/08/2019 09:47:23 - Insert with success IAOXT201802007BR
02/08/2019 09:47:34 - Inserir Historico IMOXT201907019BR
02/08/2019 09:47:34 - Insert with success IMOXT201907019BR
02/08/2019 09:47:43 - Inserir Historico IAOXT201907005BR
02/08/2019 09:47:43 - Insert with success IAOXT201907005BR
02/08/2019 09:47:52 - Inserir Historico IAOXT201810009BR
02/08/2019 09:47:52 - Insert with success IAOXT201810009BR
02/08/2019 09:47:59 - Inserir Historico IAOXT201907007BR
02/08/2019 09:47:59 - Insert with success IAOXT201907007BR
02/08/2019 09:48:09 - Inserir Historico IMOXT201902009BR
02/08/2019 09:48:09 - Insert with success IMOXT201902009BR
02/08/2019 09:48:15 - Inserir Historico IMATL201907129BR
02/08/2019 09:48:15 - Insert with success IMATL201907129BR
02/08/2019 09:48:23 - Inserir Historico IAOXT201809002BR
02/08/2019 09:48:23 - Insert with success IAOXT201809002BR
02/08/2019 09:48:40 - Inserir Historico IAOXT201907004BR
02/08/2019 09:48:40 - Insert with success IAOXT201907004BR
02/08/2019 09:48:48 - Inserir Historico IMOXT201905039BR
02/08/2019 09:48:48 - Insert with success IMOXT201905039BR
02/08/2019 09:48:59 - Inserir Historico IAOXT201812004BR
02/08/2019 09:48:59 - Insert with success IAOXT201812004BR
02/08/2019 09:49:07 - Inserir Historico IMOXT201901008BR
02/08/2019 09:49:08 - Insert with success IMOXT201901008BR
02/08/2019 09:49:18 - Inserir Historico IMOXT201807011BR
02/08/2019 09:49:18 - Insert with success IMOXT201807011BR
02/08/2019 09:49:29 - Inserir Historico IMOXT201902034BR
02/08/2019 09:49:29 - Insert with success IMOXT201902034BR
02/08/2019 09:49:38 - Inserir Historico IMOXT201805030BR
02/08/2019 09:49:38 - Insert with success IMOXT201805030BR
02/08/2019 09:49:47 - Inserir Historico IMOXT201812046BR
02/08/2019 09:49:47 - Insert with success IMOXT201812046BR
02/08/2019 09:49:55 - Inserir Historico IMOXT201805032BR
02/08/2019 09:49:55 - Insert with success IMOXT201805032BR
02/08/2019 09:50:03 - Inserir Historico IMOXT201905043BR
02/08/2019 09:50:03 - Insert with success IMOXT201905043BR
02/08/2019 09:50:12 - Inserir Historico IMOXT201803003BR
02/08/2019 09:50:12 - Insert with success IMOXT201803003BR
02/08/2019 09:50:20 - Inserir Historico IMOXT201906007BR
02/08/2019 09:50:20 - Insert with success IMOXT201906007BR
02/08/2019 09:50:28 - Inserir Historico IMOXT201905036BR
02/08/2019 09:50:28 - Insert with success IMOXT201905036BR
02/08/2019 09:50:37 - Inserir Historico IMOXT201810007BR
02/08/2019 09:50:37 - Insert with success IMOXT201810007BR
02/08/2019 09:50:46 - Inserir Historico IMOXT201812047BR
02/08/2019 09:50:47 - Insert with success IMOXT201812047BR
02/08/2019 09:50:55 - Inserir Historico IMOXT201805023BR
02/08/2019 09:50:55 - Insert with success IMOXT201805023BR
02/08/2019 09:51:03 - Inserir Historico IMOXT201906019BR
02/08/2019 09:51:03 - Insert with success IMOXT201906019BR
02/08/2019 09:51:11 - Inserir Historico IMOXT201906014BR
02/08/2019 09:51:11 - Insert with success IMOXT201906014BR
02/08/2019 09:51:22 - Inserir Historico EMOXT201907159BR
02/08/2019 09:51:22 - Insert with success EMOXT201907159BR
02/08/2019 09:51:30 - Inserir Historico IMOXT201906015BR
02/08/2019 09:51:30 - Insert with success IMOXT201906015BR
02/08/2019 09:51:38 - Inserir Historico IMOXT201903019BR
02/08/2019 09:51:38 - Insert with success IMOXT201903019BR
02/08/2019 09:51:47 - Inserir Historico IMOXT201807017BR
02/08/2019 09:51:47 - Insert with success IMOXT201807017BR
02/08/2019 09:51:55 - Inserir Historico IMOXT201812045BR
02/08/2019 09:51:55 - Insert with success IMOXT201812045BR
02/08/2019 09:52:02 - Inserir Historico IMOXT201901004BR
02/08/2019 09:52:02 - Insert with success IMOXT201901004BR
02/08/2019 09:52:11 - Inserir Historico IMOXT201905021BR
02/08/2019 09:52:11 - Insert with success IMOXT201905021BR
02/08/2019 09:52:20 - Inserir Historico IMOXT201812013BR
02/08/2019 09:52:20 - Insert with success IMOXT201812013BR
02/08/2019 09:52:31 - Inserir Historico IMOXT201807036BR
02/08/2019 09:52:31 - Insert with success IMOXT201807036BR
02/08/2019 09:52:36 - Inserir Historico IMATL201907135BR
02/08/2019 09:52:36 - Insert with success IMATL201907135BR
02/08/2019 09:52:43 - Inserir Historico IMOXT201906013BR
02/08/2019 09:52:44 - Insert with success IMOXT201906013BR
02/08/2019 09:52:51 - Inserir Historico IMOXT201809014BR
02/08/2019 09:52:52 - Insert with success IMOXT201809014BR
02/08/2019 09:53:02 - Inserir Historico IMOXT201801018BR
02/08/2019 09:53:02 - Insert with success IMOXT201801018BR
02/08/2019 09:53:10 - Inserir Historico IMOXT201902006BR
02/08/2019 09:53:10 - Insert with success IMOXT201902006BR
02/08/2019 09:53:19 - Inserir Historico IMOXT201805026BR
02/08/2019 09:53:19 - Insert with success IMOXT201805026BR
02/08/2019 09:53:27 - Inserir Historico IMOXT201902046BR
02/08/2019 09:53:27 - Insert with success IMOXT201902046BR
02/08/2019 09:53:36 - Inserir Historico IMOXT201806006BR
02/08/2019 09:53:36 - Insert with success IMOXT201806006BR
02/08/2019 09:53:44 - Inserir Historico IMOXT201907007BR
02/08/2019 09:53:44 - Insert with success IMOXT201907007BR
02/08/2019 09:53:51 - Inserir Historico IMOXT201811030BR
02/08/2019 09:53:52 - Insert with success IMOXT201811030BR
02/08/2019 09:53:59 - Inserir Historico IMOXT201906038BR
02/08/2019 09:54:00 - Insert with success IMOXT201906038BR
02/08/2019 09:54:08 - Inserir Historico IMOXT201905022BR
02/08/2019 09:54:08 - Insert with success IMOXT201905022BR
02/08/2019 09:54:16 - Inserir Historico IMOXT201906039BR
02/08/2019 09:54:17 - Insert with success IMOXT201906039BR
02/08/2019 09:54:27 - Inserir Historico EMOXT201907116BR
02/08/2019 09:54:27 - Insert with success EMOXT201907116BR
02/08/2019 09:54:36 - Inserir Historico IMOXT201902038BR
02/08/2019 09:54:36 - Insert with success IMOXT201902038BR
02/08/2019 09:54:45 - Inserir Historico IMOXT201905024BR
02/08/2019 09:54:45 - Insert with success IMOXT201905024BR
02/08/2019 09:54:53 - Inserir Historico EACSR201907003BR
02/08/2019 09:54:53 - Insert with success EACSR201907003BR
02/08/2019 09:55:01 - Inserir Historico IMOXT201810026BR
02/08/2019 09:55:01 - Insert with success IMOXT201810026BR
02/08/2019 09:55:10 - Inserir Historico IMOXT201803039BR
02/08/2019 09:55:10 - Insert with success IMOXT201803039BR
02/08/2019 09:55:18 - Inserir Historico IMOXT201906020BR
02/08/2019 09:55:18 - Insert with success IMOXT201906020BR
02/08/2019 09:55:26 - Inserir Historico IMOXT201807048BR
02/08/2019 09:55:26 - Insert with success IMOXT201807048BR
02/08/2019 09:55:35 - Inserir Historico IMOXT201807022BR
02/08/2019 09:55:35 - Insert with success IMOXT201807022BR
02/08/2019 09:55:40 - Inserir Historico IMATL201907007BR
02/08/2019 09:55:40 - Insert with success IMATL201907007BR
02/08/2019 09:55:50 - Inserir Historico IMCSR201906229BR
02/08/2019 09:55:50 - Insert with success IMCSR201906229BR
02/08/2019 09:55:59 - Inserir Historico IMOXT201801009BR
02/08/2019 09:55:59 - Insert with success IMOXT201801009BR
02/08/2019 09:56:07 - Inserir Historico IMOXT201907026BR
02/08/2019 09:56:08 - Insert with success IMOXT201907026BR
02/08/2019 09:56:16 - Inserir Historico IMOXT201902058BR
02/08/2019 09:56:16 - Insert with success IMOXT201902058BR
02/08/2019 09:56:25 - Inserir Historico IMOXT201805025BR
02/08/2019 09:56:25 - Insert with success IMOXT201805025BR
02/08/2019 09:56:34 - Inserir Historico IMOXT201806026BR
02/08/2019 09:56:34 - Insert with success IMOXT201806026BR
02/08/2019 09:56:44 - Inserir Historico IMOXT201807012BR
02/08/2019 09:56:44 - Insert with success IMOXT201807012BR
02/08/2019 09:56:53 - Inserir Historico IMOXT201907027BR
02/08/2019 09:56:53 - Insert with success IMOXT201907027BR
02/08/2019 09:57:01 - Inserir Historico IMOXT201803004BR
02/08/2019 09:57:01 - Insert with success IMOXT201803004BR
02/08/2019 09:57:11 - Inserir Historico IMOXT201807045BR
02/08/2019 09:57:11 - Insert with success IMOXT201807045BR
02/08/2019 09:57:20 - Inserir Historico IMOXT201809004BR
02/08/2019 09:57:20 - Insert with success IMOXT201809004BR
02/08/2019 09:57:27 - Inserir Historico IMOXT201902007BR
02/08/2019 09:57:27 - Insert with success IMOXT201902007BR
02/08/2019 09:57:37 - Inserir Historico IMOXT201801011BR
02/08/2019 09:57:38 - Insert with success IMOXT201801011BR
02/08/2019 09:57:45 - Inserir Historico IMOXT201901003BR
02/08/2019 09:57:45 - Insert with success IMOXT201901003BR
02/08/2019 09:57:54 - Inserir Historico IMOXT201802051BR
02/08/2019 09:57:54 - Insert with success IMOXT201802051BR
02/08/2019 09:58:02 - Inserir Historico IMOXT201801035BR
02/08/2019 09:58:02 - Insert with success IMOXT201801035BR
02/08/2019 09:58:12 - Inserir Historico IMOXT201807010BR
02/08/2019 09:58:12 - Insert with success IMOXT201807010BR
02/08/2019 09:58:19 - Inserir Historico IMOXT201907008BR
02/08/2019 09:58:20 - Insert with success IMOXT201907008BR
02/08/2019 09:58:28 - Inserir Historico IMOXT201807027BR
02/08/2019 09:58:28 - Insert with success IMOXT201807027BR
02/08/2019 09:58:37 - Inserir Historico IMOXT201807008BR
02/08/2019 09:58:37 - Insert with success IMOXT201807008BR
02/08/2019 09:58:47 - Inserir Historico IMOXT201806020BR
02/08/2019 09:58:48 - Insert with success IMOXT201806020BR
02/08/2019 09:58:55 - Inserir Historico IMOXT201810015BR
02/08/2019 09:58:56 - Insert with success IMOXT201810015BR
02/08/2019 09:59:03 - Inserir Historico IMOXT201810029BR
02/08/2019 09:59:03 - Insert with success IMOXT201810029BR
02/08/2019 09:59:11 - Inserir Historico IMOXT201801003BR
02/08/2019 09:59:12 - Insert with success IMOXT201801003BR
02/08/2019 09:59:19 - Inserir Historico IMOXT201905011BR
02/08/2019 09:59:19 - Insert with success IMOXT201905011BR
02/08/2019 09:59:29 - Inserir Historico IMOXT201811026BR
02/08/2019 09:59:29 - Insert with success IMOXT201811026BR
02/08/2019 09:59:40 - Inserir Historico IMOXT201802055BR
02/08/2019 09:59:40 - Insert with success IMOXT201802055BR
02/08/2019 09:59:49 - Inserir Historico IMOXT201801033BR
02/08/2019 09:59:49 - Insert with success IMOXT201801033BR
02/08/2019 09:59:58 - Inserir Historico IMOXT201803054BR
02/08/2019 09:59:58 - Insert with success IMOXT201803054BR
02/08/2019 10:00:16 - Inserir Historico IMOXT201804036BR
02/08/2019 10:00:18 - Insert with success IMOXT201804036BR
02/08/2019 10:00:29 - Inserir Historico IMOXT201904002BR
02/08/2019 10:00:30 - Insert with success IMOXT201904002BR
02/08/2019 10:00:39 - Inserir Historico IMOXT201804011BR
02/08/2019 10:00:41 - Insert with success IMOXT201804011BR
02/08/2019 10:00:53 - Inserir Historico IMCSR201905061BR
02/08/2019 10:00:54 - Insert with success IMCSR201905061BR
02/08/2019 10:01:04 - Inserir Historico IMOXT201907014BR
02/08/2019 10:01:05 - Insert with success IMOXT201907014BR
02/08/2019 10:01:14 - Inserir Historico IMOXT201809012BR
02/08/2019 10:01:14 - Insert with success IMOXT201809012BR
02/08/2019 10:01:26 - Inserir Historico IMOXT201808034BR
02/08/2019 10:01:27 - Insert with success IMOXT201808034BR
02/08/2019 10:01:36 - Inserir Historico IMOXT201811029BR
02/08/2019 10:01:37 - Insert with success IMOXT201811029BR
02/08/2019 10:01:46 - Inserir Historico IMOXT201804012BR
02/08/2019 10:01:47 - Insert with success IMOXT201804012BR
02/08/2019 10:01:58 - Inserir Historico IMOXT201802011BR
02/08/2019 10:02:01 - Insert with success IMOXT201802011BR
02/08/2019 10:02:10 - Inserir Historico IMOXT201803041BR
02/08/2019 10:02:10 - Insert with success IMOXT201803041BR
02/08/2019 10:02:20 - Inserir Historico IMOXT201812029BR
02/08/2019 10:02:21 - Insert with success IMOXT201812029BR
02/08/2019 10:02:30 - Inserir Historico IMOXT201805019BR
02/08/2019 10:02:31 - Insert with success IMOXT201805019BR
02/08/2019 10:02:40 - Inserir Historico IMOXT201805018BR
02/08/2019 10:02:43 - Insert with success IMOXT201805018BR
02/08/2019 10:03:07 - Inserir Historico IMOXT201904011BR
02/08/2019 10:03:12 - Insert with success IMOXT201904011BR
02/08/2019 10:03:25 - Inserir Historico IMOXT201812006BR
02/08/2019 10:03:26 - Insert with success IMOXT201812006BR
02/08/2019 10:03:39 - Inserir Historico IMOXT201902016BR
02/08/2019 10:03:41 - Insert with success IMOXT201902016BR
02/08/2019 10:03:53 - Inserir Historico IMCSR201906048BR
02/08/2019 10:03:56 - Insert with success IMCSR201906048BR
02/08/2019 10:04:07 - Inserir Historico IMOXT201806032BR
02/08/2019 10:04:11 - Insert with success IMOXT201806032BR
02/08/2019 10:04:20 - Inserir Historico IMOXT201809013BR
02/08/2019 10:04:23 - Insert with success IMOXT201809013BR
02/08/2019 10:04:35 - Inserir Historico IMOXT201902036BR
02/08/2019 10:04:37 - Insert with success IMOXT201902036BR
02/08/2019 10:04:47 - Inserir Historico IMOXT201812001BR
02/08/2019 10:04:47 - Insert with success IMOXT201812001BR
02/08/2019 10:04:57 - Inserir Historico IMOXT201811014BR
02/08/2019 10:04:59 - Insert with success IMOXT201811014BR
02/08/2019 10:05:08 - Inserir Historico IMOXT201809022BR
02/08/2019 10:05:11 - Insert with success IMOXT201809022BR
02/08/2019 10:05:20 - Inserir Historico IMOXT201904017BR
02/08/2019 10:05:20 - Insert with success IMOXT201904017BR
02/08/2019 10:05:31 - Inserir Historico IMOXT201907013BR
02/08/2019 10:05:33 - Insert with success IMOXT201907013BR
02/08/2019 10:05:46 - Inserir Historico IMOXT201809009BR
02/08/2019 10:05:46 - Insert with success IMOXT201809009BR
02/08/2019 10:05:57 - Inserir Historico IMOXT201802007BR
02/08/2019 10:05:57 - Insert with success IMOXT201802007BR
02/08/2019 10:06:06 - Inserir Historico IMOXT201905028BR
02/08/2019 10:06:06 - Insert with success IMOXT201905028BR
02/08/2019 10:06:16 - Inserir Historico IMOXT201903026BR
02/08/2019 10:06:16 - Insert with success IMOXT201903026BR
02/08/2019 10:06:25 - Inserir Historico IMOXT201902002BR
02/08/2019 10:06:25 - Insert with success IMOXT201902002BR
02/08/2019 10:06:38 - Inserir Historico IMOXT201901010BR
02/08/2019 10:06:38 - Insert with success IMOXT201901010BR
02/08/2019 10:06:48 - Inserir Historico IMOXT201808033BR
02/08/2019 10:06:48 - Insert with success IMOXT201808033BR
02/08/2019 10:06:58 - Inserir Historico IMOXT201902015BR
02/08/2019 10:06:58 - Insert with success IMOXT201902015BR
02/08/2019 10:07:12 - Inserir Historico IMOXT201808047BR
02/08/2019 10:07:12 - Insert with success IMOXT201808047BR
02/08/2019 10:07:21 - Inserir Historico IMOXT201806030BR
02/08/2019 10:07:21 - Insert with success IMOXT201806030BR
02/08/2019 10:07:31 - Inserir Historico IMOXT201803047BR
02/08/2019 10:07:31 - Insert with success IMOXT201803047BR
02/08/2019 10:07:39 - Inserir Historico IMOXT201906012BR
02/08/2019 10:07:40 - Insert with success IMOXT201906012BR
02/08/2019 10:07:52 - Inserir Historico IMOXT201902043BR
02/08/2019 10:07:52 - Insert with success IMOXT201902043BR
02/08/2019 10:08:01 - Inserir Historico IASWB201907002BR
02/08/2019 10:08:01 - Insert with success IASWB201907002BR
02/08/2019 10:08:09 - Inserir Historico IMOXT201809006BR
02/08/2019 10:08:09 - Insert with success IMOXT201809006BR
02/08/2019 10:08:18 - Inserir Historico IMOXT201904009BR
02/08/2019 10:08:18 - Insert with success IMOXT201904009BR
02/08/2019 10:08:29 - Inserir Historico IMATN201906008BR
02/08/2019 10:08:30 - Insert with success IMATN201906008BR
02/08/2019 10:08:38 - Inserir Historico IMBCB201907007BR
02/08/2019 10:08:39 - Insert with success IMBCB201907007BR
02/08/2019 10:08:47 - Inserir Historico IMBCB201907008BR
02/08/2019 10:08:47 - Insert with success IMBCB201907008BR
02/08/2019 10:08:56 - Inserir Historico IMOXT201906016BR
02/08/2019 10:08:56 - Insert with success IMOXT201906016BR
02/08/2019 10:09:05 - Inserir Historico IMOXT201901007BR
02/08/2019 10:09:05 - Insert with success IMOXT201901007BR
02/08/2019 10:09:14 - Inserir Historico IMCBT201901013BR
02/08/2019 10:09:14 - Insert with success IMCBT201901013BR
02/08/2019 10:09:23 - Inserir Historico IMOXT201812016BR
02/08/2019 10:09:23 - Insert with success IMOXT201812016BR
02/08/2019 10:09:34 - Inserir Historico IMCBT201904009BR
02/08/2019 10:09:34 - Insert with success IMCBT201904009BR
02/08/2019 10:09:43 - Inserir Historico IMOXT201901028BR
02/08/2019 10:09:43 - Insert with success IMOXT201901028BR
02/08/2019 10:09:52 - Inserir Historico IMCBT201904010BR
02/08/2019 10:09:52 - Insert with success IMCBT201904010BR
02/08/2019 10:10:02 - Inserir Historico IMOXT201811025BR
02/08/2019 10:10:03 - Insert with success IMOXT201811025BR
02/08/2019 10:10:15 - Inserir Historico IMCBT201905005BR
02/08/2019 10:10:16 - Insert with success IMCBT201905005BR
02/08/2019 10:10:24 - Inserir Historico IMCBT201905017BR
02/08/2019 10:10:25 - Insert with success IMCBT201905017BR
02/08/2019 10:10:37 - Inserir Historico IMOXT201904021BR
02/08/2019 10:10:38 - Insert with success IMOXT201904021BR
02/08/2019 10:10:46 - Inserir Historico IMCBT201906005BR
02/08/2019 10:10:47 - Insert with success IMCBT201906005BR
02/08/2019 10:10:55 - Inserir Historico IMOXT201812031BR
02/08/2019 10:10:56 - Insert with success IMOXT201812031BR
02/08/2019 10:11:04 - Inserir Historico IMCBT201906008BR
02/08/2019 10:11:04 - Insert with success IMCBT201906008BR
02/08/2019 10:11:14 - Inserir Historico IMOXT201811017BR
02/08/2019 10:11:14 - Insert with success IMOXT201811017BR
02/08/2019 10:11:24 - Inserir Historico IMCBT201906027BR
02/08/2019 10:11:24 - Insert with success IMCBT201906027BR
02/08/2019 10:11:32 - Inserir Historico IMCBT201907003BR
02/08/2019 10:11:33 - Insert with success IMCBT201907003BR
02/08/2019 10:11:45 - Inserir Historico IMOXT201904019BR
02/08/2019 10:11:45 - Insert with success IMOXT201904019BR
02/08/2019 10:11:56 - Inserir Historico IMCBT201907004BR
02/08/2019 10:11:56 - Insert with success IMCBT201907004BR
02/08/2019 10:12:05 - Inserir Historico IMOXT201902005BR
02/08/2019 10:12:05 - Insert with success IMOXT201902005BR
02/08/2019 10:12:17 - Inserir Historico EMOXT201906059BR
02/08/2019 10:12:17 - Insert with success EMOXT201906059BR
02/08/2019 10:12:29 - Inserir Historico EMOXT201906231BR
02/08/2019 10:12:29 - Insert with success EMOXT201906231BR
02/08/2019 10:12:40 - Inserir Historico EMOXT201907086BR
02/08/2019 10:12:40 - Insert with success EMOXT201907086BR
02/08/2019 10:12:53 - Inserir Historico EMOXT201907054BR
02/08/2019 10:12:53 - Insert with success EMOXT201907054BR
02/08/2019 10:13:02 - Inserir Historico IMOXT201803027BR
02/08/2019 10:13:02 - Insert with success IMOXT201803027BR
02/08/2019 10:13:16 - Inserir Historico IMCSR201901579BR
02/08/2019 10:13:16 - Insert with success IMCSR201901579BR
02/08/2019 10:13:26 - Inserir Historico IMCSR201902030BR
02/08/2019 10:13:26 - Insert with success IMCSR201902030BR
02/08/2019 10:13:35 - Inserir Historico IMOXT201802063BR
02/08/2019 10:13:36 - Insert with success IMOXT201802063BR
02/08/2019 10:13:46 - Inserir Historico IMCSR201902032BR
02/08/2019 10:13:46 - Insert with success IMCSR201902032BR
02/08/2019 10:13:56 - Inserir Historico IMCSR201903413BR
02/08/2019 10:13:56 - Insert with success IMCSR201903413BR
02/08/2019 10:14:06 - Inserir Historico IMCSR201903508BR
02/08/2019 10:14:06 - Insert with success IMCSR201903508BR
02/08/2019 10:14:19 - Inserir Historico IMOXT201906009BR
02/08/2019 10:14:20 - Insert with success IMOXT201906009BR
02/08/2019 10:14:31 - Inserir Historico IMCSR201903611BR
02/08/2019 10:14:31 - Insert with success IMCSR201903611BR
02/08/2019 10:14:41 - Inserir Historico IMCSR201904071BR
02/08/2019 10:14:41 - Insert with success IMCSR201904071BR
02/08/2019 10:14:50 - Inserir Historico IMOXT201905031BR
02/08/2019 10:14:50 - Insert with success IMOXT201905031BR
02/08/2019 10:15:00 - Inserir Historico IMCSR201904084BR
02/08/2019 10:15:00 - Insert with success IMCSR201904084BR
02/08/2019 10:15:11 - Inserir Historico IMOXT201806033BR
02/08/2019 10:15:11 - Insert with success IMOXT201806033BR
02/08/2019 10:15:22 - Inserir Historico IMCSR201904106BR
02/08/2019 10:15:22 - Insert with success IMCSR201904106BR
02/08/2019 10:15:30 - Inserir Historico IMOXT201811015BR
02/08/2019 10:15:30 - Insert with success IMOXT201811015BR
02/08/2019 10:15:41 - Inserir Historico IMCSR201904107BR
02/08/2019 10:15:41 - Insert with success IMCSR201904107BR
02/08/2019 10:15:49 - Inserir Historico IMOXT201809023BR
02/08/2019 10:15:49 - Insert with success IMOXT201809023BR
02/08/2019 10:15:58 - Inserir Historico IMCSR201904198BR
02/08/2019 10:15:58 - Insert with success IMCSR201904198BR
02/08/2019 10:16:07 - Inserir Historico IMOXT201802009BR
02/08/2019 10:16:07 - Insert with success IMOXT201802009BR
02/08/2019 10:16:17 - Inserir Historico IMCSR201904212BR
02/08/2019 10:16:17 - Insert with success IMCSR201904212BR
02/08/2019 10:16:26 - Inserir Historico IMOXT201802053BR
02/08/2019 10:16:26 - Insert with success IMOXT201802053BR
02/08/2019 10:16:36 - Inserir Historico IMCSR201904221BR
02/08/2019 10:16:36 - Insert with success IMCSR201904221BR
02/08/2019 10:16:46 - Inserir Historico IMCSR201904326BR
02/08/2019 10:16:46 - Insert with success IMCSR201904326BR
02/08/2019 10:16:54 - Inserir Historico IMOXT201811018BR
02/08/2019 10:16:54 - Insert with success IMOXT201811018BR
02/08/2019 10:17:04 - Inserir Historico IMCSR201904327BR
02/08/2019 10:17:04 - Insert with success IMCSR201904327BR
02/08/2019 10:17:13 - Inserir Historico IMOXT201806029BR
02/08/2019 10:17:13 - Insert with success IMOXT201806029BR
02/08/2019 10:17:23 - Inserir Historico IMCSR201904344BR
02/08/2019 10:17:23 - Insert with success IMCSR201904344BR
02/08/2019 10:17:31 - Inserir Historico IMOXT201902003BR
02/08/2019 10:17:32 - Insert with success IMOXT201902003BR
02/08/2019 10:17:42 - Inserir Historico IMCSR201904349BR
02/08/2019 10:17:42 - Insert with success IMCSR201904349BR
02/08/2019 10:17:51 - Inserir Historico IMOXT201802062BR
02/08/2019 10:17:51 - Insert with success IMOXT201802062BR
02/08/2019 10:18:01 - Inserir Historico IMCSR201905002BR
02/08/2019 10:18:02 - Insert with success IMCSR201905002BR
02/08/2019 10:18:11 - Inserir Historico IMOXT201808001BR
02/08/2019 10:18:11 - Insert with success IMOXT201808001BR
02/08/2019 10:18:22 - Inserir Historico IMCSR201905005BR
02/08/2019 10:18:22 - Insert with success IMCSR201905005BR
02/08/2019 10:18:32 - Inserir Historico IMCSR201905051BR
02/08/2019 10:18:32 - Insert with success IMCSR201905051BR
02/08/2019 10:18:41 - Inserir Historico IMOXT201803048BR
02/08/2019 10:18:41 - Insert with success IMOXT201803048BR
02/08/2019 10:18:51 - Inserir Historico IMCSR201905052BR
02/08/2019 10:18:51 - Insert with success IMCSR201905052BR
02/08/2019 10:19:00 - Inserir Historico IMOXT201805031BR
02/08/2019 10:19:00 - Insert with success IMOXT201805031BR
02/08/2019 10:19:11 - Inserir Historico IMCSR201905053BR
02/08/2019 10:19:12 - Insert with success IMCSR201905053BR
02/08/2019 10:19:22 - Inserir Historico IMCSR201906155BR
02/08/2019 10:19:22 - Insert with success IMCSR201906155BR
02/08/2019 10:19:32 - Inserir Historico IMOXT201903027BR
02/08/2019 10:19:32 - Insert with success IMOXT201903027BR
02/08/2019 10:19:42 - Inserir Historico IMCSR201905055BR
02/08/2019 10:19:42 - Insert with success IMCSR201905055BR
02/08/2019 10:19:52 - Inserir Historico IMOXT201906035BR
02/08/2019 10:19:52 - Insert with success IMOXT201906035BR
02/08/2019 10:20:01 - Inserir Historico IMOXT201812002BR
02/08/2019 10:20:01 - Insert with success IMOXT201812002BR
02/08/2019 10:20:12 - Inserir Historico IMOXT201812004BR
02/08/2019 10:20:12 - Insert with success IMOXT201812004BR
02/08/2019 10:20:22 - Inserir Historico IMCSR201905143BR
02/08/2019 10:20:22 - Insert with success IMCSR201905143BR
02/08/2019 10:20:31 - Inserir Historico IMCSR201905144BR
02/08/2019 10:20:31 - Insert with success IMCSR201905144BR
02/08/2019 10:20:40 - Inserir Historico IMOXT201806025BR
02/08/2019 10:20:40 - Insert with success IMOXT201806025BR
02/08/2019 10:20:49 - Inserir Historico IMCSR201905272BR
02/08/2019 10:20:49 - Insert with success IMCSR201905272BR
02/08/2019 10:20:58 - Inserir Historico IMOXT201802008BR
02/08/2019 10:20:58 - Insert with success IMOXT201802008BR
02/08/2019 10:21:07 - Inserir Historico IMCSR201905375BR
02/08/2019 10:21:07 - Insert with success IMCSR201905375BR
02/08/2019 10:21:15 - Inserir Historico IMOXT201810018BR
02/08/2019 10:21:15 - Insert with success IMOXT201810018BR
02/08/2019 10:21:24 - Inserir Historico IMCSR201905411BR
02/08/2019 10:21:24 - Insert with success IMCSR201905411BR
02/08/2019 10:21:33 - Inserir Historico IMOXT201806024BR
02/08/2019 10:21:33 - Insert with success IMOXT201806024BR
02/08/2019 10:21:43 - Inserir Historico IMCSR201905442BR
02/08/2019 10:21:43 - Insert with success IMCSR201905442BR
02/08/2019 10:21:51 - Inserir Historico IMOXT201807035BR
02/08/2019 10:21:52 - Insert with success IMOXT201807035BR
02/08/2019 10:22:01 - Inserir Historico IMCSR201905455BR
02/08/2019 10:22:01 - Insert with success IMCSR201905455BR
02/08/2019 10:22:09 - Inserir Historico IMOXT201907012BR
02/08/2019 10:22:09 - Insert with success IMOXT201907012BR
02/08/2019 10:22:18 - Inserir Historico IMCSR201905522BR
02/08/2019 10:22:18 - Insert with success IMCSR201905522BR
02/08/2019 10:22:28 - Inserir Historico IMOXT201807041BR
02/08/2019 10:22:28 - Insert with success IMOXT201807041BR
02/08/2019 10:22:38 - Inserir Historico IMCSR201905549BR
02/08/2019 10:22:38 - Insert with success IMCSR201905549BR
02/08/2019 10:22:48 - Inserir Historico IMCSR201905550BR
02/08/2019 10:22:48 - Insert with success IMCSR201905550BR
02/08/2019 10:22:58 - Inserir Historico IMCSR201905551BR
02/08/2019 10:22:58 - Insert with success IMCSR201905551BR
02/08/2019 10:23:07 - Inserir Historico IMCSR201905552BR
02/08/2019 10:23:08 - Insert with success IMCSR201905552BR
02/08/2019 10:23:16 - Inserir Historico IMOXT201802010BR
02/08/2019 10:23:16 - Insert with success IMOXT201802010BR
02/08/2019 10:23:26 - Inserir Historico IMCSR201905577BR
02/08/2019 10:23:26 - Insert with success IMCSR201905577BR
02/08/2019 10:23:34 - Inserir Historico IMOXT201807040BR
02/08/2019 10:23:35 - Insert with success IMOXT201807040BR
02/08/2019 10:23:44 - Inserir Historico IMCSR201905578BR
02/08/2019 10:23:44 - Insert with success IMCSR201905578BR
02/08/2019 10:23:51 - Inserir Historico IMOXT201810021BR
02/08/2019 10:23:52 - Insert with success IMOXT201810021BR
02/08/2019 10:24:01 - Inserir Historico IMCSR201905580BR
02/08/2019 10:24:01 - Insert with success IMCSR201905580BR
02/08/2019 10:24:11 - Inserir Historico IMCSR201905584BR
02/08/2019 10:24:11 - Insert with success IMCSR201905584BR
02/08/2019 10:24:20 - Inserir Historico IOOXT201902001BR
02/08/2019 10:24:20 - Insert with success IOOXT201902001BR
02/08/2019 10:24:29 - Inserir Historico IMCSR201905593BR
02/08/2019 10:24:29 - Insert with success IMCSR201905593BR
02/08/2019 10:24:39 - Inserir Historico IMCSR201905595BR
02/08/2019 10:24:39 - Insert with success IMCSR201905595BR
02/08/2019 10:24:47 - Inserir Historico IOOXT201802011BR
02/08/2019 10:24:47 - Insert with success IOOXT201802011BR
02/08/2019 10:24:56 - Inserir Historico IMCSR201905596BR
02/08/2019 10:24:56 - Insert with success IMCSR201905596BR
02/08/2019 10:25:06 - Inserir Historico IMCSR201905597BR
02/08/2019 10:25:06 - Insert with success IMCSR201905597BR
02/08/2019 10:25:15 - Inserir Historico IMOXT201902037BR
02/08/2019 10:25:15 - Insert with success IMOXT201902037BR
02/08/2019 10:25:23 - Inserir Historico IMOXT201812023BR
02/08/2019 10:25:23 - Insert with success IMOXT201812023BR
02/08/2019 10:25:32 - Inserir Historico IMCSR201905600BR
02/08/2019 10:25:32 - Insert with success IMCSR201905600BR
02/08/2019 10:25:42 - Inserir Historico EMOXT201907057BR
02/08/2019 10:25:42 - Insert with success EMOXT201907057BR
02/08/2019 10:25:52 - Inserir Historico EMOXT201907047BR
02/08/2019 10:25:52 - Insert with success EMOXT201907047BR
02/08/2019 10:26:02 - Inserir Historico EMOXT201907098BR
02/08/2019 10:26:02 - Insert with success EMOXT201907098BR
02/08/2019 10:26:13 - Inserir Historico EMOXT201907131BR
02/08/2019 10:26:13 - Insert with success EMOXT201907131BR
02/08/2019 10:26:22 - Inserir Historico IMCSR201905604BR
02/08/2019 10:26:22 - Insert with success IMCSR201905604BR
02/08/2019 10:26:30 - Inserir Historico IOOXT201810014BR
02/08/2019 10:26:30 - Insert with success IOOXT201810014BR
02/08/2019 10:26:39 - Inserir Historico IMCSR201906011BR
02/08/2019 10:26:39 - Insert with success IMCSR201906011BR
02/08/2019 10:26:49 - Inserir Historico IMCSR201906091BR
02/08/2019 10:26:49 - Insert with success IMCSR201906091BR
02/08/2019 10:26:56 - Inserir Historico IMOXT201907005BR
02/08/2019 10:26:56 - Insert with success IMOXT201907005BR
02/08/2019 10:27:05 - Inserir Historico IMOXT201905012BR
02/08/2019 10:27:05 - Insert with success IMOXT201905012BR
02/08/2019 10:27:14 - Inserir Historico IMCSR201906135BR
02/08/2019 10:27:14 - Insert with success IMCSR201906135BR
02/08/2019 10:27:23 - Inserir Historico IMCSR201906136BR
02/08/2019 10:27:23 - Insert with success IMCSR201906136BR
02/08/2019 10:27:31 - Inserir Historico IMCSR201906138BR
02/08/2019 10:27:32 - Insert with success IMCSR201906138BR
02/08/2019 10:27:40 - Inserir Historico IMCSR201906145BR
02/08/2019 10:27:40 - Insert with success IMCSR201906145BR
02/08/2019 10:27:48 - Inserir Historico IOOXT201906005BR
02/08/2019 10:27:48 - Insert with success IOOXT201906005BR
02/08/2019 10:27:55 - Inserir Historico IMOXT201805024BR
02/08/2019 10:27:56 - Insert with success IMOXT201805024BR
02/08/2019 10:28:04 - Inserir Historico IMCSR201906147BR
02/08/2019 10:28:05 - Insert with success IMCSR201906147BR
02/08/2019 10:28:13 - Inserir Historico IMCSR201906148BR
02/08/2019 10:28:13 - Insert with success IMCSR201906148BR
02/08/2019 10:28:22 - Inserir Historico IMCSR201906156BR
02/08/2019 10:28:22 - Insert with success IMCSR201906156BR
02/08/2019 10:28:32 - Inserir Historico IMCSR201906157BR
02/08/2019 10:28:32 - Insert with success IMCSR201906157BR
02/08/2019 10:28:41 - Inserir Historico IMCSR201906183BR
02/08/2019 10:28:41 - Insert with success IMCSR201906183BR
02/08/2019 10:28:49 - Inserir Historico IMCSR201906222BR
02/08/2019 10:28:49 - Insert with success IMCSR201906222BR
02/08/2019 10:28:58 - Inserir Historico IMCSR201906224BR
02/08/2019 10:28:58 - Insert with success IMCSR201906224BR
02/08/2019 10:29:06 - Inserir Historico IMCSR201906226BR
02/08/2019 10:29:06 - Insert with success IMCSR201906226BR
02/08/2019 10:29:13 - Inserir Historico IMOXT201806027BR
02/08/2019 10:29:13 - Insert with success IMOXT201806027BR
02/08/2019 10:29:21 - Inserir Historico IMCSR201906227BR
02/08/2019 10:29:21 - Insert with success IMCSR201906227BR
02/08/2019 10:29:30 - Inserir Historico IMCSR201906228BR
02/08/2019 10:29:32 - Insert with success IMCSR201906228BR
02/08/2019 10:29:41 - Inserir Historico IMCSR201906232BR
02/08/2019 10:29:42 - Insert with success IMCSR201906232BR
02/08/2019 10:29:52 - Inserir Historico IMCSR201906251BR
02/08/2019 10:29:52 - Insert with success IMCSR201906251BR
02/08/2019 10:30:03 - Inserir Historico IMCSR201906295BR
02/08/2019 10:30:06 - Insert with success IMCSR201906295BR
02/08/2019 10:30:19 - Inserir Historico IMCSR201906297BR
02/08/2019 10:30:23 - Insert with success IMCSR201906297BR
02/08/2019 10:30:37 - Inserir Historico IMCSR201906300BR
02/08/2019 10:30:49 - Insert with success IMCSR201906300BR
02/08/2019 10:31:00 - Inserir Historico IMCSR201906359BR
02/08/2019 10:31:04 - Insert with success IMCSR201906359BR
02/08/2019 10:31:13 - Inserir Historico IMCSR201906362BR
02/08/2019 10:31:13 - Insert with success IMCSR201906362BR
02/08/2019 10:31:22 - Inserir Historico IOOXT201907002BR
02/08/2019 10:31:22 - Insert with success IOOXT201907002BR
02/08/2019 10:31:31 - Inserir Historico IMCSR201906374BR
02/08/2019 10:31:31 - Insert with success IMCSR201906374BR
02/08/2019 10:31:40 - Inserir Historico IMCSR201906463BR
02/08/2019 10:31:40 - Insert with success IMCSR201906463BR
02/08/2019 10:31:48 - Inserir Historico IMOXT201812018BR
02/08/2019 10:31:48 - Insert with success IMOXT201812018BR
02/08/2019 10:31:56 - Inserir Historico IOOXT201802008BR
02/08/2019 10:31:56 - Insert with success IOOXT201802008BR
02/08/2019 10:32:05 - Inserir Historico IMCSR201906500BR
02/08/2019 10:32:05 - Insert with success IMCSR201906500BR
02/08/2019 10:32:14 - Inserir Historico IMCSR201906508BR
02/08/2019 10:32:14 - Insert with success IMCSR201906508BR
02/08/2019 10:32:23 - Inserir Historico IMCSR201906509BR
02/08/2019 10:32:23 - Insert with success IMCSR201906509BR
02/08/2019 10:32:32 - Inserir Historico IMCSR201906510BR
02/08/2019 10:32:32 - Insert with success IMCSR201906510BR
02/08/2019 10:32:40 - Inserir Historico IMOXT201806028BR
02/08/2019 10:32:41 - Insert with success IMOXT201806028BR
02/08/2019 10:32:50 - Inserir Historico IMCSR201906514BR
02/08/2019 10:32:50 - Insert with success IMCSR201906514BR
02/08/2019 10:32:59 - Inserir Historico IMCSR201906520BR
02/08/2019 10:33:00 - Insert with success IMCSR201906520BR
02/08/2019 10:33:09 - Inserir Historico IMCSR201906521BR
02/08/2019 10:33:09 - Insert with success IMCSR201906521BR
02/08/2019 10:33:17 - Inserir Historico IMOXT201907009BR
02/08/2019 10:33:17 - Insert with success IMOXT201907009BR
02/08/2019 10:33:26 - Inserir Historico IMCSR201906524BR
02/08/2019 10:33:26 - Insert with success IMCSR201906524BR
02/08/2019 10:33:36 - Inserir Historico IMOXT201906027BR
02/08/2019 10:33:36 - Insert with success IMOXT201906027BR
02/08/2019 10:33:46 - Inserir Historico IMCSR201906526BR
02/08/2019 10:33:46 - Insert with success IMCSR201906526BR
02/08/2019 10:33:54 - Inserir Historico IMCSR201906527BR
02/08/2019 10:33:54 - Insert with success IMCSR201906527BR
02/08/2019 10:34:02 - Inserir Historico IMCSR201906532BR
02/08/2019 10:34:02 - Insert with success IMCSR201906532BR
02/08/2019 10:34:09 - Inserir Historico IOOXT201805003BR
02/08/2019 10:34:09 - Insert with success IOOXT201805003BR
02/08/2019 10:34:17 - Inserir Historico IMCSR201906533BR
02/08/2019 10:34:17 - Insert with success IMCSR201906533BR
02/08/2019 10:34:25 - Inserir Historico IMCSR201906534BR
02/08/2019 10:34:25 - Insert with success IMCSR201906534BR
02/08/2019 10:34:32 - Inserir Historico IMOXT201805012BR
02/08/2019 10:34:32 - Insert with success IMOXT201805012BR
02/08/2019 10:34:40 - Inserir Historico IMCSR201906535BR
02/08/2019 10:34:40 - Insert with success IMCSR201906535BR
02/08/2019 10:34:47 - Inserir Historico IMCSR201906536BR
02/08/2019 10:34:48 - Insert with success IMCSR201906536BR
02/08/2019 10:34:55 - Inserir Historico IMCSR201906541BR
02/08/2019 10:34:56 - Insert with success IMCSR201906541BR
02/08/2019 10:35:03 - Inserir Historico IMOXT201809018BR
02/08/2019 10:35:03 - Insert with success IMOXT201809018BR
02/08/2019 10:35:11 - Inserir Historico IMCSR201906543BR
02/08/2019 10:35:11 - Insert with success IMCSR201906543BR
02/08/2019 10:35:19 - Inserir Historico IMCSR201906544BR
02/08/2019 10:35:19 - Insert with success IMCSR201906544BR
02/08/2019 10:35:27 - Inserir Historico IMCSR201906545BR
02/08/2019 10:35:28 - Insert with success IMCSR201906545BR
02/08/2019 10:35:35 - Inserir Historico IOOXT201802002BR
02/08/2019 10:35:35 - Insert with success IOOXT201802002BR
02/08/2019 10:35:43 - Inserir Historico IMCSR201906553BR
02/08/2019 10:35:43 - Insert with success IMCSR201906553BR
02/08/2019 10:35:52 - Inserir Historico EMOXT201904206BR
02/08/2019 10:35:52 - Insert with success EMOXT201904206BR
02/08/2019 10:36:00 - Inserir Historico IMCSR201906586BR
02/08/2019 10:36:00 - Insert with success IMCSR201906586BR
02/08/2019 10:36:10 - Inserir Historico IMOXT201905013BR
02/08/2019 10:36:10 - Insert with success IMOXT201905013BR
02/08/2019 10:36:18 - Inserir Historico IMCSR201906589BR
02/08/2019 10:36:18 - Insert with success IMCSR201906589BR
02/08/2019 10:36:25 - Inserir Historico IMOXT201811027BR
02/08/2019 10:36:25 - Insert with success IMOXT201811027BR
02/08/2019 10:36:33 - Inserir Historico IMCSR201906590BR
02/08/2019 10:36:33 - Insert with success IMCSR201906590BR
02/08/2019 10:36:40 - Inserir Historico IMOXT201809019BR
02/08/2019 10:36:40 - Insert with success IMOXT201809019BR
02/08/2019 10:36:48 - Inserir Historico IMCSR201906591BR
02/08/2019 10:36:48 - Insert with success IMCSR201906591BR
02/08/2019 10:36:55 - Inserir Historico IOOXT201803004BR
02/08/2019 10:36:55 - Insert with success IOOXT201803004BR
02/08/2019 10:37:03 - Inserir Historico IMCSR201906602BR
02/08/2019 10:37:03 - Insert with success IMCSR201906602BR
02/08/2019 10:37:12 - Inserir Historico IMCSR201906606BR
02/08/2019 10:37:12 - Insert with success IMCSR201906606BR
02/08/2019 10:37:19 - Inserir Historico IMCSR201906607BR
02/08/2019 10:37:20 - Insert with success IMCSR201906607BR
02/08/2019 10:37:27 - Inserir Historico IMCSR201906609BR
02/08/2019 10:37:28 - Insert with success IMCSR201906609BR
02/08/2019 10:37:34 - Inserir Historico IOOXT201904014BR
02/08/2019 10:37:35 - Insert with success IOOXT201904014BR
02/08/2019 10:37:42 - Inserir Historico IMCSR201906613BR
02/08/2019 10:37:43 - Insert with success IMCSR201906613BR
02/08/2019 10:37:50 - Inserir Historico IMCSR201906617BR
02/08/2019 10:37:51 - Insert with success IMCSR201906617BR
02/08/2019 10:37:59 - Inserir Historico IMCSR201906618BR
02/08/2019 10:37:59 - Insert with success IMCSR201906618BR
02/08/2019 10:38:06 - Inserir Historico IMOXT201801007BR
02/08/2019 10:38:06 - Insert with success IMOXT201801007BR
02/08/2019 10:38:13 - Inserir Historico IOOXT201803002BR
02/08/2019 10:38:13 - Insert with success IOOXT201803002BR
02/08/2019 10:38:21 - Inserir Historico IMCSR201906620BR
02/08/2019 10:38:21 - Insert with success IMCSR201906620BR
02/08/2019 10:38:29 - Inserir Historico IMCSR201906638BR
02/08/2019 10:38:30 - Insert with success IMCSR201906638BR
02/08/2019 10:38:38 - Inserir Historico IMCSR201906695BR
02/08/2019 10:38:38 - Insert with success IMCSR201906695BR
02/08/2019 10:38:44 - Inserir Historico IOOXT201904021BR
02/08/2019 10:38:45 - Insert with success IOOXT201904021BR
02/08/2019 10:38:52 - Inserir Historico IMCSR201906696BR
02/08/2019 10:38:52 - Insert with success IMCSR201906696BR
02/08/2019 10:39:00 - Inserir Historico IMCSR201906701BR
02/08/2019 10:39:01 - Insert with success IMCSR201906701BR
02/08/2019 10:39:09 - Inserir Historico IMCSR201907005BR
02/08/2019 10:39:10 - Insert with success IMCSR201907005BR
02/08/2019 10:39:18 - Inserir Historico IMCSR201907007BR
02/08/2019 10:39:18 - Insert with success IMCSR201907007BR
02/08/2019 10:39:25 - Inserir Historico IMOXT201811028BR
02/08/2019 10:39:25 - Insert with success IMOXT201811028BR
02/08/2019 10:39:33 - Inserir Historico IMCSR201907044BR
02/08/2019 10:39:33 - Insert with success IMCSR201907044BR
02/08/2019 10:39:40 - Inserir Historico IMOXT201805013BR
02/08/2019 10:39:40 - Insert with success IMOXT201805013BR
02/08/2019 10:39:48 - Inserir Historico IMCSR201907084BR
02/08/2019 10:39:48 - Insert with success IMCSR201907084BR
02/08/2019 10:39:56 - Inserir Historico IMCSR201907085BR
02/08/2019 10:39:56 - Insert with success IMCSR201907085BR
02/08/2019 10:40:07 - Inserir Historico IMCSR201907155BR
02/08/2019 10:40:07 - Insert with success IMCSR201907155BR
02/08/2019 10:40:14 - Inserir Historico IOOXT201802013BR
02/08/2019 10:40:15 - Insert with success IOOXT201802013BR
02/08/2019 10:40:22 - Inserir Historico IMCSR201907159BR
02/08/2019 10:40:23 - Insert with success IMCSR201907159BR
02/08/2019 10:40:31 - Inserir Historico IMCSR201907160BR
02/08/2019 10:40:31 - Insert with success IMCSR201907160BR
02/08/2019 10:40:38 - Inserir Historico IAOXT201908002BR
02/08/2019 10:40:38 - Insert with success IAOXT201908002BR
02/08/2019 10:40:46 - Inserir Historico IMCSR201907163BR
02/08/2019 10:40:46 - Insert with success IMCSR201907163BR
02/08/2019 10:40:54 - Inserir Historico IMCSR201907169BR
02/08/2019 10:40:54 - Insert with success IMCSR201907169BR
02/08/2019 10:41:02 - Inserir Historico IMCSR201907170BR
02/08/2019 10:41:02 - Insert with success IMCSR201907170BR
02/08/2019 10:41:11 - Inserir Historico IMCSR201907171BR
02/08/2019 10:41:11 - Insert with success IMCSR201907171BR
02/08/2019 10:41:18 - Inserir Historico IOOXT201902009BR
02/08/2019 10:41:18 - Insert with success IOOXT201902009BR
02/08/2019 10:41:26 - Inserir Historico IMCSR201907221BR
02/08/2019 10:41:26 - Insert with success IMCSR201907221BR
02/08/2019 10:41:34 - Inserir Historico IOOXT201903001BR
02/08/2019 10:41:34 - Insert with success IOOXT201903001BR
02/08/2019 10:41:42 - Inserir Historico IMCSR201907222BR
02/08/2019 10:41:43 - Insert with success IMCSR201907222BR
02/08/2019 10:41:52 - Inserir Historico IMCSR201907290BR
02/08/2019 10:41:52 - Insert with success IMCSR201907290BR
02/08/2019 10:42:00 - Inserir Historico IMCSR201907291BR
02/08/2019 10:42:00 - Insert with success IMCSR201907291BR
02/08/2019 10:42:08 - Inserir Historico IMCSR201907292BR
02/08/2019 10:42:08 - Insert with success IMCSR201907292BR
02/08/2019 10:42:17 - Inserir Historico IMCSR201907376BR
02/08/2019 10:42:17 - Insert with success IMCSR201907376BR
02/08/2019 10:42:25 - Inserir Historico IMCSR201907393BR
02/08/2019 10:42:25 - Insert with success IMCSR201907393BR
02/08/2019 10:42:34 - Inserir Historico IMCSR201907396BR
02/08/2019 10:42:34 - Insert with success IMCSR201907396BR
02/08/2019 10:42:41 - Inserir Historico IMCSR201907398BR
02/08/2019 10:42:42 - Insert with success IMCSR201907398BR
02/08/2019 10:42:50 - Inserir Historico IMCSR201907401BR
02/08/2019 10:42:50 - Insert with success IMCSR201907401BR
02/08/2019 10:42:57 - Inserir Historico IMCSR201907402BR
02/08/2019 10:42:57 - Insert with success IMCSR201907402BR
02/08/2019 10:43:05 - Inserir Historico IMCSR201907403BR
02/08/2019 10:43:05 - Insert with success IMCSR201907403BR
02/08/2019 10:43:10 - Inserir Historico IMCSR201907438BR
02/08/2019 10:43:10 - Insert with success IMCSR201907438BR
02/08/2019 10:43:18 - Inserir Historico IMCSR201907470BR
02/08/2019 10:43:18 - Insert with success IMCSR201907470BR
02/08/2019 10:43:25 - Inserir Historico IMCSR201907499BR
02/08/2019 10:43:25 - Insert with success IMCSR201907499BR
02/08/2019 10:43:33 - Inserir Historico IMEAS201907002BR
02/08/2019 10:43:33 - Insert with success IMEAS201907002BR
02/08/2019 10:43:40 - Inserir Historico IMEAS201907003BR
02/08/2019 10:43:40 - Insert with success IMEAS201907003BR
02/08/2019 10:43:50 - Inserir Historico IMEAS201907005BR
02/08/2019 10:43:50 - Insert with success IMEAS201907005BR
02/08/2019 10:43:57 - Inserir Historico IMEAS201907008BR
02/08/2019 10:43:57 - Insert with success IMEAS201907008BR
02/08/2019 10:44:05 - Inserir Historico IMEAS201907011BR
02/08/2019 10:44:05 - Insert with success IMEAS201907011BR
02/08/2019 10:44:25 - Inserir Historico IMEAS201907012BR
02/08/2019 10:44:25 - Insert with success IMEAS201907012BR
02/08/2019 10:44:32 - Inserir Historico IMEXO201904045BR
02/08/2019 10:44:32 - Insert with success IMEXO201904045BR
02/08/2019 10:44:41 - Inserir Historico IMEXO201904047BR
02/08/2019 10:44:41 - Insert with success IMEXO201904047BR
02/08/2019 10:44:49 - Inserir Historico IMFMC201906017BR
02/08/2019 10:44:49 - Insert with success IMFMC201906017BR
02/08/2019 10:45:00 - Inserir Historico IMIFB201905057BR
02/08/2019 10:45:01 - Insert with success IMIFB201905057BR
02/08/2019 10:45:11 - Inserir Historico IMIFB201905059BR
02/08/2019 10:45:12 - Insert with success IMIFB201905059BR
02/08/2019 10:45:24 - Inserir Historico IMIFB201906032BR
02/08/2019 10:45:24 - Insert with success IMIFB201906032BR
02/08/2019 10:45:33 - Inserir Historico IMIFB201906033BR
02/08/2019 10:45:33 - Insert with success IMIFB201906033BR
02/08/2019 10:45:43 - Inserir Historico IMIFB201906037BR
02/08/2019 10:45:43 - Insert with success IMIFB201906037BR
02/08/2019 10:45:53 - Inserir Historico IMIFB201906041BR
02/08/2019 10:45:53 - Insert with success IMIFB201906041BR
02/08/2019 10:46:01 - Inserir Historico IMLYB201905001BR
02/08/2019 10:46:02 - Insert with success IMLYB201905001BR
02/08/2019 10:46:10 - Inserir Historico IMLYB201905003BR
02/08/2019 10:46:10 - Insert with success IMLYB201905003BR
02/08/2019 10:46:19 - Inserir Historico IMLYB201905004BR
02/08/2019 10:46:19 - Insert with success IMLYB201905004BR
02/08/2019 10:46:27 - Inserir Historico IMLYB201905005BR
02/08/2019 10:46:27 - Insert with success IMLYB201905005BR
02/08/2019 10:46:35 - Inserir Historico IMLYB201905006BR
02/08/2019 10:46:35 - Insert with success IMLYB201905006BR
02/08/2019 10:46:44 - Inserir Historico IMLYB201906010BR
02/08/2019 10:46:44 - Insert with success IMLYB201906010BR
02/08/2019 10:46:52 - Inserir Historico IMLYB201907006BR
02/08/2019 10:46:52 - Insert with success IMLYB201907006BR
02/08/2019 10:47:02 - Inserir Historico IMMAU201907001BR
02/08/2019 10:47:02 - Insert with success IMMAU201907001BR
02/08/2019 10:47:10 - Inserir Historico IMMAU201907002BR
02/08/2019 10:47:10 - Insert with success IMMAU201907002BR
02/08/2019 10:47:19 - Inserir Historico IMOCV201905017BR
02/08/2019 10:47:19 - Insert with success IMOCV201905017BR
02/08/2019 10:47:26 - Inserir Historico IMOCV201905019BR
02/08/2019 10:47:27 - Insert with success IMOCV201905019BR
02/08/2019 10:47:34 - Inserir Historico IMOCV201906003BR
02/08/2019 10:47:35 - Insert with success IMOCV201906003BR
02/08/2019 10:47:42 - Inserir Historico IMOCV201906005BR
02/08/2019 10:47:43 - Insert with success IMOCV201906005BR
02/08/2019 10:47:52 - Inserir Historico IMOCV201906008BR
02/08/2019 10:47:52 - Insert with success IMOCV201906008BR
02/08/2019 10:48:13 - Inserir Historico IMSCA201906003BR
02/08/2019 10:48:13 - Insert with success IMSCA201906003BR
02/08/2019 10:48:25 - Inserir Historico IMSCA201906005BR
02/08/2019 10:48:25 - Insert with success IMSCA201906005BR
02/08/2019 10:48:37 - Inserir Historico IMSCA201906008BR
02/08/2019 10:48:37 - Insert with success IMSCA201906008BR
02/08/2019 10:48:42 - Inserir Historico IACSR201908015BR
02/08/2019 10:48:42 - Insert with success IACSR201908015BR
02/08/2019 10:48:53 - Inserir Historico IMSCA201907002BR
02/08/2019 10:48:53 - Insert with success IMSCA201907002BR
02/08/2019 10:49:00 - Inserir Historico IMSLA201907006BR
02/08/2019 10:49:00 - Insert with success IMSLA201907006BR
02/08/2019 10:49:08 - Inserir Historico IMSLA201907007BR
02/08/2019 10:49:08 - Insert with success IMSLA201907007BR
02/08/2019 10:49:21 - Inserir Historico IMSLA201907012BR
02/08/2019 10:49:21 - Insert with success IMSLA201907012BR
02/08/2019 10:49:28 - Inserir Historico IMSLA201907014BR
02/08/2019 10:49:28 - Insert with success IMSLA201907014BR
02/08/2019 10:49:35 - Inserir Historico IMSLA201907015BR
02/08/2019 10:49:35 - Insert with success IMSLA201907015BR
02/08/2019 10:49:47 - Inserir Historico IMSLA201907016BR
02/08/2019 10:49:48 - Insert with success IMSLA201907016BR
02/08/2019 10:50:13 - Inserir Historico IMSLA201907017BR
02/08/2019 10:50:13 - Insert with success IMSLA201907017BR
02/08/2019 10:50:21 - Inserir Historico IMSLA201907018BR
02/08/2019 10:50:21 - Insert with success IMSLA201907018BR
02/08/2019 10:50:31 - Inserir Historico EMOXT201906169BR
02/08/2019 10:50:31 - Insert with success EMOXT201906169BR
02/08/2019 10:50:49 - Inserir Historico IMSLA201907019BR
02/08/2019 10:50:49 - Insert with success IMSLA201907019BR
02/08/2019 10:50:57 - Inserir Historico IMSLA201907021BR
02/08/2019 10:50:57 - Insert with success IMSLA201907021BR
02/08/2019 10:51:04 - Inserir Historico IMSLA201907022BR
02/08/2019 10:51:05 - Insert with success IMSLA201907022BR
02/08/2019 10:51:19 - Inserir Historico IMSLA201907023BR
02/08/2019 10:51:19 - Insert with success IMSLA201907023BR
02/08/2019 10:51:26 - Inserir Historico IMSLA201907026BR
02/08/2019 10:51:26 - Insert with success IMSLA201907026BR
02/08/2019 10:51:33 - Inserir Historico IMSLA201907029BR
02/08/2019 10:51:33 - Insert with success IMSLA201907029BR
02/08/2019 10:51:40 - Inserir Historico IMSLA201907030BR
02/08/2019 10:51:40 - Insert with success IMSLA201907030BR
02/08/2019 10:51:48 - Inserir Historico IMSLA201907031BR
02/08/2019 10:51:48 - Insert with success IMSLA201907031BR
02/08/2019 10:51:55 - Inserir Historico IMSLA201907033BR
02/08/2019 10:51:55 - Insert with success IMSLA201907033BR
02/08/2019 10:52:02 - Inserir Historico IMSLA201907034BR
02/08/2019 10:52:02 - Insert with success IMSLA201907034BR
02/08/2019 10:52:09 - Inserir Historico IMSLA201907035BR
02/08/2019 10:52:10 - Insert with success IMSLA201907035BR
02/08/2019 10:52:16 - Inserir Historico IMSOL201811165BR
02/08/2019 10:52:16 - Insert with success IMSOL201811165BR
02/08/2019 10:52:26 - Inserir Historico IMSOL201902097BR
02/08/2019 10:52:26 - Insert with success IMSOL201902097BR
02/08/2019 10:52:33 - Inserir Historico IMSOL201903025BR
02/08/2019 10:52:33 - Insert with success IMSOL201903025BR
02/08/2019 10:52:41 - Inserir Historico IMSOL201904010BR
02/08/2019 10:52:41 - Insert with success IMSOL201904010BR
02/08/2019 10:52:49 - Inserir Historico IMSOL201904035BR
02/08/2019 10:52:49 - Insert with success IMSOL201904035BR
02/08/2019 10:52:56 - Inserir Historico IMSOL201904036BR
02/08/2019 10:52:56 - Insert with success IMSOL201904036BR
02/08/2019 10:53:03 - Inserir Historico IMSOL201904037BR
02/08/2019 10:53:03 - Insert with success IMSOL201904037BR
02/08/2019 10:53:10 - Inserir Historico IMSOL201904038BR
02/08/2019 10:53:11 - Insert with success IMSOL201904038BR
02/08/2019 10:53:18 - Inserir Historico IMSOL201904111BR
02/08/2019 10:53:18 - Insert with success IMSOL201904111BR
02/08/2019 10:53:24 - Inserir Historico IMSOL201904112BR
02/08/2019 10:53:24 - Insert with success IMSOL201904112BR
02/08/2019 10:53:31 - Inserir Historico IMSOL201904115BR
02/08/2019 10:53:32 - Insert with success IMSOL201904115BR
02/08/2019 10:53:39 - Inserir Historico IMSOL201904120BR
02/08/2019 10:53:39 - Insert with success IMSOL201904120BR
02/08/2019 10:53:46 - Inserir Historico IMSOL201904122BR
02/08/2019 10:53:46 - Insert with success IMSOL201904122BR
02/08/2019 10:53:53 - Inserir Historico IMSOL201904132BR
02/08/2019 10:53:53 - Insert with success IMSOL201904132BR
02/08/2019 10:54:00 - Inserir Historico IMSOL201905010BR
02/08/2019 10:54:00 - Insert with success IMSOL201905010BR
02/08/2019 10:54:07 - Inserir Historico IMSOL201905022BR
02/08/2019 10:54:07 - Insert with success IMSOL201905022BR
02/08/2019 10:54:14 - Inserir Historico IMSOL201905035BR
02/08/2019 10:54:14 - Insert with success IMSOL201905035BR
02/08/2019 10:54:21 - Inserir Historico IMSOL201905061BR
02/08/2019 10:54:21 - Insert with success IMSOL201905061BR
02/08/2019 10:54:29 - Inserir Historico IMSOL201905062BR
02/08/2019 10:54:29 - Insert with success IMSOL201905062BR
02/08/2019 10:54:36 - Inserir Historico IMSOL201905063BR
02/08/2019 10:54:36 - Insert with success IMSOL201905063BR
02/08/2019 10:54:43 - Inserir Historico IMSOL201905064BR
02/08/2019 10:54:43 - Insert with success IMSOL201905064BR
02/08/2019 10:54:50 - Inserir Historico IMSOL201905073BR
02/08/2019 10:54:50 - Insert with success IMSOL201905073BR
02/08/2019 10:54:58 - Inserir Historico IMSOL201905076BR
02/08/2019 10:54:58 - Insert with success IMSOL201905076BR
02/08/2019 10:55:06 - Inserir Historico IMSOL201905084BR
02/08/2019 10:55:06 - Insert with success IMSOL201905084BR
02/08/2019 10:55:15 - Inserir Historico IMSOL201905086BR
02/08/2019 10:55:15 - Insert with success IMSOL201905086BR
02/08/2019 10:55:22 - Inserir Historico IMSOL201905088BR
02/08/2019 10:55:23 - Insert with success IMSOL201905088BR
02/08/2019 10:55:30 - Inserir Historico IMSOL201905103BR
02/08/2019 10:55:30 - Insert with success IMSOL201905103BR
02/08/2019 10:55:37 - Inserir Historico IMSOL201905119BR
02/08/2019 10:55:37 - Insert with success IMSOL201905119BR
02/08/2019 10:55:44 - Inserir Historico IMSOL201905120BR
02/08/2019 10:55:44 - Insert with success IMSOL201905120BR
02/08/2019 10:55:51 - Inserir Historico IMSOL201906050BR
02/08/2019 10:55:52 - Insert with success IMSOL201906050BR
02/08/2019 10:55:58 - Inserir Historico IMSOL201906052BR
02/08/2019 10:55:58 - Insert with success IMSOL201906052BR
02/08/2019 10:56:06 - Inserir Historico IMSOL201906061BR
02/08/2019 10:56:06 - Insert with success IMSOL201906061BR
02/08/2019 10:56:12 - Inserir Historico IMSOL201906063BR
02/08/2019 10:56:12 - Insert with success IMSOL201906063BR
02/08/2019 10:56:20 - Inserir Historico IMSOL201906065BR
02/08/2019 10:56:20 - Insert with success IMSOL201906065BR
02/08/2019 10:56:27 - Inserir Historico IMSOL201906102BR
02/08/2019 10:56:28 - Insert with success IMSOL201906102BR
02/08/2019 10:56:35 - Inserir Historico IMSOL201906104BR
02/08/2019 10:56:35 - Insert with success IMSOL201906104BR
02/08/2019 10:56:42 - Inserir Historico IMSOL201906107BR
02/08/2019 10:56:42 - Insert with success IMSOL201906107BR
02/08/2019 10:56:49 - Inserir Historico IMSOL201906131BR
02/08/2019 10:56:49 - Insert with success IMSOL201906131BR
02/08/2019 10:56:56 - Inserir Historico IMSOL201906132BR
02/08/2019 10:56:56 - Insert with success IMSOL201906132BR
02/08/2019 10:57:03 - Inserir Historico IMSOL201906163BR
02/08/2019 10:57:03 - Insert with success IMSOL201906163BR
02/08/2019 10:57:11 - Inserir Historico IMSOL201906171BR
02/08/2019 10:57:11 - Insert with success IMSOL201906171BR
02/08/2019 10:57:18 - Inserir Historico IMSPC201905023BR
02/08/2019 10:57:18 - Insert with success IMSPC201905023BR
02/08/2019 10:57:26 - Inserir Historico IMSPC201906042BR
02/08/2019 10:57:26 - Insert with success IMSPC201906042BR
02/08/2019 10:57:36 - Inserir Historico IMSPC201906047BR
02/08/2019 10:57:36 - Insert with success IMSPC201906047BR
02/08/2019 10:57:43 - Inserir Historico IMSPC201907006BR
02/08/2019 10:57:43 - Insert with success IMSPC201907006BR
02/08/2019 10:57:52 - Inserir Historico IMSPC201907007BR
02/08/2019 10:57:52 - Insert with success IMSPC201907007BR
02/08/2019 10:57:59 - Inserir Historico IMSPC201907009BR
02/08/2019 10:57:59 - Insert with success IMSPC201907009BR
02/08/2019 10:58:07 - Inserir Historico IMSPC201907010BR
02/08/2019 10:58:07 - Insert with success IMSPC201907010BR
02/08/2019 10:58:15 - Inserir Historico EMOXT201902164BR
02/08/2019 10:58:15 - Insert with success EMOXT201902164BR
02/08/2019 10:58:23 - Inserir Historico IMSPC201907011BR
02/08/2019 10:58:23 - Insert with success IMSPC201907011BR
02/08/2019 10:58:32 - Inserir Historico IMSPC201907017BR
02/08/2019 10:58:32 - Insert with success IMSPC201907017BR
02/08/2019 10:58:38 - Inserir Historico IMSPC201907018BR
02/08/2019 10:58:39 - Insert with success IMSPC201907018BR
02/08/2019 10:58:46 - Inserir Historico IMSPC201907019BR
02/08/2019 10:58:46 - Insert with success IMSPC201907019BR
02/08/2019 10:58:53 - Inserir Historico IMSWB201901029BR
02/08/2019 10:58:53 - Insert with success IMSWB201901029BR
02/08/2019 10:59:00 - Inserir Historico IMSWB201903045BR
02/08/2019 10:59:00 - Insert with success IMSWB201903045BR
02/08/2019 10:59:08 - Inserir Historico IMSWB201904013BR
02/08/2019 10:59:08 - Insert with success IMSWB201904013BR
02/08/2019 10:59:15 - Inserir Historico IMSWB201904031BR
02/08/2019 10:59:15 - Insert with success IMSWB201904031BR
02/08/2019 10:59:23 - Inserir Historico IMSWB201904055BR
02/08/2019 10:59:23 - Insert with success IMSWB201904055BR
02/08/2019 10:59:32 - Inserir Historico IMSWB201904056BR
02/08/2019 10:59:32 - Insert with success IMSWB201904056BR
02/08/2019 10:59:41 - Inserir Historico IMSWB201904057BR
02/08/2019 10:59:41 - Insert with success IMSWB201904057BR
02/08/2019 10:59:50 - Inserir Historico IMSWB201904078BR
02/08/2019 10:59:50 - Insert with success IMSWB201904078BR
02/08/2019 10:59:57 - Inserir Historico IMSWB201908006BR
02/08/2019 10:59:59 - Insert with success IMSWB201908006BR
02/08/2019 11:00:14 - Inserir Historico IMSWB201904122BR
02/08/2019 11:00:17 - Insert with success IMSWB201904122BR
02/08/2019 11:00:27 - Inserir Historico IMSWB201905003BR
02/08/2019 11:00:27 - Insert with success IMSWB201905003BR
02/08/2019 11:00:39 - Inserir Historico IMSWB201905017BR
02/08/2019 11:00:43 - Insert with success IMSWB201905017BR
02/08/2019 11:00:53 - Inserir Historico IMSWB201905028BR
02/08/2019 11:00:58 - Insert with success IMSWB201905028BR
02/08/2019 11:01:18 - Inserir Historico IMSWB201905036BR
02/08/2019 11:01:20 - Insert with success IMSWB201905036BR
02/08/2019 11:01:31 - Inserir Historico IMCSR201906117BR
02/08/2019 11:01:32 - Insert with success IMCSR201906117BR
02/08/2019 11:01:43 - Inserir Historico IMSWB201905043BR
02/08/2019 11:01:50 - Insert with success IMSWB201905043BR
02/08/2019 11:02:00 - Inserir Historico IMSWB201905050BR
02/08/2019 11:02:04 - Insert with success IMSWB201905050BR
02/08/2019 11:02:13 - Inserir Historico IMSWB201905058BR
02/08/2019 11:02:18 - Insert with success IMSWB201905058BR
02/08/2019 11:02:29 - Inserir Historico IMSWB201905074BR
02/08/2019 11:02:29 - Insert with success IMSWB201905074BR
02/08/2019 11:02:40 - Inserir Historico IMSWB201905075BR
02/08/2019 11:02:43 - Insert with success IMSWB201905075BR
02/08/2019 11:02:52 - Inserir Historico IMSWB201905087BR
02/08/2019 11:02:56 - Insert with success IMSWB201905087BR
02/08/2019 11:03:05 - Inserir Historico IMSWB201905088BR
02/08/2019 11:03:08 - Insert with success IMSWB201905088BR
02/08/2019 11:03:18 - Inserir Historico IMSWB201905090BR
02/08/2019 11:03:20 - Insert with success IMSWB201905090BR
02/08/2019 11:03:30 - Inserir Historico IMSWB201905098BR
02/08/2019 11:03:30 - Insert with success IMSWB201905098BR
02/08/2019 11:03:42 - Inserir Historico IMSWB201905101BR
02/08/2019 11:03:43 - Insert with success IMSWB201905101BR
02/08/2019 11:03:54 - Inserir Historico IMSWB201905110BR
02/08/2019 11:03:55 - Insert with success IMSWB201905110BR
02/08/2019 11:04:04 - Inserir Historico IMSWB201905112BR
02/08/2019 11:04:05 - Insert with success IMSWB201905112BR
02/08/2019 11:04:14 - Inserir Historico IMSWB201905113BR
02/08/2019 11:04:14 - Insert with success IMSWB201905113BR
02/08/2019 11:04:22 - Inserir Historico IAOXT201908001BR
02/08/2019 11:04:22 - Insert with success IAOXT201908001BR
02/08/2019 11:04:30 - Inserir Historico IMSWB201905114BR
02/08/2019 11:04:30 - Insert with success IMSWB201905114BR
02/08/2019 11:04:46 - Inserir Historico IMSWB201906017BR
02/08/2019 11:04:46 - Insert with success IMSWB201906017BR
02/08/2019 11:04:54 - Inserir Historico IMSWB201906021BR
02/08/2019 11:04:54 - Insert with success IMSWB201906021BR
02/08/2019 11:05:05 - Inserir Historico IMCSR201905062BR
02/08/2019 11:05:05 - Insert with success IMCSR201905062BR
02/08/2019 11:05:13 - Inserir Historico IMSWB201906022BR
02/08/2019 11:05:14 - Insert with success IMSWB201906022BR
02/08/2019 11:05:22 - Inserir Historico IMSWB201906026BR
02/08/2019 11:05:22 - Insert with success IMSWB201906026BR
02/08/2019 11:05:31 - Inserir Historico IMSWB201906029BR
02/08/2019 11:05:31 - Insert with success IMSWB201906029BR
02/08/2019 11:05:40 - Inserir Historico IMSWB201906033BR
02/08/2019 11:05:40 - Insert with success IMSWB201906033BR
02/08/2019 11:05:49 - Inserir Historico IMSWB201906035BR
02/08/2019 11:05:49 - Insert with success IMSWB201906035BR
02/08/2019 11:05:58 - Inserir Historico IMSWB201906045BR
02/08/2019 11:05:59 - Insert with success IMSWB201906045BR
02/08/2019 11:06:07 - Inserir Historico IMSWB201906046BR
02/08/2019 11:06:07 - Insert with success IMSWB201906046BR
02/08/2019 11:06:16 - Inserir Historico IMSWB201906050BR
02/08/2019 11:06:16 - Insert with success IMSWB201906050BR
02/08/2019 11:06:24 - Inserir Historico IMSWB201906054BR
02/08/2019 11:06:25 - Insert with success IMSWB201906054BR
02/08/2019 11:06:34 - Inserir Historico IMSWB201906055BR
02/08/2019 11:06:35 - Insert with success IMSWB201906055BR
02/08/2019 11:06:43 - Inserir Historico IMSWB201906058BR
02/08/2019 11:06:43 - Insert with success IMSWB201906058BR
02/08/2019 11:06:51 - Inserir Historico IMSWB201906060BR
02/08/2019 11:06:52 - Insert with success IMSWB201906060BR
02/08/2019 11:07:00 - Inserir Historico IMSWB201906110BR
02/08/2019 11:07:00 - Insert with success IMSWB201906110BR
02/08/2019 11:07:09 - Inserir Historico IMSWB201907014BR
02/08/2019 11:07:09 - Insert with success IMSWB201907014BR
02/08/2019 11:07:17 - Inserir Historico IMSWB201907033BR
02/08/2019 11:07:18 - Insert with success IMSWB201907033BR
02/08/2019 11:07:35 - Inserir Historico IMUPL201701051BR
02/08/2019 11:07:35 - Insert with success IMUPL201701051BR
02/08/2019 11:07:44 - Inserir Historico IMWFD201907001BR
02/08/2019 11:07:44 - Insert with success IMWFD201907001BR
02/08/2019 11:07:52 - Inserir Historico IAATN201907004BR
02/08/2019 11:07:52 - Insert with success IAATN201907004BR
02/08/2019 11:08:00 - Inserir Historico IAATN201907005BR
02/08/2019 11:08:01 - Insert with success IAATN201907005BR
02/08/2019 11:08:09 - Inserir Historico IAATN201907006BR
02/08/2019 11:08:09 - Insert with success IAATN201907006BR
02/08/2019 11:08:17 - Inserir Historico IAOCV201904004BR
02/08/2019 11:08:17 - Insert with success IAOCV201904004BR
02/08/2019 11:08:26 - Inserir Historico IMCSR201906150BR
02/08/2019 11:08:27 - Insert with success IMCSR201906150BR
02/08/2019 11:08:37 - Inserir Historico IMCSR201906152BR
02/08/2019 11:08:37 - Insert with success IMCSR201906152BR
02/08/2019 11:08:48 - Inserir Historico IMCSR201906154BR
02/08/2019 11:08:48 - Insert with success IMCSR201906154BR
02/08/2019 11:08:58 - Inserir Historico IMCSR201906159BR
02/08/2019 11:08:58 - Insert with success IMCSR201906159BR
02/08/2019 11:09:07 - Inserir Historico IMCSR201906168BR
02/08/2019 11:09:08 - Insert with success IMCSR201906168BR
02/08/2019 11:09:18 - Inserir Historico IMCSR201906172BR
02/08/2019 11:09:18 - Insert with success IMCSR201906172BR
02/08/2019 11:09:28 - Inserir Historico IMCSR201906173BR
02/08/2019 11:09:28 - Insert with success IMCSR201906173BR
02/08/2019 11:09:38 - Inserir Historico IMCSR201906174BR
02/08/2019 11:09:38 - Insert with success IMCSR201906174BR
02/08/2019 11:09:48 - Inserir Historico IMCSR201906182BR
02/08/2019 11:09:48 - Insert with success IMCSR201906182BR
02/08/2019 11:09:58 - Inserir Historico IMCSR201906192BR
02/08/2019 11:09:58 - Insert with success IMCSR201906192BR
02/08/2019 11:10:10 - Inserir Historico IMCSR201906511BR
02/08/2019 11:10:10 - Insert with success IMCSR201906511BR
02/08/2019 11:10:21 - Inserir Historico IMCSR201906525BR
02/08/2019 11:10:22 - Insert with success IMCSR201906525BR
02/08/2019 11:10:31 - Inserir Historico IMCSR201906530BR
02/08/2019 11:10:31 - Insert with success IMCSR201906530BR
02/08/2019 11:10:43 - Inserir Historico IMCSR201906568BR
02/08/2019 11:10:43 - Insert with success IMCSR201906568BR
02/08/2019 11:10:54 - Inserir Historico IMCSR201906584BR
02/08/2019 11:10:54 - Insert with success IMCSR201906584BR
02/08/2019 11:11:06 - Inserir Historico IMCSR201906585BR
02/08/2019 11:11:06 - Insert with success IMCSR201906585BR
02/08/2019 11:11:16 - Inserir Historico IMCSR201906622BR
02/08/2019 11:11:16 - Insert with success IMCSR201906622BR
02/08/2019 11:11:27 - Inserir Historico IMCSR201906623BR
02/08/2019 11:11:27 - Insert with success IMCSR201906623BR
02/08/2019 11:11:39 - Inserir Historico IMCSR201906624BR
02/08/2019 11:11:40 - Insert with success IMCSR201906624BR
02/08/2019 11:11:50 - Inserir Historico IMCSR201906642BR
02/08/2019 11:11:50 - Insert with success IMCSR201906642BR
02/08/2019 11:12:00 - Inserir Historico IMCSR201907003BR
02/08/2019 11:12:00 - Insert with success IMCSR201907003BR
02/08/2019 11:12:10 - Inserir Historico IMCSR201907004BR
02/08/2019 11:12:10 - Insert with success IMCSR201907004BR
02/08/2019 11:12:20 - Inserir Historico IMCSR201907165BR
02/08/2019 11:12:20 - Insert with success IMCSR201907165BR
02/08/2019 11:12:31 - Inserir Historico IMCSR201907168BR
02/08/2019 11:12:31 - Insert with success IMCSR201907168BR
02/08/2019 11:12:41 - Inserir Historico IMCSR201907173BR
02/08/2019 11:12:41 - Insert with success IMCSR201907173BR
02/08/2019 11:12:50 - Inserir Historico IMCSR201907283BR
02/08/2019 11:12:50 - Insert with success IMCSR201907283BR
02/08/2019 11:13:00 - Inserir Historico IMCSR201907286BR
02/08/2019 11:13:00 - Insert with success IMCSR201907286BR
02/08/2019 11:13:09 - Inserir Historico IMCSR201907288BR
02/08/2019 11:13:09 - Insert with success IMCSR201907288BR
02/08/2019 11:13:19 - Inserir Historico IMCSR201907635BR
02/08/2019 11:13:19 - Insert with success IMCSR201907635BR
02/08/2019 11:13:30 - Inserir Historico IMCSR201907645BR
02/08/2019 11:13:30 - Insert with success IMCSR201907645BR
02/08/2019 11:13:40 - Inserir Historico IMIFB201905058BR
02/08/2019 11:13:40 - Insert with success IMIFB201905058BR
02/08/2019 11:13:49 - Inserir Historico IMIFB201905061BR
02/08/2019 11:13:49 - Insert with success IMIFB201905061BR
02/08/2019 11:14:02 - Inserir Historico IMIFB201905068BR
02/08/2019 11:14:02 - Insert with success IMIFB201905068BR
02/08/2019 11:14:10 - Inserir Historico IMIFB201905072BR
02/08/2019 11:14:11 - Insert with success IMIFB201905072BR
02/08/2019 11:14:19 - Inserir Historico IMIFB201906001BR
02/08/2019 11:14:20 - Insert with success IMIFB201906001BR
02/08/2019 11:14:32 - Inserir Historico IMIFB201906002BR
02/08/2019 11:14:32 - Insert with success IMIFB201906002BR
02/08/2019 11:14:41 - Inserir Historico IMIFB201906006BR
02/08/2019 11:14:41 - Insert with success IMIFB201906006BR
02/08/2019 11:14:49 - Inserir Historico IMIFB201906009BR
02/08/2019 11:14:49 - Insert with success IMIFB201906009BR
02/08/2019 11:14:59 - Inserir Historico IMIFB201906013BR
02/08/2019 11:14:59 - Insert with success IMIFB201906013BR
02/08/2019 11:15:10 - Inserir Historico IMIFB201906019BR
02/08/2019 11:15:10 - Insert with success IMIFB201906019BR
02/08/2019 11:15:22 - Inserir Historico IMIFB201906031BR
02/08/2019 11:15:22 - Insert with success IMIFB201906031BR
02/08/2019 11:15:35 - Inserir Historico IMIFB201906034BR
02/08/2019 11:15:35 - Insert with success IMIFB201906034BR
02/08/2019 11:15:46 - Inserir Historico IMIFB201906038BR
02/08/2019 11:15:46 - Insert with success IMIFB201906038BR
02/08/2019 11:15:54 - Inserir Historico IMIFB201906039BR
02/08/2019 11:15:54 - Insert with success IMIFB201906039BR
02/08/2019 11:16:03 - Inserir Historico IMIFB201906042BR
02/08/2019 11:16:04 - Insert with success IMIFB201906042BR
02/08/2019 11:16:12 - Inserir Historico IMIFB201906046BR
02/08/2019 11:16:12 - Insert with success IMIFB201906046BR
02/08/2019 11:16:21 - Inserir Historico IMIFB201906048BR
02/08/2019 11:16:21 - Insert with success IMIFB201906048BR
02/08/2019 11:16:31 - Inserir Historico IMIFB201906052BR
02/08/2019 11:16:31 - Insert with success IMIFB201906052BR
02/08/2019 11:16:39 - Inserir Historico IMLYB201906011BR
02/08/2019 11:16:39 - Insert with success IMLYB201906011BR
02/08/2019 11:18:50 - Inserir Historico IMLYB201907013BR
02/08/2019 11:18:51 - Insert with success IMLYB201907013BR
02/08/2019 11:19:05 - Inserir Historico IMSCA201907006BR
02/08/2019 11:19:05 - Insert with success IMSCA201907006BR
02/08/2019 11:19:19 - Inserir Historico IMSLA201907025BR
02/08/2019 11:19:19 - Insert with success IMSLA201907025BR
02/08/2019 11:19:28 - Inserir Historico IMSLA201907032BR
02/08/2019 11:19:29 - Insert with success IMSLA201907032BR
02/08/2019 11:19:38 - Inserir Historico IMSOL201902133BR
02/08/2019 11:19:38 - Insert with success IMSOL201902133BR
02/08/2019 11:19:47 - Inserir Historico IMSOL201903047BR
02/08/2019 11:19:47 - Insert with success IMSOL201903047BR
02/08/2019 11:19:56 - Inserir Historico IMSOL201904009BR
02/08/2019 11:19:56 - Insert with success IMSOL201904009BR
02/08/2019 11:20:06 - Inserir Historico IMSOL201904027BR
02/08/2019 11:20:06 - Insert with success IMSOL201904027BR
02/08/2019 11:20:16 - Inserir Historico IMSOL201904030BR
02/08/2019 11:20:16 - Insert with success IMSOL201904030BR
02/08/2019 11:20:25 - Inserir Historico IMSOL201904107BR
02/08/2019 11:20:25 - Insert with success IMSOL201904107BR
02/08/2019 11:20:33 - Inserir Historico IMSOL201904113BR
02/08/2019 11:20:34 - Insert with success IMSOL201904113BR
02/08/2019 11:20:42 - Inserir Historico IMSOL201904125BR
02/08/2019 11:20:42 - Insert with success IMSOL201904125BR
02/08/2019 11:20:51 - Inserir Historico IMSOL201905019BR
02/08/2019 11:20:51 - Insert with success IMSOL201905019BR
02/08/2019 11:21:00 - Inserir Historico IMSOL201905055BR
02/08/2019 11:21:00 - Insert with success IMSOL201905055BR
02/08/2019 11:21:11 - Inserir Historico IMSOL201905069BR
02/08/2019 11:21:11 - Insert with success IMSOL201905069BR
02/08/2019 11:21:21 - Inserir Historico IMSOL201905071BR
02/08/2019 11:21:21 - Insert with success IMSOL201905071BR
02/08/2019 11:21:30 - Inserir Historico IMSOL201905078BR
02/08/2019 11:21:30 - Insert with success IMSOL201905078BR
02/08/2019 11:21:39 - Inserir Historico IMSOL201905089BR
02/08/2019 11:21:39 - Insert with success IMSOL201905089BR
02/08/2019 11:21:47 - Inserir Historico IMSOL201905118BR
02/08/2019 11:21:47 - Insert with success IMSOL201905118BR
02/08/2019 11:21:56 - Inserir Historico IMSOL201905123BR
02/08/2019 11:21:56 - Insert with success IMSOL201905123BR
02/08/2019 11:22:05 - Inserir Historico IMSOL201906060BR
02/08/2019 11:22:05 - Insert with success IMSOL201906060BR
02/08/2019 11:22:13 - Inserir Historico IMSOL201906066BR
02/08/2019 11:22:13 - Insert with success IMSOL201906066BR
02/08/2019 11:22:22 - Inserir Historico IMSOL201906067BR
02/08/2019 11:22:22 - Insert with success IMSOL201906067BR
02/08/2019 11:22:31 - Inserir Historico IMSOL201906133BR
02/08/2019 11:22:31 - Insert with success IMSOL201906133BR
02/08/2019 11:22:40 - Inserir Historico IMSPC201906009BR
02/08/2019 11:22:40 - Insert with success IMSPC201906009BR
02/08/2019 11:22:48 - Inserir Historico IMSPC201906054BR
02/08/2019 11:22:48 - Insert with success IMSPC201906054BR
02/08/2019 11:22:57 - Inserir Historico IMSPC201906057BR
02/08/2019 11:22:57 - Insert with success IMSPC201906057BR
02/08/2019 11:23:06 - Inserir Historico IMSWB201901021BR
02/08/2019 11:23:06 - Insert with success IMSWB201901021BR
02/08/2019 11:23:14 - Inserir Historico IMSWB201905034BR
02/08/2019 11:23:14 - Insert with success IMSWB201905034BR
02/08/2019 11:23:22 - Inserir Historico IMSWB201905093BR
02/08/2019 11:23:22 - Insert with success IMSWB201905093BR
02/08/2019 11:23:30 - Inserir Historico IMSWB201905104BR
02/08/2019 11:23:31 - Insert with success IMSWB201905104BR
02/08/2019 11:23:38 - Inserir Historico IMSWB201906010BR
02/08/2019 11:23:39 - Insert with success IMSWB201906010BR
02/08/2019 11:23:52 - Inserir Historico IMCSR201901576BR
02/08/2019 11:23:52 - Insert with success IMCSR201901576BR
02/08/2019 11:24:00 - Inserir Historico IMSWB201906032BR
02/08/2019 11:24:00 - Insert with success IMSWB201906032BR
02/08/2019 11:24:07 - Inserir Historico IMSWB201906082BR
02/08/2019 11:24:08 - Insert with success IMSWB201906082BR
02/08/2019 11:24:15 - Inserir Historico EMCSR201903092BR
02/08/2019 11:24:15 - Insert with success EMCSR201903092BR
02/08/2019 11:24:23 - Inserir Historico EMCSR201904038BR
02/08/2019 11:24:23 - Insert with success EMCSR201904038BR
02/08/2019 11:24:35 - Inserir Historico IMCSR201901578BR
02/08/2019 11:24:36 - Insert with success IMCSR201901578BR
02/08/2019 11:24:47 - Inserir Historico IMSLA201906053BR
02/08/2019 11:24:47 - Insert with success IMSLA201906053BR
02/08/2019 11:24:55 - Inserir Historico IMSLA201907002BR
02/08/2019 11:24:55 - Insert with success IMSLA201907002BR
02/08/2019 11:25:03 - Inserir Historico IMSWB201908001BR
02/08/2019 11:25:03 - Insert with success IMSWB201908001BR
02/08/2019 11:25:14 - Inserir Historico IMATN201906014BR
02/08/2019 11:25:15 - Insert with success IMATN201906014BR
02/08/2019 11:25:45 - Inserir Historico IMSLA201907013BR
02/08/2019 11:25:45 - Insert with success IMSLA201907013BR
02/08/2019 11:25:54 - Inserir Historico IMCSR201906121BR
02/08/2019 11:25:55 - Insert with success IMCSR201906121BR
02/08/2019 11:26:03 - Inserir Historico IMCSR201901580BR
02/08/2019 11:26:04 - Insert with success IMCSR201901580BR
02/08/2019 11:26:14 - Inserir Historico IMSLA201907003BR
02/08/2019 11:26:14 - Insert with success IMSLA201907003BR
02/08/2019 11:26:23 - Inserir Historico IMDPT201907039BR
02/08/2019 11:26:23 - Insert with success IMDPT201907039BR
02/08/2019 11:26:32 - Inserir Historico IMSLA201907009BR
02/08/2019 11:26:32 - Insert with success IMSLA201907009BR
02/08/2019 11:26:40 - Inserir Historico IASPC201908001BR
02/08/2019 11:26:40 - Insert with success IASPC201908001BR
02/08/2019 11:26:49 - Inserir Historico IMSLA201907010BR
02/08/2019 11:26:49 - Insert with success IMSLA201907010BR
02/08/2019 11:26:58 - Inserir Historico IMDPT201907037BR
02/08/2019 11:26:58 - Insert with success IMDPT201907037BR
02/08/2019 11:27:06 - Inserir Historico IMDPT201906014BR
02/08/2019 11:27:06 - Insert with success IMDPT201906014BR
02/08/2019 11:27:15 - Inserir Historico IMATN201908002BR
02/08/2019 11:27:15 - Insert with success IMATN201908002BR
02/08/2019 11:27:22 - Inserir Historico EMCSR201905053BR
02/08/2019 11:27:22 - Insert with success EMCSR201905053BR
02/08/2019 11:27:32 - Inserir Historico IMATN201908003BR
02/08/2019 11:27:32 - Insert with success IMATN201908003BR
02/08/2019 11:27:40 - Inserir Historico IMDPT201906022BR
02/08/2019 11:27:40 - Insert with success IMDPT201906022BR
02/08/2019 11:27:48 - Inserir Historico IMATN201907008BR
02/08/2019 11:27:48 - Insert with success IMATN201907008BR
02/08/2019 11:27:57 - Inserir Historico IMFMC201907017BR
02/08/2019 11:27:57 - Insert with success IMFMC201907017BR
02/08/2019 11:28:07 - Inserir Historico EMOXT201907205BR
02/08/2019 11:28:07 - Insert with success EMOXT201907205BR
02/08/2019 11:28:20 - Inserir Historico EMOXT201907179BR
02/08/2019 11:28:20 - Insert with success EMOXT201907179BR
02/08/2019 11:28:28 - Inserir Historico EMCSR201905076BR
02/08/2019 11:28:28 - Insert with success EMCSR201905076BR
02/08/2019 11:28:38 - Inserir Historico IMATN201907012BR
02/08/2019 11:28:38 - Insert with success IMATN201907012BR
02/08/2019 11:28:45 - Inserir Historico EMCSR201907054BR
02/08/2019 11:28:45 - Insert with success EMCSR201907054BR
02/08/2019 11:28:56 - Inserir Historico EMOXT201906134BR
02/08/2019 11:28:56 - Insert with success EMOXT201906134BR
02/08/2019 11:29:05 - Inserir Historico EMOXT201907104BR
02/08/2019 11:29:06 - Insert with success EMOXT201907104BR
02/08/2019 11:29:16 - Inserir Historico EMOXT201907106BR
02/08/2019 11:29:16 - Insert with success EMOXT201907106BR
02/08/2019 11:29:27 - Inserir Historico EMOXT201907103BR
02/08/2019 11:29:27 - Insert with success EMOXT201907103BR
02/08/2019 11:29:34 - Inserir Historico EMCSR201903068BR
02/08/2019 11:29:39 - Insert with success EMCSR201903068BR
02/08/2019 11:29:49 - Inserir Historico IMSOL201906006BR
02/08/2019 11:29:52 - Insert with success IMSOL201906006BR
02/08/2019 11:30:02 - Inserir Historico IMSOL201905074BR
02/08/2019 11:30:07 - Insert with success IMSOL201905074BR
02/08/2019 11:30:17 - Inserir Historico IMSOL201905072BR
02/08/2019 11:30:19 - Insert with success IMSOL201905072BR
02/08/2019 11:30:30 - Inserir Historico IMSOL201905075BR
02/08/2019 11:30:31 - Insert with success IMSOL201905075BR
02/08/2019 11:30:40 - Inserir Historico IMSWB201906068BR
02/08/2019 11:30:40 - Insert with success IMSWB201906068BR
02/08/2019 11:30:49 - Inserir Historico IMSOL201906106BR
02/08/2019 11:30:49 - Insert with success IMSOL201906106BR
02/08/2019 11:30:58 - Inserir Historico IMSOL201906105BR
02/08/2019 11:30:58 - Insert with success IMSOL201906105BR
02/08/2019 11:31:07 - Inserir Historico IMSOL201906042BR
02/08/2019 11:31:07 - Insert with success IMSOL201906042BR
02/08/2019 11:31:16 - Inserir Historico IMSOL201906002BR
02/08/2019 11:31:16 - Insert with success IMSOL201906002BR
02/08/2019 11:31:26 - Inserir Historico IMSOL201906043BR
02/08/2019 11:31:26 - Insert with success IMSOL201906043BR
02/08/2019 11:31:35 - Inserir Historico IMSOL201905011BR
02/08/2019 11:31:35 - Insert with success IMSOL201905011BR
02/08/2019 11:31:46 - Inserir Historico IMATN201907013BR
02/08/2019 11:31:46 - Insert with success IMATN201907013BR
02/08/2019 11:31:55 - Inserir Historico IMCSR201907766BR
02/08/2019 11:31:55 - Insert with success IMCSR201907766BR
02/08/2019 11:32:07 - Inserir Historico IMATN201907014BR
02/08/2019 11:32:07 - Insert with success IMATN201907014BR
02/08/2019 11:32:15 - Inserir Historico IMSWB201908002BR
02/08/2019 11:32:15 - Insert with success IMSWB201908002BR
02/08/2019 11:32:26 - Inserir Historico EMOXT201906085BR
02/08/2019 11:32:26 - Insert with success EMOXT201906085BR
02/08/2019 11:32:35 - Inserir Historico IAOXT201907010BR
02/08/2019 11:32:35 - Insert with success IAOXT201907010BR
02/08/2019 11:32:53 - Inserir Historico EMOXT201907105BR
02/08/2019 11:32:53 - Insert with success EMOXT201907105BR
