20/05/2019 15:16:41 - Inserir Historico IMCSR201903485BR
20/05/2019 15:17:00 - Insert with success IMCSR201903485BR
20/05/2019 15:18:09 - Inserir Historico IMCSR201903596BR
20/05/2019 15:18:09 - Insert with success IMCSR201903596BR
20/05/2019 15:18:22 - Inserir Historico IMCSR201904038BR
20/05/2019 15:18:22 - Insert with success IMCSR201904038BR
20/05/2019 15:18:37 - Inserir Historico IMDPT201904002BR
20/05/2019 15:18:37 - Insert with success IMDPT201904002BR
20/05/2019 15:18:54 - Inserir Historico IMCSR201802292BR
20/05/2019 15:19:00 - Insert with success IMCSR201802292BR
20/05/2019 15:19:13 - Inserir Historico IACSR201901021BR
20/05/2019 15:19:14 - Insert with success IACSR201901021BR
20/05/2019 15:19:31 - Inserir Historico IMCSR201702266BR
20/05/2019 15:19:32 - Insert with success IMCSR201702266BR
20/05/2019 15:19:48 - Inserir Historico EMOXT201905072BR
20/05/2019 15:19:56 - Insert with success EMOXT201905072BR
20/05/2019 15:20:23 - Inserir Historico IMFMC201905021BR
20/05/2019 15:20:26 - Insert with success IMFMC201905021BR
20/05/2019 15:20:37 - Inserir Historico IODPT201905003BR
20/05/2019 15:20:40 - Insert with success IODPT201905003BR
20/05/2019 15:20:51 - Inserir Historico IMCSR201903278BR
20/05/2019 15:20:51 - Insert with success IMCSR201903278BR
20/05/2019 15:21:03 - Inserir Historico IMCSR201903279BR
20/05/2019 15:21:03 - Insert with success IMCSR201903279BR
20/05/2019 15:21:16 - Inserir Historico EMOXT201905079BR
20/05/2019 15:21:16 - Insert with success EMOXT201905079BR
20/05/2019 15:21:29 - Inserir Historico IMCSR201904183BR
20/05/2019 15:21:34 - Insert with success IMCSR201904183BR
20/05/2019 15:21:45 - Inserir Historico IODPT201905002BR
20/05/2019 15:21:46 - Insert with success IODPT201905002BR
20/05/2019 15:21:56 - Inserir Historico IMSLA201904036BR
20/05/2019 15:21:57 - Insert with success IMSLA201904036BR
20/05/2019 15:22:10 - Inserir Historico IMSLA201904037BR
20/05/2019 15:22:15 - Insert with success IMSLA201904037BR
20/05/2019 15:22:42 - Inserir Historico IMSLA201904041BR
20/05/2019 15:22:43 - Insert with success IMSLA201904041BR
20/05/2019 15:22:59 - Inserir Historico EMOXT201905083BR
20/05/2019 15:23:00 - Insert with success EMOXT201905083BR
20/05/2019 15:23:12 - Inserir Historico IMCSR201812291BR
20/05/2019 15:23:13 - Insert with success IMCSR201812291BR
20/05/2019 15:23:24 - Inserir Historico IMSOL201902013BR
20/05/2019 15:23:24 - Insert with success IMSOL201902013BR
20/05/2019 15:23:36 - Inserir Historico IMSOL201902042BR
20/05/2019 15:23:36 - Insert with success IMSOL201902042BR
20/05/2019 15:23:47 - Inserir Historico IMSOL201902043BR
20/05/2019 15:23:47 - Insert with success IMSOL201902043BR
20/05/2019 15:24:00 - Inserir Historico IMSOL201902053BR
20/05/2019 15:24:08 - Insert with success IMSOL201902053BR
