10/03/2020 9:12:08 AM - Inserir Historico IMFLT201911022AR
10/03/2020 9:12:09 AM - Insert with success IMFLT201911022AR
10/03/2020 9:58:03 AM -  ERRO -XML_ODS_NET Command1_Click- ERRO - Exchange -  Incorrect syntax near the keyword 'with'.
Enviado aos emails: br.sao.sistemas@bdpint.com
10/03/2020 9:59:42 AM -  ERRO -XML_ODS_NET Command1_Click- ERRO - Exchange -  Invalid column name 'num_proc_hia'.
Enviado aos emails: br.sao.sistemas@bdpint.com
10/03/2020 10:10:30 AM - Inserir Historico IMFLT202002103AR
10/03/2020 10:10:30 AM - Insert with success IMFLT202002103AR
10/03/2020 10:10:45 AM - Inserir Historico EOUNI202003016AR
10/03/2020 10:10:45 AM - Insert with success EOUNI202003016AR
10/03/2020 10:11:00 AM - Inserir Historico EOROA202003003AR
10/03/2020 10:11:00 AM - Insert with success EOROA202003003AR
10/03/2020 10:11:19 AM - Inserir Historico IANOV202002001AR
10/03/2020 10:11:19 AM - Insert with success IANOV202002001AR
10/03/2020 10:11:29 AM - Inserir Historico EANOV202003001AR
10/03/2020 10:11:29 AM - Insert with success EANOV202003001AR
10/03/2020 10:11:43 AM - Inserir Historico EOROA202002011AR
10/03/2020 10:11:43 AM - Insert with success EOROA202002011AR
10/03/2020 10:11:58 AM - Inserir Historico EOROA202002012AR
10/03/2020 10:11:58 AM - Insert with success EOROA202002012AR
10/03/2020 10:12:36 AM - Inserir Historico IMSOL202001014AR
10/03/2020 10:12:36 AM - Insert with success IMSOL202001014AR
10/03/2020 10:12:47 AM - Inserir Historico EOROA202003001AR
10/03/2020 10:12:48 AM - Insert with success EOROA202003001AR
10/03/2020 10:12:58 AM - Inserir Historico EMFLT202002019AR
10/03/2020 10:12:58 AM - Insert with success EMFLT202002019AR
10/03/2020 10:13:11 AM - Inserir Historico EOARG202003052AR
10/03/2020 10:13:11 AM - Insert with success EOARG202003052AR
10/03/2020 10:13:26 AM - Inserir Historico IMFLT202002088AR
10/03/2020 10:13:26 AM - Insert with success IMFLT202002088AR
10/03/2020 10:13:59 AM - Inserir Historico IOAXA201910020AR
10/03/2020 10:13:59 AM - Insert with success IOAXA201910020AR
10/03/2020 10:14:11 AM - Inserir Historico EANOV202003002AR
10/03/2020 10:14:12 AM - Insert with success EANOV202003002AR
10/03/2020 10:14:29 AM - Inserir Historico IMAXA202003005AR
10/03/2020 10:14:30 AM - Insert with success IMAXA202003005AR
10/03/2020 10:15:06 AM - Inserir Historico IMARG202002079AR
10/03/2020 10:15:07 AM - Insert with success IMARG202002079AR
10/03/2020 10:15:45 AM - Inserir Historico IMARG202002088AR
10/03/2020 10:15:45 AM - Insert with success IMARG202002088AR
10/03/2020 10:16:00 AM - Inserir Historico IMFLT202002042AR
10/03/2020 10:16:00 AM - Insert with success IMFLT202002042AR
10/03/2020 10:16:10 AM - Inserir Historico IMFLT202003006AR
10/03/2020 10:16:10 AM - Insert with success IMFLT202003006AR
10/03/2020 12:08:03 PM - Inserir Historico EOUNI202003017AR
10/03/2020 12:08:03 PM - Insert with success EOUNI202003017AR
10/03/2020 12:08:20 PM - Inserir Historico IMFLT202002089AR
10/03/2020 12:08:20 PM - Insert with success IMFLT202002089AR
10/03/2020 12:08:28 PM - Inserir Historico IAFLT202003004AR
10/03/2020 12:08:29 PM - Insert with success IAFLT202003004AR
10/03/2020 12:08:46 PM - Inserir Historico EMFLT202002019AR
10/03/2020 12:08:46 PM - Insert with success EMFLT202002019AR
10/03/2020 12:09:02 PM - Inserir Historico EOUNI202003018AR
10/03/2020 12:09:02 PM - Insert with success EOUNI202003018AR
10/03/2020 12:09:22 PM - Inserir Historico IMFLT202002003AR
10/03/2020 12:09:22 PM - Insert with success IMFLT202002003AR
10/03/2020 12:09:44 PM - Inserir Historico IMFLT202002093AR
10/03/2020 12:09:44 PM - Insert with success IMFLT202002093AR
10/03/2020 12:09:55 PM - Inserir Historico IMSOL202003001AR
10/03/2020 12:09:55 PM - Insert with success IMSOL202003001AR
10/03/2020 12:10:26 PM - Inserir Historico IMNOV202002008AR
10/03/2020 12:10:26 PM - Insert with success IMNOV202002008AR
10/03/2020 12:10:34 PM - Inserir Historico EAARG202003003AR
10/03/2020 12:10:34 PM - Insert with success EAARG202003003AR
10/03/2020 12:10:40 PM - Inserir Historico IMBRN202002010AR
10/03/2020 12:10:40 PM - Insert with success IMBRN202002010AR
10/03/2020 12:10:49 PM - Inserir Historico IMFLT202002065AR
10/03/2020 12:10:49 PM - Insert with success IMFLT202002065AR
10/03/2020 12:11:02 PM - Inserir Historico IMARG202003058AR
10/03/2020 12:11:03 PM - Insert with success IMARG202003058AR
10/03/2020 12:11:13 PM - Inserir Historico EOARG202003077AR
10/03/2020 12:11:13 PM - Insert with success EOARG202003077AR
10/03/2020 12:11:24 PM - Inserir Historico EMARG201912204AR
10/03/2020 12:11:24 PM - Insert with success EMARG201912204AR
10/03/2020 12:11:35 PM - Inserir Historico EMARG202001192AR
10/03/2020 12:11:35 PM - Insert with success EMARG202001192AR
10/03/2020 12:11:46 PM - Inserir Historico EOARG202003078AR
10/03/2020 12:11:46 PM - Insert with success EOARG202003078AR
10/03/2020 12:11:59 PM - Inserir Historico IMNOV202002006AR
10/03/2020 12:11:59 PM - Insert with success IMNOV202002006AR
10/03/2020 12:12:10 PM - Inserir Historico EOARG202003079AR
10/03/2020 12:12:10 PM - Insert with success EOARG202003079AR
10/03/2020 12:12:20 PM - Inserir Historico EOARG201912121AR
10/03/2020 12:12:20 PM - Insert with success EOARG201912121AR
10/03/2020 12:12:28 PM - Inserir Historico IMFLT201912006AR
10/03/2020 12:12:28 PM - Insert with success IMFLT201912006AR
10/03/2020 12:12:39 PM - Inserir Historico EOARG202001032AR
10/03/2020 12:12:39 PM - Insert with success EOARG202001032AR
10/03/2020 12:12:46 PM - Inserir Historico IMFLT202003020AR
10/03/2020 12:12:46 PM - Insert with success IMFLT202003020AR
10/03/2020 12:12:57 PM - Inserir Historico EOARG202001025AR
10/03/2020 12:12:57 PM - Insert with success EOARG202001025AR
10/03/2020 12:13:08 PM - Inserir Historico EOARG201912080AR
10/03/2020 12:13:08 PM - Insert with success EOARG201912080AR
10/03/2020 12:13:18 PM - Inserir Historico EOARG202003080AR
10/03/2020 12:13:18 PM - Insert with success EOARG202003080AR
10/03/2020 12:13:29 PM - Inserir Historico EOARG201912087AR
10/03/2020 12:13:29 PM - Insert with success EOARG201912087AR
10/03/2020 12:13:39 PM - Inserir Historico EOARG201912081AR
10/03/2020 12:13:39 PM - Insert with success EOARG201912081AR
10/03/2020 12:13:46 PM - Inserir Historico EOFLT202003002AR
10/03/2020 12:13:46 PM - Insert with success EOFLT202003002AR
10/03/2020 12:13:56 PM - Inserir Historico EOARG201912082AR
10/03/2020 12:13:56 PM - Insert with success EOARG201912082AR
10/03/2020 12:14:06 PM - Inserir Historico EOARG201912150AR
10/03/2020 12:14:06 PM - Insert with success EOARG201912150AR
10/03/2020 12:14:18 PM - Inserir Historico EOARG201912151AR
10/03/2020 12:14:18 PM - Insert with success EOARG201912151AR
10/03/2020 12:14:28 PM - Inserir Historico EOARG202003081AR
10/03/2020 12:14:28 PM - Insert with success EOARG202003081AR
10/03/2020 12:14:40 PM - Inserir Historico EOARG201912142AR
10/03/2020 12:14:40 PM - Insert with success EOARG201912142AR
10/03/2020 12:14:46 PM - Inserir Historico IMFLT201911082AR
10/03/2020 12:14:46 PM - Insert with success IMFLT201911082AR
10/03/2020 12:14:56 PM - Inserir Historico EOARG201912115AR
10/03/2020 12:14:56 PM - Insert with success EOARG201912115AR
10/03/2020 12:15:03 PM - Inserir Historico EOFLT202003001AR
10/03/2020 12:15:03 PM - Insert with success EOFLT202003001AR
10/03/2020 12:15:13 PM - Inserir Historico EOARG201912116AR
10/03/2020 12:15:13 PM - Insert with success EOARG201912116AR
10/03/2020 12:15:23 PM - Inserir Historico EOARG201912117AR
10/03/2020 12:15:23 PM - Insert with success EOARG201912117AR
10/03/2020 12:15:35 PM - Inserir Historico EOARG201912078AR
10/03/2020 12:15:35 PM - Insert with success EOARG201912078AR
10/03/2020 12:15:45 PM - Inserir Historico EOARG202003082AR
10/03/2020 12:15:45 PM - Insert with success EOARG202003082AR
10/03/2020 12:15:56 PM - Inserir Historico EOARG201912079AR
10/03/2020 12:15:56 PM - Insert with success EOARG201912079AR
10/03/2020 12:16:06 PM - Inserir Historico EOARG201912215AR
10/03/2020 12:16:06 PM - Insert with success EOARG201912215AR
10/03/2020 12:16:17 PM - Inserir Historico EOARG201912216AR
10/03/2020 12:16:17 PM - Insert with success EOARG201912216AR
10/03/2020 12:16:27 PM - Inserir Historico EOARG201912217AR
10/03/2020 12:16:27 PM - Insert with success EOARG201912217AR
10/03/2020 12:16:37 PM - Inserir Historico EOARG202001048AR
10/03/2020 12:16:38 PM - Insert with success EOARG202001048AR
10/03/2020 12:16:49 PM - Inserir Historico EOARG202001046AR
10/03/2020 12:16:49 PM - Insert with success EOARG202001046AR
10/03/2020 12:17:10 PM - Inserir Historico IMARG202003059AR
10/03/2020 12:17:10 PM - Insert with success IMARG202003059AR
10/03/2020 12:17:17 PM - Inserir Historico IMFLT201910039AR
10/03/2020 12:17:17 PM - Insert with success IMFLT201910039AR
10/03/2020 12:17:27 PM - Inserir Historico EOARG202001047AR
10/03/2020 12:17:27 PM - Insert with success EOARG202001047AR
10/03/2020 12:17:35 PM - Inserir Historico IMFLT202002024AR
10/03/2020 12:17:35 PM - Insert with success IMFLT202002024AR
10/03/2020 12:17:45 PM - Inserir Historico EOARG202001045AR
10/03/2020 12:17:45 PM - Insert with success EOARG202001045AR
10/03/2020 12:17:58 PM - Inserir Historico IMNOV202002007AR
10/03/2020 12:17:58 PM - Insert with success IMNOV202002007AR
10/03/2020 12:18:09 PM - Inserir Historico EOARG202001044AR
10/03/2020 12:18:09 PM - Insert with success EOARG202001044AR
10/03/2020 12:18:24 PM - Inserir Historico EMARG202003086AR
10/03/2020 12:18:24 PM - Insert with success EMARG202003086AR
10/03/2020 12:18:34 PM - Inserir Historico EOARG201912218AR
10/03/2020 12:18:34 PM - Insert with success EOARG201912218AR
10/03/2020 12:18:40 PM - Inserir Historico IMFLT201908016AR
10/03/2020 12:18:40 PM - Insert with success IMFLT201908016AR
10/03/2020 12:18:52 PM - Inserir Historico EOARG201912214AR
10/03/2020 12:18:52 PM - Insert with success EOARG201912214AR
10/03/2020 12:19:02 PM - Inserir Historico EOARG202001024AR
10/03/2020 12:19:02 PM - Insert with success EOARG202001024AR
10/03/2020 12:19:14 PM - Inserir Historico EOARG201912205AR
10/03/2020 12:19:15 PM - Insert with success EOARG201912205AR
10/03/2020 12:19:25 PM - Inserir Historico EMARG202001003AR
10/03/2020 12:19:25 PM - Insert with success EMARG202001003AR
10/03/2020 12:19:32 PM - Inserir Historico IMFLT201906054AR
10/03/2020 12:19:32 PM - Insert with success IMFLT201906054AR
10/03/2020 12:19:45 PM - Inserir Historico IMCHP202002010AR
10/03/2020 12:19:45 PM - Insert with success IMCHP202002010AR
10/03/2020 12:19:50 PM - Inserir Historico EMFLT202003003AR
10/03/2020 12:19:51 PM - Insert with success EMFLT202003003AR
10/03/2020 12:19:57 PM - Inserir Historico IMFLT201906002AR
10/03/2020 12:19:57 PM - Insert with success IMFLT201906002AR
10/03/2020 12:20:09 PM - Inserir Historico EMARG202001002AR
10/03/2020 12:20:09 PM - Insert with success EMARG202001002AR
10/03/2020 12:20:19 PM - Inserir Historico IMFLT201911009AR
10/03/2020 12:20:20 PM - Insert with success IMFLT201911009AR
10/03/2020 12:20:30 PM - Inserir Historico IMFLT201911022AR
10/03/2020 12:20:30 PM - Insert with success IMFLT201911022AR
10/03/2020 12:20:43 PM - Inserir Historico IMFLT201911035AR
10/03/2020 12:20:43 PM - Insert with success IMFLT201911035AR
10/03/2020 12:20:57 PM - Inserir Historico IMFLT201911060AR
10/03/2020 12:20:57 PM - Insert with success IMFLT201911060AR
10/03/2020 12:21:10 PM - Inserir Historico IMFLT201911083AR
10/03/2020 12:21:10 PM - Insert with success IMFLT201911083AR
10/03/2020 12:21:24 PM - Inserir Historico IMFLT201911096AR
10/03/2020 12:21:24 PM - Insert with success IMFLT201911096AR
10/03/2020 12:21:36 PM - Inserir Historico IMFLT201912045AR
10/03/2020 12:21:37 PM - Insert with success IMFLT201912045AR
10/03/2020 12:21:51 PM - Inserir Historico IMFLT201912047AR
10/03/2020 12:21:51 PM - Insert with success IMFLT201912047AR
10/03/2020 12:22:02 PM - Inserir Historico IMFLT201912050AR
10/03/2020 12:22:02 PM - Insert with success IMFLT201912050AR
10/03/2020 12:22:10 PM - Inserir Historico IMFLT201909041AR
10/03/2020 12:22:10 PM - Insert with success IMFLT201909041AR
10/03/2020 12:22:18 PM - Inserir Historico IMFLT201912076AR
10/03/2020 12:22:18 PM - Insert with success IMFLT201912076AR
10/03/2020 12:22:29 PM - Inserir Historico IMFLT201912078AR
10/03/2020 12:22:29 PM - Insert with success IMFLT201912078AR
10/03/2020 12:22:39 PM - Inserir Historico IMFLT202001001AR
10/03/2020 12:22:39 PM - Insert with success IMFLT202001001AR
10/03/2020 12:22:48 PM - Inserir Historico IMFLT202001033AR
10/03/2020 12:22:48 PM - Insert with success IMFLT202001033AR
10/03/2020 12:22:58 PM - Inserir Historico IMFLT202001045AR
10/03/2020 12:22:58 PM - Insert with success IMFLT202001045AR
10/03/2020 12:23:07 PM - Inserir Historico IMFLT202001068AR
10/03/2020 12:23:07 PM - Insert with success IMFLT202001068AR
