05/08/2019 10:57:19 - Inserir Historico IOOXT201904008BR
05/08/2019 10:57:19 - Insert with success IOOXT201904008BR
05/08/2019 10:57:33 - Inserir Historico IMCSR201906011BR
05/08/2019 10:57:33 - Insert with success IMCSR201906011BR
05/08/2019 10:57:42 - Inserir Historico IMCSR201906075BR
05/08/2019 10:57:42 - Insert with success IMCSR201906075BR
05/08/2019 10:57:49 - Inserir Historico IMCSR201906078BR
05/08/2019 10:57:50 - Insert with success IMCSR201906078BR
05/08/2019 10:57:58 - Inserir Historico IMCSR201906080BR
05/08/2019 10:57:58 - Insert with success IMCSR201906080BR
05/08/2019 10:58:06 - Inserir Historico IMCSR201906082BR
05/08/2019 10:58:06 - Insert with success IMCSR201906082BR
05/08/2019 10:58:14 - Inserir Historico IMCSR201906091BR
05/08/2019 10:58:14 - Insert with success IMCSR201906091BR
05/08/2019 10:58:22 - Inserir Historico IAOXT201806009BR
05/08/2019 10:58:22 - Insert with success IAOXT201806009BR
05/08/2019 10:58:30 - Inserir Historico IMCSR201906096BR
05/08/2019 10:58:30 - Insert with success IMCSR201906096BR
05/08/2019 10:58:38 - Inserir Historico IMCSR201906134BR
05/08/2019 10:58:38 - Insert with success IMCSR201906134BR
05/08/2019 10:58:46 - Inserir Historico IMCSR201906135BR
05/08/2019 10:58:47 - Insert with success IMCSR201906135BR
05/08/2019 10:58:55 - Inserir Historico IMOXT201902038BR
05/08/2019 10:58:55 - Insert with success IMOXT201902038BR
05/08/2019 10:59:03 - Inserir Historico IMCSR201906136BR
05/08/2019 10:59:03 - Insert with success IMCSR201906136BR
05/08/2019 10:59:11 - Inserir Historico IMCSR201906137BR
05/08/2019 10:59:11 - Insert with success IMCSR201906137BR
05/08/2019 10:59:19 - Inserir Historico IMCSR201906138BR
05/08/2019 10:59:19 - Insert with success IMCSR201906138BR
05/08/2019 10:59:27 - Inserir Historico IMCSR201906139BR
05/08/2019 10:59:27 - Insert with success IMCSR201906139BR
05/08/2019 10:59:36 - Inserir Historico IMCSR201906140BR
05/08/2019 10:59:36 - Insert with success IMCSR201906140BR
05/08/2019 10:59:45 - Inserir Historico IMCSR201906141BR
05/08/2019 10:59:45 - Insert with success IMCSR201906141BR
05/08/2019 10:59:53 - Inserir Historico IMCSR201906145BR
05/08/2019 10:59:53 - Insert with success IMCSR201906145BR
05/08/2019 11:00:02 - Inserir Historico IMCSR201906147BR
05/08/2019 11:00:04 - Insert with success IMCSR201906147BR
05/08/2019 11:00:17 - Inserir Historico IMOXT201905024BR
05/08/2019 11:00:23 - Insert with success IMOXT201905024BR
05/08/2019 11:00:39 - Inserir Historico IMCSR201906157BR
05/08/2019 11:00:41 - Insert with success IMCSR201906157BR
05/08/2019 11:00:54 - Inserir Historico IMCSR201906159BR
05/08/2019 11:00:57 - Insert with success IMCSR201906159BR
05/08/2019 11:01:12 - Inserir Historico IMCSR201906174BR
05/08/2019 11:01:15 - Insert with success IMCSR201906174BR
05/08/2019 11:01:31 - Inserir Historico IMCSR201906222BR
05/08/2019 11:01:34 - Insert with success IMCSR201906222BR
05/08/2019 11:01:50 - Inserir Historico IMCSR201906224BR
05/08/2019 11:01:54 - Insert with success IMCSR201906224BR
05/08/2019 11:02:10 - Inserir Historico IMCSR201906226BR
05/08/2019 11:02:14 - Insert with success IMCSR201906226BR
05/08/2019 11:02:29 - Inserir Historico IMCSR201906227BR
05/08/2019 11:02:29 - Insert with success IMCSR201906227BR
05/08/2019 11:02:45 - Inserir Historico IMCSR201906228BR
05/08/2019 11:02:49 - Insert with success IMCSR201906228BR
05/08/2019 11:03:00 - Inserir Historico IMCSR201906362BR
05/08/2019 11:03:04 - Insert with success IMCSR201906362BR
05/08/2019 11:03:17 - Inserir Historico IOOXT201904013BR
05/08/2019 11:03:27 - Insert with success IOOXT201904013BR
05/08/2019 11:03:40 - Inserir Historico IMCSR201906374BR
05/08/2019 11:03:43 - Insert with success IMCSR201906374BR
05/08/2019 11:03:55 - Inserir Historico IMCSR201906463BR
05/08/2019 11:04:01 - Insert with success IMCSR201906463BR
05/08/2019 11:04:10 - Inserir Historico IOOXT201904004BR
05/08/2019 11:04:11 - Insert with success IOOXT201904004BR
05/08/2019 11:04:21 - Inserir Historico IMCSR201906500BR
05/08/2019 11:04:21 - Insert with success IMCSR201906500BR
05/08/2019 11:04:31 - Inserir Historico IMCSR201906508BR
05/08/2019 11:04:32 - Insert with success IMCSR201906508BR
05/08/2019 11:04:41 - Inserir Historico IOOXT201803004BR
05/08/2019 11:04:41 - Insert with success IOOXT201803004BR
05/08/2019 11:04:50 - Inserir Historico IMCSR201906509BR
05/08/2019 11:04:50 - Insert with success IMCSR201906509BR
05/08/2019 11:04:59 - Inserir Historico IOOXT201904006BR
05/08/2019 11:04:59 - Insert with success IOOXT201904006BR
05/08/2019 11:05:10 - Inserir Historico IMCSR201906510BR
05/08/2019 11:05:10 - Insert with success IMCSR201906510BR
05/08/2019 11:05:20 - Inserir Historico IMCSR201906514BR
05/08/2019 11:05:20 - Insert with success IMCSR201906514BR
05/08/2019 11:05:30 - Inserir Historico IMOXT201902015BR
05/08/2019 11:05:30 - Insert with success IMOXT201902015BR
05/08/2019 11:05:39 - Inserir Historico IMCSR201906520BR
05/08/2019 11:05:40 - Insert with success IMCSR201906520BR
05/08/2019 11:05:48 - Inserir Historico IMOXT201801007BR
05/08/2019 11:05:49 - Insert with success IMOXT201801007BR
05/08/2019 11:05:58 - Inserir Historico IMCSR201906521BR
05/08/2019 11:05:59 - Insert with success IMCSR201906521BR
05/08/2019 11:06:08 - Inserir Historico IOOXT201902001BR
05/08/2019 11:06:08 - Insert with success IOOXT201902001BR
05/08/2019 11:06:18 - Inserir Historico IMCSR201906524BR
05/08/2019 11:06:18 - Insert with success IMCSR201906524BR
05/08/2019 11:06:28 - Inserir Historico IMCSR201906530BR
05/08/2019 11:06:29 - Insert with success IMCSR201906530BR
05/08/2019 11:06:39 - Inserir Historico IMCSR201906532BR
05/08/2019 11:06:39 - Insert with success IMCSR201906532BR
05/08/2019 11:06:48 - Inserir Historico IMOXT201906038BR
05/08/2019 11:06:48 - Insert with success IMOXT201906038BR
05/08/2019 11:06:58 - Inserir Historico IMCSR201906533BR
05/08/2019 11:06:58 - Insert with success IMCSR201906533BR
05/08/2019 11:07:08 - Inserir Historico IMCSR201906534BR
05/08/2019 11:07:09 - Insert with success IMCSR201906534BR
05/08/2019 11:07:20 - Inserir Historico IMCSR201906541BR
05/08/2019 11:07:20 - Insert with success IMCSR201906541BR
05/08/2019 11:07:30 - Inserir Historico IMOXT201902016BR
05/08/2019 11:07:30 - Insert with success IMOXT201902016BR
05/08/2019 11:07:41 - Inserir Historico IMCSR201906543BR
05/08/2019 11:07:41 - Insert with success IMCSR201906543BR
05/08/2019 11:07:51 - Inserir Historico IMOXT201809009BR
05/08/2019 11:07:51 - Insert with success IMOXT201809009BR
05/08/2019 11:08:01 - Inserir Historico IMCSR201906544BR
05/08/2019 11:08:01 - Insert with success IMCSR201906544BR
05/08/2019 11:08:12 - Inserir Historico IMCSR201906545BR
05/08/2019 11:08:12 - Insert with success IMCSR201906545BR
05/08/2019 11:08:22 - Inserir Historico IMCSR201906553BR
05/08/2019 11:08:22 - Insert with success IMCSR201906553BR
05/08/2019 11:08:33 - Inserir Historico IMCSR201906568BR
05/08/2019 11:08:33 - Insert with success IMCSR201906568BR
05/08/2019 11:08:44 - Inserir Historico IMCSR201906576BR
05/08/2019 11:08:44 - Insert with success IMCSR201906576BR
05/08/2019 11:08:54 - Inserir Historico IMOXT201902034BR
05/08/2019 11:08:54 - Insert with success IMOXT201902034BR
05/08/2019 11:09:05 - Inserir Historico IMCSR201906584BR
05/08/2019 11:09:06 - Insert with success IMCSR201906584BR
05/08/2019 11:09:16 - Inserir Historico IMCSR201906585BR
05/08/2019 11:09:17 - Insert with success IMCSR201906585BR
05/08/2019 11:09:28 - Inserir Historico IMCSR201906586BR
05/08/2019 11:09:28 - Insert with success IMCSR201906586BR
05/08/2019 11:09:37 - Inserir Historico IMOXT201907012BR
05/08/2019 11:09:38 - Insert with success IMOXT201907012BR
05/08/2019 11:09:48 - Inserir Historico IMCSR201906589BR
05/08/2019 11:09:48 - Insert with success IMCSR201906589BR
05/08/2019 11:09:58 - Inserir Historico IMCSR201906590BR
05/08/2019 11:09:58 - Insert with success IMCSR201906590BR
05/08/2019 11:10:10 - Inserir Historico IMCSR201906591BR
05/08/2019 11:10:10 - Insert with success IMCSR201906591BR
05/08/2019 11:10:20 - Inserir Historico IMCSR201906606BR
05/08/2019 11:10:20 - Insert with success IMCSR201906606BR
05/08/2019 11:10:29 - Inserir Historico IMOXT201809019BR
05/08/2019 11:10:29 - Insert with success IMOXT201809019BR
05/08/2019 11:10:39 - Inserir Historico IMCSR201906607BR
05/08/2019 11:10:40 - Insert with success IMCSR201906607BR
05/08/2019 11:10:50 - Inserir Historico IOOXT201903001BR
05/08/2019 11:10:50 - Insert with success IOOXT201903001BR
05/08/2019 11:11:00 - Inserir Historico IMCSR201906609BR
05/08/2019 11:11:00 - Insert with success IMCSR201906609BR
05/08/2019 11:11:08 - Inserir Historico IAOXT201810015BR
05/08/2019 11:11:08 - Insert with success IAOXT201810015BR
05/08/2019 11:11:19 - Inserir Historico IMOXT201811025BR
05/08/2019 11:11:19 - Insert with success IMOXT201811025BR
05/08/2019 11:11:29 - Inserir Historico IMCSR201906617BR
05/08/2019 11:11:29 - Insert with success IMCSR201906617BR
05/08/2019 11:11:39 - Inserir Historico IMCSR201906618BR
05/08/2019 11:11:40 - Insert with success IMCSR201906618BR
05/08/2019 11:11:51 - Inserir Historico IMCSR201906620BR
05/08/2019 11:11:51 - Insert with success IMCSR201906620BR
05/08/2019 11:11:59 - Inserir Historico IMOXT201808033BR
05/08/2019 11:12:00 - Insert with success IMOXT201808033BR
05/08/2019 11:12:10 - Inserir Historico IMCSR201906622BR
05/08/2019 11:12:10 - Insert with success IMCSR201906622BR
05/08/2019 11:12:19 - Inserir Historico IOOXT201805003BR
05/08/2019 11:12:19 - Insert with success IOOXT201805003BR
05/08/2019 11:12:29 - Inserir Historico IMCSR201906623BR
05/08/2019 11:12:29 - Insert with success IMCSR201906623BR
05/08/2019 11:12:39 - Inserir Historico IMCSR201906624BR
05/08/2019 11:12:39 - Insert with success IMCSR201906624BR
05/08/2019 11:12:50 - Inserir Historico IMCSR201906642BR
05/08/2019 11:12:50 - Insert with success IMCSR201906642BR
05/08/2019 11:12:59 - Inserir Historico IMCSR201906695BR
05/08/2019 11:13:00 - Insert with success IMCSR201906695BR
05/08/2019 11:13:10 - Inserir Historico IMCSR201906696BR
05/08/2019 11:13:10 - Insert with success IMCSR201906696BR
05/08/2019 11:13:20 - Inserir Historico IMCSR201906698BR
05/08/2019 11:13:20 - Insert with success IMCSR201906698BR
05/08/2019 11:13:30 - Inserir Historico IMCSR201906699BR
05/08/2019 11:13:30 - Insert with success IMCSR201906699BR
05/08/2019 11:13:40 - Inserir Historico IMCSR201906700BR
05/08/2019 11:13:40 - Insert with success IMCSR201906700BR
05/08/2019 11:13:50 - Inserir Historico IMCSR201906701BR
05/08/2019 11:13:50 - Insert with success IMCSR201906701BR
05/08/2019 11:14:00 - Inserir Historico IMCSR201907003BR
05/08/2019 11:14:01 - Insert with success IMCSR201907003BR
05/08/2019 11:14:11 - Inserir Historico IMCSR201907004BR
05/08/2019 11:14:11 - Insert with success IMCSR201907004BR
05/08/2019 11:14:21 - Inserir Historico IMCSR201907005BR
05/08/2019 11:14:21 - Insert with success IMCSR201907005BR
05/08/2019 11:14:30 - Inserir Historico IMOXT201901009BR
05/08/2019 11:14:30 - Insert with success IMOXT201901009BR
05/08/2019 11:14:41 - Inserir Historico IMCSR201907007BR
05/08/2019 11:14:41 - Insert with success IMCSR201907007BR
05/08/2019 11:14:51 - Inserir Historico IMOXT201901007BR
05/08/2019 11:14:51 - Insert with success IMOXT201901007BR
05/08/2019 11:15:02 - Inserir Historico IMCSR201907044BR
05/08/2019 11:15:03 - Insert with success IMCSR201907044BR
05/08/2019 11:15:13 - Inserir Historico IMOXT201811014BR
05/08/2019 11:15:14 - Insert with success IMOXT201811014BR
05/08/2019 11:15:23 - Inserir Historico IMCSR201907045BR
05/08/2019 11:15:23 - Insert with success IMCSR201907045BR
05/08/2019 11:15:32 - Inserir Historico IMCSR201907052BR
05/08/2019 11:15:32 - Insert with success IMCSR201907052BR
05/08/2019 11:15:42 - Inserir Historico IMCSR201907053BR
05/08/2019 11:15:43 - Insert with success IMCSR201907053BR
05/08/2019 11:15:51 - Inserir Historico IMOXT201809018BR
05/08/2019 11:15:51 - Insert with success IMOXT201809018BR
05/08/2019 11:16:01 - Inserir Historico IMCSR201907084BR
05/08/2019 11:16:01 - Insert with success IMCSR201907084BR
05/08/2019 11:16:11 - Inserir Historico IMCSR201907085BR
05/08/2019 11:16:11 - Insert with success IMCSR201907085BR
05/08/2019 11:16:21 - Inserir Historico IMCSR201907153BR
05/08/2019 11:16:21 - Insert with success IMCSR201907153BR
05/08/2019 11:16:31 - Inserir Historico IMCSR201907154BR
05/08/2019 11:16:31 - Insert with success IMCSR201907154BR
05/08/2019 11:16:41 - Inserir Historico IMCSR201907156BR
05/08/2019 11:16:42 - Insert with success IMCSR201907156BR
05/08/2019 11:16:51 - Inserir Historico IMCSR201907158BR
05/08/2019 11:16:51 - Insert with success IMCSR201907158BR
05/08/2019 11:16:59 - Inserir Historico IOOXT201802013BR
05/08/2019 11:17:00 - Insert with success IOOXT201802013BR
05/08/2019 11:17:10 - Inserir Historico IMCSR201907159BR
05/08/2019 11:17:10 - Insert with success IMCSR201907159BR
05/08/2019 11:17:22 - Inserir Historico IMOXT201901028BR
05/08/2019 11:17:22 - Insert with success IMOXT201901028BR
05/08/2019 11:17:31 - Inserir Historico IMCSR201907160BR
05/08/2019 11:17:32 - Insert with success IMCSR201907160BR
05/08/2019 11:17:42 - Inserir Historico IMCSR201907221BR
05/08/2019 11:17:42 - Insert with success IMCSR201907221BR
05/08/2019 11:17:54 - Inserir Historico IMCSR201907222BR
05/08/2019 11:17:54 - Insert with success IMCSR201907222BR
05/08/2019 11:18:06 - Inserir Historico IMOXT201905028BR
05/08/2019 11:18:06 - Insert with success IMOXT201905028BR
05/08/2019 11:18:18 - Inserir Historico IMCSR201907291BR
05/08/2019 11:18:19 - Insert with success IMCSR201907291BR
05/08/2019 11:18:29 - Inserir Historico IOOXT201904012BR
05/08/2019 11:18:29 - Insert with success IOOXT201904012BR
05/08/2019 11:18:40 - Inserir Historico IMCSR201907376BR
05/08/2019 11:18:40 - Insert with success IMCSR201907376BR
05/08/2019 11:18:48 - Inserir Historico IMOXT201811027BR
05/08/2019 11:18:48 - Insert with success IMOXT201811027BR
05/08/2019 11:18:58 - Inserir Historico IMCSR201907393BR
05/08/2019 11:18:58 - Insert with success IMCSR201907393BR
05/08/2019 11:19:08 - Inserir Historico IMCSR201907396BR
05/08/2019 11:19:08 - Insert with success IMCSR201907396BR
05/08/2019 11:19:14 - Inserir Historico IMCSR201907438BR
05/08/2019 11:19:14 - Insert with success IMCSR201907438BR
05/08/2019 11:19:24 - Inserir Historico IMCSR201907470BR
05/08/2019 11:19:24 - Insert with success IMCSR201907470BR
05/08/2019 11:19:34 - Inserir Historico IMCSR201907499BR
05/08/2019 11:19:34 - Insert with success IMCSR201907499BR
05/08/2019 11:19:47 - Inserir Historico IMCSR201907645BR
05/08/2019 11:19:47 - Insert with success IMCSR201907645BR
05/08/2019 11:19:56 - Inserir Historico IMEAS201907011BR
05/08/2019 11:19:56 - Insert with success IMEAS201907011BR
05/08/2019 11:20:24 - Inserir Historico IMEAS201907012BR
05/08/2019 11:20:24 - Insert with success IMEAS201907012BR
05/08/2019 11:20:32 - Inserir Historico IOOXT201904007BR
05/08/2019 11:20:32 - Insert with success IOOXT201904007BR
05/08/2019 11:20:42 - Inserir Historico IMFMC201906017BR
05/08/2019 11:20:42 - Insert with success IMFMC201906017BR
05/08/2019 11:20:50 - Inserir Historico IOOXT201904001BR
05/08/2019 11:20:50 - Insert with success IOOXT201904001BR
05/08/2019 11:21:00 - Inserir Historico IMIFB201905049BR
05/08/2019 11:21:00 - Insert with success IMIFB201905049BR
05/08/2019 11:21:13 - Inserir Historico IMIFB201905057BR
05/08/2019 11:21:14 - Insert with success IMIFB201905057BR
05/08/2019 11:21:22 - Inserir Historico IOOXT201904011BR
05/08/2019 11:21:22 - Insert with success IOOXT201904011BR
05/08/2019 11:21:32 - Inserir Historico IMIFB201905058BR
05/08/2019 11:21:32 - Insert with success IMIFB201905058BR
05/08/2019 11:21:43 - Inserir Historico IMIFB201905059BR
05/08/2019 11:21:43 - Insert with success IMIFB201905059BR
05/08/2019 11:21:52 - Inserir Historico IMIFB201905061BR
05/08/2019 11:21:52 - Insert with success IMIFB201905061BR
05/08/2019 11:22:02 - Inserir Historico IMOXT201812029BR
05/08/2019 11:22:02 - Insert with success IMOXT201812029BR
05/08/2019 11:22:12 - Inserir Historico IMIFB201905065BR
05/08/2019 11:22:12 - Insert with success IMIFB201905065BR
05/08/2019 11:22:22 - Inserir Historico IMIFB201905066BR
05/08/2019 11:22:22 - Insert with success IMIFB201905066BR
05/08/2019 11:22:33 - Inserir Historico IMIFB201905068BR
05/08/2019 11:22:34 - Insert with success IMIFB201905068BR
05/08/2019 11:22:43 - Inserir Historico IMIFB201905072BR
05/08/2019 11:22:43 - Insert with success IMIFB201905072BR
05/08/2019 11:22:51 - Inserir Historico IMIFB201906006BR
05/08/2019 11:22:51 - Insert with success IMIFB201906006BR
05/08/2019 11:23:00 - Inserir Historico IMIFB201906009BR
05/08/2019 11:23:00 - Insert with success IMIFB201906009BR
05/08/2019 11:23:09 - Inserir Historico IMIFB201906013BR
05/08/2019 11:23:09 - Insert with success IMIFB201906013BR
05/08/2019 11:23:17 - Inserir Historico IOOXT201903005BR
05/08/2019 11:23:17 - Insert with success IOOXT201903005BR
05/08/2019 11:23:26 - Inserir Historico IMIFB201906017BR
05/08/2019 11:23:26 - Insert with success IMIFB201906017BR
05/08/2019 11:23:35 - Inserir Historico IMIFB201906023BR
05/08/2019 11:23:35 - Insert with success IMIFB201906023BR
05/08/2019 11:23:44 - Inserir Historico IMIFB201906025BR
05/08/2019 11:23:44 - Insert with success IMIFB201906025BR
05/08/2019 11:23:53 - Inserir Historico IMIFB201906026BR
05/08/2019 11:23:53 - Insert with success IMIFB201906026BR
05/08/2019 11:24:04 - Inserir Historico IMIFB201906028BR
05/08/2019 11:24:04 - Insert with success IMIFB201906028BR
05/08/2019 11:24:16 - Inserir Historico IMIFB201906029BR
05/08/2019 11:24:16 - Insert with success IMIFB201906029BR
05/08/2019 11:24:24 - Inserir Historico IMIFB201906031BR
05/08/2019 11:24:25 - Insert with success IMIFB201906031BR
05/08/2019 11:24:34 - Inserir Historico IMIFB201906032BR
05/08/2019 11:24:35 - Insert with success IMIFB201906032BR
05/08/2019 11:24:43 - Inserir Historico IOOXT201903006BR
05/08/2019 11:24:43 - Insert with success IOOXT201903006BR
05/08/2019 11:24:53 - Inserir Historico IMIFB201906033BR
05/08/2019 11:24:53 - Insert with success IMIFB201906033BR
05/08/2019 11:25:06 - Inserir Historico IMIFB201906034BR
05/08/2019 11:25:09 - Insert with success IMIFB201906034BR
05/08/2019 11:25:19 - Inserir Historico IMIFB201906037BR
05/08/2019 11:25:19 - Insert with success IMIFB201906037BR
05/08/2019 11:25:29 - Inserir Historico IMIFB201906038BR
05/08/2019 11:25:29 - Insert with success IMIFB201906038BR
05/08/2019 11:25:38 - Inserir Historico IMIFB201906039BR
05/08/2019 11:25:38 - Insert with success IMIFB201906039BR
05/08/2019 11:25:46 - Inserir Historico IMOXT201805012BR
05/08/2019 11:25:46 - Insert with success IMOXT201805012BR
05/08/2019 11:25:56 - Inserir Historico IMIFB201906041BR
05/08/2019 11:25:56 - Insert with success IMIFB201906041BR
05/08/2019 11:26:05 - Inserir Historico IMIFB201906042BR
05/08/2019 11:26:06 - Insert with success IMIFB201906042BR
05/08/2019 11:26:14 - Inserir Historico IMIFB201906045BR
05/08/2019 11:26:15 - Insert with success IMIFB201906045BR
05/08/2019 11:26:23 - Inserir Historico IMIFB201906046BR
05/08/2019 11:26:23 - Insert with success IMIFB201906046BR
05/08/2019 11:26:32 - Inserir Historico IMOXT201906009BR
05/08/2019 11:26:33 - Insert with success IMOXT201906009BR
05/08/2019 11:26:41 - Inserir Historico IMIFB201906048BR
05/08/2019 11:26:41 - Insert with success IMIFB201906048BR
05/08/2019 11:26:51 - Inserir Historico IMLYB201905001BR
05/08/2019 11:26:51 - Insert with success IMLYB201905001BR
05/08/2019 11:27:00 - Inserir Historico IMLYB201905003BR
05/08/2019 11:27:00 - Insert with success IMLYB201905003BR
05/08/2019 11:27:09 - Inserir Historico IMLYB201905004BR
05/08/2019 11:27:09 - Insert with success IMLYB201905004BR
05/08/2019 11:27:18 - Inserir Historico IMOXT201806027BR
05/08/2019 11:27:19 - Insert with success IMOXT201806027BR
05/08/2019 11:27:27 - Inserir Historico IMLYB201905005BR
05/08/2019 11:27:27 - Insert with success IMLYB201905005BR
05/08/2019 11:27:37 - Inserir Historico IMOXT201806028BR
05/08/2019 11:27:37 - Insert with success IMOXT201806028BR
05/08/2019 11:27:46 - Inserir Historico IMLYB201905006BR
05/08/2019 11:27:46 - Insert with success IMLYB201905006BR
05/08/2019 11:27:54 - Inserir Historico IMLYB201906010BR
05/08/2019 11:27:54 - Insert with success IMLYB201906010BR
05/08/2019 11:28:03 - Inserir Historico IMLYB201906011BR
05/08/2019 11:28:03 - Insert with success IMLYB201906011BR
05/08/2019 11:28:12 - Inserir Historico IMLYB201907006BR
05/08/2019 11:28:12 - Insert with success IMLYB201907006BR
05/08/2019 11:30:23 - Inserir Historico IMLYB201907013BR
05/08/2019 11:30:25 - Insert with success IMLYB201907013BR
05/08/2019 11:30:39 - Inserir Historico IMMAU201907002BR
05/08/2019 11:30:39 - Insert with success IMMAU201907002BR
05/08/2019 11:30:52 - Inserir Historico IMOXT201812016BR
05/08/2019 11:30:53 - Insert with success IMOXT201812016BR
05/08/2019 11:31:03 - Inserir Historico IMOCV201905017BR
05/08/2019 11:31:03 - Insert with success IMOCV201905017BR
05/08/2019 11:31:13 - Inserir Historico IOOXT201903007BR
05/08/2019 11:31:13 - Insert with success IOOXT201903007BR
05/08/2019 11:31:22 - Inserir Historico IMOCV201905019BR
05/08/2019 11:31:22 - Insert with success IMOCV201905019BR
05/08/2019 11:31:33 - Inserir Historico IMOCV201906003BR
05/08/2019 11:31:34 - Insert with success IMOCV201906003BR
05/08/2019 11:31:43 - Inserir Historico IMOCV201906005BR
05/08/2019 11:31:43 - Insert with success IMOCV201906005BR
05/08/2019 11:31:55 - Inserir Historico IMOCV201906008BR
05/08/2019 11:31:55 - Insert with success IMOCV201906008BR
05/08/2019 11:32:04 - Inserir Historico IMOXT201906016BR
05/08/2019 11:32:05 - Insert with success IMOXT201906016BR
05/08/2019 11:32:18 - Inserir Historico IMSCA201906005BR
05/08/2019 11:32:18 - Insert with success IMSCA201906005BR
05/08/2019 11:32:33 - Inserir Historico IMSCA201906008BR
05/08/2019 11:32:33 - Insert with success IMSCA201906008BR
05/08/2019 11:32:43 - Inserir Historico IMOXT201903025BR
05/08/2019 11:32:44 - Insert with success IMOXT201903025BR
05/08/2019 11:32:53 - Inserir Historico IOOXT201904003BR
05/08/2019 11:32:54 - Insert with success IOOXT201904003BR
05/08/2019 11:33:03 - Inserir Historico IMSLA201907007BR
05/08/2019 11:33:03 - Insert with success IMSLA201907007BR
05/08/2019 11:33:20 - Inserir Historico IMSLA201907012BR
05/08/2019 11:33:20 - Insert with success IMSLA201907012BR
05/08/2019 11:33:30 - Inserir Historico IMSLA201907014BR
05/08/2019 11:33:30 - Insert with success IMSLA201907014BR
05/08/2019 11:33:46 - Inserir Historico IMSLA201907016BR
05/08/2019 11:33:46 - Insert with success IMSLA201907016BR
05/08/2019 11:33:55 - Inserir Historico IOOXT201902009BR
05/08/2019 11:33:55 - Insert with success IOOXT201902009BR
05/08/2019 11:34:24 - Inserir Historico IMSLA201907017BR
05/08/2019 11:34:24 - Insert with success IMSLA201907017BR
05/08/2019 11:34:34 - Inserir Historico IMSLA201907018BR
05/08/2019 11:34:34 - Insert with success IMSLA201907018BR
05/08/2019 11:34:43 - Inserir Historico IMOXT201906039BR
05/08/2019 11:34:44 - Insert with success IMOXT201906039BR
05/08/2019 11:35:07 - Inserir Historico IMSLA201907019BR
05/08/2019 11:35:07 - Insert with success IMSLA201907019BR
05/08/2019 11:35:16 - Inserir Historico IMSLA201907021BR
05/08/2019 11:35:16 - Insert with success IMSLA201907021BR
05/08/2019 11:35:27 - Inserir Historico IMSLA201907022BR
05/08/2019 11:35:27 - Insert with success IMSLA201907022BR
05/08/2019 11:35:35 - Inserir Historico IOOXT201904009BR
05/08/2019 11:35:36 - Insert with success IOOXT201904009BR
05/08/2019 11:35:54 - Inserir Historico IMSLA201907023BR
05/08/2019 11:35:54 - Insert with success IMSLA201907023BR
05/08/2019 11:36:03 - Inserir Historico IOOXT201802002BR
05/08/2019 11:36:03 - Insert with success IOOXT201802002BR
05/08/2019 11:36:15 - Inserir Historico IMSLA201907025BR
05/08/2019 11:36:16 - Insert with success IMSLA201907025BR
05/08/2019 11:36:24 - Inserir Historico IMSLA201907026BR
05/08/2019 11:36:24 - Insert with success IMSLA201907026BR
05/08/2019 11:36:33 - Inserir Historico IMSLA201907029BR
05/08/2019 11:36:33 - Insert with success IMSLA201907029BR
05/08/2019 11:36:42 - Inserir Historico IMSLA201907031BR
05/08/2019 11:36:42 - Insert with success IMSLA201907031BR
05/08/2019 11:36:52 - Inserir Historico IMSLA201907032BR
05/08/2019 11:36:52 - Insert with success IMSLA201907032BR
05/08/2019 11:37:01 - Inserir Historico IMSLA201907033BR
05/08/2019 11:37:01 - Insert with success IMSLA201907033BR
05/08/2019 11:37:10 - Inserir Historico IMSLA201907034BR
05/08/2019 11:37:10 - Insert with success IMSLA201907034BR
05/08/2019 11:37:18 - Inserir Historico IOOXT201903008BR
05/08/2019 11:37:18 - Insert with success IOOXT201903008BR
05/08/2019 11:37:26 - Inserir Historico IMSLA201907035BR
05/08/2019 11:37:27 - Insert with success IMSLA201907035BR
05/08/2019 11:37:35 - Inserir Historico IMSOL201811165BR
05/08/2019 11:37:36 - Insert with success IMSOL201811165BR
05/08/2019 11:37:46 - Inserir Historico IMSOL201902097BR
05/08/2019 11:37:46 - Insert with success IMSOL201902097BR
05/08/2019 11:37:54 - Inserir Historico IMOXT201907013BR
05/08/2019 11:37:54 - Insert with success IMOXT201907013BR
05/08/2019 11:38:02 - Inserir Historico IOOXT201802011BR
05/08/2019 11:38:02 - Insert with success IOOXT201802011BR
05/08/2019 11:38:10 - Inserir Historico IMSOL201902133BR
05/08/2019 11:38:10 - Insert with success IMSOL201902133BR
05/08/2019 11:38:19 - Inserir Historico IMSOL201903025BR
05/08/2019 11:38:19 - Insert with success IMSOL201903025BR
05/08/2019 11:38:28 - Inserir Historico IMOXT201811017BR
05/08/2019 11:38:28 - Insert with success IMOXT201811017BR
05/08/2019 11:38:37 - Inserir Historico IMSOL201903047BR
05/08/2019 11:38:37 - Insert with success IMSOL201903047BR
05/08/2019 11:38:45 - Inserir Historico IMSOL201904009BR
05/08/2019 11:38:45 - Insert with success IMSOL201904009BR
05/08/2019 11:38:53 - Inserir Historico IMSOL201904010BR
05/08/2019 11:38:53 - Insert with success IMSOL201904010BR
05/08/2019 11:39:01 - Inserir Historico IMSOL201904027BR
05/08/2019 11:39:01 - Insert with success IMSOL201904027BR
05/08/2019 11:39:09 - Inserir Historico IMSOL201904030BR
05/08/2019 11:39:09 - Insert with success IMSOL201904030BR
05/08/2019 11:39:17 - Inserir Historico IMSOL201904038BR
05/08/2019 11:39:17 - Insert with success IMSOL201904038BR
05/08/2019 11:39:28 - Inserir Historico IMOXT201904019BR
05/08/2019 11:39:28 - Insert with success IMOXT201904019BR
05/08/2019 11:39:37 - Inserir Historico IMSOL201904087BR
05/08/2019 11:39:37 - Insert with success IMSOL201904087BR
05/08/2019 11:39:50 - Inserir Historico IMSOL201904107BR
05/08/2019 11:39:50 - Insert with success IMSOL201904107BR
05/08/2019 11:39:59 - Inserir Historico IMOXT201810021BR
05/08/2019 11:39:59 - Insert with success IMOXT201810021BR
05/08/2019 11:40:10 - Inserir Historico IMSOL201904111BR
05/08/2019 11:40:10 - Insert with success IMSOL201904111BR
05/08/2019 11:40:22 - Inserir Historico IMOXT201808047BR
05/08/2019 11:40:22 - Insert with success IMOXT201808047BR
05/08/2019 11:40:31 - Inserir Historico IMSOL201904112BR
05/08/2019 11:40:31 - Insert with success IMSOL201904112BR
05/08/2019 11:40:39 - Inserir Historico IMSOL201904113BR
05/08/2019 11:40:39 - Insert with success IMSOL201904113BR
05/08/2019 11:40:47 - Inserir Historico IMSOL201904115BR
05/08/2019 11:40:47 - Insert with success IMSOL201904115BR
05/08/2019 11:40:55 - Inserir Historico IOOXT201803002BR
05/08/2019 11:40:56 - Insert with success IOOXT201803002BR
05/08/2019 11:41:04 - Inserir Historico IMSOL201904122BR
05/08/2019 11:41:04 - Insert with success IMSOL201904122BR
05/08/2019 11:41:12 - Inserir Historico IMSOL201904125BR
05/08/2019 11:41:12 - Insert with success IMSOL201904125BR
05/08/2019 11:41:20 - Inserir Historico IMSOL201904132BR
05/08/2019 11:41:20 - Insert with success IMSOL201904132BR
05/08/2019 11:41:28 - Inserir Historico IMOXT201905031BR
05/08/2019 11:41:28 - Insert with success IMOXT201905031BR
05/08/2019 11:41:37 - Inserir Historico IMSOL201905019BR
05/08/2019 11:41:37 - Insert with success IMSOL201905019BR
05/08/2019 11:41:45 - Inserir Historico IMSOL201905055BR
05/08/2019 11:41:45 - Insert with success IMSOL201905055BR
05/08/2019 11:41:54 - Inserir Historico IMSOL201905061BR
05/08/2019 11:41:54 - Insert with success IMSOL201905061BR
05/08/2019 11:42:05 - Inserir Historico IMOXT201901010BR
05/08/2019 11:42:05 - Insert with success IMOXT201901010BR
05/08/2019 11:42:13 - Inserir Historico IMSOL201905062BR
05/08/2019 11:42:13 - Insert with success IMSOL201905062BR
05/08/2019 11:42:23 - Inserir Historico IAOXT201902007BR
05/08/2019 11:42:23 - Insert with success IAOXT201902007BR
05/08/2019 11:42:34 - Inserir Historico IMSOL201905063BR
05/08/2019 11:42:34 - Insert with success IMSOL201905063BR
05/08/2019 11:42:43 - Inserir Historico IMOXT201812031BR
05/08/2019 11:42:43 - Insert with success IMOXT201812031BR
05/08/2019 11:42:51 - Inserir Historico IMSOL201905064BR
05/08/2019 11:42:51 - Insert with success IMSOL201905064BR
05/08/2019 11:43:01 - Inserir Historico IMOXT201902036BR
05/08/2019 11:43:02 - Insert with success IMOXT201902036BR
05/08/2019 11:43:10 - Inserir Historico IMSOL201905069BR
05/08/2019 11:43:10 - Insert with success IMSOL201905069BR
