26/03/2020 8:47:52 AM - Inserir Historico IMPME202003010AR
26/03/2020 8:47:52 AM - Insert with success IMPME202003010AR
26/03/2020 8:47:52 AM - Inserir Historico EMARG202003247AR
26/03/2020 8:47:52 AM - Insert with success EMARG202003247AR
26/03/2020 8:47:52 AM - Inserir Historico EMARG202003248AR
26/03/2020 8:47:52 AM - Insert with success EMARG202003248AR
26/03/2020 8:47:53 AM - Inserir Historico IMPME202003011AR
26/03/2020 8:47:53 AM - Insert with success IMPME202003011AR
26/03/2020 8:47:53 AM - Inserir Historico IMROA202003028AR
26/03/2020 8:47:53 AM - Insert with success IMROA202003028AR
26/03/2020 8:47:53 AM - Inserir Historico EMARG202003249AR
26/03/2020 8:47:53 AM - Insert with success EMARG202003249AR
26/03/2020 8:47:53 AM - Inserir Historico IMROA202003026AR
26/03/2020 8:47:53 AM - Insert with success IMROA202003026AR
26/03/2020 8:47:53 AM - Inserir Historico EMARG202003250AR
26/03/2020 8:47:53 AM - Insert with success EMARG202003250AR
26/03/2020 8:47:53 AM - Inserir Historico IMROA202003025AR
26/03/2020 8:47:54 AM - Insert with success IMROA202003025AR
26/03/2020 8:47:54 AM - Inserir Historico IMARG202003107AR
26/03/2020 8:47:54 AM - Insert with success IMARG202003107AR
26/03/2020 8:47:54 AM - Inserir Historico IMARG202003108AR
26/03/2020 8:47:54 AM - Insert with success IMARG202003108AR
26/03/2020 8:47:54 AM - Inserir Historico IMCHP202003019AR
26/03/2020 8:47:54 AM - Insert with success IMCHP202003019AR
26/03/2020 8:47:54 AM - Inserir Historico EOARG202003016AR
26/03/2020 8:47:54 AM - Insert with success EOARG202003016AR
26/03/2020 8:47:54 AM - Inserir Historico IMFLT202003049AR
26/03/2020 8:47:55 AM - Insert with success IMFLT202003049AR
26/03/2020 8:47:55 AM - Inserir Historico EOARG202003034AR
26/03/2020 8:47:55 AM - Insert with success EOARG202003034AR
26/03/2020 8:47:55 AM - Inserir Historico IMPME202002006AR
26/03/2020 8:47:55 AM - Insert with success IMPME202002006AR
26/03/2020 8:47:55 AM - Inserir Historico EOARG202003035AR
26/03/2020 8:47:55 AM - Insert with success EOARG202003035AR
26/03/2020 8:47:55 AM - Inserir Historico IMFLT202001105AR
26/03/2020 8:47:55 AM - Insert with success IMFLT202001105AR
26/03/2020 8:47:55 AM - Inserir Historico IMARG202003109AR
26/03/2020 8:47:56 AM - Insert with success IMARG202003109AR
26/03/2020 8:47:56 AM - Inserir Historico EOARG202003168AR
26/03/2020 8:47:56 AM - Insert with success EOARG202003168AR
26/03/2020 8:47:56 AM - Inserir Historico EOARG202003063AR
26/03/2020 8:47:56 AM - Insert with success EOARG202003063AR
26/03/2020 8:47:56 AM - Inserir Historico IMFLT202002069AR
26/03/2020 8:47:56 AM - Insert with success IMFLT202002069AR
26/03/2020 8:47:56 AM - Inserir Historico EOARG202003067AR
26/03/2020 8:47:56 AM - Insert with success EOARG202003067AR
26/03/2020 8:47:56 AM - Inserir Historico IOARG202003006AR
26/03/2020 8:47:57 AM - Insert with success IOARG202003006AR
26/03/2020 8:47:57 AM - Inserir Historico EMARG202001077AR
26/03/2020 8:47:57 AM - Insert with success EMARG202001077AR
26/03/2020 8:47:57 AM - Inserir Historico EOFLT202003007AR
26/03/2020 8:47:57 AM - Insert with success EOFLT202003007AR
26/03/2020 8:47:57 AM - Inserir Historico EAURU202003003AR
26/03/2020 8:47:57 AM - Insert with success EAURU202003003AR
26/03/2020 8:47:57 AM - Inserir Historico EMFLT202003011AR
26/03/2020 8:47:57 AM - Insert with success EMFLT202003011AR
26/03/2020 8:47:57 AM - Inserir Historico EOARG202003169AR
26/03/2020 8:47:57 AM - Insert with success EOARG202003169AR
26/03/2020 8:47:57 AM - Inserir Historico EOARG202003170AR
26/03/2020 8:47:58 AM - Insert with success EOARG202003170AR
26/03/2020 8:47:58 AM - Inserir Historico EOARG202003171AR
26/03/2020 8:47:58 AM - Insert with success EOARG202003171AR
26/03/2020 8:47:58 AM - Inserir Historico EOARG202003172AR
26/03/2020 8:47:58 AM - Insert with success EOARG202003172AR
26/03/2020 8:47:58 AM - Inserir Historico EOARG202003173AR
26/03/2020 8:47:58 AM - Insert with success EOARG202003173AR
26/03/2020 8:47:58 AM - Inserir Historico EOARG202003174AR
26/03/2020 8:47:58 AM - Insert with success EOARG202003174AR
26/03/2020 8:47:58 AM - Inserir Historico EOARG202003175AR
26/03/2020 8:47:59 AM - Insert with success EOARG202003175AR
26/03/2020 8:47:59 AM - Inserir Historico EOARG202003176AR
26/03/2020 8:47:59 AM - Insert with success EOARG202003176AR
26/03/2020 8:47:59 AM - Inserir Historico EOARG202003177AR
26/03/2020 8:47:59 AM - Insert with success EOARG202003177AR
26/03/2020 8:47:59 AM - Inserir Historico EOUNI202003034AR
26/03/2020 8:47:59 AM - Insert with success EOUNI202003034AR
26/03/2020 8:47:59 AM - Inserir Historico EOUNI202003035AR
26/03/2020 8:47:59 AM - Insert with success EOUNI202003035AR
26/03/2020 8:47:59 AM - Inserir Historico EOUNI202003023AR
26/03/2020 8:48:00 AM - Insert with success EOUNI202003023AR
26/03/2020 8:48:00 AM - Inserir Historico EOUNI202003027AR
26/03/2020 8:48:00 AM - Insert with success EOUNI202003027AR
26/03/2020 8:48:00 AM - Inserir Historico EOUNI202003026AR
26/03/2020 8:48:00 AM - Insert with success EOUNI202003026AR
26/03/2020 8:48:00 AM - Inserir Historico EOUNI202003031AR
26/03/2020 8:48:00 AM - Insert with success EOUNI202003031AR
26/03/2020 8:48:00 AM - Inserir Historico EOUNI202003030AR
26/03/2020 8:48:00 AM - Insert with success EOUNI202003030AR
26/03/2020 8:48:00 AM - Inserir Historico EMARG202003061AR
26/03/2020 8:48:00 AM - Insert with success EMARG202003061AR
26/03/2020 8:48:00 AM - Inserir Historico IMARG202003083AR
26/03/2020 8:48:01 AM - Insert with success IMARG202003083AR
26/03/2020 8:48:01 AM - Inserir Historico EMARG202003251AR
26/03/2020 8:48:01 AM - Insert with success EMARG202003251AR
26/03/2020 8:48:01 AM - Inserir Historico EMARG202003252AR
26/03/2020 8:48:01 AM - Insert with success EMARG202003252AR
26/03/2020 8:48:01 AM - Inserir Historico EMARG202003253AR
26/03/2020 8:48:01 AM - Insert with success EMARG202003253AR
26/03/2020 8:48:01 AM - Inserir Historico EMARG202003254AR
26/03/2020 8:48:01 AM - Insert with success EMARG202003254AR
26/03/2020 8:48:01 AM - Inserir Historico EOARG202003134AR
26/03/2020 8:48:02 AM - Insert with success EOARG202003134AR
26/03/2020 8:48:02 AM - Inserir Historico IMARG202003084AR
26/03/2020 8:48:02 AM - Insert with success IMARG202003084AR
26/03/2020 8:48:02 AM - Inserir Historico IMARG202003010AR
26/03/2020 8:48:02 AM - Insert with success IMARG202003010AR
26/03/2020 8:48:02 AM - Inserir Historico IMARG202003013AR
26/03/2020 8:48:02 AM - Insert with success IMARG202003013AR
26/03/2020 8:48:02 AM - Inserir Historico IMARG202003025AR
26/03/2020 8:48:02 AM - Insert with success IMARG202003025AR
26/03/2020 8:48:02 AM - Inserir Historico IMARG202003026AR
26/03/2020 8:48:03 AM - Insert with success IMARG202003026AR
26/03/2020 8:48:03 AM - Inserir Historico IMARG202003008AR
26/03/2020 8:48:03 AM - Insert with success IMARG202003008AR
26/03/2020 8:48:03 AM - Inserir Historico IMARG202003011AR
26/03/2020 8:48:03 AM - Insert with success IMARG202003011AR
26/03/2020 8:48:03 AM - Inserir Historico IMARG202003012AR
26/03/2020 8:48:03 AM - Insert with success IMARG202003012AR
26/03/2020 8:48:03 AM - Inserir Historico IMARG202003007AR
26/03/2020 8:48:03 AM - Insert with success IMARG202003007AR
26/03/2020 8:48:03 AM - Inserir Historico IMARG202003028AR
26/03/2020 8:48:03 AM - Insert with success IMARG202003028AR
26/03/2020 8:48:04 AM - Inserir Historico IMARG202003039AR
26/03/2020 8:48:04 AM - Insert with success IMARG202003039AR
26/03/2020 8:48:04 AM - Inserir Historico IMARG202003057AR
26/03/2020 8:48:04 AM - Insert with success IMARG202003057AR
26/03/2020 8:48:04 AM - Inserir Historico IMARG202003067AR
26/03/2020 8:48:04 AM - Insert with success IMARG202003067AR
26/03/2020 8:48:04 AM - Inserir Historico IMARG202003027AR
26/03/2020 8:48:04 AM - Insert with success IMARG202003027AR
26/03/2020 8:48:04 AM - Inserir Historico IMARG202003065AR
26/03/2020 8:48:04 AM - Insert with success IMARG202003065AR
26/03/2020 8:48:04 AM - Inserir Historico IMARG202003037AR
26/03/2020 8:48:05 AM - Insert with success IMARG202003037AR
26/03/2020 8:48:05 AM - Inserir Historico IMARG202003014AR
26/03/2020 8:48:05 AM - Insert with success IMARG202003014AR
26/03/2020 8:48:05 AM - Inserir Historico IMARG202003032AR
26/03/2020 8:48:05 AM - Insert with success IMARG202003032AR
26/03/2020 8:48:05 AM - Inserir Historico IMCHP202003010AR
26/03/2020 8:48:05 AM - Insert with success IMCHP202003010AR
26/03/2020 8:48:05 AM - Inserir Historico IMCHP202002015AR
26/03/2020 8:48:05 AM - Insert with success IMCHP202002015AR
26/03/2020 8:48:05 AM - Inserir Historico IMCHP202002012AR
26/03/2020 8:48:06 AM - Insert with success IMCHP202002012AR
26/03/2020 8:48:06 AM - Inserir Historico IMCHP202001011AR
26/03/2020 8:48:06 AM - Insert with success IMCHP202001011AR
26/03/2020 8:48:06 AM - Inserir Historico IOARG202003005AR
26/03/2020 8:48:06 AM - Insert with success IOARG202003005AR
26/03/2020 8:48:06 AM - Inserir Historico IOARG202003004AR
26/03/2020 8:48:06 AM - Insert with success IOARG202003004AR
26/03/2020 8:48:06 AM - Inserir Historico IMARG202002052AR
26/03/2020 8:48:06 AM - Insert with success IMARG202002052AR
26/03/2020 8:48:06 AM - Inserir Historico IMARG202002047AR
26/03/2020 8:48:06 AM - Insert with success IMARG202002047AR
26/03/2020 8:48:07 AM - Inserir Historico IMROA202003023AR
26/03/2020 8:48:07 AM - Insert with success IMROA202003023AR
26/03/2020 8:48:07 AM - Inserir Historico IMROA202002029AR
26/03/2020 8:48:07 AM - Insert with success IMROA202002029AR
26/03/2020 8:48:07 AM - Inserir Historico IMARG202002053AR
26/03/2020 8:48:07 AM - Insert with success IMARG202002053AR
26/03/2020 8:48:07 AM - Inserir Historico IMROA202003027AR
26/03/2020 8:48:07 AM - Insert with success IMROA202003027AR
26/03/2020 8:48:07 AM - Inserir Historico IMROA202003024AR
26/03/2020 8:48:07 AM - Insert with success IMROA202003024AR
26/03/2020 8:48:07 AM - Inserir Historico IMROA202003022AR
26/03/2020 8:48:08 AM - Insert with success IMROA202003022AR
26/03/2020 8:48:08 AM - Inserir Historico IMROA202003020AR
26/03/2020 8:48:08 AM - Insert with success IMROA202003020AR
26/03/2020 8:48:08 AM - Inserir Historico IMARG202002051AR
26/03/2020 8:48:08 AM - Insert with success IMARG202002051AR
26/03/2020 8:48:08 AM - Inserir Historico IMROA202001059AR
26/03/2020 8:48:08 AM - Insert with success IMROA202001059AR
26/03/2020 8:48:08 AM - Inserir Historico IMARG202001160AR
26/03/2020 8:48:08 AM - Insert with success IMARG202001160AR
26/03/2020 8:48:08 AM - Inserir Historico IMROA202003003AR
26/03/2020 8:48:09 AM - Insert with success IMROA202003003AR
26/03/2020 8:48:09 AM - Inserir Historico IMROA202003008AR
26/03/2020 8:48:09 AM - Insert with success IMROA202003008AR
26/03/2020 8:48:09 AM - Inserir Historico IMARG202003002AR
26/03/2020 8:48:09 AM - Insert with success IMARG202003002AR
26/03/2020 8:48:09 AM - Inserir Historico IMROA202001073AR
26/03/2020 8:48:09 AM - Insert with success IMROA202001073AR
26/03/2020 8:48:09 AM - Inserir Historico IMCHP202003013AR
26/03/2020 8:48:09 AM - Insert with success IMCHP202003013AR
26/03/2020 8:48:09 AM - Inserir Historico EOARG202003178AR
26/03/2020 8:48:10 AM - Insert with success EOARG202003178AR
26/03/2020 8:48:10 AM - Inserir Historico IMNOV202002003AR
26/03/2020 8:48:10 AM - Insert with success IMNOV202002003AR
26/03/2020 8:48:10 AM - Inserir Historico EMARG202003255AR
26/03/2020 8:48:10 AM - Insert with success EMARG202003255AR
26/03/2020 8:48:10 AM - Inserir Historico EMARG202003256AR
26/03/2020 8:48:10 AM - Insert with success EMARG202003256AR
26/03/2020 8:48:10 AM - Inserir Historico IMSOL202003011AR
26/03/2020 8:48:10 AM - Insert with success IMSOL202003011AR
26/03/2020 8:48:10 AM - Inserir Historico EMARG202003257AR
26/03/2020 8:48:10 AM - Insert with success EMARG202003257AR
26/03/2020 8:48:10 AM - Inserir Historico EMARG202003258AR
26/03/2020 8:48:11 AM - Insert with success EMARG202003258AR
26/03/2020 8:48:11 AM - Inserir Historico EMARG202003259AR
26/03/2020 8:48:11 AM - Insert with success EMARG202003259AR
26/03/2020 8:48:11 AM - Inserir Historico EMARG202003260AR
26/03/2020 8:48:11 AM - Insert with success EMARG202003260AR
26/03/2020 8:48:11 AM - Inserir Historico IOARG202003007AR
26/03/2020 8:48:11 AM - Insert with success IOARG202003007AR
26/03/2020 8:48:11 AM - Inserir Historico EMARG202003261AR
26/03/2020 8:48:11 AM - Insert with success EMARG202003261AR
26/03/2020 8:48:11 AM - Inserir Historico EMARG202003262AR
26/03/2020 8:48:12 AM - Insert with success EMARG202003262AR
26/03/2020 8:48:12 AM - Inserir Historico IMFLT202003002AR
26/03/2020 8:48:12 AM - Insert with success IMFLT202003002AR
26/03/2020 8:48:12 AM - Inserir Historico IMFLT202003011AR
26/03/2020 8:48:12 AM - Insert with success IMFLT202003011AR
26/03/2020 8:48:12 AM - Inserir Historico IOARG202003008AR
26/03/2020 8:48:12 AM - Insert with success IOARG202003008AR
26/03/2020 8:48:12 AM - Inserir Historico IMNOV202002010AR
26/03/2020 8:48:12 AM - Insert with success IMNOV202002010AR
26/03/2020 8:48:12 AM - Inserir Historico IMNOV202002005AR
26/03/2020 8:48:12 AM - Insert with success IMNOV202002005AR
26/03/2020 8:48:13 AM - Inserir Historico EMARG202003263AR
26/03/2020 8:48:13 AM - Insert with success EMARG202003263AR
26/03/2020 8:48:13 AM - Inserir Historico IMNOV201912020AR
26/03/2020 8:48:13 AM - Insert with success IMNOV201912020AR
26/03/2020 8:48:13 AM - Inserir Historico EMARG202003264AR
26/03/2020 8:48:13 AM - Insert with success EMARG202003264AR
26/03/2020 8:48:13 AM - Inserir Historico IMNOV201912018AR
26/03/2020 8:48:13 AM - Insert with success IMNOV201912018AR
26/03/2020 8:48:13 AM - Inserir Historico EMARG202003265AR
26/03/2020 8:48:13 AM - Insert with success EMARG202003265AR
26/03/2020 8:48:13 AM - Inserir Historico EMARG202003266AR
26/03/2020 8:48:14 AM - Insert with success EMARG202003266AR
26/03/2020 8:48:14 AM - Inserir Historico EMARG202003267AR
26/03/2020 8:48:14 AM - Insert with success EMARG202003267AR
26/03/2020 8:48:14 AM - Inserir Historico IAFLT202003016AR
26/03/2020 8:48:14 AM - Insert with success IAFLT202003016AR
26/03/2020 8:48:14 AM - Inserir Historico EMARG202003268AR
26/03/2020 8:48:14 AM - Insert with success EMARG202003268AR
26/03/2020 8:48:14 AM - Inserir Historico EMARG202003269AR
26/03/2020 8:48:14 AM - Insert with success EMARG202003269AR
26/03/2020 8:48:14 AM - Inserir Historico IMCHP202003005AR
26/03/2020 8:48:15 AM - Insert with success IMCHP202003005AR
26/03/2020 8:48:15 AM - Inserir Historico IMSOL202001020AR
26/03/2020 8:48:15 AM - Insert with success IMSOL202001020AR
26/03/2020 8:48:15 AM - Inserir Historico EMFLT202003009AR
26/03/2020 8:48:15 AM - Insert with success EMFLT202003009AR
26/03/2020 8:48:15 AM - Inserir Historico IAFLT202003017AR
26/03/2020 8:48:15 AM - Insert with success IAFLT202003017AR
26/03/2020 8:48:15 AM - Inserir Historico IAFLT202003010AR
26/03/2020 8:48:15 AM - Insert with success IAFLT202003010AR
26/03/2020 8:48:15 AM - Inserir Historico EOARG202002232AR
26/03/2020 8:48:15 AM - Insert with success EOARG202002232AR
26/03/2020 8:48:16 AM - Inserir Historico EOARG202003002AR
26/03/2020 8:48:16 AM - Insert with success EOARG202003002AR
26/03/2020 8:48:16 AM - Inserir Historico EMARG202003032AR
26/03/2020 8:48:16 AM - Insert with success EMARG202003032AR
26/03/2020 8:48:16 AM - Inserir Historico EOARG202003009AR
26/03/2020 8:48:16 AM - Insert with success EOARG202003009AR
26/03/2020 8:48:16 AM - Inserir Historico EOARG202002172AR
26/03/2020 8:48:16 AM - Insert with success EOARG202002172AR
26/03/2020 8:48:16 AM - Inserir Historico EMARG202003030AR
26/03/2020 8:48:16 AM - Insert with success EMARG202003030AR
26/03/2020 8:48:16 AM - Inserir Historico EOARG202003015AR
26/03/2020 8:48:17 AM - Insert with success EOARG202003015AR
26/03/2020 8:48:17 AM - Inserir Historico EMARG202003270AR
26/03/2020 8:48:17 AM - Insert with success EMARG202003270AR
26/03/2020 8:48:17 AM - Inserir Historico EMARG202003271AR
26/03/2020 8:48:17 AM - Insert with success EMARG202003271AR
26/03/2020 8:48:17 AM - Inserir Historico EMARG202003272AR
26/03/2020 8:48:17 AM - Insert with success EMARG202003272AR
26/03/2020 8:48:17 AM - Inserir Historico EMARG202003273AR
26/03/2020 8:48:17 AM - Insert with success EMARG202003273AR
26/03/2020 8:48:17 AM - Inserir Historico EMARG202003274AR
26/03/2020 8:48:18 AM - Insert with success EMARG202003274AR
26/03/2020 8:48:18 AM - Inserir Historico EMARG202003275AR
26/03/2020 8:48:18 AM - Insert with success EMARG202003275AR
26/03/2020 8:48:18 AM - Inserir Historico IOAXA202003015AR
26/03/2020 8:48:18 AM - Insert with success IOAXA202003015AR
26/03/2020 8:48:18 AM - Inserir Historico IOAXA202003016AR
26/03/2020 8:48:18 AM - Insert with success IOAXA202003016AR
26/03/2020 8:48:18 AM - Inserir Historico EOARG202003048AR
26/03/2020 8:48:18 AM - Insert with success EOARG202003048AR
26/03/2020 8:48:18 AM - Inserir Historico EOARG202002197AR
26/03/2020 8:48:19 AM - Insert with success EOARG202002197AR
26/03/2020 8:48:19 AM - Inserir Historico EMARG202002207AR
26/03/2020 8:48:19 AM - Insert with success EMARG202002207AR
26/03/2020 8:48:19 AM - Inserir Historico EMARG202002293AR
26/03/2020 8:48:19 AM - Insert with success EMARG202002293AR
26/03/2020 8:48:19 AM - Inserir Historico EMARG202002291AR
26/03/2020 8:48:19 AM - Insert with success EMARG202002291AR
26/03/2020 8:48:19 AM - Inserir Historico EMARG202002222AR
26/03/2020 8:48:19 AM - Insert with success EMARG202002222AR
26/03/2020 8:48:19 AM - Inserir Historico EMARG202002223AR
26/03/2020 8:48:19 AM - Insert with success EMARG202002223AR
26/03/2020 8:48:19 AM - Inserir Historico EMARG202003084AR
26/03/2020 8:48:20 AM - Insert with success EMARG202003084AR
26/03/2020 8:48:20 AM - Inserir Historico EMARG202003028AR
26/03/2020 8:48:20 AM - Insert with success EMARG202003028AR
26/03/2020 8:48:20 AM - Inserir Historico EMARG202003049AR
26/03/2020 8:48:20 AM - Insert with success EMARG202003049AR
26/03/2020 8:48:20 AM - Inserir Historico EMARG202002208AR
26/03/2020 8:48:20 AM - Insert with success EMARG202002208AR
26/03/2020 8:48:20 AM - Inserir Historico EMARG202003172AR
26/03/2020 8:48:20 AM - Insert with success EMARG202003172AR
26/03/2020 8:48:20 AM - Inserir Historico EMARG202003173AR
26/03/2020 8:48:21 AM - Insert with success EMARG202003173AR
26/03/2020 8:48:21 AM - Inserir Historico EMARG202003156AR
26/03/2020 8:48:21 AM - Insert with success EMARG202003156AR
26/03/2020 8:48:21 AM - Inserir Historico EMARG202003157AR
26/03/2020 8:48:21 AM - Insert with success EMARG202003157AR
26/03/2020 8:48:21 AM - Inserir Historico EMARG202003171AR
26/03/2020 8:48:21 AM - Insert with success EMARG202003171AR
26/03/2020 8:48:21 AM - Inserir Historico EMARG202003158AR
26/03/2020 8:48:21 AM - Insert with success EMARG202003158AR
26/03/2020 8:48:21 AM - Inserir Historico EMARG202003130AR
26/03/2020 8:48:22 AM - Insert with success EMARG202003130AR
26/03/2020 8:48:22 AM - Inserir Historico EMARG202003131AR
26/03/2020 8:48:22 AM - Insert with success EMARG202003131AR
26/03/2020 8:48:22 AM - Inserir Historico EMARG202003132AR
26/03/2020 8:48:22 AM - Insert with success EMARG202003132AR
26/03/2020 8:48:22 AM - Inserir Historico EMARG202003160AR
26/03/2020 8:48:22 AM - Insert with success EMARG202003160AR
26/03/2020 8:48:22 AM - Inserir Historico EMARG202002224AR
26/03/2020 8:48:22 AM - Insert with success EMARG202002224AR
26/03/2020 8:48:22 AM - Inserir Historico EMARG202002225AR
26/03/2020 8:48:22 AM - Insert with success EMARG202002225AR
26/03/2020 8:48:22 AM - Inserir Historico EMARG202002226AR
26/03/2020 8:48:23 AM - Insert with success EMARG202002226AR
26/03/2020 8:48:23 AM - Inserir Historico EMARG202002146AR
26/03/2020 8:48:23 AM - Insert with success EMARG202002146AR
26/03/2020 8:48:23 AM - Inserir Historico EMARG202002147AR
26/03/2020 8:48:23 AM - Insert with success EMARG202002147AR
26/03/2020 8:48:23 AM - Inserir Historico EMARG202002243AR
26/03/2020 8:48:23 AM - Insert with success EMARG202002243AR
26/03/2020 8:48:23 AM - Inserir Historico EMARG202002253AR
26/03/2020 8:48:23 AM - Insert with success EMARG202002253AR
26/03/2020 8:48:23 AM - Inserir Historico EMARG202002254AR
26/03/2020 8:48:24 AM - Insert with success EMARG202002254AR
26/03/2020 8:48:24 AM - Inserir Historico EMARG202002255AR
26/03/2020 8:48:24 AM - Insert with success EMARG202002255AR
26/03/2020 8:48:24 AM - Inserir Historico EMARG202003053AR
26/03/2020 8:48:24 AM - Insert with success EMARG202003053AR
26/03/2020 8:48:24 AM - Inserir Historico IMARG202002026AR
26/03/2020 8:48:24 AM - Insert with success IMARG202002026AR
26/03/2020 8:48:24 AM - Inserir Historico EMARG202003033AR
26/03/2020 8:48:24 AM - Insert with success EMARG202003033AR
26/03/2020 8:48:24 AM - Inserir Historico EMARG202002219AR
26/03/2020 8:48:24 AM - Insert with success EMARG202002219AR
26/03/2020 8:48:25 AM - Inserir Historico EMARG202002220AR
26/03/2020 8:48:25 AM - Insert with success EMARG202002220AR
26/03/2020 8:48:25 AM - Inserir Historico EMARG202003041AR
26/03/2020 8:48:25 AM - Insert with success EMARG202003041AR
26/03/2020 8:48:25 AM - Inserir Historico EMARG202003039AR
26/03/2020 8:48:25 AM - Insert with success EMARG202003039AR
26/03/2020 8:48:25 AM - Inserir Historico EMARG202003040AR
26/03/2020 8:48:25 AM - Insert with success EMARG202003040AR
26/03/2020 8:48:25 AM - Inserir Historico EMARG202002295AR
26/03/2020 8:48:25 AM - Insert with success EMARG202002295AR
26/03/2020 8:48:25 AM - Inserir Historico EMARG202002296AR
26/03/2020 8:48:26 AM - Insert with success EMARG202002296AR
26/03/2020 8:48:26 AM - Inserir Historico EMARG202002297AR
26/03/2020 8:48:26 AM - Insert with success EMARG202002297AR
26/03/2020 8:48:26 AM - Inserir Historico EMARG202002298AR
26/03/2020 8:48:26 AM - Insert with success EMARG202002298AR
26/03/2020 8:48:26 AM - Inserir Historico EMARG202002269AR
26/03/2020 8:48:26 AM - Insert with success EMARG202002269AR
26/03/2020 8:48:26 AM - Inserir Historico EMARG202002270AR
26/03/2020 8:48:26 AM - Insert with success EMARG202002270AR
26/03/2020 8:48:26 AM - Inserir Historico EMARG202003012AR
26/03/2020 8:48:27 AM - Insert with success EMARG202003012AR
26/03/2020 8:48:27 AM - Inserir Historico EMARG202003013AR
26/03/2020 8:48:27 AM - Insert with success EMARG202003013AR
26/03/2020 8:48:27 AM - Inserir Historico EMARG202002237AR
26/03/2020 8:48:27 AM - Insert with success EMARG202002237AR
26/03/2020 8:48:27 AM - Inserir Historico EMARG202002238AR
26/03/2020 8:48:27 AM - Insert with success EMARG202002238AR
26/03/2020 8:48:27 AM - Inserir Historico EMARG202003034AR
26/03/2020 8:48:27 AM - Insert with success EMARG202003034AR
26/03/2020 8:48:27 AM - Inserir Historico EMARG202003035AR
26/03/2020 8:48:27 AM - Insert with success EMARG202003035AR
26/03/2020 8:48:28 AM - Inserir Historico EMARG202003036AR
26/03/2020 8:48:28 AM - Insert with success EMARG202003036AR
26/03/2020 8:48:28 AM - Inserir Historico EMARG202003087AR
26/03/2020 8:48:28 AM - Insert with success EMARG202003087AR
26/03/2020 8:48:28 AM - Inserir Historico EMARG202003088AR
26/03/2020 8:48:28 AM - Insert with success EMARG202003088AR
26/03/2020 8:48:28 AM - Inserir Historico EMARG202003089AR
26/03/2020 8:48:28 AM - Insert with success EMARG202003089AR
26/03/2020 8:48:28 AM - Inserir Historico EMARG202003090AR
26/03/2020 8:48:28 AM - Insert with success EMARG202003090AR
26/03/2020 8:48:28 AM - Inserir Historico EMARG202003091AR
26/03/2020 8:48:29 AM - Insert with success EMARG202003091AR
26/03/2020 8:48:29 AM - Inserir Historico EMARG202003062AR
26/03/2020 8:48:29 AM - Insert with success EMARG202003062AR
26/03/2020 8:48:29 AM - Inserir Historico EMARG202003063AR
26/03/2020 8:48:29 AM - Insert with success EMARG202003063AR
26/03/2020 8:48:29 AM - Inserir Historico EMARG202003064AR
26/03/2020 8:48:29 AM - Insert with success EMARG202003064AR
26/03/2020 8:48:29 AM - Inserir Historico EMARG202003065AR
26/03/2020 8:48:29 AM - Insert with success EMARG202003065AR
26/03/2020 8:48:29 AM - Inserir Historico EMARG202003066AR
26/03/2020 8:48:30 AM - Insert with success EMARG202003066AR
26/03/2020 8:48:30 AM - Inserir Historico EMARG202003067AR
26/03/2020 8:48:30 AM - Insert with success EMARG202003067AR
26/03/2020 8:48:30 AM - Inserir Historico EMARG202003068AR
26/03/2020 8:48:30 AM - Insert with success EMARG202003068AR
26/03/2020 8:48:30 AM - Inserir Historico EMARG202003069AR
26/03/2020 8:48:30 AM - Insert with success EMARG202003069AR
26/03/2020 8:48:30 AM - Inserir Historico EMARG202003070AR
26/03/2020 8:48:30 AM - Insert with success EMARG202003070AR
26/03/2020 8:48:30 AM - Inserir Historico EMARG202003071AR
26/03/2020 8:48:31 AM - Insert with success EMARG202003071AR
26/03/2020 8:48:31 AM - Inserir Historico EMARG202003072AR
26/03/2020 8:48:31 AM - Insert with success EMARG202003072AR
26/03/2020 8:48:31 AM - Inserir Historico EMARG202003073AR
26/03/2020 8:48:31 AM - Insert with success EMARG202003073AR
26/03/2020 8:48:31 AM - Inserir Historico EMARG202003074AR
26/03/2020 8:48:31 AM - Insert with success EMARG202003074AR
26/03/2020 8:48:31 AM - Inserir Historico EMARG202003075AR
26/03/2020 8:48:31 AM - Insert with success EMARG202003075AR
26/03/2020 8:48:31 AM - Inserir Historico EMARG202001070AR
26/03/2020 8:48:31 AM - Insert with success EMARG202001070AR
26/03/2020 8:48:31 AM - Inserir Historico EMARG202001112AR
26/03/2020 8:48:32 AM - Insert with success EMARG202001112AR
26/03/2020 8:48:32 AM - Inserir Historico EMARG202001227AR
26/03/2020 8:48:32 AM - Insert with success EMARG202001227AR
26/03/2020 8:48:32 AM - Inserir Historico EOARG202001112AR
26/03/2020 8:48:32 AM - Insert with success EOARG202001112AR
26/03/2020 8:48:32 AM - Inserir Historico EOARG202001070AR
26/03/2020 8:48:32 AM - Insert with success EOARG202001070AR
26/03/2020 8:48:32 AM - Inserir Historico EOARG202001227AR
26/03/2020 8:48:32 AM - Insert with success EOARG202001227AR
26/03/2020 8:48:32 AM - Inserir Historico EMARG202002019AR
26/03/2020 8:48:33 AM - Insert with success EMARG202002019AR
26/03/2020 8:48:33 AM - Inserir Historico EMARG202002043AR
26/03/2020 8:48:33 AM - Insert with success EMARG202002043AR
26/03/2020 8:48:33 AM - Inserir Historico EMFLT202003010AR
26/03/2020 8:48:33 AM - Insert with success EMFLT202003010AR
26/03/2020 8:48:33 AM - Inserir Historico IMARG201401137AR
26/03/2020 8:48:33 AM - Insert with success IMARG201401137AR
26/03/2020 8:48:33 AM - Inserir Historico IMARG201910093AR
26/03/2020 8:48:33 AM - Insert with success IMARG201910093AR
26/03/2020 8:48:33 AM - Inserir Historico IMARG201904056AR
26/03/2020 8:48:33 AM - Insert with success IMARG201904056AR
26/03/2020 8:48:34 AM - Inserir Historico IMARG201904071AR
26/03/2020 8:48:34 AM - Insert with success IMARG201904071AR
26/03/2020 8:48:34 AM - Inserir Historico IMARG201912076AR
26/03/2020 8:48:34 AM - Insert with success IMARG201912076AR
26/03/2020 8:48:34 AM - Inserir Historico IAFLT202003001AR
26/03/2020 8:48:34 AM - Insert with success IAFLT202003001AR
26/03/2020 8:48:34 AM - Inserir Historico IAFLT202003009AR
26/03/2020 8:48:34 AM - Insert with success IAFLT202003009AR
26/03/2020 8:48:34 AM - Inserir Historico IAFLT202003011AR
26/03/2020 8:48:34 AM - Insert with success IAFLT202003011AR
26/03/2020 8:48:34 AM - Inserir Historico IAFLT202003013AR
26/03/2020 8:48:35 AM - Insert with success IAFLT202003013AR
26/03/2020 8:48:35 AM - Inserir Historico IMPME202003007AR
26/03/2020 8:48:35 AM - Insert with success IMPME202003007AR
26/03/2020 8:48:35 AM - Inserir Historico IMPME202003006AR
26/03/2020 8:48:35 AM - Insert with success IMPME202003006AR
26/03/2020 8:48:35 AM - Inserir Historico IMCHP202003009AR
26/03/2020 8:48:35 AM - Insert with success IMCHP202003009AR
26/03/2020 8:48:35 AM - Inserir Historico IMPME202003005AR
26/03/2020 8:48:35 AM - Insert with success IMPME202003005AR
26/03/2020 8:48:35 AM - Inserir Historico IMFLT202003026AR
26/03/2020 8:48:36 AM - Insert with success IMFLT202003026AR
26/03/2020 8:48:36 AM - Inserir Historico IMFLT202003029AR
26/03/2020 8:48:36 AM - Insert with success IMFLT202003029AR
26/03/2020 8:48:36 AM - Inserir Historico EMARG201707225AR
26/03/2020 8:48:36 AM - Insert with success EMARG201707225AR
26/03/2020 8:48:36 AM - Inserir Historico EMARG201906239AR
26/03/2020 8:48:36 AM - Insert with success EMARG201906239AR
26/03/2020 8:48:36 AM - Inserir Historico EMARG201911071AR
26/03/2020 8:48:36 AM - Insert with success EMARG201911071AR
26/03/2020 8:48:36 AM - Inserir Historico EMARG202001033AR
26/03/2020 8:48:37 AM - Insert with success EMARG202001033AR
26/03/2020 8:48:37 AM - Inserir Historico EMARG202001034AR
26/03/2020 8:48:37 AM - Insert with success EMARG202001034AR
26/03/2020 8:48:37 AM - Inserir Historico EMARG202001059AR
26/03/2020 8:48:37 AM - Insert with success EMARG202001059AR
26/03/2020 8:48:37 AM - Inserir Historico EMARG202002046AR
26/03/2020 8:48:37 AM - Insert with success EMARG202002046AR
26/03/2020 8:48:37 AM - Inserir Historico EOARG202001134AR
26/03/2020 8:48:37 AM - Insert with success EOARG202001134AR
26/03/2020 8:48:37 AM - Inserir Historico EOARG202001142AR
26/03/2020 8:48:38 AM - Insert with success EOARG202001142AR
26/03/2020 8:48:38 AM - Inserir Historico EOARG202001145AR
26/03/2020 8:48:38 AM - Insert with success EOARG202001145AR
26/03/2020 8:48:38 AM - Inserir Historico EOARG202001146AR
26/03/2020 8:48:38 AM - Insert with success EOARG202001146AR
26/03/2020 8:48:38 AM - Inserir Historico EOARG202001168AR
26/03/2020 8:48:38 AM - Insert with success EOARG202001168AR
26/03/2020 8:48:38 AM - Inserir Historico EOARG202001172AR
26/03/2020 8:48:38 AM - Insert with success EOARG202001172AR
26/03/2020 8:48:38 AM - Inserir Historico EOARG202001175AR
26/03/2020 8:48:39 AM - Insert with success EOARG202001175AR
26/03/2020 8:48:39 AM - Inserir Historico EOARG202001184AR
26/03/2020 8:48:39 AM - Insert with success EOARG202001184AR
26/03/2020 8:48:39 AM - Inserir Historico EOARG202001217AR
26/03/2020 8:48:39 AM - Insert with success EOARG202001217AR
26/03/2020 8:48:39 AM - Inserir Historico EOARG202001229AR
26/03/2020 8:48:39 AM - Insert with success EOARG202001229AR
26/03/2020 8:48:39 AM - Inserir Historico EOARG201910302AR
26/03/2020 8:48:39 AM - Insert with success EOARG201910302AR
26/03/2020 8:48:39 AM - Inserir Historico EMARG202001060AR
26/03/2020 8:48:39 AM - Insert with success EMARG202001060AR
26/03/2020 8:48:40 AM - Inserir Historico EMARG202001131AR
26/03/2020 8:48:40 AM - Insert with success EMARG202001131AR
26/03/2020 8:48:40 AM - Inserir Historico EMARG202001237AR
26/03/2020 8:48:40 AM - Insert with success EMARG202001237AR
26/03/2020 8:48:40 AM - Inserir Historico EMARG202001143AR
26/03/2020 8:48:40 AM - Insert with success EMARG202001143AR
26/03/2020 8:48:40 AM - Inserir Historico EMARG202002022AR
26/03/2020 8:48:40 AM - Insert with success EMARG202002022AR
26/03/2020 8:48:40 AM - Inserir Historico EMFLT202003007AR
26/03/2020 8:48:40 AM - Insert with success EMFLT202003007AR
26/03/2020 8:48:40 AM - Inserir Historico EMFLT202003004AR
26/03/2020 8:48:41 AM - Insert with success EMFLT202003004AR
26/03/2020 8:48:41 AM - Inserir Historico IMARG202003087AR
26/03/2020 8:48:41 AM - Insert with success IMARG202003087AR
26/03/2020 8:48:41 AM - Inserir Historico IMARG202003088AR
26/03/2020 8:48:41 AM - Insert with success IMARG202003088AR
26/03/2020 8:48:41 AM - Inserir Historico IMARG202003089AR
26/03/2020 8:48:41 AM - Insert with success IMARG202003089AR
26/03/2020 8:48:41 AM - Inserir Historico IMARG202003082AR
26/03/2020 8:48:41 AM - Insert with success IMARG202003082AR
26/03/2020 8:48:41 AM - Inserir Historico IMARG202003096AR
26/03/2020 8:48:42 AM - Insert with success IMARG202003096AR
26/03/2020 8:48:42 AM - Inserir Historico IMARG202003097AR
26/03/2020 8:48:42 AM - Insert with success IMARG202003097AR
26/03/2020 8:48:42 AM - Inserir Historico IMROA202001051AR
26/03/2020 8:48:42 AM - Insert with success IMROA202001051AR
26/03/2020 8:48:42 AM - Inserir Historico IMROA202003034AR
26/03/2020 8:48:42 AM - Insert with success IMROA202003034AR
26/03/2020 8:48:42 AM - Inserir Historico IMARG202003031AR
26/03/2020 8:48:42 AM - Insert with success IMARG202003031AR
26/03/2020 8:48:42 AM - Inserir Historico EMFLT202001020AR
26/03/2020 8:48:43 AM - Insert with success EMFLT202001020AR
26/03/2020 8:48:43 AM - Inserir Historico EMFLT202002011AR
26/03/2020 8:48:43 AM - Insert with success EMFLT202002011AR
26/03/2020 8:48:43 AM - Inserir Historico EMFLT202001025AR
26/03/2020 8:48:43 AM - Insert with success EMFLT202001025AR
26/03/2020 8:48:43 AM - Inserir Historico EMFLT202001015AR
26/03/2020 8:48:43 AM - Insert with success EMFLT202001015AR
26/03/2020 8:48:43 AM - Inserir Historico EMARG202003276AR
26/03/2020 8:48:43 AM - Insert with success EMARG202003276AR
26/03/2020 8:48:43 AM - Inserir Historico EMARG202003277AR
26/03/2020 8:48:43 AM - Insert with success EMARG202003277AR
26/03/2020 8:48:43 AM - Inserir Historico EMARG202003278AR
26/03/2020 8:48:44 AM - Insert with success EMARG202003278AR
26/03/2020 8:48:44 AM - Inserir Historico EMARG202003279AR
26/03/2020 8:48:44 AM - Insert with success EMARG202003279AR
26/03/2020 8:48:44 AM - Inserir Historico IMCHP202003007AR
26/03/2020 8:48:44 AM - Insert with success IMCHP202003007AR
26/03/2020 8:48:44 AM - Inserir Historico IMARG202003110AR
26/03/2020 8:48:44 AM - Insert with success IMARG202003110AR
26/03/2020 8:48:44 AM - Inserir Historico IOSOL202003004AR
26/03/2020 8:48:44 AM - Insert with success IOSOL202003004AR
26/03/2020 8:48:44 AM - Inserir Historico IMFLT202003050AR
26/03/2020 8:48:45 AM - Insert with success IMFLT202003050AR
26/03/2020 8:48:45 AM - Inserir Historico IMARG202003111AR
26/03/2020 8:48:45 AM - Insert with success IMARG202003111AR
26/03/2020 8:48:45 AM - Inserir Historico IMARG202003112AR
26/03/2020 8:48:45 AM - Insert with success IMARG202003112AR
26/03/2020 8:48:45 AM - Inserir Historico IOSOL202003005AR
26/03/2020 8:48:45 AM - Insert with success IOSOL202003005AR
26/03/2020 8:48:45 AM - Inserir Historico IMROA202003036AR
26/03/2020 8:48:45 AM - Insert with success IMROA202003036AR
26/03/2020 8:48:45 AM - Inserir Historico IMARG202003113AR
26/03/2020 8:48:46 AM - Insert with success IMARG202003113AR
26/03/2020 8:48:46 AM - Inserir Historico IOSOL202003006AR
26/03/2020 8:48:46 AM - Insert with success IOSOL202003006AR
26/03/2020 8:48:46 AM - Inserir Historico IMARG202003114AR
26/03/2020 8:48:46 AM - Insert with success IMARG202003114AR
26/03/2020 8:48:46 AM - Inserir Historico EMARG202003050AR
26/03/2020 8:48:46 AM - Insert with success EMARG202003050AR
26/03/2020 8:48:46 AM - Inserir Historico EOARG202003179AR
26/03/2020 8:48:46 AM - Insert with success EOARG202003179AR
26/03/2020 8:48:46 AM - Inserir Historico IMARG202003115AR
26/03/2020 8:48:46 AM - Insert with success IMARG202003115AR
26/03/2020 8:48:46 AM - Inserir Historico IOSOL202003007AR
26/03/2020 8:48:47 AM - Insert with success IOSOL202003007AR
26/03/2020 8:48:47 AM - Inserir Historico IMARG202003116AR
26/03/2020 8:48:47 AM - Insert with success IMARG202003116AR
26/03/2020 8:48:47 AM - Inserir Historico IMFLT202003041AR
26/03/2020 8:48:47 AM - Insert with success IMFLT202003041AR
26/03/2020 8:48:47 AM - Inserir Historico EMARG202003225AR
26/03/2020 8:48:47 AM - Insert with success EMARG202003225AR
26/03/2020 8:48:47 AM - Inserir Historico EOARG202003180AR
26/03/2020 8:48:47 AM - Insert with success EOARG202003180AR
26/03/2020 8:48:47 AM - Inserir Historico EOARG202003181AR
26/03/2020 8:48:48 AM - Insert with success EOARG202003181AR
26/03/2020 8:48:48 AM - Inserir Historico EOARG202003182AR
26/03/2020 8:48:48 AM - Insert with success EOARG202003182AR
26/03/2020 8:48:48 AM - Inserir Historico EOARG202003183AR
26/03/2020 8:48:48 AM - Insert with success EOARG202003183AR
26/03/2020 8:48:48 AM - Inserir Historico EOARG202003184AR
26/03/2020 8:48:48 AM - Insert with success EOARG202003184AR
26/03/2020 8:48:48 AM - Inserir Historico EOARG202003185AR
26/03/2020 8:48:48 AM - Insert with success EOARG202003185AR
26/03/2020 8:48:48 AM - Inserir Historico EOARG202003186AR
26/03/2020 8:48:49 AM - Insert with success EOARG202003186AR
26/03/2020 8:48:49 AM - Inserir Historico EOARG202003187AR
26/03/2020 8:48:49 AM - Insert with success EOARG202003187AR
26/03/2020 8:48:49 AM - Inserir Historico EOARG202003188AR
26/03/2020 8:48:49 AM - Insert with success EOARG202003188AR
26/03/2020 8:48:49 AM - Inserir Historico IMNOV202002009AR
26/03/2020 8:48:49 AM - Insert with success IMNOV202002009AR
26/03/2020 8:48:49 AM - Inserir Historico IMSOL202003013AR
26/03/2020 8:48:49 AM - Insert with success IMSOL202003013AR
26/03/2020 8:48:49 AM - Inserir Historico IMFLT202003038AR
26/03/2020 8:48:49 AM - Insert with success IMFLT202003038AR
26/03/2020 8:48:49 AM - Inserir Historico IMCHP202003017AR
26/03/2020 8:48:50 AM - Insert with success IMCHP202003017AR
26/03/2020 8:48:50 AM - Inserir Historico EMARG202002250AR
26/03/2020 8:48:50 AM - Insert with success EMARG202002250AR
26/03/2020 8:48:50 AM - Inserir Historico EMARG202002248AR
26/03/2020 8:48:50 AM - Insert with success EMARG202002248AR
26/03/2020 8:48:50 AM - Inserir Historico EMARG202002247AR
26/03/2020 8:48:50 AM - Insert with success EMARG202002247AR
26/03/2020 8:48:50 AM - Inserir Historico EMARG202002252AR
26/03/2020 8:48:50 AM - Insert with success EMARG202002252AR
26/03/2020 8:48:50 AM - Inserir Historico EMARG202003016AR
26/03/2020 8:48:51 AM - Insert with success EMARG202003016AR
26/03/2020 8:48:51 AM - Inserir Historico EMARG201912051AR
26/03/2020 8:48:51 AM - Insert with success EMARG201912051AR
26/03/2020 8:48:51 AM - Inserir Historico EMARG201912074AR
26/03/2020 8:48:51 AM - Insert with success EMARG201912074AR
26/03/2020 8:48:51 AM - Inserir Historico IMFLT202003039AR
26/03/2020 8:48:51 AM - Insert with success IMFLT202003039AR
26/03/2020 8:48:51 AM - Inserir Historico EMARG202002090AR
26/03/2020 8:48:51 AM - Insert with success EMARG202002090AR
26/03/2020 8:48:51 AM - Inserir Historico EMARG202003099AR
26/03/2020 8:48:52 AM - Insert with success EMARG202003099AR
26/03/2020 8:48:52 AM - Inserir Historico IMPME202003002AR
26/03/2020 8:48:52 AM - Insert with success IMPME202003002AR
26/03/2020 8:48:52 AM - Inserir Historico EMARG202003086AR
26/03/2020 8:48:52 AM - Insert with success EMARG202003086AR
26/03/2020 8:48:52 AM - Inserir Historico EMARG202003014AR
26/03/2020 8:48:52 AM - Insert with success EMARG202003014AR
26/03/2020 8:48:52 AM - Inserir Historico EMARG202003015AR
26/03/2020 8:48:52 AM - Insert with success EMARG202003015AR
26/03/2020 8:48:52 AM - Inserir Historico EMARG202003008AR
26/03/2020 8:48:52 AM - Insert with success EMARG202003008AR
26/03/2020 8:48:52 AM - Inserir Historico EMARG202003056AR
26/03/2020 8:48:53 AM - Insert with success EMARG202003056AR
26/03/2020 8:48:53 AM - Inserir Historico EMARG202003218AR
26/03/2020 8:48:53 AM - Insert with success EMARG202003218AR
26/03/2020 8:48:53 AM - Inserir Historico EMARG202003127AR
26/03/2020 8:48:53 AM - Insert with success EMARG202003127AR
26/03/2020 8:48:53 AM - Inserir Historico EMARG202003115AR
26/03/2020 8:48:53 AM - Insert with success EMARG202003115AR
26/03/2020 8:48:53 AM - Inserir Historico EMARG202003116AR
26/03/2020 8:48:53 AM - Insert with success EMARG202003116AR
26/03/2020 8:48:53 AM - Inserir Historico EMARG202003117AR
26/03/2020 8:48:54 AM - Insert with success EMARG202003117AR
26/03/2020 8:48:54 AM - Inserir Historico EMARG202003118AR
26/03/2020 8:48:54 AM - Insert with success EMARG202003118AR
26/03/2020 8:48:54 AM - Inserir Historico EMARG202003119AR
26/03/2020 8:48:54 AM - Insert with success EMARG202003119AR
26/03/2020 8:48:54 AM - Inserir Historico EMARG202003120AR
26/03/2020 8:48:54 AM - Insert with success EMARG202003120AR
26/03/2020 8:48:54 AM - Inserir Historico IMSOL202003014AR
26/03/2020 8:48:54 AM - Insert with success IMSOL202003014AR
26/03/2020 8:48:54 AM - Inserir Historico IMROA202003037AR
26/03/2020 8:48:54 AM - Insert with success IMROA202003037AR
26/03/2020 8:48:55 AM - Inserir Historico IAFLT202003018AR
26/03/2020 8:48:55 AM - Insert with success IAFLT202003018AR
26/03/2020 8:48:55 AM - Inserir Historico EMARG202003280AR
26/03/2020 8:48:55 AM - Insert with success EMARG202003280AR
26/03/2020 8:48:55 AM - Inserir Historico EMARG202003281AR
26/03/2020 8:48:55 AM - Insert with success EMARG202003281AR
26/03/2020 8:48:55 AM - Inserir Historico EMUNI202003004AR
26/03/2020 8:48:55 AM - Insert with success EMUNI202003004AR
26/03/2020 8:48:55 AM - Inserir Historico EMARG202003282AR
26/03/2020 8:48:55 AM - Insert with success EMARG202003282AR
26/03/2020 8:48:55 AM - Inserir Historico IMNOV202002001AR
26/03/2020 8:48:56 AM - Insert with success IMNOV202002001AR
26/03/2020 8:48:56 AM - Inserir Historico EOARG202003189AR
26/03/2020 8:48:56 AM - Insert with success EOARG202003189AR
26/03/2020 8:48:56 AM - Inserir Historico EOARG202003190AR
26/03/2020 8:48:56 AM - Insert with success EOARG202003190AR
26/03/2020 8:48:56 AM - Inserir Historico EMARG202003283AR
26/03/2020 8:48:56 AM - Insert with success EMARG202003283AR
26/03/2020 8:48:56 AM - Inserir Historico EMARG202003284AR
26/03/2020 8:48:56 AM - Insert with success EMARG202003284AR
26/03/2020 8:48:56 AM - Inserir Historico IMARG202003102AR
26/03/2020 8:48:57 AM - Insert with success IMARG202003102AR
26/03/2020 8:48:57 AM - Inserir Historico EOARG202003191AR
26/03/2020 8:48:57 AM - Insert with success EOARG202003191AR
26/03/2020 8:48:57 AM - Inserir Historico IMARG202003101AR
26/03/2020 8:48:57 AM - Insert with success IMARG202003101AR
26/03/2020 8:48:57 AM - Inserir Historico IMARG202003098AR
26/03/2020 8:48:57 AM - Insert with success IMARG202003098AR
26/03/2020 8:48:57 AM - Inserir Historico EMARG202003285AR
26/03/2020 8:48:57 AM - Insert with success EMARG202003285AR
26/03/2020 8:48:57 AM - Inserir Historico IMARG201911083AR
26/03/2020 8:48:57 AM - Insert with success IMARG201911083AR
26/03/2020 8:48:58 AM - Inserir Historico IMARG201912073AR
26/03/2020 8:48:58 AM - Insert with success IMARG201912073AR
26/03/2020 8:48:58 AM - Inserir Historico IMARG202002062AR
26/03/2020 8:48:58 AM - Insert with success IMARG202002062AR
26/03/2020 8:48:58 AM - Inserir Historico IMARG202001128AR
26/03/2020 8:48:58 AM - Insert with success IMARG202001128AR
26/03/2020 8:48:58 AM - Inserir Historico IMARG202003091AR
26/03/2020 8:48:58 AM - Insert with success IMARG202003091AR
26/03/2020 8:48:58 AM - Inserir Historico IMARG202003023AR
26/03/2020 8:48:58 AM - Insert with success IMARG202003023AR
26/03/2020 8:48:58 AM - Inserir Historico EMARG202003286AR
26/03/2020 8:48:59 AM - Insert with success EMARG202003286AR
26/03/2020 8:48:59 AM - Inserir Historico IMARG202002065AR
26/03/2020 8:48:59 AM - Insert with success IMARG202002065AR
26/03/2020 8:48:59 AM - Inserir Historico IMARG202003075AR
26/03/2020 8:48:59 AM - Insert with success IMARG202003075AR
26/03/2020 8:48:59 AM - Inserir Historico IMARG202003079AR
26/03/2020 8:48:59 AM - Insert with success IMARG202003079AR
26/03/2020 8:48:59 AM - Inserir Historico IMARG202003077AR
26/03/2020 8:48:59 AM - Insert with success IMARG202003077AR
26/03/2020 8:48:59 AM - Inserir Historico IMARG202003078AR
26/03/2020 8:49:00 AM - Insert with success IMARG202003078AR
26/03/2020 8:49:00 AM - Inserir Historico IMARG202003074AR
26/03/2020 8:49:00 AM - Insert with success IMARG202003074AR
26/03/2020 8:49:00 AM - Inserir Historico EMARG202003287AR
26/03/2020 8:49:00 AM - Insert with success EMARG202003287AR
26/03/2020 8:49:00 AM - Inserir Historico IMARG202003072AR
26/03/2020 8:49:00 AM - Insert with success IMARG202003072AR
26/03/2020 8:49:00 AM - Inserir Historico IMARG202003100AR
26/03/2020 8:49:00 AM - Insert with success IMARG202003100AR
26/03/2020 8:49:00 AM - Inserir Historico IMARG202003099AR
26/03/2020 8:49:00 AM - Insert with success IMARG202003099AR
26/03/2020 8:49:01 AM - Inserir Historico EMUNI202003005AR
26/03/2020 8:49:01 AM - Insert with success EMUNI202003005AR
26/03/2020 8:49:01 AM - Inserir Historico IMARG202003066AR
26/03/2020 8:49:01 AM - Insert with success IMARG202003066AR
26/03/2020 8:49:01 AM - Inserir Historico EMARG202003288AR
26/03/2020 8:49:01 AM - Insert with success EMARG202003288AR
26/03/2020 8:49:01 AM - Inserir Historico IMFLT202003014AR
26/03/2020 8:49:01 AM - Insert with success IMFLT202003014AR
26/03/2020 8:49:01 AM - Inserir Historico IMARG202003034AR
26/03/2020 8:49:01 AM - Insert with success IMARG202003034AR
26/03/2020 8:49:01 AM - Inserir Historico IMARG202003071AR
26/03/2020 8:49:02 AM - Insert with success IMARG202003071AR
26/03/2020 8:49:02 AM - Inserir Historico EMARG202003289AR
26/03/2020 8:49:02 AM - Insert with success EMARG202003289AR
26/03/2020 8:49:02 AM - Inserir Historico IMARG202003035AR
26/03/2020 8:49:02 AM - Insert with success IMARG202003035AR
26/03/2020 8:49:02 AM - Inserir Historico IMARG202003036AR
26/03/2020 8:49:02 AM - Insert with success IMARG202003036AR
26/03/2020 8:49:02 AM - Inserir Historico IMARG202003043AR
26/03/2020 8:49:02 AM - Insert with success IMARG202003043AR
26/03/2020 8:49:02 AM - Inserir Historico IMARG202003064AR
26/03/2020 8:49:03 AM - Insert with success IMARG202003064AR
26/03/2020 8:49:03 AM - Inserir Historico EMARG202003290AR
26/03/2020 8:49:03 AM - Insert with success EMARG202003290AR
26/03/2020 8:49:03 AM - Inserir Historico EMARG202003291AR
26/03/2020 8:49:03 AM - Insert with success EMARG202003291AR
26/03/2020 8:49:03 AM - Inserir Historico EMARG202003292AR
26/03/2020 8:49:03 AM - Insert with success EMARG202003292AR
26/03/2020 8:49:03 AM - Inserir Historico EMARG202003293AR
26/03/2020 8:49:03 AM - Insert with success EMARG202003293AR
26/03/2020 8:49:03 AM - Inserir Historico EMARG202003294AR
26/03/2020 8:49:03 AM - Insert with success EMARG202003294AR
26/03/2020 8:49:04 AM - Inserir Historico EMARG202003295AR
26/03/2020 8:49:04 AM - Insert with success EMARG202003295AR
26/03/2020 8:49:04 AM - Inserir Historico EMARG202003296AR
26/03/2020 8:49:04 AM - Insert with success EMARG202003296AR
26/03/2020 8:49:04 AM - Inserir Historico IMROA202002027AR
26/03/2020 8:49:04 AM - Insert with success IMROA202002027AR
26/03/2020 8:49:04 AM - Inserir Historico IMROA202003004AR
26/03/2020 8:49:04 AM - Insert with success IMROA202003004AR
26/03/2020 8:49:04 AM - Inserir Historico IMROA202003006AR
26/03/2020 8:49:04 AM - Insert with success IMROA202003006AR
26/03/2020 8:49:04 AM - Inserir Historico EMARG202003297AR
26/03/2020 8:49:05 AM - Insert with success EMARG202003297AR
26/03/2020 8:49:05 AM - Inserir Historico IMROA202003030AR
26/03/2020 8:49:05 AM - Insert with success IMROA202003030AR
26/03/2020 8:49:05 AM - Inserir Historico EMUNI202003006AR
26/03/2020 8:49:05 AM - Insert with success EMUNI202003006AR
26/03/2020 8:49:05 AM - Inserir Historico EMARG202003298AR
26/03/2020 8:49:05 AM - Insert with success EMARG202003298AR
26/03/2020 8:49:05 AM - Inserir Historico EMARG202003299AR
26/03/2020 8:49:05 AM - Insert with success EMARG202003299AR
26/03/2020 8:49:05 AM - Inserir Historico EMARG202003300AR
26/03/2020 8:49:06 AM - Insert with success EMARG202003300AR
26/03/2020 8:49:06 AM - Inserir Historico IAFLT202003019AR
26/03/2020 8:49:06 AM - Insert with success IAFLT202003019AR
26/03/2020 8:49:06 AM - Inserir Historico EMARG202003301AR
26/03/2020 8:49:06 AM - Insert with success EMARG202003301AR
26/03/2020 8:49:06 AM - Inserir Historico IMARG202001139AR
26/03/2020 8:49:06 AM - Insert with success IMARG202001139AR
26/03/2020 8:49:06 AM - Inserir Historico IMARG202002036AR
26/03/2020 8:49:06 AM - Insert with success IMARG202002036AR
26/03/2020 8:49:06 AM - Inserir Historico IMROA202003007AR
26/03/2020 8:49:06 AM - Insert with success IMROA202003007AR
26/03/2020 8:49:06 AM - Inserir Historico IMARG202001164AR
26/03/2020 8:49:07 AM - Insert with success IMARG202001164AR
26/03/2020 8:49:07 AM - Inserir Historico IMARG202001172AR
26/03/2020 8:49:07 AM - Insert with success IMARG202001172AR
26/03/2020 8:49:07 AM - Inserir Historico IMARG202003001AR
26/03/2020 8:49:07 AM - Insert with success IMARG202003001AR
26/03/2020 8:49:07 AM - Inserir Historico IMROA202003002AR
26/03/2020 8:49:07 AM - Insert with success IMROA202003002AR
26/03/2020 8:49:07 AM - Inserir Historico IMROA202003010AR
26/03/2020 8:49:07 AM - Insert with success IMROA202003010AR
26/03/2020 8:49:07 AM - Inserir Historico IMCHP202003008AR
26/03/2020 8:49:08 AM - Insert with success IMCHP202003008AR
26/03/2020 8:49:08 AM - Inserir Historico IMCHP202003006AR
26/03/2020 8:49:08 AM - Insert with success IMCHP202003006AR
26/03/2020 8:49:08 AM - Inserir Historico IMCHP202003004AR
26/03/2020 8:49:08 AM - Insert with success IMCHP202003004AR
26/03/2020 8:49:08 AM - Inserir Historico IMCHP202002013AR
26/03/2020 8:49:08 AM - Insert with success IMCHP202002013AR
26/03/2020 8:49:08 AM - Inserir Historico IMCHP202002014AR
26/03/2020 8:49:08 AM - Insert with success IMCHP202002014AR
26/03/2020 8:49:08 AM - Inserir Historico IMCHP202003001AR
26/03/2020 8:49:09 AM - Insert with success IMCHP202003001AR
26/03/2020 8:49:09 AM - Inserir Historico IMCHP202003002AR
26/03/2020 8:49:09 AM - Insert with success IMCHP202003002AR
26/03/2020 8:49:09 AM - Inserir Historico IMARG202003117AR
26/03/2020 8:49:09 AM - Insert with success IMARG202003117AR
26/03/2020 8:49:09 AM - Inserir Historico IMARG202003118AR
26/03/2020 8:49:09 AM - Insert with success IMARG202003118AR
26/03/2020 8:49:09 AM - Inserir Historico IMFLT202003012AR
26/03/2020 8:49:09 AM - Insert with success IMFLT202003012AR
26/03/2020 8:49:09 AM - Inserir Historico IMARG202003119AR
26/03/2020 8:49:09 AM - Insert with success IMARG202003119AR
26/03/2020 8:49:09 AM - Inserir Historico IMROA202003021AR
26/03/2020 8:49:10 AM - Insert with success IMROA202003021AR
26/03/2020 8:49:10 AM - Inserir Historico EANOV202003002AR
26/03/2020 8:49:10 AM - Insert with success EANOV202003002AR
26/03/2020 8:49:10 AM - Inserir Historico IMAXA202003008AR
26/03/2020 8:49:10 AM - Insert with success IMAXA202003008AR
26/03/2020 8:49:10 AM - Inserir Historico IMROA202003032AR
26/03/2020 8:49:10 AM - Insert with success IMROA202003032AR
26/03/2020 8:49:10 AM - Inserir Historico IMARG202003120AR
26/03/2020 8:49:10 AM - Insert with success IMARG202003120AR
26/03/2020 8:49:10 AM - Inserir Historico IMROA202003019AR
26/03/2020 8:49:11 AM - Insert with success IMROA202003019AR
26/03/2020 8:49:11 AM - Inserir Historico EOARG202003192AR
26/03/2020 8:49:11 AM - Insert with success EOARG202003192AR
26/03/2020 8:49:11 AM - Inserir Historico IMAXA202003009AR
26/03/2020 8:49:11 AM - Insert with success IMAXA202003009AR
26/03/2020 8:49:11 AM - Inserir Historico IMROA202003038AR
26/03/2020 8:49:11 AM - Insert with success IMROA202003038AR
26/03/2020 8:49:11 AM - Inserir Historico EMARG202003302AR
26/03/2020 8:49:11 AM - Insert with success EMARG202003302AR
26/03/2020 8:49:11 AM - Inserir Historico IMFLT202003023AR
26/03/2020 8:49:12 AM - Insert with success IMFLT202003023AR
26/03/2020 8:49:12 AM - Inserir Historico IMARG202003121AR
26/03/2020 8:49:12 AM - Insert with success IMARG202003121AR
26/03/2020 8:49:12 AM - Inserir Historico EMARG202003303AR
26/03/2020 8:49:12 AM - Insert with success EMARG202003303AR
26/03/2020 8:49:12 AM - Inserir Historico EMARG202003304AR
26/03/2020 8:49:12 AM - Insert with success EMARG202003304AR
26/03/2020 8:49:12 AM - Inserir Historico EMARG202003305AR
26/03/2020 8:49:12 AM - Insert with success EMARG202003305AR
26/03/2020 8:49:12 AM - Inserir Historico EMARG202003101AR
26/03/2020 8:49:12 AM - Insert with success EMARG202003101AR
26/03/2020 8:49:13 AM - Inserir Historico EMARG202003306AR
26/03/2020 8:49:13 AM - Insert with success EMARG202003306AR
26/03/2020 8:49:13 AM - Inserir Historico IMCHP202003020AR
26/03/2020 8:49:13 AM - Insert with success IMCHP202003020AR
26/03/2020 8:49:13 AM - Inserir Historico IMFLT202003033AR
26/03/2020 8:49:13 AM - Insert with success IMFLT202003033AR
26/03/2020 8:49:13 AM - Inserir Historico EMARG202003048AR
26/03/2020 8:49:13 AM - Insert with success EMARG202003048AR
26/03/2020 8:49:13 AM - Inserir Historico EMARG202003307AR
26/03/2020 8:49:13 AM - Insert with success EMARG202003307AR
26/03/2020 8:49:13 AM - Inserir Historico EMARG202003047AR
26/03/2020 8:49:14 AM - Insert with success EMARG202003047AR
26/03/2020 8:49:14 AM - Inserir Historico EMARG202003098AR
26/03/2020 8:49:14 AM - Insert with success EMARG202003098AR
26/03/2020 8:49:14 AM - Inserir Historico EMFLT202003005AR
26/03/2020 8:49:14 AM - Insert with success EMFLT202003005AR
26/03/2020 8:49:14 AM - Inserir Historico IMFLT202003036AR
26/03/2020 8:49:14 AM - Insert with success IMFLT202003036AR
26/03/2020 8:49:14 AM - Inserir Historico IMARG202003122AR
26/03/2020 8:49:14 AM - Insert with success IMARG202003122AR
26/03/2020 8:49:14 AM - Inserir Historico IMFLT202002066AR
26/03/2020 8:49:15 AM - Insert with success IMFLT202002066AR
26/03/2020 8:49:15 AM - Inserir Historico EOARG202003193AR
26/03/2020 8:49:15 AM - Insert with success EOARG202003193AR
26/03/2020 8:49:15 AM - Inserir Historico EMARG202003096AR
26/03/2020 8:49:15 AM - Insert with success EMARG202003096AR
26/03/2020 8:49:15 AM - Inserir Historico EAFLT201910004AR
26/03/2020 8:49:15 AM - Insert with success EAFLT201910004AR
26/03/2020 8:49:15 AM - Inserir Historico EOROA202003007AR
26/03/2020 8:49:15 AM - Insert with success EOROA202003007AR
26/03/2020 8:49:15 AM - Inserir Historico EMARG202003308AR
26/03/2020 8:49:15 AM - Insert with success EMARG202003308AR
26/03/2020 8:49:16 AM - Inserir Historico IMARG202003123AR
26/03/2020 8:49:16 AM - Insert with success IMARG202003123AR
26/03/2020 8:49:16 AM - Inserir Historico EMARG202003309AR
26/03/2020 8:49:16 AM - Insert with success EMARG202003309AR
26/03/2020 8:49:16 AM - Inserir Historico IMFLT202002101AR
26/03/2020 8:49:16 AM - Insert with success IMFLT202002101AR
26/03/2020 8:49:16 AM - Inserir Historico IMFLT202003032AR
26/03/2020 8:49:16 AM - Insert with success IMFLT202003032AR
26/03/2020 8:49:16 AM - Inserir Historico IMFLT202003016AR
26/03/2020 8:49:16 AM - Insert with success IMFLT202003016AR
26/03/2020 8:49:16 AM - Inserir Historico IMFLT202003015AR
26/03/2020 8:49:17 AM - Insert with success IMFLT202003015AR
26/03/2020 8:49:17 AM - Inserir Historico IMFLT202002060AR
26/03/2020 8:49:17 AM - Insert with success IMFLT202002060AR
26/03/2020 8:49:17 AM - Inserir Historico IMARG202003124AR
26/03/2020 8:49:17 AM - Insert with success IMARG202003124AR
26/03/2020 8:49:17 AM - Inserir Historico IMARG202003125AR
26/03/2020 8:49:17 AM - Insert with success IMARG202003125AR
26/03/2020 8:49:17 AM - Inserir Historico IMARG202003126AR
26/03/2020 8:49:17 AM - Insert with success IMARG202003126AR
26/03/2020 8:49:17 AM - Inserir Historico IMPSP202002003AR
26/03/2020 8:49:18 AM - Insert with success IMPSP202002003AR
26/03/2020 8:49:18 AM - Inserir Historico IMSLT202002005AR
26/03/2020 8:49:18 AM - Insert with success IMSLT202002005AR
26/03/2020 8:49:18 AM - Inserir Historico EMARG202003310AR
26/03/2020 8:49:18 AM - Insert with success EMARG202003310AR
26/03/2020 8:49:18 AM - Inserir Historico IMCHP202003021AR
26/03/2020 8:49:18 AM - Insert with success IMCHP202003021AR
26/03/2020 8:49:18 AM - Inserir Historico IMURU202003004AR
26/03/2020 8:49:18 AM - Insert with success IMURU202003004AR
