4/7/2020 12:00:19 AM - Inserir Historico IMEXO202003030BR
4/7/2020 12:00:21 AM - Insert with success IMEXO202003030BR
4/7/2020 12:01:41 AM - Inserir Historico EMCSR202003047BR
4/7/2020 12:01:42 AM - Insert with success EMCSR202003047BR
4/7/2020 12:02:20 AM - Inserir Historico IMSWB202001008BR
4/7/2020 12:02:21 AM - Insert with success IMSWB202001008BR
4/7/2020 12:03:01 AM - Inserir Historico IMSWB202001033BR
4/7/2020 12:03:02 AM - Insert with success IMSWB202001033BR
4/7/2020 12:03:54 AM - Inserir Historico IMSWB202001046BR
4/7/2020 12:03:56 AM - Insert with success IMSWB202001046BR
4/7/2020 12:04:49 AM - Inserir Historico IMSWB202001071BR
4/7/2020 12:04:51 AM - Insert with success IMSWB202001071BR
4/7/2020 12:06:03 AM - Inserir Historico IMSWB202001090BR
4/7/2020 12:06:05 AM - Insert with success IMSWB202001090BR
4/7/2020 12:07:02 AM - Inserir Historico IMSWB202002005BR
4/7/2020 12:07:03 AM - Insert with success IMSWB202002005BR
4/7/2020 12:08:06 AM - Inserir Historico IMSWB202002011BR
4/7/2020 12:08:07 AM - Insert with success IMSWB202002011BR
4/7/2020 12:08:52 AM - Inserir Historico IMSWB202002106BR
4/7/2020 12:08:54 AM - Insert with success IMSWB202002106BR
4/7/2020 12:10:17 AM - Inserir Historico IMUPM202003006BR
4/7/2020 12:10:19 AM - Insert with success IMUPM202003006BR
4/7/2020 12:11:06 AM - Inserir Historico EOEXO201908002BR
4/7/2020 12:11:07 AM - Insert with success EOEXO201908002BR
4/7/2020 12:12:21 AM - Inserir Historico IMSOL201909130BR
4/7/2020 12:12:22 AM - Insert with success IMSOL201909130BR
4/7/2020 12:13:17 AM - Inserir Historico IMSOL201910024BR
4/7/2020 12:13:19 AM - Insert with success IMSOL201910024BR
4/7/2020 12:14:12 AM - Inserir Historico IMSOL201910122BR
4/7/2020 12:14:13 AM - Insert with success IMSOL201910122BR
4/7/2020 12:14:48 AM - Inserir Historico IMSOL202003208BR
4/7/2020 12:14:51 AM - Insert with success IMSOL202003208BR
4/7/2020 12:16:04 AM - Inserir Historico IMSOL202003207BR
4/7/2020 12:16:06 AM - Insert with success IMSOL202003207BR
4/7/2020 12:16:55 AM - Inserir Historico IMSOL202002137BR
4/7/2020 12:16:57 AM - Insert with success IMSOL202002137BR
4/7/2020 12:17:31 AM - Inserir Historico IMSOL202002134BR
4/7/2020 12:17:34 AM - Insert with success IMSOL202002134BR
4/7/2020 12:18:41 AM - Inserir Historico IMSOL202002146BR
4/7/2020 12:18:43 AM - Insert with success IMSOL202002146BR
4/7/2020 12:19:42 AM - Inserir Historico IMSOL202002147BR
4/7/2020 12:19:45 AM - Insert with success IMSOL202002147BR
4/7/2020 12:21:08 AM - Inserir Historico IMSOL202003006BR
4/7/2020 12:21:11 AM - Insert with success IMSOL202003006BR
4/7/2020 12:22:14 AM - Inserir Historico IMSOL202003032BR
4/7/2020 12:22:17 AM - Insert with success IMSOL202003032BR
4/7/2020 12:23:12 AM - Inserir Historico IMSOL202003155BR
4/7/2020 12:23:14 AM - Insert with success IMSOL202003155BR
4/7/2020 12:24:07 AM - Inserir Historico IMSOL202003089BR
4/7/2020 12:24:08 AM - Insert with success IMSOL202003089BR
4/7/2020 12:25:00 AM - Inserir Historico IMSOL202003108BR
4/7/2020 12:25:01 AM - Insert with success IMSOL202003108BR
4/7/2020 12:25:47 AM - Inserir Historico IMSOL202003164BR
4/7/2020 12:25:49 AM - Insert with success IMSOL202003164BR
4/7/2020 12:27:01 AM - Inserir Historico IMSOL202003145BR
4/7/2020 12:27:03 AM - Insert with success IMSOL202003145BR
4/7/2020 12:27:56 AM - Inserir Historico IMSOL202003193BR
4/7/2020 12:27:58 AM - Insert with success IMSOL202003193BR
4/7/2020 12:29:00 AM - Inserir Historico IMSOL202003192BR
4/7/2020 12:29:01 AM - Insert with success IMSOL202003192BR
4/7/2020 12:29:50 AM - Inserir Historico IMSOL202003191BR
4/7/2020 12:29:53 AM - Insert with success IMSOL202003191BR
4/7/2020 12:30:45 AM - Inserir Historico IMSOL202003189BR
4/7/2020 12:30:47 AM - Insert with success IMSOL202003189BR
4/7/2020 12:31:40 AM - Inserir Historico IMSOL202003188BR
4/7/2020 12:31:42 AM - Insert with success IMSOL202003188BR
4/7/2020 12:32:27 AM - Inserir Historico IMSOL202003187BR
4/7/2020 12:32:30 AM - Insert with success IMSOL202003187BR
4/7/2020 12:33:21 AM - Inserir Historico IMSOL202003186BR
4/7/2020 12:33:23 AM - Insert with success IMSOL202003186BR
4/7/2020 12:34:08 AM - Inserir Historico IMSOL202003185BR
4/7/2020 12:34:12 AM - Insert with success IMSOL202003185BR
4/7/2020 12:34:47 AM - Inserir Historico IMSOL202003184BR
4/7/2020 12:34:50 AM - Insert with success IMSOL202003184BR
4/7/2020 12:35:42 AM - Inserir Historico IMSOL202003183BR
4/7/2020 12:35:45 AM - Insert with success IMSOL202003183BR
4/7/2020 12:36:50 AM - Inserir Historico IMSOL202003182BR
4/7/2020 12:36:52 AM - Insert with success IMSOL202003182BR
4/7/2020 12:37:31 AM - Inserir Historico IMSOL202003181BR
4/7/2020 12:37:34 AM - Insert with success IMSOL202003181BR
4/7/2020 12:38:34 AM - Inserir Historico IMSOL202003180BR
4/7/2020 12:38:36 AM - Insert with success IMSOL202003180BR
4/7/2020 12:39:49 AM - Inserir Historico IMSOL202003179BR
4/7/2020 12:39:51 AM - Insert with success IMSOL202003179BR
4/7/2020 12:40:44 AM - Inserir Historico IMSOL202003178BR
4/7/2020 12:40:47 AM - Insert with success IMSOL202003178BR
4/7/2020 12:41:43 AM - Inserir Historico IMSOL202003177BR
4/7/2020 12:41:44 AM - Insert with success IMSOL202003177BR
4/7/2020 12:42:50 AM - Inserir Historico IMSOL202003176BR
4/7/2020 12:42:53 AM - Insert with success IMSOL202003176BR
4/7/2020 12:43:46 AM - Inserir Historico IMSOL202003202BR
4/7/2020 12:43:50 AM - Insert with success IMSOL202003202BR
4/7/2020 12:45:01 AM - Inserir Historico IMCTV202003026BR
4/7/2020 12:45:05 AM - Insert with success IMCTV202003026BR
4/7/2020 12:46:24 AM - Inserir Historico EOEXO201911007BR
4/7/2020 12:46:26 AM - Insert with success EOEXO201911007BR
4/7/2020 12:47:26 AM - Inserir Historico IMCSR202003216BR
4/7/2020 12:47:27 AM - Insert with success IMCSR202003216BR
4/7/2020 12:48:04 AM - Inserir Historico EOEXO201910001BR
4/7/2020 12:48:04 AM - Insert with success EOEXO201910001BR
4/7/2020 12:48:50 AM - Inserir Historico EOEXO201911005BR
4/7/2020 12:48:55 AM - Insert with success EOEXO201911005BR
4/7/2020 12:50:38 AM - Inserir Historico EOEXO201910002BR
4/7/2020 12:50:41 AM - Insert with success EOEXO201910002BR
4/7/2020 12:52:32 AM - Inserir Historico EOEXO201911004BR
4/7/2020 12:52:34 AM - Insert with success EOEXO201911004BR
4/7/2020 12:53:37 AM - Inserir Historico IMCSR202003225BR
4/7/2020 12:53:39 AM - Insert with success IMCSR202003225BR
4/7/2020 12:54:43 AM - Inserir Historico EOEXO202003002BR
4/7/2020 12:54:45 AM - Insert with success EOEXO202003002BR
4/7/2020 12:56:02 AM - Inserir Historico EOEXO202003001BR
4/7/2020 12:56:03 AM - Insert with success EOEXO202003001BR
4/7/2020 12:56:58 AM - Inserir Historico IMCSR202003265BR
4/7/2020 12:57:00 AM - Insert with success IMCSR202003265BR
4/7/2020 12:57:53 AM - Inserir Historico EOEXO201904001BR
4/7/2020 12:57:55 AM - Insert with success EOEXO201904001BR
4/7/2020 12:58:32 AM - Inserir Historico EOEXO202002001BR
4/7/2020 12:58:34 AM - Insert with success EOEXO202002001BR
4/7/2020 1:00:27 AM - Inserir Historico IMCSR202003267BR
4/7/2020 1:00:34 AM - Insert with success IMCSR202003267BR
4/7/2020 1:02:38 AM - Inserir Historico IMCSR202003278BR
4/7/2020 1:02:42 AM - Insert with success IMCSR202003278BR
4/7/2020 1:03:11 AM - Inserir Historico EOEXO201910003BR
4/7/2020 1:03:13 AM - Insert with success EOEXO201910003BR
4/7/2020 1:04:18 AM - Inserir Historico IMCSR202003458BR
4/7/2020 1:04:20 AM - Insert with success IMCSR202003458BR
4/7/2020 1:05:02 AM - Inserir Historico EOEXO201911003BR
4/7/2020 1:05:08 AM - Insert with success EOEXO201911003BR
4/7/2020 1:06:32 AM - Inserir Historico EOEXO201905001BR
4/7/2020 1:06:34 AM - Insert with success EOEXO201905001BR
4/7/2020 1:07:51 AM - Inserir Historico EMOXT202003074BR
4/7/2020 1:07:54 AM - Insert with success EMOXT202003074BR
4/7/2020 1:08:33 AM - Inserir Historico EOEXO201909002BR
4/7/2020 1:08:35 AM - Insert with success EOEXO201909002BR
4/7/2020 1:10:34 AM - Inserir Historico IMCSR202003501BR
4/7/2020 1:10:37 AM - Insert with success IMCSR202003501BR
4/7/2020 1:12:06 AM - Inserir Historico IMCSR202003534BR
4/7/2020 1:12:09 AM - Insert with success IMCSR202003534BR
4/7/2020 1:13:33 AM - Inserir Historico IMCSR202003546BR
4/7/2020 1:13:34 AM - Insert with success IMCSR202003546BR
4/7/2020 1:14:45 AM - Inserir Historico EOATN201907004BR
4/7/2020 1:14:48 AM - Insert with success EOATN201907004BR
4/7/2020 1:15:42 AM - Inserir Historico EOATN201907003BR
4/7/2020 1:15:46 AM - Insert with success EOATN201907003BR
4/7/2020 1:16:51 AM - Inserir Historico EOEXO202003004BR
4/7/2020 1:16:56 AM - Insert with success EOEXO202003004BR
4/7/2020 1:18:01 AM - Inserir Historico IMCSR202001568BR
4/7/2020 1:18:04 AM - Insert with success IMCSR202001568BR
4/7/2020 1:18:58 AM - Inserir Historico IMCSR202001569BR
4/7/2020 1:19:03 AM - Insert with success IMCSR202001569BR
4/7/2020 1:20:19 AM - Inserir Historico IMCSR202001570BR
4/7/2020 1:20:22 AM - Insert with success IMCSR202001570BR
4/7/2020 1:21:31 AM - Inserir Historico IMCSR202001572BR
4/7/2020 1:21:33 AM - Insert with success IMCSR202001572BR
4/7/2020 1:22:21 AM - Inserir Historico IMCSR202001583BR
4/7/2020 1:22:23 AM - Insert with success IMCSR202001583BR
4/7/2020 1:23:22 AM - Inserir Historico IMCSR202001551BR
4/7/2020 1:23:23 AM - Insert with success IMCSR202001551BR
4/7/2020 1:24:24 AM - Inserir Historico IMCSR202001544BR
4/7/2020 1:24:25 AM - Insert with success IMCSR202001544BR
4/7/2020 1:25:36 AM - Inserir Historico IMCSR202002110BR
4/7/2020 1:25:39 AM - Insert with success IMCSR202002110BR
4/7/2020 1:26:54 AM - Inserir Historico IMCSR202002113BR
4/7/2020 1:26:55 AM - Insert with success IMCSR202002113BR
4/7/2020 1:28:10 AM - Inserir Historico IMCSR202001487BR
4/7/2020 1:28:13 AM - Insert with success IMCSR202001487BR
4/7/2020 1:29:05 AM - Inserir Historico EOATN201907002BR
4/7/2020 1:29:08 AM - Insert with success EOATN201907002BR
4/7/2020 1:30:15 AM - Inserir Historico EOEXO201904002BR
4/7/2020 1:30:17 AM - Insert with success EOEXO201904002BR
4/7/2020 1:31:48 AM - Inserir Historico EOEXO202003003BR
4/7/2020 1:31:50 AM - Insert with success EOEXO202003003BR
4/7/2020 1:34:50 AM - Inserir Historico IMSLA202003027BR
4/7/2020 1:34:51 AM - Insert with success IMSLA202003027BR
4/7/2020 1:35:31 AM - Inserir Historico EOEXO201904003BR
4/7/2020 1:35:33 AM - Insert with success EOEXO201904003BR
4/7/2020 1:36:19 AM - Inserir Historico EOEXO201910006BR
4/7/2020 1:36:20 AM - Insert with success EOEXO201910006BR
4/7/2020 1:36:58 AM - Inserir Historico EOEXO201912001BR
4/7/2020 1:36:58 AM - Insert with success EOEXO201912001BR
4/7/2020 1:37:44 AM - Inserir Historico IACBT202001001BR
4/7/2020 1:37:44 AM - Insert with success IACBT202001001BR
4/7/2020 1:38:16 AM - Inserir Historico IACSR202003016BR
4/7/2020 1:38:17 AM - Insert with success IACSR202003016BR
4/7/2020 1:39:03 AM - Inserir Historico EOEXO201910007BR
4/7/2020 1:39:07 AM - Insert with success EOEXO201910007BR
4/7/2020 1:40:59 AM - Inserir Historico EOEXO202003005BR
4/7/2020 1:41:04 AM - Insert with success EOEXO202003005BR
4/7/2020 1:42:07 AM - Inserir Historico EOEXO202003006BR
4/7/2020 1:42:08 AM - Insert with success EOEXO202003006BR
4/7/2020 1:43:10 AM - Inserir Historico EOEXO201910008BR
4/7/2020 1:43:12 AM - Insert with success EOEXO201910008BR
4/7/2020 1:43:49 AM - Inserir Historico EOEXO201910005BR
4/7/2020 1:43:50 AM - Insert with success EOEXO201910005BR
4/7/2020 1:45:08 AM - Inserir Historico EOEXO201910004BR
4/7/2020 1:45:09 AM - Insert with success EOEXO201910004BR
4/7/2020 1:45:58 AM - Inserir Historico EOEXO201908003BR
4/7/2020 1:46:00 AM - Insert with success EOEXO201908003BR
4/7/2020 1:47:04 AM - Inserir Historico EOSLA201902001BR
4/7/2020 1:47:06 AM - Insert with success EOSLA201902001BR
4/7/2020 1:47:57 AM - Inserir Historico EOEXO201903002BR
4/7/2020 1:47:59 AM - Insert with success EOEXO201903002BR
4/7/2020 1:49:02 AM - Inserir Historico EMOXT202003183BR
4/7/2020 1:49:03 AM - Insert with success EMOXT202003183BR
4/7/2020 1:49:55 AM - Inserir Historico IMEAS202004002BR
4/7/2020 1:49:57 AM - Insert with success IMEAS202004002BR
4/7/2020 1:50:57 AM - Inserir Historico EOEXO201911002BR
4/7/2020 1:50:59 AM - Insert with success EOEXO201911002BR
4/7/2020 1:51:58 AM - Inserir Historico IMCSR202003279BR
4/7/2020 1:51:59 AM - Insert with success IMCSR202003279BR
4/7/2020 1:52:56 AM - Inserir Historico EOEXO201905002BR
4/7/2020 1:52:58 AM - Insert with success EOEXO201905002BR
4/7/2020 1:53:33 AM - Inserir Historico EOEXO201908001BR
4/7/2020 1:53:34 AM - Insert with success EOEXO201908001BR
4/7/2020 1:54:23 AM - Inserir Historico EOEXO201904004BR
4/7/2020 1:54:24 AM - Insert with success EOEXO201904004BR
4/7/2020 1:55:22 AM - Inserir Historico IACBT202003006BR
4/7/2020 1:55:23 AM - Insert with success IACBT202003006BR
4/7/2020 1:56:11 AM - Inserir Historico EOEXO201909001BR
4/7/2020 1:56:14 AM - Insert with success EOEXO201909001BR
4/7/2020 1:57:05 AM - Inserir Historico EOCBT201910001BR
4/7/2020 1:57:06 AM - Insert with success EOCBT201910001BR
4/7/2020 1:58:00 AM - Inserir Historico EOEXO201911006BR
4/7/2020 1:58:01 AM - Insert with success EOEXO201911006BR
4/7/2020 1:58:36 AM - Inserir Historico EOEXO201911008BR
4/7/2020 1:58:37 AM - Insert with success EOEXO201911008BR
4/7/2020 1:59:40 AM - Inserir Historico EOEXO201911009BR
4/7/2020 1:59:42 AM - Insert with success EOEXO201911009BR
4/7/2020 2:01:45 AM - Inserir Historico IMCBT202002006BR
4/7/2020 2:01:46 AM - Insert with success IMCBT202002006BR
4/7/2020 2:02:15 AM - Inserir Historico EMARC202004006BR
4/7/2020 2:02:16 AM - Insert with success EMARC202004006BR
4/7/2020 2:03:24 AM - Inserir Historico IMCBT202001021BR
4/7/2020 2:03:25 AM - Insert with success IMCBT202001021BR
4/7/2020 2:04:17 AM - Inserir Historico IMCBT201912005BR
4/7/2020 2:04:19 AM - Insert with success IMCBT201912005BR
4/7/2020 2:04:58 AM - Inserir Historico IMCBT202001001BR
4/7/2020 2:05:00 AM - Insert with success IMCBT202001001BR
4/7/2020 2:05:47 AM - Inserir Historico EMOXT202003153BR
4/7/2020 2:05:49 AM - Insert with success EMOXT202003153BR
4/7/2020 2:06:37 AM - Inserir Historico IMCBT202001003BR
4/7/2020 2:06:38 AM - Insert with success IMCBT202001003BR
4/7/2020 2:07:21 AM - Inserir Historico IMCBT202001004BR
4/7/2020 2:07:22 AM - Insert with success IMCBT202001004BR
4/7/2020 2:08:21 AM - Inserir Historico IMCBT201909003BR
4/7/2020 2:08:22 AM - Insert with success IMCBT201909003BR
4/7/2020 2:10:23 AM - Inserir Historico IMSLA202003028BR
4/7/2020 2:10:24 AM - Insert with success IMSLA202003028BR
4/7/2020 2:11:17 AM - Inserir Historico IMCBT202003034BR
4/7/2020 2:11:18 AM - Insert with success IMCBT202003034BR
4/7/2020 2:12:18 AM - Inserir Historico IMCSR202003369BR
4/7/2020 2:12:20 AM - Insert with success IMCSR202003369BR
4/7/2020 2:13:02 AM - Inserir Historico IMCTV201912082BR
4/7/2020 2:13:03 AM - Insert with success IMCTV201912082BR
4/7/2020 2:13:46 AM - Inserir Historico IMSLA202004007BR
4/7/2020 2:13:48 AM - Insert with success IMSLA202004007BR
4/7/2020 2:14:21 AM - Inserir Historico IMATL202003084BR
4/7/2020 2:14:23 AM - Insert with success IMATL202003084BR
4/7/2020 2:14:53 AM - Inserir Historico IMCBT202002004BR
4/7/2020 2:14:55 AM - Insert with success IMCBT202002004BR
4/7/2020 2:15:58 AM - Inserir Historico IMCBT202002003BR
4/7/2020 2:16:01 AM - Insert with success IMCBT202002003BR
4/7/2020 2:16:24 AM - Inserir Historico IMATL202003105BR
4/7/2020 2:16:26 AM - Insert with success IMATL202003105BR
4/7/2020 2:17:00 AM - Inserir Historico IMATL202003085BR
4/7/2020 2:17:01 AM - Insert with success IMATL202003085BR
4/7/2020 2:17:42 AM - Inserir Historico IMIFB201912057BR
4/7/2020 2:17:44 AM - Insert with success IMIFB201912057BR
4/7/2020 2:18:23 AM - Inserir Historico IMSUR202004002BR
4/7/2020 2:18:24 AM - Insert with success IMSUR202004002BR
4/7/2020 2:19:22 AM - Inserir Historico IMCBT202002002BR
4/7/2020 2:19:24 AM - Insert with success IMCBT202002002BR
4/7/2020 2:20:41 AM - Inserir Historico IMATL202003122BR
4/7/2020 2:20:43 AM - Insert with success IMATL202003122BR
4/7/2020 2:21:27 AM - Inserir Historico IMATL202003120BR
4/7/2020 2:21:29 AM - Insert with success IMATL202003120BR
4/7/2020 2:21:52 AM - Inserir Historico IMATL202003107BR
4/7/2020 2:21:53 AM - Insert with success IMATL202003107BR
4/7/2020 2:22:53 AM - Inserir Historico IMATL202003121BR
4/7/2020 2:22:55 AM - Insert with success IMATL202003121BR
4/7/2020 2:23:34 AM - Inserir Historico IMATL202003052BR
4/7/2020 2:24:07 AM - Insert with success IMATL202003052BR
4/7/2020 2:24:39 AM - Inserir Historico IMATL202003054BR
4/7/2020 2:24:39 AM - Insert with success IMATL202003054BR
4/7/2020 2:24:59 AM - Inserir Historico IMATL202003051BR
4/7/2020 2:25:00 AM - Insert with success IMATL202003051BR
4/7/2020 2:25:31 AM - Inserir Historico IMATL202003113BR
4/7/2020 2:25:34 AM - Insert with success IMATL202003113BR
4/7/2020 2:25:54 AM - Inserir Historico IMSUR202003003BR
4/7/2020 2:25:55 AM - Insert with success IMSUR202003003BR
4/7/2020 2:26:31 AM - Inserir Historico IMSUN202003002BR
4/7/2020 2:26:32 AM - Insert with success IMSUN202003002BR
4/7/2020 2:26:53 AM - Inserir Historico IMNVS202003001BR
4/7/2020 2:26:54 AM - Insert with success IMNVS202003001BR
4/7/2020 2:27:30 AM - Inserir Historico IMATL202003093BR
4/7/2020 2:27:33 AM - Insert with success IMATL202003093BR
4/7/2020 2:28:04 AM - Inserir Historico IMATL202003109BR
4/7/2020 2:28:05 AM - Insert with success IMATL202003109BR
4/7/2020 2:28:37 AM - Inserir Historico IMATL202003086BR
4/7/2020 2:28:39 AM - Insert with success IMATL202003086BR
4/7/2020 2:29:02 AM - Inserir Historico IMATL202003104BR
4/7/2020 2:29:02 AM - Insert with success IMATL202003104BR
4/7/2020 2:29:41 AM - Inserir Historico IMATL202003123BR
4/7/2020 2:29:44 AM - Insert with success IMATL202003123BR
4/7/2020 2:30:31 AM - Inserir Historico IMEVO202003009BR
4/7/2020 2:30:32 AM - Insert with success IMEVO202003009BR
4/7/2020 2:31:06 AM - Inserir Historico IMATL202003089BR
4/7/2020 2:31:07 AM - Insert with success IMATL202003089BR
4/7/2020 2:31:47 AM - Inserir Historico IMSUN202003007BR
4/7/2020 2:31:48 AM - Insert with success IMSUN202003007BR
4/7/2020 2:32:25 AM - Inserir Historico IMATL202003069BR
4/7/2020 2:32:27 AM - Insert with success IMATL202003069BR
4/7/2020 2:32:51 AM - Inserir Historico IMATL202003112BR
4/7/2020 2:32:51 AM - Insert with success IMATL202003112BR
4/7/2020 2:33:35 AM - Inserir Historico IMSOL201912073BR
4/7/2020 2:33:36 AM - Insert with success IMSOL201912073BR
4/7/2020 2:34:23 AM - Inserir Historico IMATL202004004BR
4/7/2020 2:34:24 AM - Insert with success IMATL202004004BR
4/7/2020 2:35:47 AM - Inserir Historico IMCTV202003086BR
4/7/2020 2:35:49 AM - Insert with success IMCTV202003086BR
4/7/2020 2:36:50 AM - Inserir Historico IMCTV202003084BR
4/7/2020 2:36:53 AM - Insert with success IMCTV202003084BR
4/7/2020 2:38:00 AM - Inserir Historico IMCTV202002005BR
4/7/2020 2:38:01 AM - Insert with success IMCTV202002005BR
4/7/2020 2:38:32 AM - Inserir Historico IMCTV201912011BR
4/7/2020 2:38:34 AM - Insert with success IMCTV201912011BR
4/7/2020 2:39:48 AM - Inserir Historico IMCSR202003612BR
4/7/2020 2:39:49 AM - Insert with success IMCSR202003612BR
4/7/2020 2:40:07 AM - Inserir Historico IMATL202004005BR
4/7/2020 2:40:09 AM - Insert with success IMATL202004005BR
4/7/2020 2:40:54 AM - Inserir Historico IMCTV202003006BR
4/7/2020 2:40:56 AM - Insert with success IMCTV202003006BR
4/7/2020 2:41:50 AM - Inserir Historico IMCTV202003007BR
4/7/2020 2:41:52 AM - Insert with success IMCTV202003007BR
4/7/2020 2:42:33 AM - Inserir Historico IMCTV202002038BR
4/7/2020 2:42:34 AM - Insert with success IMCTV202002038BR
4/7/2020 2:43:00 AM - Inserir Historico IMCTV202002040BR
4/7/2020 2:43:01 AM - Insert with success IMCTV202002040BR
4/7/2020 2:44:02 AM - Inserir Historico IMCTV202003009BR
4/7/2020 2:44:02 AM - Insert with success IMCTV202003009BR
4/7/2020 2:44:34 AM - Inserir Historico IMCTV202002041BR
4/7/2020 2:44:37 AM - Insert with success IMCTV202002041BR
4/7/2020 2:45:37 AM - Inserir Historico IMCTV202001008BR
4/7/2020 2:45:39 AM - Insert with success IMCTV202001008BR
4/7/2020 2:46:17 AM - Inserir Historico IMCTV202001012BR
4/7/2020 2:46:19 AM - Insert with success IMCTV202001012BR
4/7/2020 2:47:14 AM - Inserir Historico IMCTV202001013BR
4/7/2020 2:47:16 AM - Insert with success IMCTV202001013BR
4/7/2020 2:48:02 AM - Inserir Historico IMCTV202002013BR
4/7/2020 2:48:03 AM - Insert with success IMCTV202002013BR
4/7/2020 2:48:49 AM - Inserir Historico IMCTV202002023BR
4/7/2020 2:48:51 AM - Insert with success IMCTV202002023BR
4/7/2020 2:50:19 AM - Inserir Historico IMCTV202003008BR
4/7/2020 2:50:21 AM - Insert with success IMCTV202003008BR
4/7/2020 2:51:09 AM - Inserir Historico IMCTV202003002BR
4/7/2020 2:51:15 AM - Insert with success IMCTV202003002BR
4/7/2020 2:52:44 AM - Inserir Historico EMSOL202003017BR
4/7/2020 2:52:46 AM - Insert with success EMSOL202003017BR
4/7/2020 2:53:28 AM - Inserir Historico IMCTV202002001BR
4/7/2020 2:53:30 AM - Insert with success IMCTV202002001BR
4/7/2020 2:54:24 AM - Inserir Historico IMCTV202001009BR
4/7/2020 2:54:25 AM - Insert with success IMCTV202001009BR
4/7/2020 2:55:22 AM - Inserir Historico IMCTV202001010BR
4/7/2020 2:55:23 AM - Insert with success IMCTV202001010BR
4/7/2020 3:08:42 AM - Inserir Historico IMSWB201912126BR
4/7/2020 3:08:43 AM - Insert with success IMSWB201912126BR
4/7/2020 3:09:46 AM - Inserir Historico IMCTV202001011BR
4/7/2020 3:09:48 AM - Insert with success IMCTV202001011BR
4/7/2020 3:10:38 AM - Inserir Historico IMCTV202002076BR
4/7/2020 3:10:39 AM - Insert with success IMCTV202002076BR
4/7/2020 3:11:43 AM - Inserir Historico IMMAU202003014BR
4/7/2020 3:11:44 AM - Insert with success IMMAU202003014BR
4/7/2020 3:12:35 AM - Inserir Historico IMCTV202003063BR
4/7/2020 3:12:37 AM - Insert with success IMCTV202003063BR
4/7/2020 3:12:59 AM - Inserir Historico IMEVO202004002BR
4/7/2020 3:13:01 AM - Insert with success IMEVO202004002BR
4/7/2020 3:13:58 AM - Inserir Historico IMCTV202002006BR
4/7/2020 3:14:00 AM - Insert with success IMCTV202002006BR
4/7/2020 3:15:17 AM - Inserir Historico IMCTV202003071BR
4/7/2020 3:15:18 AM - Insert with success IMCTV202003071BR
4/7/2020 3:16:27 AM - Inserir Historico IMCTV202003060BR
4/7/2020 3:16:28 AM - Insert with success IMCTV202003060BR
4/7/2020 3:17:21 AM - Inserir Historico IMSOL202003039BR
4/7/2020 3:17:24 AM - Insert with success IMSOL202003039BR
4/7/2020 3:18:29 AM - Inserir Historico IMCTV202002007BR
4/7/2020 3:18:31 AM - Insert with success IMCTV202002007BR
4/7/2020 3:19:32 AM - Inserir Historico IMATL202004006BR
4/7/2020 3:19:35 AM - Insert with success IMATL202004006BR
4/7/2020 3:20:53 AM - Inserir Historico IMSPC202003020BR
4/7/2020 3:20:56 AM - Insert with success IMSPC202003020BR
4/7/2020 3:22:10 AM - Inserir Historico IMCTV202003064BR
4/7/2020 3:22:13 AM - Insert with success IMCTV202003064BR
4/7/2020 3:23:42 AM - Inserir Historico IMSOL202003036BR
4/7/2020 3:23:44 AM - Insert with success IMSOL202003036BR
4/7/2020 3:25:15 AM - Inserir Historico IMCTV202003070BR
4/7/2020 3:25:18 AM - Insert with success IMCTV202003070BR
4/7/2020 3:26:11 AM - Inserir Historico IMCSR202003333BR
4/7/2020 3:26:12 AM - Insert with success IMCSR202003333BR
4/7/2020 3:26:52 AM - Inserir Historico IMSOL202003057BR
4/7/2020 3:26:53 AM - Insert with success IMSOL202003057BR
4/7/2020 3:27:30 AM - Inserir Historico IMCSR202003239BR
4/7/2020 3:27:30 AM - Insert with success IMCSR202003239BR
4/7/2020 3:28:06 AM - Inserir Historico IMCTV202002004BR
4/7/2020 3:28:06 AM - Insert with success IMCTV202002004BR
4/7/2020 3:28:49 AM - Inserir Historico EAOXT202004001BR
4/7/2020 3:28:49 AM - Insert with success EAOXT202004001BR
4/7/2020 3:29:42 AM - Inserir Historico IMCSR202002290BR
4/7/2020 3:29:44 AM - Insert with success IMCSR202002290BR
4/7/2020 3:30:30 AM - Inserir Historico EOOXT202003022BR
4/7/2020 3:30:31 AM - Insert with success EOOXT202003022BR
4/7/2020 3:31:28 AM - Inserir Historico IMCTV202003059BR
4/7/2020 3:31:29 AM - Insert with success IMCTV202003059BR
4/7/2020 3:32:03 AM - Inserir Historico IMATL202004007BR
4/7/2020 3:32:04 AM - Insert with success IMATL202004007BR
4/7/2020 3:32:50 AM - Inserir Historico EMOXT202003124BR
4/7/2020 3:32:51 AM - Insert with success EMOXT202003124BR
4/7/2020 3:33:41 AM - Inserir Historico IMCSR202003402BR
4/7/2020 3:33:42 AM - Insert with success IMCSR202003402BR
4/7/2020 3:34:32 AM - Inserir Historico IMCSR202003227BR
4/7/2020 3:34:33 AM - Insert with success IMCSR202003227BR
4/7/2020 3:35:31 AM - Inserir Historico IMCSR201911378BR
4/7/2020 3:35:31 AM - Insert with success IMCSR201911378BR
4/7/2020 3:35:49 AM - Inserir Historico IMATL202004008BR
4/7/2020 3:35:49 AM - Insert with success IMATL202004008BR
4/7/2020 3:36:25 AM - Inserir Historico EMOXT202003198BR
4/7/2020 3:36:25 AM - Insert with success EMOXT202003198BR
4/7/2020 3:36:58 AM - Inserir Historico IMCSR202003268BR
4/7/2020 3:36:58 AM - Insert with success IMCSR202003268BR
4/7/2020 3:37:31 AM - Inserir Historico IMCSR202003193BR
4/7/2020 3:37:31 AM - Insert with success IMCSR202003193BR
4/7/2020 3:38:04 AM - Inserir Historico IMCSR202003068BR
4/7/2020 3:38:04 AM - Insert with success IMCSR202003068BR
4/7/2020 3:38:36 AM - Inserir Historico IMCSR202003406BR
4/7/2020 3:38:37 AM - Insert with success IMCSR202003406BR
4/7/2020 3:39:29 AM - Inserir Historico IMCSR202003243BR
4/7/2020 3:39:29 AM - Insert with success IMCSR202003243BR
4/7/2020 3:40:10 AM - Inserir Historico IMCSR202003254BR
4/7/2020 3:40:12 AM - Insert with success IMCSR202003254BR
4/7/2020 3:41:01 AM - Inserir Historico IMCSR202002254BR
4/7/2020 3:41:02 AM - Insert with success IMCSR202002254BR
4/7/2020 3:42:16 AM - Inserir Historico IMCSR201912072BR
4/7/2020 3:42:18 AM - Insert with success IMCSR201912072BR
4/7/2020 3:44:52 AM - Inserir Historico IMSPC202003019BR
4/7/2020 3:44:54 AM - Insert with success IMSPC202003019BR
4/7/2020 3:45:59 AM - Inserir Historico IMCSR202002296BR
4/7/2020 3:46:01 AM - Insert with success IMCSR202002296BR
4/7/2020 3:47:06 AM - Inserir Historico IMSPC202003024BR
4/7/2020 3:47:07 AM - Insert with success IMSPC202003024BR
4/7/2020 3:48:05 AM - Inserir Historico IMCSR202003005BR
4/7/2020 3:48:06 AM - Insert with success IMCSR202003005BR
4/7/2020 3:48:40 AM - Inserir Historico EMCSR202003113BR
4/7/2020 3:48:42 AM - Insert with success EMCSR202003113BR
4/7/2020 3:49:25 AM - Inserir Historico IMCSR202003178BR
4/7/2020 3:49:26 AM - Insert with success IMCSR202003178BR
4/7/2020 3:50:33 AM - Inserir Historico IMCSR202003228BR
4/7/2020 3:50:35 AM - Insert with success IMCSR202003228BR
4/7/2020 3:51:54 AM - Inserir Historico IMCSR202002242BR
4/7/2020 3:51:56 AM - Insert with success IMCSR202002242BR
4/7/2020 3:52:46 AM - Inserir Historico EMCSR202003115BR
4/7/2020 3:52:48 AM - Insert with success EMCSR202003115BR
4/7/2020 3:53:58 AM - Inserir Historico IMCSR202002320BR
4/7/2020 3:54:00 AM - Insert with success IMCSR202002320BR
4/7/2020 3:54:58 AM - Inserir Historico IMCSR202003224BR
4/7/2020 3:55:00 AM - Insert with success IMCSR202003224BR
4/7/2020 3:55:57 AM - Inserir Historico IMCSR202003006BR
4/7/2020 3:55:58 AM - Insert with success IMCSR202003006BR
4/7/2020 3:56:50 AM - Inserir Historico IMCSR202003250BR
4/7/2020 3:56:52 AM - Insert with success IMCSR202003250BR
4/7/2020 3:57:48 AM - Inserir Historico IMCSR202003301BR
4/7/2020 3:57:53 AM - Insert with success IMCSR202003301BR
4/7/2020 3:58:44 AM - Inserir Historico IMCSR202002330BR
4/7/2020 3:58:45 AM - Insert with success IMCSR202002330BR
4/7/2020 3:59:31 AM - Inserir Historico EMOXT202003172BR
4/7/2020 3:59:34 AM - Insert with success EMOXT202003172BR
4/7/2020 4:00:42 AM - Inserir Historico EMOXT202003173BR
4/7/2020 4:00:44 AM - Insert with success EMOXT202003173BR
4/7/2020 4:01:42 AM - Inserir Historico EMATL202004004BR
4/7/2020 4:01:43 AM - Insert with success EMATL202004004BR
4/7/2020 4:03:43 AM - Inserir Historico IMSLA202004008BR
4/7/2020 4:03:46 AM - Insert with success IMSLA202004008BR
4/7/2020 4:04:31 AM - Inserir Historico IMSOL202003012BR
4/7/2020 4:04:33 AM - Insert with success IMSOL202003012BR
4/7/2020 4:05:25 AM - Inserir Historico EMSOL202004001BR
4/7/2020 4:05:27 AM - Insert with success EMSOL202004001BR
4/7/2020 4:06:44 AM - Inserir Historico EMSOL202004002BR
4/7/2020 4:06:46 AM - Insert with success EMSOL202004002BR
4/7/2020 4:08:07 AM - Inserir Historico IMSOL202003147BR
4/7/2020 4:08:08 AM - Insert with success IMSOL202003147BR
4/7/2020 4:08:55 AM - Inserir Historico IMSOL202004016BR
4/7/2020 4:08:57 AM - Insert with success IMSOL202004016BR
4/7/2020 4:10:26 AM - Inserir Historico IMSOL202003221BR
4/7/2020 4:10:29 AM - Insert with success IMSOL202003221BR
4/7/2020 4:12:03 AM - Inserir Historico IMSOL202003222BR
4/7/2020 4:12:06 AM - Insert with success IMSOL202003222BR
4/7/2020 4:13:07 AM - Inserir Historico IMSOL202003156BR
4/7/2020 4:13:09 AM - Insert with success IMSOL202003156BR
4/7/2020 4:14:13 AM - Inserir Historico IMSOL202002098BR
4/7/2020 4:14:14 AM - Insert with success IMSOL202002098BR
4/7/2020 4:15:19 AM - Inserir Historico IMSOL202003080BR
4/7/2020 4:15:21 AM - Insert with success IMSOL202003080BR
4/7/2020 4:16:23 AM - Inserir Historico IMSOL202002138BR
4/7/2020 4:16:25 AM - Insert with success IMSOL202002138BR
4/7/2020 4:17:08 AM - Inserir Historico IMSOL202003011BR
4/7/2020 4:17:10 AM - Insert with success IMSOL202003011BR
4/7/2020 4:18:07 AM - Inserir Historico IMSOL202002087BR
4/7/2020 4:18:08 AM - Insert with success IMSOL202002087BR
4/7/2020 4:19:20 AM - Inserir Historico IMSOL202002035BR
4/7/2020 4:19:22 AM - Insert with success IMSOL202002035BR
4/7/2020 4:21:10 AM - Inserir Historico IMSOL202003165BR
4/7/2020 4:21:12 AM - Insert with success IMSOL202003165BR
4/7/2020 4:22:23 AM - Inserir Historico IMSOL202003163BR
4/7/2020 4:22:25 AM - Insert with success IMSOL202003163BR
4/7/2020 4:23:36 AM - Inserir Historico IMSOL201911034BR
4/7/2020 4:23:38 AM - Insert with success IMSOL201911034BR
4/7/2020 4:24:38 AM - Inserir Historico IMSWB202001055BR
4/7/2020 4:24:40 AM - Insert with success IMSWB202001055BR
4/7/2020 4:25:42 AM - Inserir Historico IMSWB202001064BR
4/7/2020 4:25:44 AM - Insert with success IMSWB202001064BR
4/7/2020 4:26:40 AM - Inserir Historico EMOXT202003197BR
4/7/2020 4:26:43 AM - Insert with success EMOXT202003197BR
4/7/2020 4:27:34 AM - Inserir Historico EMOXT202004014BR
4/7/2020 4:27:36 AM - Insert with success EMOXT202004014BR
4/7/2020 4:28:10 AM - Inserir Historico EMOXT202004015BR
4/7/2020 4:28:12 AM - Insert with success EMOXT202004015BR
4/7/2020 4:29:16 AM - Inserir Historico IMCSR202003309BR
4/7/2020 4:29:17 AM - Insert with success IMCSR202003309BR
4/7/2020 4:30:23 AM - Inserir Historico IMCSR202003310BR
4/7/2020 4:30:25 AM - Insert with success IMCSR202003310BR
4/7/2020 4:31:17 AM - Inserir Historico IMCSR202003389BR
4/7/2020 4:31:21 AM - Insert with success IMCSR202003389BR
4/7/2020 4:32:20 AM - Inserir Historico IMCTV202001032BR
4/7/2020 4:32:22 AM - Insert with success IMCTV202001032BR
4/7/2020 4:32:58 AM - Inserir Historico IMCTV202001034BR
4/7/2020 4:33:00 AM - Insert with success IMCTV202001034BR
4/7/2020 4:34:00 AM - Inserir Historico IMCTV202003004BR
4/7/2020 4:34:02 AM - Insert with success IMCTV202003004BR
4/7/2020 4:35:23 AM - Inserir Historico IMCTV202003003BR
4/7/2020 4:35:26 AM - Insert with success IMCTV202003003BR
4/7/2020 4:36:26 AM - Inserir Historico IOCTV201911006BR
4/7/2020 4:36:33 AM - Insert with success IOCTV201911006BR
4/7/2020 4:37:40 AM - Inserir Historico IMCTV202003005BR
4/7/2020 4:37:42 AM - Insert with success IMCTV202003005BR
4/7/2020 4:38:32 AM - Inserir Historico IMCTV201912068BR
4/7/2020 4:38:34 AM - Insert with success IMCTV201912068BR
4/7/2020 4:39:35 AM - Inserir Historico IACTV202002010BR
4/7/2020 4:39:38 AM - Insert with success IACTV202002010BR
4/7/2020 4:40:53 AM - Inserir Historico IMOXT201808033BR
4/7/2020 4:40:56 AM - Insert with success IMOXT201808033BR
4/7/2020 4:42:05 AM - Inserir Historico IMOXT201908024BR
4/7/2020 4:42:06 AM - Insert with success IMOXT201908024BR
4/7/2020 4:42:50 AM - Inserir Historico IMOXT201811030BR
4/7/2020 4:42:52 AM - Insert with success IMOXT201811030BR
4/7/2020 4:43:55 AM - Inserir Historico IMOXT201802009BR
4/7/2020 4:43:57 AM - Insert with success IMOXT201802009BR
4/7/2020 4:44:44 AM - Inserir Historico IMOXT201911026BR
4/7/2020 4:44:46 AM - Insert with success IMOXT201911026BR
4/7/2020 4:46:18 AM - Inserir Historico IMOXT201909009BR
4/7/2020 4:46:20 AM - Insert with success IMOXT201909009BR
4/7/2020 4:46:55 AM - Inserir Historico IOOXT201912003BR
4/7/2020 4:46:57 AM - Insert with success IOOXT201912003BR
4/7/2020 4:47:50 AM - Inserir Historico IAOXT201808005BR
4/7/2020 4:47:51 AM - Insert with success IAOXT201808005BR
4/7/2020 4:48:27 AM - Inserir Historico IMOXT201812029BR
4/7/2020 4:48:28 AM - Insert with success IMOXT201812029BR
4/7/2020 4:49:55 AM - Inserir Historico IMOXT201905022BR
4/7/2020 4:49:58 AM - Insert with success IMOXT201905022BR
4/7/2020 4:51:04 AM - Inserir Historico IMOXT201902016BR
4/7/2020 4:51:06 AM - Insert with success IMOXT201902016BR
4/7/2020 4:52:08 AM - Inserir Historico IMOXT201801037BR
4/7/2020 4:52:09 AM - Insert with success IMOXT201801037BR
4/7/2020 4:53:09 AM - Inserir Historico IMOXT201805006BR
4/7/2020 4:53:10 AM - Insert with success IMOXT201805006BR
4/7/2020 4:53:47 AM - Inserir Historico IOOXT202001001BR
4/7/2020 4:53:49 AM - Insert with success IOOXT202001001BR
4/7/2020 4:54:42 AM - Inserir Historico IMOXT201809004BR
4/7/2020 4:54:44 AM - Insert with success IMOXT201809004BR
4/7/2020 4:56:03 AM - Inserir Historico IMOXT201807036BR
4/7/2020 4:56:06 AM - Insert with success IMOXT201807036BR
4/7/2020 4:57:17 AM - Inserir Historico IMOXT201801003BR
4/7/2020 4:57:19 AM - Insert with success IMOXT201801003BR
4/7/2020 4:58:04 AM - Inserir Historico IMOXT201902005BR
4/7/2020 4:58:05 AM - Insert with success IMOXT201902005BR
4/7/2020 4:58:44 AM - Inserir Historico IAOXT202002006BR
4/7/2020 4:58:46 AM - Insert with success IAOXT202002006BR
4/7/2020 5:00:35 AM - Inserir Historico IMOXT201907015BR
4/7/2020 5:00:36 AM - Insert with success IMOXT201907015BR
4/7/2020 5:01:47 AM - Inserir Historico IMOXT201806020BR
4/7/2020 5:01:56 AM - Insert with success IMOXT201806020BR
4/7/2020 5:02:49 AM - Inserir Historico IAOXT201803006BR
4/7/2020 5:02:51 AM - Insert with success IAOXT201803006BR
4/7/2020 5:04:14 AM - Inserir Historico IMOXT201910024BR
4/7/2020 5:04:16 AM - Insert with success IMOXT201910024BR
4/7/2020 5:05:19 AM - Inserir Historico IMOXT201805023BR
4/7/2020 5:05:21 AM - Insert with success IMOXT201805023BR
4/7/2020 5:06:45 AM - Inserir Historico IMOXT201812047BR
4/7/2020 5:06:47 AM - Insert with success IMOXT201812047BR
4/7/2020 5:07:25 AM - Inserir Historico IOOXT201803002BR
4/7/2020 5:07:27 AM - Insert with success IOOXT201803002BR
4/7/2020 5:08:17 AM - Inserir Historico IAOXT201906001BR
4/7/2020 5:08:18 AM - Insert with success IAOXT201906001BR
4/7/2020 2:15:31 PM - Inserir Historico IMOXT201907048BR
4/7/2020 2:15:32 PM - Insert with success IMOXT201907048BR
4/7/2020 2:16:04 PM - Inserir Historico IMOXT201901003BR
4/7/2020 2:16:04 PM - Insert with success IMOXT201901003BR
4/7/2020 2:16:58 PM - Inserir Historico IMOXT201910034BR
4/7/2020 2:16:59 PM - Insert with success IMOXT201910034BR
4/7/2020 2:17:43 PM - Inserir Historico IAOXT201809002BR
4/7/2020 2:17:43 PM - Insert with success IAOXT201809002BR
4/7/2020 2:18:39 PM - Inserir Historico IMOXT201811025BR
4/7/2020 2:18:40 PM - Insert with success IMOXT201811025BR
4/7/2020 2:19:28 PM - Inserir Historico IMOXT201907053BR
4/7/2020 2:19:29 PM - Insert with success IMOXT201907053BR
4/7/2020 2:20:53 PM - Inserir Historico IMOXT201907017BR
4/7/2020 2:20:54 PM - Insert with success IMOXT201907017BR
4/7/2020 2:21:45 PM - Inserir Historico IMOXT201902021BR
4/7/2020 2:21:46 PM - Insert with success IMOXT201902021BR
4/7/2020 2:22:32 PM - Inserir Historico IMOXT201907008BR
4/7/2020 2:22:33 PM - Insert with success IMOXT201907008BR
