16/03/2020 10:29:46 AM - Inserir Historico EMARG202003157AR
16/03/2020 10:29:46 AM - Insert with success EMARG202003157AR
16/03/2020 10:29:55 AM - Inserir Historico EOARG202003119AR
16/03/2020 10:29:56 AM - Insert with success EOARG202003119AR
16/03/2020 10:30:06 AM - Inserir Historico IMROA202003034AR
16/03/2020 10:30:07 AM - Insert with success IMROA202003034AR
16/03/2020 10:30:18 AM - Inserir Historico IMARG202003080AR
16/03/2020 10:30:18 AM - Insert with success IMARG202003080AR
16/03/2020 10:30:28 AM - Inserir Historico EOARG202003120AR
16/03/2020 10:30:28 AM - Insert with success EOARG202003120AR
16/03/2020 10:30:39 AM - Inserir Historico IMROA202002010AR
16/03/2020 10:30:39 AM - Insert with success IMROA202002010AR
16/03/2020 10:30:49 AM - Inserir Historico EMARG202003158AR
16/03/2020 10:30:49 AM - Insert with success EMARG202003158AR
16/03/2020 10:30:59 AM - Inserir Historico EMARG202003159AR
16/03/2020 10:31:00 AM - Insert with success EMARG202003159AR
16/03/2020 10:31:10 AM - Inserir Historico IMARG202003081AR
16/03/2020 10:31:11 AM - Insert with success IMARG202003081AR
16/03/2020 10:31:21 AM - Inserir Historico EMARG202003160AR
16/03/2020 10:31:21 AM - Insert with success EMARG202003160AR
16/03/2020 10:31:32 AM - Inserir Historico IMARG202003082AR
16/03/2020 10:31:32 AM - Insert with success IMARG202003082AR
16/03/2020 10:31:43 AM - Inserir Historico IMARG202003083AR
16/03/2020 10:31:43 AM - Insert with success IMARG202003083AR
16/03/2020 10:31:54 AM - Inserir Historico IMARG202003084AR
16/03/2020 10:31:54 AM - Insert with success IMARG202003084AR
16/03/2020 10:32:08 AM - Inserir Historico EMARG202003161AR
16/03/2020 10:32:08 AM - Insert with success EMARG202003161AR
16/03/2020 10:32:14 AM - Inserir Historico IMFLT202002103AR
16/03/2020 10:32:14 AM - Insert with success IMFLT202002103AR
16/03/2020 10:32:24 AM - Inserir Historico EMARG202003162AR
16/03/2020 10:32:24 AM - Insert with success EMARG202003162AR
16/03/2020 10:32:36 AM - Inserir Historico IMARG202003049AR
16/03/2020 10:32:36 AM - Insert with success IMARG202003049AR
16/03/2020 10:32:46 AM - Inserir Historico EMARG202003163AR
16/03/2020 10:32:46 AM - Insert with success EMARG202003163AR
16/03/2020 10:32:56 AM - Inserir Historico EMARG202003164AR
16/03/2020 10:32:57 AM - Insert with success EMARG202003164AR
16/03/2020 10:33:07 AM - Inserir Historico EMARG202003165AR
16/03/2020 10:33:07 AM - Insert with success EMARG202003165AR
16/03/2020 10:33:17 AM - Inserir Historico EMARG202003166AR
16/03/2020 10:33:17 AM - Insert with success EMARG202003166AR
16/03/2020 10:33:27 AM - Inserir Historico EMUNI202003002AR
16/03/2020 10:33:27 AM - Insert with success EMUNI202003002AR
16/03/2020 10:33:40 AM - Inserir Historico IMARG202002095AR
16/03/2020 10:33:40 AM - Insert with success IMARG202002095AR
16/03/2020 10:33:51 AM - Inserir Historico IMARG202003052AR
16/03/2020 10:33:52 AM - Insert with success IMARG202003052AR
16/03/2020 10:34:01 AM - Inserir Historico EOARG202003121AR
16/03/2020 10:34:01 AM - Insert with success EOARG202003121AR
16/03/2020 10:34:11 AM - Inserir Historico EMARG202003167AR
16/03/2020 10:34:11 AM - Insert with success EMARG202003167AR
16/03/2020 10:34:24 AM - Inserir Historico IMARG202002096AR
16/03/2020 10:34:25 AM - Insert with success IMARG202002096AR
16/03/2020 10:34:34 AM - Inserir Historico EOARG202003122AR
16/03/2020 10:34:34 AM - Insert with success EOARG202003122AR
16/03/2020 10:34:46 AM - Inserir Historico IMARG202002097AR
16/03/2020 10:34:46 AM - Insert with success IMARG202002097AR
16/03/2020 10:34:54 AM - Inserir Historico IAPSP202003004AR
16/03/2020 10:34:54 AM - Insert with success IAPSP202003004AR
16/03/2020 10:35:05 AM - Inserir Historico IMPSP202003002AR
16/03/2020 10:35:05 AM - Insert with success IMPSP202003002AR
16/03/2020 10:35:15 AM - Inserir Historico EMARG202003168AR
16/03/2020 10:35:15 AM - Insert with success EMARG202003168AR
16/03/2020 10:35:27 AM - Inserir Historico IMARG202002062AR
16/03/2020 10:35:27 AM - Insert with success IMARG202002062AR
16/03/2020 10:35:37 AM - Inserir Historico EMARG202003169AR
16/03/2020 10:35:37 AM - Insert with success EMARG202003169AR
16/03/2020 10:35:47 AM - Inserir Historico EMARG202003170AR
16/03/2020 10:35:47 AM - Insert with success EMARG202003170AR
16/03/2020 10:35:56 AM - Inserir Historico EOARG202003123AR
16/03/2020 10:35:57 AM - Insert with success EOARG202003123AR
16/03/2020 10:36:08 AM - Inserir Historico IMARG202002065AR
16/03/2020 10:36:08 AM - Insert with success IMARG202002065AR
16/03/2020 10:36:17 AM - Inserir Historico IOAXA202003009AR
16/03/2020 10:36:17 AM - Insert with success IOAXA202003009AR
16/03/2020 10:36:27 AM - Inserir Historico EMARG202003171AR
16/03/2020 10:36:27 AM - Insert with success EMARG202003171AR
16/03/2020 10:36:33 AM - Inserir Historico IMFLT202003031AR
16/03/2020 10:36:33 AM - Insert with success IMFLT202003031AR
16/03/2020 10:36:39 AM - Inserir Historico IMVTP202003002AR
16/03/2020 10:36:39 AM - Insert with success IMVTP202003002AR
16/03/2020 10:36:48 AM - Inserir Historico IOAXA202003010AR
16/03/2020 10:36:48 AM - Insert with success IOAXA202003010AR
16/03/2020 10:36:59 AM - Inserir Historico IMBRN201912009AR
16/03/2020 10:36:59 AM - Insert with success IMBRN201912009AR
16/03/2020 10:37:09 AM - Inserir Historico EMARG202003172AR
16/03/2020 10:37:09 AM - Insert with success EMARG202003172AR
16/03/2020 10:37:15 AM - Inserir Historico IMSOL202003008AR
16/03/2020 10:37:15 AM - Insert with success IMSOL202003008AR
16/03/2020 10:37:27 AM - Inserir Historico IMARG202002080AR
16/03/2020 10:37:28 AM - Insert with success IMARG202002080AR
16/03/2020 10:37:41 AM - Inserir Historico IMARG202002070AR
16/03/2020 10:37:41 AM - Insert with success IMARG202002070AR
16/03/2020 10:37:54 AM - Inserir Historico IMARG202002071AR
16/03/2020 10:37:54 AM - Insert with success IMARG202002071AR
16/03/2020 10:38:04 AM - Inserir Historico EMARG202003173AR
16/03/2020 10:38:04 AM - Insert with success EMARG202003173AR
16/03/2020 10:38:14 AM - Inserir Historico EOUNI202003026AR
16/03/2020 10:38:14 AM - Insert with success EOUNI202003026AR
16/03/2020 10:38:23 AM - Inserir Historico EOUNI202003027AR
16/03/2020 10:38:23 AM - Insert with success EOUNI202003027AR
16/03/2020 10:38:32 AM - Inserir Historico EOUNI202003028AR
16/03/2020 10:38:32 AM - Insert with success EOUNI202003028AR
16/03/2020 10:38:42 AM - Inserir Historico EOARG202001115AR
16/03/2020 10:38:42 AM - Insert with success EOARG202001115AR
16/03/2020 10:38:51 AM - Inserir Historico EOARG202001260AR
16/03/2020 10:38:51 AM - Insert with success EOARG202001260AR
16/03/2020 10:39:01 AM - Inserir Historico EMARG202003174AR
16/03/2020 10:39:01 AM - Insert with success EMARG202003174AR
16/03/2020 10:39:12 AM - Inserir Historico EOARG202002001AR
16/03/2020 10:39:12 AM - Insert with success EOARG202002001AR
16/03/2020 10:39:18 AM - Inserir Historico IMFLT202003011AR
16/03/2020 10:39:18 AM - Insert with success IMFLT202003011AR
16/03/2020 10:39:29 AM - Inserir Historico IMROA202003014AR
16/03/2020 10:39:29 AM - Insert with success IMROA202003014AR
16/03/2020 10:39:39 AM - Inserir Historico EOARG202002012AR
16/03/2020 10:39:39 AM - Insert with success EOARG202002012AR
16/03/2020 10:39:49 AM - Inserir Historico EMFLT202003004AR
16/03/2020 10:39:49 AM - Insert with success EMFLT202003004AR
16/03/2020 10:39:59 AM - Inserir Historico EOARG202002021AR
16/03/2020 10:39:59 AM - Insert with success EOARG202002021AR
16/03/2020 10:40:09 AM - Inserir Historico EMARG202003175AR
16/03/2020 10:40:10 AM - Insert with success EMARG202003175AR
16/03/2020 10:40:20 AM - Inserir Historico EOARG202002044AR
16/03/2020 10:40:20 AM - Insert with success EOARG202002044AR
16/03/2020 10:40:30 AM - Inserir Historico EOARG202002043AR
16/03/2020 10:40:30 AM - Insert with success EOARG202002043AR
16/03/2020 10:40:40 AM - Inserir Historico EOARG202002045AR
16/03/2020 10:40:40 AM - Insert with success EOARG202002045AR
16/03/2020 10:40:50 AM - Inserir Historico EOARG202002046AR
16/03/2020 10:40:50 AM - Insert with success EOARG202002046AR
16/03/2020 10:40:59 AM - Inserir Historico EOARG202002049AR
16/03/2020 10:40:59 AM - Insert with success EOARG202002049AR
16/03/2020 10:41:09 AM - Inserir Historico EOARG202002048AR
16/03/2020 10:41:09 AM - Insert with success EOARG202002048AR
16/03/2020 10:41:17 AM - Inserir Historico IMBRN202002010AR
16/03/2020 10:41:17 AM - Insert with success IMBRN202002010AR
16/03/2020 10:41:27 AM - Inserir Historico EOARG202002050AR
16/03/2020 10:41:27 AM - Insert with success EOARG202002050AR
16/03/2020 10:41:37 AM - Inserir Historico EOARG202002052AR
16/03/2020 10:41:38 AM - Insert with success EOARG202002052AR
16/03/2020 10:41:47 AM - Inserir Historico EOARG202002093AR
16/03/2020 10:41:47 AM - Insert with success EOARG202002093AR
16/03/2020 10:42:00 AM - Inserir Historico EMARG202003176AR
16/03/2020 10:42:00 AM - Insert with success EMARG202003176AR
16/03/2020 10:42:10 AM - Inserir Historico EOARG202002098AR
16/03/2020 10:42:10 AM - Insert with success EOARG202002098AR
16/03/2020 10:42:19 AM - Inserir Historico EOUNI202003029AR
16/03/2020 10:42:19 AM - Insert with success EOUNI202003029AR
16/03/2020 10:42:28 AM - Inserir Historico EOARG202003124AR
16/03/2020 10:42:29 AM - Insert with success EOARG202003124AR
16/03/2020 10:42:38 AM - Inserir Historico EOARG202002099AR
16/03/2020 10:42:38 AM - Insert with success EOARG202002099AR
16/03/2020 10:42:48 AM - Inserir Historico EOARG202002089AR
16/03/2020 10:42:48 AM - Insert with success EOARG202002089AR
16/03/2020 10:42:54 AM - Inserir Historico IMFLT202003012AR
16/03/2020 10:42:54 AM - Insert with success IMFLT202003012AR
16/03/2020 10:43:04 AM - Inserir Historico EMARG202003177AR
16/03/2020 10:43:04 AM - Insert with success EMARG202003177AR
16/03/2020 10:43:16 AM - Inserir Historico IMARG202001128AR
16/03/2020 10:43:16 AM - Insert with success IMARG202001128AR
16/03/2020 10:43:26 AM - Inserir Historico EMARG202003178AR
16/03/2020 10:43:26 AM - Insert with success EMARG202003178AR
16/03/2020 10:43:35 AM - Inserir Historico EOUNI202003030AR
16/03/2020 10:43:35 AM - Insert with success EOUNI202003030AR
16/03/2020 10:43:43 AM - Inserir Historico IMSOL202001014AR
16/03/2020 10:43:43 AM - Insert with success IMSOL202001014AR
16/03/2020 10:43:51 AM - Inserir Historico IMSOL202003001AR
16/03/2020 10:43:52 AM - Insert with success IMSOL202003001AR
16/03/2020 10:43:58 AM - Inserir Historico IMFLT202003019AR
16/03/2020 10:43:58 AM - Insert with success IMFLT202003019AR
16/03/2020 10:44:14 AM - Inserir Historico IMBRN202002004AR
16/03/2020 10:44:14 AM - Insert with success IMBRN202002004AR
16/03/2020 10:44:26 AM - Inserir Historico IMPME202001002AR
16/03/2020 10:44:26 AM - Insert with success IMPME202001002AR
16/03/2020 10:44:34 AM - Inserir Historico IMFLT202001105AR
16/03/2020 10:44:34 AM - Insert with success IMFLT202001105AR
16/03/2020 10:44:40 AM - Inserir Historico IMSOL202003003AR
16/03/2020 10:44:40 AM - Insert with success IMSOL202003003AR
16/03/2020 10:44:51 AM - Inserir Historico IMPME201912004AR
16/03/2020 10:44:51 AM - Insert with success IMPME201912004AR
16/03/2020 10:44:56 AM - Inserir Historico IAFLT202003006AR
16/03/2020 10:44:56 AM - Insert with success IAFLT202003006AR
16/03/2020 10:45:06 AM - Inserir Historico EOUNI202003031AR
16/03/2020 10:45:06 AM - Insert with success EOUNI202003031AR
16/03/2020 10:45:15 AM - Inserir Historico EOUNI202003032AR
16/03/2020 10:45:15 AM - Insert with success EOUNI202003032AR
16/03/2020 10:45:27 AM - Inserir Historico IMCHP202003013AR
16/03/2020 10:45:28 AM - Insert with success IMCHP202003013AR
16/03/2020 10:45:38 AM - Inserir Historico IMBRN202001018AR
16/03/2020 10:45:39 AM - Insert with success IMBRN202001018AR
16/03/2020 10:45:45 AM - Inserir Historico IMFLT202003022AR
16/03/2020 10:45:45 AM - Insert with success IMFLT202003022AR
16/03/2020 10:45:54 AM - Inserir Historico EOARG202002191AR
16/03/2020 10:45:54 AM - Insert with success EOARG202002191AR
16/03/2020 10:46:00 AM - Inserir Historico IMFLT202003021AR
16/03/2020 10:46:01 AM - Insert with success IMFLT202003021AR
16/03/2020 10:46:15 AM - Inserir Historico IMBRN202001003AR
16/03/2020 10:46:15 AM - Insert with success IMBRN202001003AR
16/03/2020 10:46:21 AM - Inserir Historico IMFLT202003020AR
16/03/2020 10:46:21 AM - Insert with success IMFLT202003020AR
16/03/2020 10:46:30 AM - Inserir Historico IAPSP202003001AR
16/03/2020 10:46:30 AM - Insert with success IAPSP202003001AR
16/03/2020 10:46:41 AM - Inserir Historico IMARG202003085AR
16/03/2020 10:46:41 AM - Insert with success IMARG202003085AR
16/03/2020 10:46:52 AM - Inserir Historico IMSLT202002003AR
16/03/2020 10:46:52 AM - Insert with success IMSLT202002003AR
16/03/2020 10:47:03 AM - Inserir Historico IMARG202003086AR
16/03/2020 10:47:04 AM - Insert with success IMARG202003086AR
16/03/2020 10:47:11 AM - Inserir Historico IMBRN201911038AR
16/03/2020 10:47:11 AM - Insert with success IMBRN201911038AR
16/03/2020 10:47:21 AM - Inserir Historico EOUNI202003033AR
16/03/2020 10:47:21 AM - Insert with success EOUNI202003033AR
16/03/2020 10:47:29 AM - Inserir Historico IABRN202002002AR
16/03/2020 10:47:29 AM - Insert with success IABRN202002002AR
16/03/2020 10:47:40 AM - Inserir Historico IMARG202003087AR
16/03/2020 10:47:40 AM - Insert with success IMARG202003087AR
16/03/2020 10:47:50 AM - Inserir Historico IOARG202003001AR
16/03/2020 10:47:50 AM - Insert with success IOARG202003001AR
16/03/2020 10:48:01 AM - Inserir Historico IMARG202003088AR
16/03/2020 10:48:01 AM - Insert with success IMARG202003088AR
16/03/2020 10:48:11 AM - Inserir Historico EMUNI202003003AR
16/03/2020 10:48:11 AM - Insert with success EMUNI202003003AR
16/03/2020 10:48:20 AM - Inserir Historico EOARG202003125AR
16/03/2020 10:48:20 AM - Insert with success EOARG202003125AR
16/03/2020 10:48:31 AM - Inserir Historico IMARG202003089AR
16/03/2020 10:48:32 AM - Insert with success IMARG202003089AR
16/03/2020 10:48:36 AM - Inserir Historico IAFLT202003004AR
16/03/2020 10:48:36 AM - Insert with success IAFLT202003004AR
16/03/2020 10:48:41 AM - Inserir Historico IAFLT202002029AR
16/03/2020 10:48:41 AM - Insert with success IAFLT202002029AR
16/03/2020 10:48:46 AM - Inserir Historico IAFLT202002028AR
16/03/2020 10:48:46 AM - Insert with success IAFLT202002028AR
16/03/2020 10:48:51 AM - Inserir Historico IAFLT202002027AR
16/03/2020 10:48:51 AM - Insert with success IAFLT202002027AR
16/03/2020 10:48:56 AM - Inserir Historico IAFLT202002026AR
16/03/2020 10:48:56 AM - Insert with success IAFLT202002026AR
16/03/2020 10:49:02 AM - Inserir Historico IMFLT202002034AR
16/03/2020 10:49:02 AM - Insert with success IMFLT202002034AR
16/03/2020 10:49:12 AM - Inserir Historico EMARG202002094AR
16/03/2020 10:49:12 AM - Insert with success EMARG202002094AR
16/03/2020 10:49:22 AM - Inserir Historico EMARG202003109AR
16/03/2020 10:49:22 AM - Insert with success EMARG202003109AR
16/03/2020 10:49:34 AM - Inserir Historico EMARG202003024AR
16/03/2020 10:49:34 AM - Insert with success EMARG202003024AR
16/03/2020 10:49:47 AM - Inserir Historico EMARG202003017AR
16/03/2020 10:49:47 AM - Insert with success EMARG202003017AR
16/03/2020 10:50:00 AM - Inserir Historico EMARG202003018AR
16/03/2020 10:50:00 AM - Insert with success EMARG202003018AR
16/03/2020 10:50:10 AM - Inserir Historico EOARG202003126AR
16/03/2020 10:50:10 AM - Insert with success EOARG202003126AR
16/03/2020 10:50:23 AM - Inserir Historico EMARG202003023AR
16/03/2020 10:50:23 AM - Insert with success EMARG202003023AR
16/03/2020 10:50:29 AM - Inserir Historico IMSOL202001015AR
16/03/2020 10:50:29 AM - Insert with success IMSOL202001015AR
16/03/2020 10:50:39 AM - Inserir Historico EOARG202003127AR
16/03/2020 10:50:39 AM - Insert with success EOARG202003127AR
16/03/2020 10:50:50 AM - Inserir Historico EMARG202003016AR
16/03/2020 10:50:50 AM - Insert with success EMARG202003016AR
16/03/2020 10:50:59 AM - Inserir Historico EOUNI202003007AR
16/03/2020 10:51:00 AM - Insert with success EOUNI202003007AR
16/03/2020 10:51:05 AM - Inserir Historico IMSOL202003009AR
16/03/2020 10:51:06 AM - Insert with success IMSOL202003009AR
16/03/2020 10:51:17 AM - Inserir Historico IMARG202002074AR
16/03/2020 10:51:17 AM - Insert with success IMARG202002074AR
16/03/2020 10:51:28 AM - Inserir Historico IMARG202002073AR
16/03/2020 10:51:28 AM - Insert with success IMARG202002073AR
16/03/2020 10:51:37 AM - Inserir Historico IOSOL202002008AR
16/03/2020 10:51:37 AM - Insert with success IOSOL202002008AR
16/03/2020 10:51:46 AM - Inserir Historico IOSOL202002009AR
16/03/2020 10:51:46 AM - Insert with success IOSOL202002009AR
16/03/2020 10:51:52 AM - Inserir Historico IMSOL202003010AR
16/03/2020 10:51:52 AM - Insert with success IMSOL202003010AR
16/03/2020 10:52:02 AM - Inserir Historico EOUNI202003012AR
16/03/2020 10:52:03 AM - Insert with success EOUNI202003012AR
16/03/2020 10:52:12 AM - Inserir Historico EOUNI202003013AR
16/03/2020 10:52:12 AM - Insert with success EOUNI202003013AR
16/03/2020 10:52:24 AM - Inserir Historico IMSLT202002004AR
16/03/2020 10:52:24 AM - Insert with success IMSLT202002004AR
16/03/2020 10:52:35 AM - Inserir Historico EMARG202003179AR
16/03/2020 10:52:35 AM - Insert with success EMARG202003179AR
16/03/2020 10:52:45 AM - Inserir Historico EMARG202003180AR
16/03/2020 10:52:45 AM - Insert with success EMARG202003180AR
16/03/2020 10:52:56 AM - Inserir Historico EMARG202003181AR
16/03/2020 10:52:56 AM - Insert with success EMARG202003181AR
16/03/2020 10:53:06 AM - Inserir Historico EMARG202003182AR
16/03/2020 10:53:06 AM - Insert with success EMARG202003182AR
16/03/2020 10:53:16 AM - Inserir Historico EMARG202003183AR
16/03/2020 10:53:16 AM - Insert with success EMARG202003183AR
16/03/2020 10:53:26 AM - Inserir Historico EMARG202003184AR
16/03/2020 10:53:27 AM - Insert with success EMARG202003184AR
16/03/2020 10:53:38 AM - Inserir Historico EMARG202003185AR
16/03/2020 10:53:38 AM - Insert with success EMARG202003185AR
16/03/2020 10:53:50 AM - Inserir Historico EMARG202003186AR
16/03/2020 10:53:50 AM - Insert with success EMARG202003186AR
16/03/2020 10:54:02 AM - Inserir Historico EMARG202003187AR
16/03/2020 10:54:02 AM - Insert with success EMARG202003187AR
16/03/2020 10:54:14 AM - Inserir Historico EMARG202003188AR
16/03/2020 10:54:14 AM - Insert with success EMARG202003188AR
16/03/2020 10:54:26 AM - Inserir Historico EMARG202003189AR
16/03/2020 10:54:26 AM - Insert with success EMARG202003189AR
16/03/2020 10:54:37 AM - Inserir Historico EMARG202003190AR
16/03/2020 10:54:38 AM - Insert with success EMARG202003190AR
16/03/2020 10:54:49 AM - Inserir Historico EMARG202003191AR
16/03/2020 10:54:50 AM - Insert with success EMARG202003191AR
16/03/2020 10:55:01 AM - Inserir Historico EMARG202003192AR
16/03/2020 10:55:01 AM - Insert with success EMARG202003192AR
16/03/2020 10:55:13 AM - Inserir Historico EMARG202003193AR
16/03/2020 10:55:13 AM - Insert with success EMARG202003193AR
16/03/2020 10:55:25 AM - Inserir Historico EMARG202003194AR
16/03/2020 10:55:25 AM - Insert with success EMARG202003194AR
16/03/2020 10:55:37 AM - Inserir Historico EMARG202003195AR
16/03/2020 10:55:37 AM - Insert with success EMARG202003195AR
16/03/2020 10:55:48 AM - Inserir Historico EMARG202003196AR
16/03/2020 10:55:49 AM - Insert with success EMARG202003196AR
16/03/2020 10:56:00 AM - Inserir Historico EMARG202003197AR
16/03/2020 10:56:00 AM - Insert with success EMARG202003197AR
16/03/2020 10:56:12 AM - Inserir Historico EMARG202003198AR
16/03/2020 10:56:12 AM - Insert with success EMARG202003198AR
16/03/2020 10:56:24 AM - Inserir Historico EMARG202003199AR
16/03/2020 10:56:24 AM - Insert with success EMARG202003199AR
16/03/2020 10:56:35 AM - Inserir Historico EMARG202003200AR
16/03/2020 10:56:36 AM - Insert with success EMARG202003200AR
16/03/2020 10:56:46 AM - Inserir Historico EMARG202003201AR
16/03/2020 10:56:46 AM - Insert with success EMARG202003201AR
16/03/2020 10:56:56 AM - Inserir Historico EMARG202003202AR
16/03/2020 10:56:56 AM - Insert with success EMARG202003202AR
16/03/2020 10:57:07 AM - Inserir Historico EMARG202003203AR
16/03/2020 10:57:07 AM - Insert with success EMARG202003203AR
16/03/2020 10:57:17 AM - Inserir Historico EMARG202003204AR
16/03/2020 10:57:17 AM - Insert with success EMARG202003204AR
16/03/2020 10:57:27 AM - Inserir Historico EMARG202003205AR
16/03/2020 10:57:27 AM - Insert with success EMARG202003205AR
16/03/2020 10:57:37 AM - Inserir Historico EMARG202003206AR
16/03/2020 10:57:37 AM - Insert with success EMARG202003206AR
16/03/2020 10:57:47 AM - Inserir Historico EMARG202003207AR
16/03/2020 10:57:48 AM - Insert with success EMARG202003207AR
16/03/2020 10:57:58 AM - Inserir Historico EMARG202003208AR
16/03/2020 10:57:58 AM - Insert with success EMARG202003208AR
16/03/2020 10:58:08 AM - Inserir Historico EMARG202003209AR
16/03/2020 10:58:08 AM - Insert with success EMARG202003209AR
16/03/2020 10:58:18 AM - Inserir Historico EMARG202003210AR
16/03/2020 10:58:18 AM - Insert with success EMARG202003210AR
16/03/2020 10:58:28 AM - Inserir Historico EMARG202003211AR
16/03/2020 10:58:28 AM - Insert with success EMARG202003211AR
16/03/2020 10:58:38 AM - Inserir Historico EMARG202003212AR
16/03/2020 10:58:39 AM - Insert with success EMARG202003212AR
16/03/2020 10:58:49 AM - Inserir Historico EMARG202003213AR
16/03/2020 10:58:49 AM - Insert with success EMARG202003213AR
16/03/2020 10:58:59 AM - Inserir Historico EMARG202003214AR
16/03/2020 10:58:59 AM - Insert with success EMARG202003214AR
16/03/2020 10:59:10 AM - Inserir Historico EMARG202003215AR
16/03/2020 10:59:10 AM - Insert with success EMARG202003215AR
16/03/2020 10:59:22 AM - Inserir Historico EMARG202002213AR
16/03/2020 10:59:22 AM - Insert with success EMARG202002213AR
16/03/2020 10:59:35 AM - Inserir Historico EMARG202002214AR
16/03/2020 10:59:35 AM - Insert with success EMARG202002214AR
16/03/2020 10:59:48 AM - Inserir Historico EMARG202002215AR
16/03/2020 10:59:48 AM - Insert with success EMARG202002215AR
16/03/2020 11:00:01 AM - Inserir Historico EMARG202002216AR
16/03/2020 11:00:02 AM - Insert with success EMARG202002216AR
16/03/2020 11:00:17 AM - Inserir Historico EMARG202002218AR
16/03/2020 11:00:17 AM - Insert with success EMARG202002218AR
16/03/2020 11:00:31 AM - Inserir Historico EMARG202002262AR
16/03/2020 11:00:31 AM - Insert with success EMARG202002262AR
16/03/2020 11:00:49 AM - Inserir Historico EMARG202002263AR
16/03/2020 11:00:49 AM - Insert with success EMARG202002263AR
16/03/2020 11:01:05 AM - Inserir Historico EMARG202002294AR
16/03/2020 11:01:05 AM - Insert with success EMARG202002294AR
16/03/2020 11:01:24 AM - Inserir Historico EMARG202002146AR
16/03/2020 11:01:24 AM - Insert with success EMARG202002146AR
16/03/2020 11:01:41 AM - Inserir Historico EMARG202002147AR
16/03/2020 11:01:41 AM - Insert with success EMARG202002147AR
16/03/2020 11:02:00 AM - Inserir Historico EMARG202002224AR
16/03/2020 11:02:00 AM - Insert with success EMARG202002224AR
16/03/2020 11:02:25 AM - Inserir Historico EMARG202002225AR
16/03/2020 11:02:26 AM - Insert with success EMARG202002225AR
16/03/2020 11:02:45 AM - Inserir Historico EMARG202002226AR
16/03/2020 11:02:45 AM - Insert with success EMARG202002226AR
16/03/2020 11:03:00 AM - Inserir Historico EMARG202001218AR
16/03/2020 11:03:00 AM - Insert with success EMARG202001218AR
16/03/2020 11:03:15 AM - Inserir Historico EMARG202001219AR
16/03/2020 11:03:15 AM - Insert with success EMARG202001219AR
16/03/2020 11:03:35 AM - Inserir Historico EMARG202002198AR
16/03/2020 11:03:35 AM - Insert with success EMARG202002198AR
16/03/2020 11:03:57 AM - Inserir Historico EMARG202003031AR
16/03/2020 11:03:57 AM - Insert with success EMARG202003031AR
16/03/2020 11:04:11 AM - Inserir Historico EMARG202002142AR
16/03/2020 11:04:12 AM - Insert with success EMARG202002142AR
16/03/2020 11:04:26 AM - Inserir Historico EMARG202002259AR
16/03/2020 11:04:26 AM - Insert with success EMARG202002259AR
16/03/2020 11:04:42 AM - Inserir Historico EMARG202002256AR
16/03/2020 11:04:42 AM - Insert with success EMARG202002256AR
16/03/2020 11:04:58 AM - Inserir Historico EMARG202002257AR
16/03/2020 11:04:58 AM - Insert with success EMARG202002257AR
16/03/2020 11:05:15 AM - Inserir Historico EMARG202002258AR
16/03/2020 11:05:15 AM - Insert with success EMARG202002258AR
16/03/2020 11:05:30 AM - Inserir Historico EMARG202002305AR
16/03/2020 11:05:30 AM - Insert with success EMARG202002305AR
16/03/2020 11:05:45 AM - Inserir Historico EMARG202002306AR
16/03/2020 11:05:45 AM - Insert with success EMARG202002306AR
16/03/2020 11:06:04 AM - Inserir Historico EMARG202002299AR
16/03/2020 11:06:04 AM - Insert with success EMARG202002299AR
16/03/2020 11:06:23 AM - Inserir Historico EMARG202002300AR
16/03/2020 11:06:23 AM - Insert with success EMARG202002300AR
16/03/2020 11:06:41 AM - Inserir Historico EMARG202002301AR
16/03/2020 11:06:42 AM - Insert with success EMARG202002301AR
16/03/2020 11:06:59 AM - Inserir Historico EMARG202002266AR
16/03/2020 11:06:59 AM - Insert with success EMARG202002266AR
16/03/2020 11:07:15 AM - Inserir Historico EMARG202002268AR
16/03/2020 11:07:16 AM - Insert with success EMARG202002268AR
16/03/2020 11:07:31 AM - Inserir Historico EMARG202002102AR
16/03/2020 11:07:31 AM - Insert with success EMARG202002102AR
16/03/2020 11:07:46 AM - Inserir Historico EMARG202002241AR
16/03/2020 11:07:46 AM - Insert with success EMARG202002241AR
16/03/2020 11:07:59 AM - Inserir Historico EMARG202002242AR
16/03/2020 11:07:59 AM - Insert with success EMARG202002242AR
16/03/2020 11:08:14 AM - Inserir Historico EMARG202002271AR
16/03/2020 11:08:14 AM - Insert with success EMARG202002271AR
16/03/2020 11:08:27 AM - Inserir Historico EMARG202003001AR
16/03/2020 11:08:27 AM - Insert with success EMARG202003001AR
16/03/2020 11:08:40 AM - Inserir Historico EMARG202003002AR
16/03/2020 11:08:40 AM - Insert with success EMARG202003002AR
16/03/2020 11:08:52 AM - Inserir Historico EMARG202003003AR
16/03/2020 11:08:53 AM - Insert with success EMARG202003003AR
16/03/2020 11:09:08 AM - Inserir Historico EMARG202003009AR
16/03/2020 11:09:08 AM - Insert with success EMARG202003009AR
16/03/2020 11:09:23 AM - Inserir Historico EMARG202003010AR
16/03/2020 11:09:23 AM - Insert with success EMARG202003010AR
16/03/2020 11:09:38 AM - Inserir Historico EMARG202002274AR
16/03/2020 11:09:38 AM - Insert with success EMARG202002274AR
16/03/2020 11:09:53 AM - Inserir Historico EMARG202003011AR
16/03/2020 11:09:53 AM - Insert with success EMARG202003011AR
16/03/2020 11:10:08 AM - Inserir Historico EMARG202002188AR
16/03/2020 11:10:08 AM - Insert with success EMARG202002188AR
16/03/2020 11:10:23 AM - Inserir Historico EMARG202002189AR
16/03/2020 11:10:23 AM - Insert with success EMARG202002189AR
16/03/2020 11:10:36 AM - Inserir Historico EMARG202002190AR
16/03/2020 11:10:36 AM - Insert with success EMARG202002190AR
16/03/2020 11:10:49 AM - Inserir Historico EMARG202002191AR
16/03/2020 11:10:49 AM - Insert with success EMARG202002191AR
16/03/2020 11:11:04 AM - Inserir Historico EMARG202002192AR
16/03/2020 11:11:04 AM - Insert with success EMARG202002192AR
16/03/2020 11:11:16 AM - Inserir Historico EMARG202002273AR
16/03/2020 11:11:17 AM - Insert with success EMARG202002273AR
16/03/2020 11:11:29 AM - Inserir Historico EMARG202002284AR
16/03/2020 11:11:29 AM - Insert with success EMARG202002284AR
16/03/2020 11:11:42 AM - Inserir Historico EMARG202002275AR
16/03/2020 11:11:42 AM - Insert with success EMARG202002275AR
16/03/2020 11:11:55 AM - Inserir Historico EMARG202002276AR
16/03/2020 11:11:55 AM - Insert with success EMARG202002276AR
16/03/2020 11:12:08 AM - Inserir Historico EMARG202002277AR
16/03/2020 11:12:08 AM - Insert with success EMARG202002277AR
16/03/2020 11:12:21 AM - Inserir Historico EMARG202002278AR
16/03/2020 11:12:21 AM - Insert with success EMARG202002278AR
16/03/2020 11:12:34 AM - Inserir Historico EMARG202002235AR
16/03/2020 11:12:34 AM - Insert with success EMARG202002235AR
16/03/2020 11:12:47 AM - Inserir Historico EMARG202002236AR
16/03/2020 11:12:47 AM - Insert with success EMARG202002236AR
16/03/2020 11:12:59 AM - Inserir Historico EMARG202002239AR
16/03/2020 11:12:59 AM - Insert with success EMARG202002239AR
16/03/2020 11:13:12 AM - Inserir Historico EMARG202002240AR
16/03/2020 11:13:12 AM - Insert with success EMARG202002240AR
16/03/2020 11:13:25 AM - Inserir Historico EMARG202003004AR
16/03/2020 11:13:25 AM - Insert with success EMARG202003004AR
16/03/2020 11:13:38 AM - Inserir Historico EMARG202003005AR
16/03/2020 11:13:38 AM - Insert with success EMARG202003005AR
16/03/2020 11:13:50 AM - Inserir Historico EMARG202003006AR
16/03/2020 11:13:51 AM - Insert with success EMARG202003006AR
16/03/2020 11:14:03 AM - Inserir Historico EMARG202002280AR
16/03/2020 11:14:03 AM - Insert with success EMARG202002280AR
16/03/2020 11:14:16 AM - Inserir Historico EMARG202002279AR
16/03/2020 11:14:16 AM - Insert with success EMARG202002279AR
16/03/2020 11:14:29 AM - Inserir Historico EMARG202002281AR
16/03/2020 11:14:29 AM - Insert with success EMARG202002281AR
16/03/2020 11:14:42 AM - Inserir Historico EMARG202002282AR
16/03/2020 11:14:42 AM - Insert with success EMARG202002282AR
16/03/2020 11:14:55 AM - Inserir Historico EMARG202002283AR
16/03/2020 11:14:55 AM - Insert with success EMARG202002283AR
16/03/2020 11:15:07 AM - Inserir Historico EMARG202002302AR
16/03/2020 11:15:07 AM - Insert with success EMARG202002302AR
16/03/2020 11:15:20 AM - Inserir Historico EMARG202002303AR
16/03/2020 11:15:20 AM - Insert with success EMARG202002303AR
16/03/2020 11:15:32 AM - Inserir Historico EMARG202002304AR
16/03/2020 11:15:32 AM - Insert with success EMARG202002304AR
16/03/2020 11:15:44 AM - Inserir Historico EMARG202003025AR
16/03/2020 11:15:45 AM - Insert with success EMARG202003025AR
16/03/2020 11:15:59 AM - Inserir Historico EMARG202003026AR
16/03/2020 11:16:00 AM - Insert with success EMARG202003026AR
16/03/2020 11:16:14 AM - Inserir Historico EMARG202003027AR
16/03/2020 11:16:15 AM - Insert with success EMARG202003027AR
16/03/2020 11:16:32 AM - Inserir Historico EMARG202002199AR
16/03/2020 11:16:32 AM - Insert with success EMARG202002199AR
16/03/2020 11:16:44 AM - Inserir Historico EMARG202002260AR
16/03/2020 11:16:44 AM - Insert with success EMARG202002260AR
16/03/2020 11:16:57 AM - Inserir Historico EMARG202002261AR
16/03/2020 11:16:58 AM - Insert with success EMARG202002261AR
16/03/2020 11:17:11 AM - Inserir Historico EMARG202002264AR
16/03/2020 11:17:11 AM - Insert with success EMARG202002264AR
16/03/2020 11:17:24 AM - Inserir Historico EMARG202002265AR
16/03/2020 11:17:24 AM - Insert with success EMARG202002265AR
16/03/2020 11:17:38 AM - Inserir Historico EMARG202002144AR
16/03/2020 11:17:38 AM - Insert with success EMARG202002144AR
16/03/2020 11:17:49 AM - Inserir Historico EMARG202002024AR
16/03/2020 11:17:50 AM - Insert with success EMARG202002024AR
16/03/2020 11:18:00 AM - Inserir Historico EMARG202002207AR
16/03/2020 11:18:00 AM - Insert with success EMARG202002207AR
16/03/2020 11:18:10 AM - Inserir Historico EMARG202002208AR
16/03/2020 11:18:10 AM - Insert with success EMARG202002208AR
16/03/2020 11:18:20 AM - Inserir Historico EMARG202002194AR
16/03/2020 11:18:21 AM - Insert with success EMARG202002194AR
16/03/2020 11:18:34 AM - Inserir Historico EMARG202002243AR
16/03/2020 11:18:35 AM - Insert with success EMARG202002243AR
16/03/2020 11:18:47 AM - Inserir Historico EMARG202002253AR
16/03/2020 11:18:48 AM - Insert with success EMARG202002253AR
16/03/2020 11:19:00 AM - Inserir Historico EMARG202002254AR
16/03/2020 11:19:00 AM - Insert with success EMARG202002254AR
16/03/2020 11:19:12 AM - Inserir Historico EMARG202002255AR
16/03/2020 11:19:12 AM - Insert with success EMARG202002255AR
16/03/2020 11:19:23 AM - Inserir Historico EMARG202003053AR
16/03/2020 11:19:23 AM - Insert with success EMARG202003053AR
16/03/2020 11:19:34 AM - Inserir Historico IMBRN201908002AR
16/03/2020 11:19:34 AM - Insert with success IMBRN201908002AR
16/03/2020 11:19:42 AM - Inserir Historico IMCRE201912002AR
16/03/2020 11:19:42 AM - Insert with success IMCRE201912002AR
16/03/2020 11:19:52 AM - Inserir Historico EOARG201911231AR
16/03/2020 11:19:52 AM - Insert with success EOARG201911231AR
16/03/2020 11:20:03 AM - Inserir Historico IMSLT202002006AR
16/03/2020 11:20:03 AM - Insert with success IMSLT202002006AR
16/03/2020 11:20:13 AM - Inserir Historico IOARG202003002AR
16/03/2020 11:20:13 AM - Insert with success IOARG202003002AR
16/03/2020 11:20:19 AM - Inserir Historico EMFLT202003005AR
16/03/2020 11:20:19 AM - Insert with success EMFLT202003005AR
16/03/2020 11:20:30 AM - Inserir Historico IMSLT202002005AR
16/03/2020 11:20:30 AM - Insert with success IMSLT202002005AR
16/03/2020 11:20:36 AM - Inserir Historico EMFLT202002015AR
16/03/2020 11:20:37 AM - Insert with success EMFLT202002015AR
16/03/2020 11:20:43 AM - Inserir Historico EMFLT202002014AR
16/03/2020 11:20:43 AM - Insert with success EMFLT202002014AR
16/03/2020 11:20:49 AM - Inserir Historico EMFLT202001030AR
16/03/2020 11:20:50 AM - Insert with success EMFLT202001030AR
16/03/2020 11:20:59 AM - Inserir Historico EOUNI202003010AR
16/03/2020 11:20:59 AM - Insert with success EOUNI202003010AR
16/03/2020 11:21:11 AM - Inserir Historico IMARG202001040AR
16/03/2020 11:21:11 AM - Insert with success IMARG202001040AR
16/03/2020 11:21:20 AM - Inserir Historico EOUNI202003009AR
16/03/2020 11:21:20 AM - Insert with success EOUNI202003009AR
16/03/2020 11:21:30 AM - Inserir Historico EOARG202003056AR
16/03/2020 11:21:30 AM - Insert with success EOARG202003056AR
16/03/2020 11:21:39 AM - Inserir Historico IAARG202001006AR
16/03/2020 11:21:39 AM - Insert with success IAARG202001006AR
16/03/2020 11:21:49 AM - Inserir Historico EOARG202003051AR
16/03/2020 11:21:49 AM - Insert with success EOARG202003051AR
16/03/2020 11:21:59 AM - Inserir Historico EOUNI202001033AR
16/03/2020 11:22:00 AM - Insert with success EOUNI202001033AR
16/03/2020 11:22:09 AM - Inserir Historico EOARG202003072AR
16/03/2020 11:22:09 AM - Insert with success EOARG202003072AR
16/03/2020 11:22:19 AM - Inserir Historico EOUNI202003011AR
16/03/2020 11:22:19 AM - Insert with success EOUNI202003011AR
16/03/2020 11:22:32 AM - Inserir Historico IMARG201912078AR
16/03/2020 11:22:32 AM - Insert with success IMARG201912078AR
16/03/2020 11:22:42 AM - Inserir Historico EOARG202003039AR
16/03/2020 11:22:42 AM - Insert with success EOARG202003039AR
16/03/2020 11:22:52 AM - Inserir Historico EOARG202003041AR
16/03/2020 11:22:52 AM - Insert with success EOARG202003041AR
16/03/2020 11:23:02 AM - Inserir Historico EOUNI202001032AR
16/03/2020 11:23:02 AM - Insert with success EOUNI202001032AR
16/03/2020 11:23:16 AM - Inserir Historico IMNOV202002002AR
16/03/2020 11:23:17 AM - Insert with success IMNOV202002002AR
16/03/2020 11:23:23 AM - Inserir Historico IMARG202003090AR
16/03/2020 11:23:23 AM - Insert with success IMARG202003090AR
16/03/2020 11:23:34 AM - Inserir Historico IMBRN202003006AR
16/03/2020 11:23:34 AM - Insert with success IMBRN202003006AR
16/03/2020 11:23:43 AM - Inserir Historico EMFLT202002023AR
16/03/2020 11:23:43 AM - Insert with success EMFLT202002023AR
16/03/2020 11:23:48 AM - Inserir Historico IAFLT202003009AR
16/03/2020 11:23:48 AM - Insert with success IAFLT202003009AR
16/03/2020 11:23:54 AM - Inserir Historico EMFLT202002002AR
16/03/2020 11:23:54 AM - Insert with success EMFLT202002002AR
16/03/2020 11:24:04 AM - Inserir Historico EOUNI202003008AR
16/03/2020 11:24:04 AM - Insert with success EOUNI202003008AR
16/03/2020 11:24:10 AM - Inserir Historico EMFLT202001024AR
16/03/2020 11:24:10 AM - Insert with success EMFLT202001024AR
16/03/2020 11:24:22 AM - Inserir Historico IMCHP202002012AR
16/03/2020 11:24:22 AM - Insert with success IMCHP202002012AR
16/03/2020 11:24:33 AM - Inserir Historico IMCHP202002013AR
16/03/2020 11:24:33 AM - Insert with success IMCHP202002013AR
16/03/2020 11:24:44 AM - Inserir Historico IMCHP202002014AR
16/03/2020 11:24:44 AM - Insert with success IMCHP202002014AR
16/03/2020 11:24:51 AM - Inserir Historico EMFLT202001031AR
16/03/2020 11:24:51 AM - Insert with success EMFLT202001031AR
16/03/2020 11:25:02 AM - Inserir Historico IMCHP202002015AR
16/03/2020 11:25:02 AM - Insert with success IMCHP202002015AR
16/03/2020 11:25:13 AM - Inserir Historico IMCHP202002016AR
16/03/2020 11:25:13 AM - Insert with success IMCHP202002016AR
16/03/2020 11:25:24 AM - Inserir Historico IMCHP202003002AR
16/03/2020 11:25:25 AM - Insert with success IMCHP202003002AR
16/03/2020 11:25:36 AM - Inserir Historico IMCHP202003010AR
16/03/2020 11:25:36 AM - Insert with success IMCHP202003010AR
16/03/2020 11:25:47 AM - Inserir Historico IMCHP202003001AR
16/03/2020 11:25:47 AM - Insert with success IMCHP202003001AR
16/03/2020 11:25:53 AM - Inserir Historico EMFLT202001029AR
16/03/2020 11:25:54 AM - Insert with success EMFLT202001029AR
16/03/2020 11:26:00 AM - Inserir Historico EMFLT202001023AR
16/03/2020 11:26:00 AM - Insert with success EMFLT202001023AR
16/03/2020 11:26:07 AM - Inserir Historico EMFLT202001026AR
16/03/2020 11:26:08 AM - Insert with success EMFLT202001026AR
16/03/2020 11:26:18 AM - Inserir Historico EMFLT202002026AR
16/03/2020 11:26:18 AM - Insert with success EMFLT202002026AR
16/03/2020 11:26:25 AM - Inserir Historico EMFLT201912017AR
16/03/2020 11:26:25 AM - Insert with success EMFLT201912017AR
16/03/2020 11:26:33 AM - Inserir Historico EMFLT201912018AR
16/03/2020 11:26:33 AM - Insert with success EMFLT201912018AR
16/03/2020 11:26:42 AM - Inserir Historico EOUNI202003002AR
16/03/2020 11:26:43 AM - Insert with success EOUNI202003002AR
16/03/2020 11:26:52 AM - Inserir Historico EOUNI202003001AR
16/03/2020 11:26:52 AM - Insert with success EOUNI202003001AR
16/03/2020 11:26:59 AM - Inserir Historico EMFLT202001005AR
16/03/2020 11:26:59 AM - Insert with success EMFLT202001005AR
16/03/2020 11:27:09 AM - Inserir Historico EMARG202003216AR
16/03/2020 11:27:09 AM - Insert with success EMARG202003216AR
16/03/2020 11:27:14 AM - Inserir Historico IAFLT202003010AR
16/03/2020 11:27:14 AM - Insert with success IAFLT202003010AR
16/03/2020 11:27:25 AM - Inserir Historico IMCHP202003014AR
16/03/2020 11:27:25 AM - Insert with success IMCHP202003014AR
16/03/2020 11:31:49 AM - Inserir Historico EMARG202003217AR
16/03/2020 11:31:49 AM - Insert with success EMARG202003217AR
16/03/2020 11:32:01 AM - Inserir Historico IMSLT202001001AR
16/03/2020 11:32:02 AM - Insert with success IMSLT202001001AR
16/03/2020 11:32:17 AM - Inserir Historico EOARG202003110AR
16/03/2020 11:32:17 AM - Insert with success EOARG202003110AR
16/03/2020 11:32:26 AM - Inserir Historico EOARG202003114AR
16/03/2020 11:32:27 AM - Insert with success EOARG202003114AR
16/03/2020 11:32:36 AM - Inserir Historico EOARG202003115AR
16/03/2020 11:32:37 AM - Insert with success EOARG202003115AR
16/03/2020 11:32:46 AM - Inserir Historico EOARG202003116AR
16/03/2020 11:32:46 AM - Insert with success EOARG202003116AR
16/03/2020 11:32:56 AM - Inserir Historico EOARG202003119AR
16/03/2020 11:32:56 AM - Insert with success EOARG202003119AR
16/03/2020 11:33:05 AM - Inserir Historico EOARG202003120AR
16/03/2020 11:33:06 AM - Insert with success EOARG202003120AR
16/03/2020 11:33:15 AM - Inserir Historico EOARG202003121AR
16/03/2020 11:33:15 AM - Insert with success EOARG202003121AR
16/03/2020 11:33:25 AM - Inserir Historico EOARG202003122AR
16/03/2020 11:33:25 AM - Insert with success EOARG202003122AR
16/03/2020 11:33:35 AM - Inserir Historico EOUNI202003013AR
16/03/2020 11:33:35 AM - Insert with success EOUNI202003013AR
16/03/2020 11:33:46 AM - Inserir Historico IMARG202003071AR
16/03/2020 11:33:46 AM - Insert with success IMARG202003071AR
16/03/2020 11:33:58 AM - Inserir Historico IMARG202003044AR
16/03/2020 11:33:58 AM - Insert with success IMARG202003044AR
16/03/2020 11:34:09 AM - Inserir Historico IMARG202003043AR
16/03/2020 11:34:09 AM - Insert with success IMARG202003043AR
16/03/2020 11:34:21 AM - Inserir Historico IMARG202003041AR
16/03/2020 11:34:21 AM - Insert with success IMARG202003041AR
16/03/2020 11:34:32 AM - Inserir Historico IMARG202003037AR
16/03/2020 11:34:32 AM - Insert with success IMARG202003037AR
16/03/2020 11:34:44 AM - Inserir Historico IMARG202003014AR
16/03/2020 11:34:44 AM - Insert with success IMARG202003014AR
16/03/2020 11:34:56 AM - Inserir Historico IMARG202003066AR
16/03/2020 11:34:56 AM - Insert with success IMARG202003066AR
16/03/2020 11:35:07 AM - Inserir Historico IMARG202003065AR
16/03/2020 11:35:07 AM - Insert with success IMARG202003065AR
16/03/2020 11:35:19 AM - Inserir Historico IMARG202003057AR
16/03/2020 11:35:19 AM - Insert with success IMARG202003057AR
16/03/2020 11:35:30 AM - Inserir Historico IMARG202003039AR
16/03/2020 11:35:30 AM - Insert with success IMARG202003039AR
16/03/2020 11:35:42 AM - Inserir Historico IMARG202003036AR
16/03/2020 11:35:42 AM - Insert with success IMARG202003036AR
16/03/2020 11:35:55 AM - Inserir Historico IMARG202003027AR
16/03/2020 11:35:55 AM - Insert with success IMARG202003027AR
16/03/2020 11:36:08 AM - Inserir Historico IMARG202003026AR
16/03/2020 11:36:08 AM - Insert with success IMARG202003026AR
16/03/2020 11:36:19 AM - Inserir Historico IMARG202003025AR
16/03/2020 11:36:20 AM - Insert with success IMARG202003025AR
16/03/2020 11:36:31 AM - Inserir Historico IMARG202003011AR
16/03/2020 11:36:31 AM - Insert with success IMARG202003011AR
16/03/2020 11:36:43 AM - Inserir Historico IMARG202003008AR
16/03/2020 11:36:43 AM - Insert with success IMARG202003008AR
16/03/2020 11:36:55 AM - Inserir Historico IMARG202003013AR
16/03/2020 11:36:55 AM - Insert with success IMARG202003013AR
16/03/2020 11:37:07 AM - Inserir Historico EOARG202003109AR
16/03/2020 11:37:07 AM - Insert with success EOARG202003109AR
16/03/2020 11:37:17 AM - Inserir Historico EOARG202003118AR
16/03/2020 11:37:17 AM - Insert with success EOARG202003118AR
16/03/2020 11:37:29 AM - Inserir Historico EMARG202003084AR
16/03/2020 11:37:30 AM - Insert with success EMARG202003084AR
16/03/2020 11:37:39 AM - Inserir Historico EOUNI202003014AR
16/03/2020 11:37:39 AM - Insert with success EOUNI202003014AR
16/03/2020 11:37:50 AM - Inserir Historico EMARG202003029AR
16/03/2020 11:37:50 AM - Insert with success EMARG202003029AR
16/03/2020 11:38:05 AM - Inserir Historico EMARG202003031AR
16/03/2020 11:38:05 AM - Insert with success EMARG202003031AR
16/03/2020 11:38:12 AM - Inserir Historico EMFLT202001013AR
16/03/2020 11:38:12 AM - Insert with success EMFLT202001013AR
16/03/2020 11:38:20 AM - Inserir Historico IMSOL202001014AR
16/03/2020 11:38:20 AM - Insert with success IMSOL202001014AR
16/03/2020 11:38:27 AM - Inserir Historico EMFLT202001012AR
16/03/2020 11:38:27 AM - Insert with success EMFLT202001012AR
16/03/2020 11:38:39 AM - Inserir Historico EMARG202003048AR
16/03/2020 11:38:39 AM - Insert with success EMARG202003048AR
16/03/2020 11:38:53 AM - Inserir Historico EMARG202003047AR
16/03/2020 11:38:53 AM - Insert with success EMARG202003047AR
16/03/2020 11:39:03 AM - Inserir Historico EOUNI202003010AR
16/03/2020 11:39:03 AM - Insert with success EOUNI202003010AR
16/03/2020 11:39:08 AM - Inserir Historico IMBRN202003007AR
16/03/2020 11:39:08 AM - Insert with success IMBRN202003007AR
16/03/2020 11:39:21 AM - Inserir Historico EMARG202002213AR
16/03/2020 11:39:21 AM - Insert with success EMARG202002213AR
16/03/2020 11:39:33 AM - Inserir Historico EMARG202002262AR
16/03/2020 11:39:33 AM - Insert with success EMARG202002262AR
16/03/2020 11:39:41 AM - Inserir Historico IMSOL202003001AR
16/03/2020 11:39:41 AM - Insert with success IMSOL202003001AR
16/03/2020 11:39:54 AM - Inserir Historico EMARG202002263AR
16/03/2020 11:39:54 AM - Insert with success EMARG202002263AR
16/03/2020 11:40:05 AM - Inserir Historico IMPME202001003AR
16/03/2020 11:40:05 AM - Insert with success IMPME202001003AR
16/03/2020 12:26:46 PM - Inserir Historico EMARG202002146AR
16/03/2020 12:26:46 PM - Insert with success EMARG202002146AR
16/03/2020 12:27:03 PM - Inserir Historico EMARG202002147AR
16/03/2020 12:27:03 PM - Insert with success EMARG202002147AR
16/03/2020 12:27:16 PM - Inserir Historico EMARG202002216AR
16/03/2020 12:27:16 PM - Insert with success EMARG202002216AR
16/03/2020 12:27:22 PM - Inserir Historico IMFLT202003032AR
16/03/2020 12:27:23 PM - Insert with success IMFLT202003032AR
16/03/2020 12:27:32 PM - Inserir Historico EOUNI202003016AR
16/03/2020 12:27:32 PM - Insert with success EOUNI202003016AR
16/03/2020 12:27:38 PM - Inserir Historico IMSOL202003008AR
16/03/2020 12:27:38 PM - Insert with success IMSOL202003008AR
16/03/2020 12:27:44 PM - Inserir Historico IMFLT202003001AR
16/03/2020 12:27:44 PM - Insert with success IMFLT202003001AR
16/03/2020 12:27:56 PM - Inserir Historico IMARG202003010AR
16/03/2020 12:27:56 PM - Insert with success IMARG202003010AR
16/03/2020 12:28:07 PM - Inserir Historico IMARG202003068AR
16/03/2020 12:28:07 PM - Insert with success IMARG202003068AR
16/03/2020 12:28:14 PM - Inserir Historico IMFLT202003016AR
16/03/2020 12:28:14 PM - Insert with success IMFLT202003016AR
16/03/2020 12:28:20 PM - Inserir Historico IMFLT202002088AR
16/03/2020 12:28:20 PM - Insert with success IMFLT202002088AR
16/03/2020 12:28:27 PM - Inserir Historico IMFLT202002090AR
16/03/2020 12:28:27 PM - Insert with success IMFLT202002090AR
16/03/2020 12:28:38 PM - Inserir Historico IMARG202003064AR
16/03/2020 12:28:38 PM - Insert with success IMARG202003064AR
16/03/2020 12:28:50 PM - Inserir Historico IMARG202003035AR
16/03/2020 12:28:50 PM - Insert with success IMARG202003035AR
16/03/2020 12:29:01 PM - Inserir Historico IMARG202003034AR
16/03/2020 12:29:01 PM - Insert with success IMARG202003034AR
16/03/2020 12:29:12 PM - Inserir Historico IMARG202003032AR
16/03/2020 12:29:12 PM - Insert with success IMARG202003032AR
16/03/2020 12:29:24 PM - Inserir Historico IMARG202003029AR
16/03/2020 12:29:24 PM - Insert with success IMARG202003029AR
16/03/2020 12:29:35 PM - Inserir Historico IMARG202003028AR
16/03/2020 12:29:36 PM - Insert with success IMARG202003028AR
16/03/2020 12:29:42 PM - Inserir Historico IMFLT202003003AR
16/03/2020 12:29:42 PM - Insert with success IMFLT202003003AR
16/03/2020 12:29:54 PM - Inserir Historico IMARG202003012AR
16/03/2020 12:29:55 PM - Insert with success IMARG202003012AR
16/03/2020 12:30:06 PM - Inserir Historico IMARG202003007AR
16/03/2020 12:30:06 PM - Insert with success IMARG202003007AR
16/03/2020 12:30:13 PM - Inserir Historico IMFLT202002093AR
16/03/2020 12:30:13 PM - Insert with success IMFLT202002093AR
16/03/2020 12:30:19 PM - Inserir Historico IMSOL202003010AR
16/03/2020 12:30:19 PM - Insert with success IMSOL202003010AR
16/03/2020 12:30:26 PM - Inserir Historico IMFLT202002075AR
16/03/2020 12:30:27 PM - Insert with success IMFLT202002075AR
16/03/2020 12:30:33 PM - Inserir Historico IMFLT202002089AR
16/03/2020 12:30:33 PM - Insert with success IMFLT202002089AR
16/03/2020 12:30:40 PM - Inserir Historico IMFLT202002076AR
16/03/2020 12:30:40 PM - Insert with success IMFLT202002076AR
16/03/2020 12:30:49 PM - Inserir Historico IMFLT202002097AR
16/03/2020 12:30:49 PM - Insert with success IMFLT202002097AR
16/03/2020 12:30:56 PM - Inserir Historico IMFLT202002079AR
16/03/2020 12:30:56 PM - Insert with success IMFLT202002079AR
16/03/2020 12:31:02 PM - Inserir Historico IMFLT202002085AR
16/03/2020 12:31:03 PM - Insert with success IMFLT202002085AR
16/03/2020 12:31:09 PM - Inserir Historico IMFLT202002077AR
16/03/2020 12:31:09 PM - Insert with success IMFLT202002077AR
16/03/2020 12:31:15 PM - Inserir Historico IMFLT202002084AR
16/03/2020 12:31:16 PM - Insert with success IMFLT202002084AR
16/03/2020 12:31:23 PM - Inserir Historico IMFLT202003008AR
16/03/2020 12:31:23 PM - Insert with success IMFLT202003008AR
16/03/2020 12:31:34 PM - Inserir Historico IMBRN202003007AR
16/03/2020 12:31:35 PM - Insert with success IMBRN202003007AR
16/03/2020 12:31:43 PM - Inserir Historico IMFLT202003012AR
16/03/2020 12:31:44 PM - Insert with success IMFLT202003012AR
16/03/2020 12:31:51 PM - Inserir Historico IMFLT202003007AR
16/03/2020 12:31:51 PM - Insert with success IMFLT202003007AR
16/03/2020 12:32:02 PM - Inserir Historico IMFLT202002059AR
16/03/2020 12:32:02 PM - Insert with success IMFLT202002059AR
16/03/2020 12:32:08 PM - Inserir Historico IMFLT202002080AR
16/03/2020 12:32:08 PM - Insert with success IMFLT202002080AR
16/03/2020 12:32:18 PM - Inserir Historico EOARG202003128AR
16/03/2020 12:32:18 PM - Insert with success EOARG202003128AR
16/03/2020 12:32:29 PM - Inserir Historico IMBRN202003008AR
16/03/2020 12:32:29 PM - Insert with success IMBRN202003008AR
16/03/2020 12:32:38 PM - Inserir Historico IMFLT202002099AR
16/03/2020 12:32:39 PM - Insert with success IMFLT202002099AR
16/03/2020 12:32:46 PM - Inserir Historico IMFLT202001105AR
16/03/2020 12:32:47 PM - Insert with success IMFLT202001105AR
16/03/2020 12:32:53 PM - Inserir Historico IMFLT202002087AR
16/03/2020 12:32:53 PM - Insert with success IMFLT202002087AR
16/03/2020 12:32:59 PM - Inserir Historico IMSOL202003009AR
16/03/2020 12:32:59 PM - Insert with success IMSOL202003009AR
16/03/2020 12:33:05 PM - Inserir Historico IMFLT202003013AR
16/03/2020 12:33:05 PM - Insert with success IMFLT202003013AR
16/03/2020 12:33:11 PM - Inserir Historico IMFLT202002062AR
16/03/2020 12:33:12 PM - Insert with success IMFLT202002062AR
16/03/2020 12:33:18 PM - Inserir Historico IMFLT202002056AR
16/03/2020 12:33:18 PM - Insert with success IMFLT202002056AR
16/03/2020 12:33:29 PM - Inserir Historico EMARG202003218AR
16/03/2020 12:33:29 PM - Insert with success EMARG202003218AR
16/03/2020 12:33:36 PM - Inserir Historico IMFLT202003010AR
16/03/2020 12:33:36 PM - Insert with success IMFLT202003010AR
16/03/2020 12:33:42 PM - Inserir Historico IMFLT202002070AR
16/03/2020 12:33:42 PM - Insert with success IMFLT202002070AR
16/03/2020 12:33:48 PM - Inserir Historico IMFLT202002086AR
16/03/2020 12:33:48 PM - Insert with success IMFLT202002086AR
16/03/2020 12:33:55 PM - Inserir Historico IMFLT202002055AR
16/03/2020 12:33:55 PM - Insert with success IMFLT202002055AR
16/03/2020 12:34:01 PM - Inserir Historico IMFLT202002074AR
16/03/2020 12:34:01 PM - Insert with success IMFLT202002074AR
16/03/2020 12:34:07 PM - Inserir Historico IMFLT202002081AR
16/03/2020 12:34:08 PM - Insert with success IMFLT202002081AR
16/03/2020 12:34:18 PM - Inserir Historico IMBRN202003009AR
16/03/2020 12:34:18 PM - Insert with success IMBRN202003009AR
16/03/2020 12:34:25 PM - Inserir Historico IMFLT202002050AR
16/03/2020 12:34:25 PM - Insert with success IMFLT202002050AR
16/03/2020 12:34:31 PM - Inserir Historico IMFLT202003006AR
16/03/2020 12:34:31 PM - Insert with success IMFLT202003006AR
16/03/2020 12:34:37 PM - Inserir Historico IMFLT202002017AR
16/03/2020 12:34:37 PM - Insert with success IMFLT202002017AR
16/03/2020 12:34:47 PM - Inserir Historico EOARG202003129AR
16/03/2020 12:34:47 PM - Insert with success EOARG202003129AR
16/03/2020 12:34:53 PM - Inserir Historico IMFLT202002022AR
16/03/2020 12:34:54 PM - Insert with success IMFLT202002022AR
16/03/2020 12:35:02 PM - Inserir Historico IMFLT202002054AR
16/03/2020 12:35:03 PM - Insert with success IMFLT202002054AR
16/03/2020 12:35:09 PM - Inserir Historico IMFLT202002071AR
16/03/2020 12:35:09 PM - Insert with success IMFLT202002071AR
16/03/2020 12:35:15 PM - Inserir Historico IMFLT202002068AR
16/03/2020 12:35:15 PM - Insert with success IMFLT202002068AR
16/03/2020 12:35:22 PM - Inserir Historico IMFLT202002039AR
16/03/2020 12:35:22 PM - Insert with success IMFLT202002039AR
16/03/2020 12:35:28 PM - Inserir Historico IMFLT202002100AR
16/03/2020 12:35:28 PM - Insert with success IMFLT202002100AR
16/03/2020 12:35:35 PM - Inserir Historico IMFLT202002091AR
16/03/2020 12:35:35 PM - Insert with success IMFLT202002091AR
16/03/2020 12:35:41 PM - Inserir Historico IMFLT202002047AR
16/03/2020 12:35:41 PM - Insert with success IMFLT202002047AR
16/03/2020 12:35:48 PM - Inserir Historico IMFLT202002094AR
16/03/2020 12:35:48 PM - Insert with success IMFLT202002094AR
16/03/2020 12:36:00 PM - Inserir Historico IMROA202003007AR
16/03/2020 12:36:00 PM - Insert with success IMROA202003007AR
16/03/2020 12:36:10 PM - Inserir Historico IMFLT202002053AR
16/03/2020 12:36:11 PM - Insert with success IMFLT202002053AR
16/03/2020 12:36:22 PM - Inserir Historico IMROA202003010AR
16/03/2020 12:36:22 PM - Insert with success IMROA202003010AR
16/03/2020 12:36:34 PM - Inserir Historico IMROA202003008AR
16/03/2020 12:36:34 PM - Insert with success IMROA202003008AR
16/03/2020 12:36:47 PM - Inserir Historico IMROA202003003AR
16/03/2020 12:36:47 PM - Insert with success IMROA202003003AR
16/03/2020 12:37:03 PM - Inserir Historico IMARG202003002AR
16/03/2020 12:37:03 PM - Insert with success IMARG202003002AR
16/03/2020 12:37:10 PM - Inserir Historico IMFLT202002064AR
16/03/2020 12:37:11 PM - Insert with success IMFLT202002064AR
16/03/2020 12:37:17 PM - Inserir Historico IMFLT202002078AR
16/03/2020 12:37:17 PM - Insert with success IMFLT202002078AR
16/03/2020 12:37:29 PM - Inserir Historico IMARG202002037AR
16/03/2020 12:37:29 PM - Insert with success IMARG202002037AR
16/03/2020 12:37:46 PM - Inserir Historico IMARG202002035AR
16/03/2020 12:37:47 PM - Insert with success IMARG202002035AR
16/03/2020 12:37:58 PM - Inserir Historico IMARG202001164AR
16/03/2020 12:37:58 PM - Insert with success IMARG202001164AR
16/03/2020 12:38:12 PM - Inserir Historico IMARG202001127AR
16/03/2020 12:38:12 PM - Insert with success IMARG202001127AR
16/03/2020 12:38:24 PM - Inserir Historico IMROA202003009AR
16/03/2020 12:38:24 PM - Insert with success IMROA202003009AR
16/03/2020 12:38:30 PM - Inserir Historico IMFLT202002004AR
16/03/2020 12:38:30 PM - Insert with success IMFLT202002004AR
16/03/2020 12:38:42 PM - Inserir Historico IMROA202001073AR
16/03/2020 12:38:42 PM - Insert with success IMROA202001073AR
16/03/2020 12:38:55 PM - Inserir Historico IMARG202002092AR
16/03/2020 12:38:55 PM - Insert with success IMARG202002092AR
16/03/2020 12:39:02 PM - Inserir Historico IMFLT202001109AR
16/03/2020 12:39:02 PM - Insert with success IMFLT202001109AR
16/03/2020 12:39:08 PM - Inserir Historico IMFLT202002095AR
16/03/2020 12:39:08 PM - Insert with success IMFLT202002095AR
16/03/2020 12:39:20 PM - Inserir Historico IMARG202002036AR
16/03/2020 12:39:20 PM - Insert with success IMARG202002036AR
16/03/2020 12:39:26 PM - Inserir Historico IMFLT202002034AR
16/03/2020 12:39:27 PM - Insert with success IMFLT202002034AR
16/03/2020 12:39:39 PM - Inserir Historico IMARG202001172AR
16/03/2020 12:39:39 PM - Insert with success IMARG202001172AR
16/03/2020 12:39:50 PM - Inserir Historico IMROA202003002AR
16/03/2020 12:39:51 PM - Insert with success IMROA202003002AR
16/03/2020 12:40:03 PM - Inserir Historico IMROA202001041AR
16/03/2020 12:40:03 PM - Insert with success IMROA202001041AR
16/03/2020 12:40:16 PM - Inserir Historico IMARG202001160AR
16/03/2020 12:40:16 PM - Insert with success IMARG202001160AR
16/03/2020 12:40:29 PM - Inserir Historico IMARG202001139AR
16/03/2020 12:40:29 PM - Insert with success IMARG202001139AR
16/03/2020 12:40:41 PM - Inserir Historico IMARG202001126AR
16/03/2020 12:40:41 PM - Insert with success IMARG202001126AR
16/03/2020 12:40:54 PM - Inserir Historico IMARG202003001AR
16/03/2020 12:40:54 PM - Insert with success IMARG202003001AR
16/03/2020 12:41:06 PM - Inserir Historico IMARG202003003AR
16/03/2020 12:41:07 PM - Insert with success IMARG202003003AR
16/03/2020 12:41:19 PM - Inserir Historico IMARG202001154AR
16/03/2020 12:41:19 PM - Insert with success IMARG202001154AR
16/03/2020 12:41:31 PM - Inserir Historico IMARG202001099AR
16/03/2020 12:41:31 PM - Insert with success IMARG202001099AR
16/03/2020 12:41:44 PM - Inserir Historico IMARG202001003AR
16/03/2020 12:41:44 PM - Insert with success IMARG202001003AR
16/03/2020 12:41:57 PM - Inserir Historico IMROA202001059AR
16/03/2020 12:41:57 PM - Insert with success IMROA202001059AR
16/03/2020 12:42:10 PM - Inserir Historico IMARG202003005AR
16/03/2020 12:42:10 PM - Insert with success IMARG202003005AR
16/03/2020 12:42:21 PM - Inserir Historico IMBRN202003006AR
16/03/2020 12:42:21 PM - Insert with success IMBRN202003006AR
16/03/2020 12:42:33 PM - Inserir Historico IMARG202003004AR
16/03/2020 12:42:33 PM - Insert with success IMARG202003004AR
16/03/2020 12:42:45 PM - Inserir Historico IMARG202002030AR
16/03/2020 12:42:45 PM - Insert with success IMARG202002030AR
16/03/2020 12:42:57 PM - Inserir Historico IMARG202002045AR
16/03/2020 12:42:57 PM - Insert with success IMARG202002045AR
16/03/2020 12:43:03 PM - Inserir Historico IMFLT202002060AR
16/03/2020 12:43:03 PM - Insert with success IMFLT202002060AR
16/03/2020 12:43:15 PM - Inserir Historico IMROA202001066AR
16/03/2020 12:43:15 PM - Insert with success IMROA202001066AR
16/03/2020 12:43:26 PM - Inserir Historico IMARG202002046AR
16/03/2020 12:43:26 PM - Insert with success IMARG202002046AR
16/03/2020 12:43:38 PM - Inserir Historico IMROA202002032AR
16/03/2020 12:43:38 PM - Insert with success IMROA202002032AR
16/03/2020 12:43:49 PM - Inserir Historico IMARG202002044AR
16/03/2020 12:43:50 PM - Insert with success IMARG202002044AR
16/03/2020 12:43:58 PM - Inserir Historico IMARG202002069AR
16/03/2020 12:43:58 PM - Insert with success IMARG202002069AR
16/03/2020 12:44:13 PM - Inserir Historico IMARG202002087AR
16/03/2020 12:44:13 PM - Insert with success IMARG202002087AR
16/03/2020 12:44:26 PM - Inserir Historico IMARG202002072AR
16/03/2020 12:44:27 PM - Insert with success IMARG202002072AR
16/03/2020 12:44:38 PM - Inserir Historico IMARG202001149AR
16/03/2020 12:44:38 PM - Insert with success IMARG202001149AR
16/03/2020 12:44:50 PM - Inserir Historico IMARG202001137AR
16/03/2020 12:44:50 PM - Insert with success IMARG202001137AR
16/03/2020 12:45:02 PM - Inserir Historico IMARG202001138AR
16/03/2020 12:45:02 PM - Insert with success IMARG202001138AR
16/03/2020 12:45:14 PM - Inserir Historico IMARG202001080AR
16/03/2020 12:45:14 PM - Insert with success IMARG202001080AR
16/03/2020 12:45:26 PM - Inserir Historico IMROA202002010AR
16/03/2020 12:45:26 PM - Insert with success IMROA202002010AR
16/03/2020 12:45:32 PM - Inserir Historico IMFLT202003002AR
16/03/2020 12:45:32 PM - Insert with success IMFLT202003002AR
16/03/2020 12:45:42 PM - Inserir Historico EOARG202003003AR
16/03/2020 12:45:42 PM - Insert with success EOARG202003003AR
16/03/2020 12:45:48 PM - Inserir Historico IMFLT202002098AR
16/03/2020 12:45:48 PM - Insert with success IMFLT202002098AR
16/03/2020 12:45:57 PM - Inserir Historico EOARG202003002AR
16/03/2020 12:45:57 PM - Insert with success EOARG202003002AR
16/03/2020 12:46:18 PM - Inserir Historico IMARG202001156AR
16/03/2020 12:46:18 PM - Insert with success IMARG202001156AR
16/03/2020 12:46:29 PM - Inserir Historico IMARG202002079AR
16/03/2020 12:46:29 PM - Insert with success IMARG202002079AR
16/03/2020 12:46:41 PM - Inserir Historico IMARG202001140AR
16/03/2020 12:46:41 PM - Insert with success IMARG202001140AR
16/03/2020 12:46:53 PM - Inserir Historico IMCHP202001011AR
16/03/2020 12:46:53 PM - Insert with success IMCHP202001011AR
16/03/2020 12:47:06 PM - Inserir Historico IMCHP202003009AR
16/03/2020 12:47:06 PM - Insert with success IMCHP202003009AR
16/03/2020 12:47:12 PM - Inserir Historico EMFLT202001008AR
16/03/2020 12:47:13 PM - Insert with success EMFLT202001008AR
16/03/2020 12:47:22 PM - Inserir Historico IMFLT202002043AR
16/03/2020 12:47:22 PM - Insert with success IMFLT202002043AR
16/03/2020 12:47:28 PM - Inserir Historico EMFLT202001013AR
16/03/2020 12:47:28 PM - Insert with success EMFLT202001013AR
16/03/2020 3:57:34 PM - Inserir Historico IMFLT202003032AR
16/03/2020 3:57:34 PM - Insert with success IMFLT202003032AR
16/03/2020 3:57:41 PM - Inserir Historico EMFLT202001021AR
16/03/2020 3:57:41 PM - Insert with success EMFLT202001021AR
16/03/2020 3:57:56 PM - Inserir Historico EMARG202003032AR
16/03/2020 3:57:56 PM - Insert with success EMARG202003032AR
16/03/2020 3:58:07 PM - Inserir Historico IMBRN202003007AR
16/03/2020 3:58:07 PM - Insert with success IMBRN202003007AR
16/03/2020 3:58:17 PM - Inserir Historico EOARG202003032AR
16/03/2020 3:58:18 PM - Insert with success EOARG202003032AR
16/03/2020 3:58:25 PM - Inserir Historico IOBRN202003001AR
16/03/2020 3:58:25 PM - Insert with success IOBRN202003001AR
16/03/2020 3:58:37 PM - Inserir Historico IMPME202003009AR
16/03/2020 3:58:37 PM - Insert with success IMPME202003009AR
16/03/2020 3:58:45 PM - Inserir Historico IOSOL202003001AR
16/03/2020 3:58:45 PM - Insert with success IOSOL202003001AR
16/03/2020 3:58:55 PM - Inserir Historico EOARG202003009AR
16/03/2020 3:58:55 PM - Insert with success EOARG202003009AR
16/03/2020 3:59:06 PM - Inserir Historico IMAXA202003007AR
16/03/2020 3:59:06 PM - Insert with success IMAXA202003007AR
16/03/2020 3:59:14 PM - Inserir Historico IMFLT202002042AR
16/03/2020 3:59:14 PM - Insert with success IMFLT202002042AR
16/03/2020 3:59:24 PM - Inserir Historico EOUNI202003015AR
16/03/2020 3:59:24 PM - Insert with success EOUNI202003015AR
16/03/2020 3:59:34 PM - Inserir Historico EOARG202003028AR
16/03/2020 3:59:34 PM - Insert with success EOARG202003028AR
16/03/2020 3:59:39 PM - Inserir Historico IOGRH202001002AR
16/03/2020 3:59:39 PM - Insert with success IOGRH202001002AR
16/03/2020 3:59:49 PM - Inserir Historico EOARG202003033AR
16/03/2020 3:59:49 PM - Insert with success EOARG202003033AR
16/03/2020 3:59:56 PM - Inserir Historico IMFLT202002060AR
16/03/2020 3:59:56 PM - Insert with success IMFLT202002060AR
16/03/2020 4:00:07 PM - Inserir Historico IMFLT202002054AR
16/03/2020 4:00:07 PM - Insert with success IMFLT202002054AR
16/03/2020 4:00:20 PM - Inserir Historico IMARG202003006AR
16/03/2020 4:00:21 PM - Insert with success IMARG202003006AR
16/03/2020 4:00:37 PM - Inserir Historico IMARG202003030AR
16/03/2020 4:00:37 PM - Insert with success IMARG202003030AR
16/03/2020 4:00:54 PM - Inserir Historico IMARG202003009AR
16/03/2020 4:00:54 PM - Insert with success IMARG202003009AR
16/03/2020 4:01:05 PM - Inserir Historico IOSOL202003002AR
16/03/2020 4:01:05 PM - Insert with success IOSOL202003002AR
16/03/2020 4:01:19 PM - Inserir Historico EOUNI202003012AR
16/03/2020 4:01:19 PM - Insert with success EOUNI202003012AR
16/03/2020 4:01:36 PM - Inserir Historico IMARG202002088AR
16/03/2020 4:01:36 PM - Insert with success IMARG202002088AR
16/03/2020 4:01:53 PM - Inserir Historico IMARG202002089AR
16/03/2020 4:01:54 PM - Insert with success IMARG202002089AR
16/03/2020 4:02:12 PM - Inserir Historico IMARG202002091AR
16/03/2020 4:02:12 PM - Insert with success IMARG202002091AR
16/03/2020 4:02:21 PM - Inserir Historico EMFLT202003006AR
16/03/2020 4:02:22 PM - Insert with success EMFLT202003006AR
16/03/2020 4:02:38 PM - Inserir Historico IMARG201912072AR
16/03/2020 4:02:38 PM - Insert with success IMARG201912072AR
16/03/2020 4:02:54 PM - Inserir Historico IOARG202003003AR
16/03/2020 4:02:55 PM - Insert with success IOARG202003003AR
16/03/2020 4:03:12 PM - Inserir Historico IMARG202002060AR
16/03/2020 4:03:12 PM - Insert with success IMARG202002060AR
16/03/2020 4:03:30 PM - Inserir Historico IMARG201912071AR
16/03/2020 4:03:30 PM - Insert with success IMARG201912071AR
16/03/2020 4:03:50 PM - Inserir Historico IMARG202002059AR
16/03/2020 4:03:50 PM - Insert with success IMARG202002059AR
16/03/2020 4:04:07 PM - Inserir Historico IMARG202002086AR
16/03/2020 4:04:08 PM - Insert with success IMARG202002086AR
16/03/2020 4:04:17 PM - Inserir Historico IMSOL202003010AR
16/03/2020 4:04:17 PM - Insert with success IMSOL202003010AR
16/03/2020 4:04:34 PM - Inserir Historico IMARG202002076AR
16/03/2020 4:04:34 PM - Insert with success IMARG202002076AR
16/03/2020 4:04:53 PM - Inserir Historico EMARG202003049AR
16/03/2020 4:04:53 PM - Insert with success EMARG202003049AR
16/03/2020 4:05:07 PM - Inserir Historico IMARG202002081AR
16/03/2020 4:05:07 PM - Insert with success IMARG202002081AR
16/03/2020 4:05:19 PM - Inserir Historico EOUNI202003016AR
16/03/2020 4:05:19 PM - Insert with success EOUNI202003016AR
16/03/2020 4:05:35 PM - Inserir Historico IMARG202002082AR
16/03/2020 4:05:36 PM - Insert with success IMARG202002082AR
16/03/2020 4:05:54 PM - Inserir Historico IMARG202002080AR
16/03/2020 4:05:54 PM - Insert with success IMARG202002080AR
16/03/2020 4:06:10 PM - Inserir Historico IMARG202002077AR
16/03/2020 4:06:10 PM - Insert with success IMARG202002077AR
16/03/2020 4:06:25 PM - Inserir Historico IMARG202002041AR
16/03/2020 4:06:25 PM - Insert with success IMARG202002041AR
16/03/2020 4:06:40 PM - Inserir Historico IMARG202002064AR
16/03/2020 4:06:40 PM - Insert with success IMARG202002064AR
16/03/2020 4:06:55 PM - Inserir Historico IMARG202002075AR
16/03/2020 4:06:55 PM - Insert with success IMARG202002075AR
16/03/2020 4:07:10 PM - Inserir Historico IMARG202001140AR
16/03/2020 4:07:10 PM - Insert with success IMARG202001140AR
16/03/2020 4:07:25 PM - Inserir Historico IMARG202002079AR
16/03/2020 4:07:25 PM - Insert with success IMARG202002079AR
16/03/2020 4:07:49 PM - Inserir Historico IMARG202001156AR
16/03/2020 4:07:50 PM - Insert with success IMARG202001156AR
16/03/2020 4:08:04 PM - Inserir Historico IMARG202001080AR
16/03/2020 4:08:04 PM - Insert with success IMARG202001080AR
16/03/2020 4:08:18 PM - Inserir Historico IMARG202001138AR
16/03/2020 4:08:19 PM - Insert with success IMARG202001138AR
16/03/2020 4:08:33 PM - Inserir Historico IMARG202001137AR
16/03/2020 4:08:33 PM - Insert with success IMARG202001137AR
16/03/2020 4:08:48 PM - Inserir Historico IMARG202001149AR
16/03/2020 4:08:49 PM - Insert with success IMARG202001149AR
16/03/2020 4:09:07 PM - Inserir Historico IMARG202002072AR
16/03/2020 4:09:07 PM - Insert with success IMARG202002072AR
16/03/2020 4:09:22 PM - Inserir Historico IMARG202002044AR
16/03/2020 4:09:22 PM - Insert with success IMARG202002044AR
16/03/2020 4:09:36 PM - Inserir Historico IMARG202002046AR
16/03/2020 4:09:37 PM - Insert with success IMARG202002046AR
16/03/2020 4:09:51 PM - Inserir Historico IMARG202002045AR
16/03/2020 4:09:51 PM - Insert with success IMARG202002045AR
16/03/2020 4:10:05 PM - Inserir Historico IMARG202002030AR
16/03/2020 4:10:05 PM - Insert with success IMARG202002030AR
16/03/2020 4:10:20 PM - Inserir Historico IMARG202003004AR
16/03/2020 4:10:20 PM - Insert with success IMARG202003004AR
16/03/2020 4:10:34 PM - Inserir Historico IMARG202003005AR
16/03/2020 4:10:34 PM - Insert with success IMARG202003005AR
16/03/2020 4:10:48 PM - Inserir Historico IMARG202003003AR
16/03/2020 4:10:48 PM - Insert with success IMARG202003003AR
16/03/2020 4:10:59 PM - Inserir Historico IAROA202003001AR
16/03/2020 4:10:59 PM - Insert with success IAROA202003001AR
16/03/2020 4:11:09 PM - Inserir Historico EMFLT202003007AR
16/03/2020 4:11:10 PM - Insert with success EMFLT202003007AR
16/03/2020 4:11:22 PM - Inserir Historico EOARG202002123AR
16/03/2020 4:11:22 PM - Insert with success EOARG202002123AR
16/03/2020 4:11:34 PM - Inserir Historico EOARG202002130AR
16/03/2020 4:11:34 PM - Insert with success EOARG202002130AR
16/03/2020 4:11:45 PM - Inserir Historico EOARG202002137AR
16/03/2020 4:11:46 PM - Insert with success EOARG202002137AR
16/03/2020 4:11:59 PM - Inserir Historico EOARG202003130AR
16/03/2020 4:11:59 PM - Insert with success EOARG202003130AR
16/03/2020 4:12:12 PM - Inserir Historico EOARG202002142AR
16/03/2020 4:12:12 PM - Insert with success EOARG202002142AR
16/03/2020 4:12:24 PM - Inserir Historico EOARG202002143AR
16/03/2020 4:12:24 PM - Insert with success EOARG202002143AR
16/03/2020 4:12:36 PM - Inserir Historico EOARG202002144AR
16/03/2020 4:12:36 PM - Insert with success EOARG202002144AR
16/03/2020 4:12:46 PM - Inserir Historico EOARG202002145AR
16/03/2020 4:12:46 PM - Insert with success EOARG202002145AR
16/03/2020 4:12:58 PM - Inserir Historico IMARG202003050AR
16/03/2020 4:12:58 PM - Insert with success IMARG202003050AR
16/03/2020 4:13:08 PM - Inserir Historico EOARG202002149AR
16/03/2020 4:13:08 PM - Insert with success EOARG202002149AR
16/03/2020 4:13:18 PM - Inserir Historico EOARG202002150AR
16/03/2020 4:13:18 PM - Insert with success EOARG202002150AR
16/03/2020 4:13:28 PM - Inserir Historico EOARG202002138AR
16/03/2020 4:13:28 PM - Insert with success EOARG202002138AR
16/03/2020 4:13:38 PM - Inserir Historico EOARG202002147AR
16/03/2020 4:13:38 PM - Insert with success EOARG202002147AR
16/03/2020 4:13:48 PM - Inserir Historico EOSLT202003001AR
16/03/2020 4:13:48 PM - Insert with success EOSLT202003001AR
16/03/2020 4:13:58 PM - Inserir Historico EOARG202002157AR
16/03/2020 4:13:58 PM - Insert with success EOARG202002157AR
16/03/2020 4:14:08 PM - Inserir Historico EOARG202002158AR
16/03/2020 4:14:08 PM - Insert with success EOARG202002158AR
16/03/2020 4:14:18 PM - Inserir Historico EOARG202002159AR
16/03/2020 4:14:18 PM - Insert with success EOARG202002159AR
16/03/2020 4:14:28 PM - Inserir Historico EOARG202002161AR
16/03/2020 4:14:28 PM - Insert with success EOARG202002161AR
16/03/2020 4:14:38 PM - Inserir Historico EOARG202002162AR
16/03/2020 4:14:39 PM - Insert with success EOARG202002162AR
16/03/2020 4:14:49 PM - Inserir Historico EOARG202002163AR
16/03/2020 4:14:49 PM - Insert with success EOARG202002163AR
16/03/2020 4:14:59 PM - Inserir Historico EOARG202002164AR
16/03/2020 4:14:59 PM - Insert with success EOARG202002164AR
16/03/2020 4:15:05 PM - Inserir Historico IMFLT202003022AR
16/03/2020 4:15:05 PM - Insert with success IMFLT202003022AR
16/03/2020 4:15:12 PM - Inserir Historico IMFLT202003021AR
16/03/2020 4:15:12 PM - Insert with success IMFLT202003021AR
16/03/2020 4:15:18 PM - Inserir Historico IMFLT202003020AR
16/03/2020 4:15:18 PM - Insert with success IMFLT202003020AR
16/03/2020 4:15:25 PM - Inserir Historico IMFLT202003019AR
16/03/2020 4:15:25 PM - Insert with success IMFLT202003019AR
16/03/2020 4:15:37 PM - Inserir Historico IMARG202001062AR
16/03/2020 4:15:37 PM - Insert with success IMARG202001062AR
16/03/2020 4:15:45 PM - Inserir Historico IMARG202002021AR
16/03/2020 4:15:46 PM - Insert with success IMARG202002021AR
16/03/2020 4:15:58 PM - Inserir Historico IMARG202001071AR
16/03/2020 4:15:58 PM - Insert with success IMARG202001071AR
16/03/2020 4:16:09 PM - Inserir Historico IMARG202001065AR
16/03/2020 4:16:09 PM - Insert with success IMARG202001065AR
16/03/2020 4:16:21 PM - Inserir Historico IMARG202001066AR
16/03/2020 4:16:21 PM - Insert with success IMARG202001066AR
16/03/2020 4:16:33 PM - Inserir Historico IMARG202001146AR
16/03/2020 4:16:33 PM - Insert with success IMARG202001146AR
16/03/2020 4:16:45 PM - Inserir Historico IMARG202001064AR
16/03/2020 4:16:45 PM - Insert with success IMARG202001064AR
16/03/2020 4:16:58 PM - Inserir Historico IMARG202001153AR
16/03/2020 4:16:58 PM - Insert with success IMARG202001153AR
16/03/2020 4:17:09 PM - Inserir Historico EMARG202003110AR
16/03/2020 4:17:09 PM - Insert with success EMARG202003110AR
16/03/2020 4:17:21 PM - Inserir Historico IMBRN201908002AR
16/03/2020 4:17:21 PM - Insert with success IMBRN201908002AR
16/03/2020 4:17:31 PM - Inserir Historico EOARG202002167AR
16/03/2020 4:17:31 PM - Insert with success EOARG202002167AR
16/03/2020 4:17:41 PM - Inserir Historico EOARG202002175AR
16/03/2020 4:17:41 PM - Insert with success EOARG202002175AR
16/03/2020 4:17:51 PM - Inserir Historico EOARG202002176AR
16/03/2020 4:17:51 PM - Insert with success EOARG202002176AR
16/03/2020 4:18:03 PM - Inserir Historico IMARG202002006AR
16/03/2020 4:18:03 PM - Insert with success IMARG202002006AR
16/03/2020 4:18:13 PM - Inserir Historico EOARG202002207AR
16/03/2020 4:18:14 PM - Insert with success EOARG202002207AR
16/03/2020 4:18:27 PM - Inserir Historico IMARG202002016AR
16/03/2020 4:18:27 PM - Insert with success IMARG202002016AR
16/03/2020 4:18:40 PM - Inserir Historico IMARG201912075AR
16/03/2020 4:18:40 PM - Insert with success IMARG201912075AR
16/03/2020 4:18:52 PM - Inserir Historico IMARG202002026AR
16/03/2020 4:18:53 PM - Insert with success IMARG202002026AR
16/03/2020 4:19:06 PM - Inserir Historico IMARG201911085AR
16/03/2020 4:19:06 PM - Insert with success IMARG201911085AR
16/03/2020 4:19:18 PM - Inserir Historico IMARG202002019AR
16/03/2020 4:19:18 PM - Insert with success IMARG202002019AR
16/03/2020 4:19:30 PM - Inserir Historico IMARG202002010AR
16/03/2020 4:19:30 PM - Insert with success IMARG202002010AR
16/03/2020 4:19:40 PM - Inserir Historico EOARG202002209AR
16/03/2020 4:19:40 PM - Insert with success EOARG202002209AR
16/03/2020 4:19:53 PM - Inserir Historico IMARG201912068AR
16/03/2020 4:19:54 PM - Insert with success IMARG201912068AR
16/03/2020 4:20:04 PM - Inserir Historico EMARG202003217AR
16/03/2020 4:20:04 PM - Insert with success EMARG202003217AR
16/03/2020 4:20:16 PM - Inserir Historico IMARG202002034AR
16/03/2020 4:20:16 PM - Insert with success IMARG202002034AR
16/03/2020 4:20:21 PM - Inserir Historico IAFLT202003010AR
16/03/2020 4:20:21 PM - Insert with success IAFLT202003010AR
16/03/2020 4:20:35 PM - Inserir Historico IMARG202002014AR
16/03/2020 4:20:35 PM - Insert with success IMARG202002014AR
16/03/2020 4:20:45 PM - Inserir Historico EOARG202002211AR
16/03/2020 4:20:45 PM - Insert with success EOARG202002211AR
16/03/2020 4:20:57 PM - Inserir Historico IMNOV201912026AR
16/03/2020 4:20:58 PM - Insert with success IMNOV201912026AR
16/03/2020 4:21:10 PM - Inserir Historico IMNOV202002004AR
16/03/2020 4:21:10 PM - Insert with success IMNOV202002004AR
16/03/2020 4:21:20 PM - Inserir Historico EOARG202002165AR
16/03/2020 4:21:20 PM - Insert with success EOARG202002165AR
16/03/2020 4:21:30 PM - Inserir Historico EOARG202002166AR
16/03/2020 4:21:30 PM - Insert with success EOARG202002166AR
16/03/2020 4:21:43 PM - Inserir Historico IMARG202002032AR
16/03/2020 4:21:43 PM - Insert with success IMARG202002032AR
16/03/2020 4:21:59 PM - Inserir Historico IMARG202001008AR
16/03/2020 4:22:00 PM - Insert with success IMARG202001008AR
16/03/2020 4:22:13 PM - Inserir Historico IAARG202002008AR
16/03/2020 4:22:13 PM - Insert with success IAARG202002008AR
16/03/2020 4:22:25 PM - Inserir Historico IOARG202002009AR
16/03/2020 4:22:25 PM - Insert with success IOARG202002009AR
16/03/2020 4:22:36 PM - Inserir Historico EOARG202002160AR
16/03/2020 4:22:36 PM - Insert with success EOARG202002160AR
16/03/2020 4:22:50 PM - Inserir Historico IMARG201912074AR
16/03/2020 4:22:51 PM - Insert with success IMARG201912074AR
16/03/2020 4:22:56 PM - Inserir Historico IAFLT202003009AR
16/03/2020 4:22:56 PM - Insert with success IAFLT202003009AR
16/03/2020 4:23:10 PM - Inserir Historico IMARG202002039AR
16/03/2020 4:23:10 PM - Insert with success IMARG202002039AR
16/03/2020 4:23:20 PM - Inserir Historico EOARG202002117AR
16/03/2020 4:23:20 PM - Insert with success EOARG202002117AR
16/03/2020 4:23:32 PM - Inserir Historico IMARG202002029AR
16/03/2020 4:23:32 PM - Insert with success IMARG202002029AR
16/03/2020 4:23:44 PM - Inserir Historico IMARG201912076AR
16/03/2020 4:23:44 PM - Insert with success IMARG201912076AR
16/03/2020 4:23:53 PM - Inserir Historico IMPME202003008AR
16/03/2020 4:23:54 PM - Insert with success IMPME202003008AR
16/03/2020 4:24:03 PM - Inserir Historico EOUNI202003017AR
16/03/2020 4:24:03 PM - Insert with success EOUNI202003017AR
16/03/2020 4:24:10 PM - Inserir Historico IMFLT202003002AR
16/03/2020 4:24:10 PM - Insert with success IMFLT202003002AR
16/03/2020 4:24:20 PM - Inserir Historico EOARG202002061AR
16/03/2020 4:24:20 PM - Insert with success EOARG202002061AR
16/03/2020 4:24:32 PM - Inserir Historico IMARG202003091AR
16/03/2020 4:24:32 PM - Insert with success IMARG202003091AR
16/03/2020 4:24:42 PM - Inserir Historico EOARG202002129AR
16/03/2020 4:24:43 PM - Insert with success EOARG202002129AR
16/03/2020 4:24:52 PM - Inserir Historico EOARG202002188AR
16/03/2020 4:24:53 PM - Insert with success EOARG202002188AR
16/03/2020 4:25:02 PM - Inserir Historico EOUNI202003018AR
16/03/2020 4:25:02 PM - Insert with success EOUNI202003018AR
16/03/2020 4:25:12 PM - Inserir Historico EOARG202002178AR
16/03/2020 4:25:13 PM - Insert with success EOARG202002178AR
16/03/2020 4:25:23 PM - Inserir Historico EMARG202003219AR
16/03/2020 4:25:23 PM - Insert with success EMARG202003219AR
16/03/2020 4:25:33 PM - Inserir Historico EOARG202002217AR
16/03/2020 4:25:33 PM - Insert with success EOARG202002217AR
16/03/2020 4:25:41 PM - Inserir Historico EMFLT202003003AR
16/03/2020 4:25:42 PM - Insert with success EMFLT202003003AR
16/03/2020 4:25:52 PM - Inserir Historico EOARG202002208AR
16/03/2020 4:25:52 PM - Insert with success EOARG202002208AR
16/03/2020 4:26:02 PM - Inserir Historico EOARG202002215AR
16/03/2020 4:26:02 PM - Insert with success EOARG202002215AR
16/03/2020 4:26:12 PM - Inserir Historico EMARG202003216AR
16/03/2020 4:26:12 PM - Insert with success EMARG202003216AR
16/03/2020 4:26:24 PM - Inserir Historico IMARG202002074AR
16/03/2020 4:26:24 PM - Insert with success IMARG202002074AR
16/03/2020 4:26:35 PM - Inserir Historico EMARG202003220AR
16/03/2020 4:26:35 PM - Insert with success EMARG202003220AR
16/03/2020 4:26:46 PM - Inserir Historico IMARG202002073AR
16/03/2020 4:26:46 PM - Insert with success IMARG202002073AR
16/03/2020 4:26:59 PM - Inserir Historico EOARG202003131AR
16/03/2020 4:26:59 PM - Insert with success EOARG202003131AR
16/03/2020 4:27:09 PM - Inserir Historico EOARG202002056AR
16/03/2020 4:27:09 PM - Insert with success EOARG202002056AR
16/03/2020 4:27:19 PM - Inserir Historico EOARG202002201AR
16/03/2020 4:27:19 PM - Insert with success EOARG202002201AR
16/03/2020 4:27:29 PM - Inserir Historico EOARG202002202AR
16/03/2020 4:27:29 PM - Insert with success EOARG202002202AR
16/03/2020 4:27:40 PM - Inserir Historico IMBRN202002002AR
16/03/2020 4:27:40 PM - Insert with success IMBRN202002002AR
16/03/2020 4:27:50 PM - Inserir Historico EOARG202002192AR
16/03/2020 4:27:51 PM - Insert with success EOARG202002192AR
16/03/2020 4:28:00 PM - Inserir Historico EOARG202002193AR
16/03/2020 4:28:01 PM - Insert with success EOARG202002193AR
16/03/2020 4:28:07 PM - Inserir Historico EOARG202002194AR
16/03/2020 4:28:07 PM - Insert with success EOARG202002194AR
