Start Program	20/05/2019 14:27:14
Start Program	20/05/2019 14:29:14
IMSPC201904067BR	BDPBRSAO_20190520142943000002_01.xml	20/05/2019 14:31:39
IMSPC201905001BR	BDPBRSAO_20190520143201000003_01.xml	20/05/2019 14:32:23
IMSPC201905008BR	BDPBRSAO_20190520143224000004_01.xml	20/05/2019 14:32:37
IMSPC201905009BR	BDPBRSAO_20190520143237000005_01.xml	20/05/2019 14:32:47
IMSPC201905015BR	BDPBRSAO_20190520143248000006_01.xml	20/05/2019 14:33:01
IMSPC201905016BR	BDPBRSAO_20190520143302000007_01.xml	20/05/2019 14:33:13
IMSPC201905017BR	BDPBRSAO_20190520143314000008_01.xml	20/05/2019 14:33:22
IMSPC201905018BR	BDPBRSAO_20190520143323000009_01.xml	20/05/2019 14:33:35
IMSPC201905019BR	BDPBRSAO_20190520143335000010_01.xml	20/05/2019 14:33:47
IMSPC201905020BR	BDPBRSAO_20190520143348000011_01.xml	20/05/2019 14:33:58
IMSPC201905021BR	BDPBRSAO_20190520143358000012_01.xml	20/05/2019 14:34:07
IMSPC201905022BR	BDPBRSAO_20190520143408000013_01.xml	20/05/2019 14:34:16
IMSWB201902015BR	BDPBRSAO_20190520143417000014_01.xml	20/05/2019 14:34:25
IMSWB201903014BR	BDPBRSAO_20190520143427000015_01.xml	20/05/2019 14:34:35
IMSWB201903018BR	BDPBRSAO_20190520143436000016_01.xml	20/05/2019 14:34:47
IMSWB201903024BR	BDPBRSAO_20190520143448000017_01.xml	20/05/2019 14:34:56
IMSWB201903025BR	BDPBRSAO_20190520143457000018_01.xml	20/05/2019 14:35:07
IMSWB201903035BR	BDPBRSAO_20190520143508000019_01.xml	20/05/2019 14:35:28
IMSWB201903042BR	BDPBRSAO_20190520143529000020_01.xml	20/05/2019 14:35:38
IMSWB201904007BR	BDPBRSAO_20190520143540000021_01.xml	20/05/2019 14:35:51
IMSWB201904011BR	BDPBRSAO_20190520143552000022_01.xml	20/05/2019 14:36:01
IMCSR201903686BR	BDPBRSAO_20190520143606000023_01.xml	20/05/2019 14:36:17
IMCSR201903696BR	BDPBRSAO_20190520143618000024_01.xml	20/05/2019 14:36:29
IMCSR201903697BR	BDPBRSAO_20190520143630000025_01.xml	20/05/2019 14:36:40
IMCSR201903698BR	BDPBRSAO_20190520143641000026_01.xml	20/05/2019 14:36:54
IMCSR201903700BR	BDPBRSAO_20190520143656000027_01.xml	20/05/2019 14:37:08
IMCSR201903701BR	BDPBRSAO_20190520143709000028_01.xml	20/05/2019 14:37:18
IMCSR201903704BR	BDPBRSAO_20190520143719000029_01.xml	20/05/2019 14:37:28
IMCSR201903725BR	BDPBRSAO_20190520143729000030_01.xml	20/05/2019 14:37:39
IMCSR201904036BR	BDPBRSAO_20190520143740000031_01.xml	20/05/2019 14:37:50
IMCSR201904069BR	BDPBRSAO_20190520143753000032_01.xml	20/05/2019 14:38:03
IMCSR201904157BR	BDPBRSAO_20190520143804000033_01.xml	20/05/2019 14:38:16
IMCSR201904242BR	BDPBRSAO_20190520143818000034_01.xml	20/05/2019 14:38:28
IMCSR201904398BR	BDPBRSAO_20190520143829000035_01.xml	20/05/2019 14:38:38
IMCSR201904399BR	BDPBRSAO_20190520143839000036_01.xml	20/05/2019 14:38:49
IMCSR201904400BR	BDPBRSAO_20190520143850000037_01.xml	20/05/2019 14:38:59
IMCSR201904401BR	BDPBRSAO_20190520143900000038_01.xml	20/05/2019 14:39:10
IMEAS201904008BR	BDPBRSAO_20190520143911000039_01.xml	20/05/2019 14:39:24
IMEAS201904009BR	BDPBRSAO_20190520143925000040_01.xml	20/05/2019 14:39:44
IMFMC201904007BR	BDPBRSAO_20190520143945000041_01.xml	20/05/2019 14:39:54
IMFMC201904017BR	BDPBRSAO_20190520143954000042_01.xml	20/05/2019 14:40:07
IMFMC201904018BR	BDPBRSAO_20190520144010000043_01.xml	20/05/2019 14:40:20
IMFMC201904019BR	BDPBRSAO_20190520144022000044_01.xml	20/05/2019 14:40:32
IMFMC201904021BR	BDPBRSAO_20190520144035000045_01.xml	20/05/2019 14:40:45
IMFMC201904023BR	BDPBRSAO_20190520144048000046_01.xml	20/05/2019 14:40:59
IMFMC201904024BR	BDPBRSAO_20190520144100000047_01.xml	20/05/2019 14:41:09
IMFMC201904025BR	BDPBRSAO_20190520144110000048_01.xml	20/05/2019 14:41:20
IMFMC201905003BR	BDPBRSAO_20190520144121000049_01.xml	20/05/2019 14:41:31
IMIFB201903004BR	BDPBRSAO_20190520144132000050_01.xml	20/05/2019 14:41:48
IMIFB201903008BR	BDPBRSAO_20190520144149000051_01.xml	20/05/2019 14:42:02
IMIFB201903010BR	BDPBRSAO_20190520144206000052_01.xml	20/05/2019 14:42:18
IMIFB201903012BR	BDPBRSAO_20190520144224000053_01.xml	20/05/2019 14:42:36
IMIFB201903015BR	BDPBRSAO_20190520144239000054_01.xml	20/05/2019 14:42:49
IMIFB201903019BR	BDPBRSAO_20190520144251000055_01.xml	20/05/2019 14:43:04
IMIFB201903026BR	BDPBRSAO_20190520144306000056_01.xml	20/05/2019 14:43:19
IMIFB201903027BR	BDPBRSAO_20190520144326000057_01.xml	20/05/2019 14:43:38
IMIFB201903029BR	BDPBRSAO_20190520144343000058_01.xml	20/05/2019 14:43:54
IMIFB201903031BR	BDPBRSAO_20190520144355000059_01.xml	20/05/2019 14:44:05
IMIFB201903033BR	BDPBRSAO_20190520144411000060_01.xml	20/05/2019 14:44:22
IMIFB201903036BR	BDPBRSAO_20190520144433000061_01.xml	20/05/2019 14:44:43
IMIFB201903039BR	BDPBRSAO_20190520144449000062_01.xml	20/05/2019 14:45:01
IMIFB201903047BR	BDPBRSAO_20190520144509000063_01.xml	20/05/2019 14:45:23
IMIFB201903053BR	BDPBRSAO_20190520144529000064_01.xml	20/05/2019 14:45:42
IMIFB201903067BR	BDPBRSAO_20190520144543000065_01.xml	20/05/2019 14:46:02
IMIFB201903068BR	BDPBRSAO_20190520144606000066_01.xml	20/05/2019 14:46:19
IMIFB201904042BR	BDPBRSAO_20190520144620000067_01.xml	20/05/2019 14:46:31
IMMAU201904002BR	BDPBRSAO_20190520144632000068_01.xml	20/05/2019 14:46:44
IMMAU201904005BR	BDPBRSAO_20190520144645000069_01.xml	20/05/2019 14:46:57
IMMAU201904008BR	BDPBRSAO_20190520144658000070_01.xml	20/05/2019 14:47:08
IMMAU201905001BR	BDPBRSAO_20190520144709000071_01.xml	20/05/2019 14:47:20
IMOCV201904013BR	BDPBRSAO_20190520144721000072_01.xml	20/05/2019 14:47:32
IMSCA201904003BR	BDPBRSAO_20190520144733000073_01.xml	20/05/2019 14:47:46
IMSCA201904004BR	BDPBRSAO_20190520144751000074_01.xml	20/05/2019 14:48:06
IMSLA201904021BR	BDPBRSAO_20190520144807000075_01.xml	20/05/2019 14:48:18
IMSLA201904024BR	BDPBRSAO_20190520144819000076_01.xml	20/05/2019 14:48:40
IMSLA201904026BR	BDPBRSAO_20190520144841000077_01.xml	20/05/2019 14:48:58
IMSLA201904027BR	BDPBRSAO_20190520144859000078_01.xml	20/05/2019 14:49:14
IMSLA201904030BR	BDPBRSAO_20190520144914000079_01.xml	20/05/2019 14:49:29
IMSLA201904031BR	BDPBRSAO_20190520144930000080_01.xml	20/05/2019 14:49:45
EMOXT201905077BR	BDPBRSAO_20190520144946000081_01.xml	20/05/2019 14:49:58
EOOXT201905009BR	BDPBRSAO_20190520145001000082_01.xml	20/05/2019 14:52:14
IMDPT201904036BR	BDPBRSAO_20190520145215000083_01.xml	20/05/2019 14:52:27
IMDPT201904037BR	BDPBRSAO_20190520145230000084_01.xml	20/05/2019 14:52:43
IMDPT201902030BR	BDPBRSAO_20190520145244000085_01.xml	20/05/2019 14:52:56
IMDPT201902031BR	BDPBRSAO_20190520145257000086_01.xml	20/05/2019 14:53:08
IMDPT201902032BR	BDPBRSAO_20190520145309000087_01.xml	20/05/2019 14:53:21
IAFMC201903007BR	BDPBRSAO_20190520145325000088_01.xml	20/05/2019 14:58:21
IMDPT201902028BR	BDPBRSAO_20190520145822000089_01.xml	20/05/2019 14:58:32
EMOXT201904171BR	BDPBRSAO_20190520145832000090_01.xml	20/05/2019 14:58:45
IMDPT201904003BR	BDPBRSAO_20190520145846000091_01.xml	20/05/2019 14:58:56
IMDPT201902027BR	BDPBRSAO_20190520145857000092_01.xml	20/05/2019 14:59:07
IMDPT201903035BR	BDPBRSAO_20190520145908000093_01.xml	20/05/2019 14:59:18
IACSR201901023BR	BDPBRSAO_20190520145919000094_01.xml	20/05/2019 14:59:29
IMCSR201903487BR	BDPBRSAO_20190520145932000095_01.xml	20/05/2019 14:59:41
IMFMC201904005BR	BDPBRSAO_20190520145942000096_01.xml	20/05/2019 14:59:52
IMCSR201902023BR	BDPBRSAO_20190520145954000097_01.xml	20/05/2019 15:00:16
IMCSR201903288BR	BDPBRSAO_20190520150018000098_01.xml	20/05/2019 15:00:36
IMCSR201903291BR	BDPBRSAO_20190520150046000099_01.xml	20/05/2019 15:01:00
Start Program	20/05/2019 15:14:12
IMCSR201903485BR	BDPBRSAO_20190520151424000002_01.xml	20/05/2019 15:14:38
IMCSR201903596BR	BDPBRSAO_20190520151712000003_01.xml	20/05/2019 15:17:25
IMCSR201904038BR	BDPBRSAO_20190520151810000004_01.xml	20/05/2019 15:18:22
IMDPT201904002BR	BDPBRSAO_20190520151823000005_01.xml	20/05/2019 15:18:37
IMCSR201802292BR	BDPBRSAO_20190520151838000006_01.xml	20/05/2019 15:18:54
IACSR201901021BR	BDPBRSAO_20190520151901000007_01.xml	20/05/2019 15:19:13
IMCSR201702266BR	BDPBRSAO_20190520151915000008_01.xml	20/05/2019 15:19:31
EMOXT201905072BR	BDPBRSAO_20190520151932000009_01.xml	20/05/2019 15:19:48
IMFMC201905021BR	BDPBRSAO_20190520151957000010_01.xml	20/05/2019 15:20:23
IODPT201905003BR	BDPBRSAO_20190520152026000011_01.xml	20/05/2019 15:20:37
IMCSR201903278BR	BDPBRSAO_20190520152041000012_01.xml	20/05/2019 15:20:51
IMCSR201903279BR	BDPBRSAO_20190520152052000013_01.xml	20/05/2019 15:21:03
EMOXT201905079BR	BDPBRSAO_20190520152104000014_01.xml	20/05/2019 15:21:16
IMCSR201904183BR	BDPBRSAO_20190520152117000015_01.xml	20/05/2019 15:21:29
IODPT201905002BR	BDPBRSAO_20190520152135000016_01.xml	20/05/2019 15:21:45
IMSLA201904036BR	BDPBRSAO_20190520152146000017_01.xml	20/05/2019 15:21:56
IMSLA201904037BR	BDPBRSAO_20190520152158000018_01.xml	20/05/2019 15:22:10
IMSLA201904041BR	BDPBRSAO_20190520152216000019_01.xml	20/05/2019 15:22:42
EMOXT201905083BR	BDPBRSAO_20190520152243000020_01.xml	20/05/2019 15:22:59
IMCSR201812291BR	BDPBRSAO_20190520152300000021_01.xml	20/05/2019 15:23:12
IMSOL201902013BR	BDPBRSAO_20190520152313000022_01.xml	20/05/2019 15:23:24
IMSOL201902042BR	BDPBRSAO_20190520152325000023_01.xml	20/05/2019 15:23:36
IMSOL201902043BR	BDPBRSAO_20190520152337000024_01.xml	20/05/2019 15:23:47
IMSOL201902053BR	BDPBRSAO_20190520152348000025_01.xml	20/05/2019 15:24:00
Start Program	21/05/2019 11:48:00
EMCOR201901026BR	BDPBRSAO_20190521114846000002_01.xml	21/05/2019 11:48:55
Program has been finished		21/05/2019 11:49:46
Start Program	21/05/2019 11:50:12
EMCOR201901021BR	BDPBRSAO_20190521115026000002_01.xml	21/05/2019 11:50:36
Program has been finished		21/05/2019 11:50:36
Start Program	21/05/2019 11:56:43
EMCOR201901001BR	BDPBRSAO_20190521115659000002_01.xml	21/05/2019 11:57:06
EMCOR201901002BR	BDPBRSAO_20190521115729000003_01.xml	21/05/2019 11:57:37
EMCOR201901003BR	BDPBRSAO_20190521115738000004_01.xml	21/05/2019 11:57:45
EMCOR201901004BR	BDPBRSAO_20190521115747000005_01.xml	21/05/2019 11:57:54
EMCOR201901005BR	BDPBRSAO_20190521115755000006_01.xml	21/05/2019 11:58:02
EMCOR201901006BR	BDPBRSAO_20190521115802000007_01.xml	21/05/2019 11:58:11
EMCOR201901007BR	BDPBRSAO_20190521115812000008_01.xml	21/05/2019 11:58:21
EMCOR201901008BR	BDPBRSAO_20190521115822000009_01.xml	21/05/2019 11:58:29
EMCOR201901009BR	BDPBRSAO_20190521115830000010_01.xml	21/05/2019 11:58:37
EMCOR201901010BR	BDPBRSAO_20190521115838000011_01.xml	21/05/2019 11:58:46
EMCOR201901011BR	BDPBRSAO_20190521115847000012_01.xml	21/05/2019 11:58:54
EMCOR201901012BR	BDPBRSAO_20190521115854000013_01.xml	21/05/2019 11:59:02
EMCOR201901013BR	BDPBRSAO_20190521115902000014_01.xml	21/05/2019 11:59:09
EMCOR201901014BR	BDPBRSAO_20190521115910000015_01.xml	21/05/2019 11:59:17
EMCOR201901015BR	BDPBRSAO_20190521115918000016_01.xml	21/05/2019 11:59:25
EMCOR201901016BR	BDPBRSAO_20190521115927000017_01.xml	21/05/2019 11:59:35
EMCOR201901017BR	BDPBRSAO_20190521115935000018_01.xml	21/05/2019 11:59:45
EMCOR201901018BR	BDPBRSAO_20190521115946000019_01.xml	21/05/2019 11:59:53
EMCOR201901019BR	BDPBRSAO_20190521115954000020_01.xml	21/05/2019 12:00:01
EMCOR201901020BR	BDPBRSAO_20190521120015000021_01.xml	21/05/2019 12:00:28
EMCOR201901021BR	BDPBRSAO_20190521120030000022_01.xml	21/05/2019 12:00:44
EMCOR201901022BR	BDPBRSAO_20190521120046000023_01.xml	21/05/2019 12:00:57
EMCOR201901023BR	BDPBRSAO_20190521120059000024_01.xml	21/05/2019 12:01:09
EMCOR201901024BR	BDPBRSAO_20190521120110000025_01.xml	21/05/2019 12:01:21
EMCOR201901025BR	BDPBRSAO_20190521120122000026_01.xml	21/05/2019 12:01:33
EMCOR201901026BR	BDPBRSAO_20190521120629000027_01.xml	21/05/2019 12:06:41
EMCOR201901027BR	BDPBRSAO_20190521120642000028_01.xml	21/05/2019 12:06:53
EMCOR201901028BR	BDPBRSAO_20190521120654000029_01.xml	21/05/2019 12:07:03
EMCOR201901029BR	BDPBRSAO_20190521120703000030_01.xml	21/05/2019 12:07:14
EMCOR201901030BR	BDPBRSAO_20190521120715000031_01.xml	21/05/2019 12:07:25
EMCOR201901031BR	BDPBRSAO_20190521120726000032_01.xml	21/05/2019 12:07:38
EMCOR201901032BR	BDPBRSAO_20190521120739000033_01.xml	21/05/2019 12:07:50
EMCOR201901033BR	BDPBRSAO_20190521120757000034_01.xml	21/05/2019 12:08:06
EMCOR201902001BR	BDPBRSAO_20190521120810000035_01.xml	21/05/2019 12:08:22
EMCOR201902002BR	BDPBRSAO_20190521120823000036_01.xml	21/05/2019 12:08:33
EMCOR201902003BR	BDPBRSAO_20190521120834000037_01.xml	21/05/2019 12:08:44
EMCOR201902004BR	BDPBRSAO_20190521120853000038_01.xml	21/05/2019 12:09:03
EMCOR201902005BR	BDPBRSAO_20190521120904000039_01.xml	21/05/2019 12:09:13
EMCOR201902006BR	BDPBRSAO_20190521120914000040_01.xml	21/05/2019 12:09:24
EMCOR201902007BR	BDPBRSAO_20190521120926000041_01.xml	21/05/2019 12:09:37
EMCOR201902008BR	BDPBRSAO_20190521120938000042_01.xml	21/05/2019 12:09:48
EMCOR201902009BR	BDPBRSAO_20190521120949000043_01.xml	21/05/2019 12:10:00
EMCOR201902010BR	BDPBRSAO_20190521121005000044_01.xml	21/05/2019 12:10:19
EMCOR201902011BR	BDPBRSAO_20190521121020000045_01.xml	21/05/2019 12:10:31
EMCOR201902012BR	BDPBRSAO_20190521121032000046_01.xml	21/05/2019 12:10:45
EMCOR201902013BR	BDPBRSAO_20190521121046000047_01.xml	21/05/2019 12:10:58
EMCOR201902014BR	BDPBRSAO_20190521121111000048_01.xml	21/05/2019 12:11:21
EMCOR201902015BR	BDPBRSAO_20190521121125000049_01.xml	21/05/2019 12:11:37
EMCOR201902016BR	BDPBRSAO_20190521121138000050_01.xml	21/05/2019 12:11:48
EMCOR201902017BR	BDPBRSAO_20190521121150000051_01.xml	21/05/2019 12:12:00
EMCOR201902018BR	BDPBRSAO_20190521121201000052_01.xml	21/05/2019 12:12:11
EMCOR201902019BR	BDPBRSAO_20190521121213000053_01.xml	21/05/2019 12:12:22
EMCOR201902020BR	BDPBRSAO_20190521121241000054_01.xml	21/05/2019 12:12:52
EMCOR201903001BR	BDPBRSAO_20190521121253000055_01.xml	21/05/2019 12:13:02
EMCOR201903002BR	BDPBRSAO_20190521121303000056_01.xml	21/05/2019 12:13:12
EMCOR201903003BR	BDPBRSAO_20190521121313000057_01.xml	21/05/2019 12:13:22
EMCOR201903004BR	BDPBRSAO_20190521121323000058_01.xml	21/05/2019 12:13:31
EMCOR201903005BR	BDPBRSAO_20190521121332000059_01.xml	21/05/2019 12:13:40
EMCOR201903006BR	BDPBRSAO_20190521121341000060_01.xml	21/05/2019 12:13:50
EMCOR201903007BR	BDPBRSAO_20190521121353000061_01.xml	21/05/2019 12:14:01
EMCOR201903008BR	BDPBRSAO_20190521121402000062_01.xml	21/05/2019 12:14:12
EMCOR201903009BR	BDPBRSAO_20190521121417000063_01.xml	21/05/2019 12:14:25
EMCOR201903010BR	BDPBRSAO_20190521121426000064_01.xml	21/05/2019 12:14:35
EMCOR201903011BR	BDPBRSAO_20190521121436000065_01.xml	21/05/2019 12:14:44
EMCOR201903012BR	BDPBRSAO_20190521121445000066_01.xml	21/05/2019 12:14:54
EMCOR201903013BR	BDPBRSAO_20190521121455000067_01.xml	21/05/2019 12:15:04
EMCOR201903014BR	BDPBRSAO_20190521121505000068_01.xml	21/05/2019 12:15:15
EMCOR201903015BR	BDPBRSAO_20190521121516000069_01.xml	21/05/2019 12:15:25
EMCOR201903016BR	BDPBRSAO_20190521121526000070_01.xml	21/05/2019 12:15:35
EMCOR201903017BR	BDPBRSAO_20190521121538000071_01.xml	21/05/2019 12:15:47
EMCOR201903018BR	BDPBRSAO_20190521121548000072_01.xml	21/05/2019 12:15:57
EMCOR201903019BR	BDPBRSAO_20190521121558000073_01.xml	21/05/2019 12:16:06
EMCOR201903020BR	BDPBRSAO_20190521121607000074_01.xml	21/05/2019 12:16:17
EMCOR201903021BR	BDPBRSAO_20190521121618000075_01.xml	21/05/2019 12:16:28
EMCOR201903022BR	BDPBRSAO_20190521121631000076_01.xml	21/05/2019 12:16:42
EMCOR201903023BR	BDPBRSAO_20190521121650000077_01.xml	21/05/2019 12:17:01
EMCOR201903024BR	BDPBRSAO_20190521121705000078_01.xml	21/05/2019 12:17:13
EMCOR201904001BR	BDPBRSAO_20190521121717000079_01.xml	21/05/2019 12:17:24
EMCOR201904002BR	BDPBRSAO_20190521121727000080_01.xml	21/05/2019 12:17:36
EMCOR201904003BR	BDPBRSAO_20190521121739000081_01.xml	21/05/2019 12:17:47
EMCOR201904004BR	BDPBRSAO_20190521121748000082_01.xml	21/05/2019 12:17:55
EMCOR201904005BR	BDPBRSAO_20190521121802000083_01.xml	21/05/2019 12:18:10
EMCOR201904006BR	BDPBRSAO_20190521121813000084_01.xml	21/05/2019 12:18:21
EMCOR201904007BR	BDPBRSAO_20190521121824000085_01.xml	21/05/2019 12:18:33
EMCOR201904008BR	BDPBRSAO_20190521121836000086_01.xml	21/05/2019 12:18:44
EMCOR201904009BR	BDPBRSAO_20190521121845000087_01.xml	21/05/2019 12:18:54
EMCOR201904010BR	BDPBRSAO_20190521121901000088_01.xml	21/05/2019 12:19:09
EMCOR201904011BR	BDPBRSAO_20190521121912000089_01.xml	21/05/2019 12:19:20
EMCOR201904012BR	BDPBRSAO_20190521121922000090_01.xml	21/05/2019 12:19:29
EMCOR201904013BR	BDPBRSAO_20190521121937000091_01.xml	21/05/2019 12:19:49
EMCOR201904014BR	BDPBRSAO_20190521121951000092_01.xml	21/05/2019 12:20:00
EMCOR201904015BR	BDPBRSAO_20190521122002000093_01.xml	21/05/2019 12:20:12
EMCOR201904016BR	BDPBRSAO_20190521122013000094_01.xml	21/05/2019 12:20:23
EMCOR201904017BR	BDPBRSAO_20190521122024000095_01.xml	21/05/2019 12:20:33
EMCOR201904018BR	BDPBRSAO_20190521122034000096_01.xml	21/05/2019 12:20:41
EMCOR201904019BR	BDPBRSAO_20190521122042000097_01.xml	21/05/2019 12:20:51
EMCOR201904020BR	BDPBRSAO_20190521122052000098_01.xml	21/05/2019 12:20:59
EMCOR201904021BR	BDPBRSAO_20190521122100000099_01.xml	21/05/2019 12:21:08
EMCOR201904022BR	BDPBRSAO_20190521122109000100_01.xml	21/05/2019 12:21:17
EMCOR201904023BR	BDPBRSAO_20190521122119000101_01.xml	21/05/2019 12:21:27
EMCOR201904024BR	BDPBRSAO_20190521122131000102_01.xml	21/05/2019 12:21:39
EMCOR201905001BR	BDPBRSAO_20190521122141000103_01.xml	21/05/2019 12:21:49
EMCOR201905002BR	BDPBRSAO_20190521122155000104_01.xml	21/05/2019 12:22:02
EMCOR201905003BR	BDPBRSAO_20190521122204000105_01.xml	21/05/2019 12:22:12
EMCOR201905004BR	BDPBRSAO_20190521122215000106_01.xml	21/05/2019 12:22:25
EMCOR201905005BR	BDPBRSAO_20190521122226000107_01.xml	21/05/2019 12:22:33
EMCOR201905006BR	BDPBRSAO_20190521122234000108_01.xml	21/05/2019 12:22:44
EMCOR201905007BR	BDPBRSAO_20190521122246000109_01.xml	21/05/2019 12:22:58
EMCOR201905008BR	BDPBRSAO_20190521122259000110_01.xml	21/05/2019 12:23:07
EMCOR201905009BR	BDPBRSAO_20190521122308000111_01.xml	21/05/2019 12:23:16
EMCOR201905011BR	BDPBRSAO_20190521122317000112_01.xml	21/05/2019 12:23:24
EMCOR201905012BR	BDPBRSAO_20190521122325000113_01.xml	21/05/2019 12:23:33
EMCOR201905013BR	BDPBRSAO_20190521122335000114_01.xml	21/05/2019 12:23:43
EMCOR201905015BR	BDPBRSAO_20190521122353000115_01.xml	21/05/2019 12:24:01
EMCOR201905016BR	BDPBRSAO_20190521122402000116_01.xml	21/05/2019 12:24:09
EMCOR201905017BR	BDPBRSAO_20190521122410000117_01.xml	21/05/2019 12:24:17
Program has been finished		21/05/2019 12:24:17
