Start Program	29/07/2019 09:12:42
Start Program	29/07/2019 09:36:04
IMCSR201907722BR	BDPBRSAO_20190729093627000002_01.xml	29/07/2019 09:36:35
IMCSR201904208BR	BDPBRSAO_20190729093636000003_01.xml	29/07/2019 09:36:45
IMCSR201904210BR	BDPBRSAO_20190729093646000004_01.xml	29/07/2019 09:36:54
IMCSR201904215BR	BDPBRSAO_20190729093655000005_01.xml	29/07/2019 09:37:03
IMCSR201904216BR	BDPBRSAO_20190729093704000006_01.xml	29/07/2019 09:37:12
IMCSR201904221BR	BDPBRSAO_20190729093713000007_01.xml	29/07/2019 09:37:21
IMCSR201904223BR	BDPBRSAO_20190729093722000008_01.xml	29/07/2019 09:37:30
IMCSR201904225BR	BDPBRSAO_20190729093731000009_01.xml	29/07/2019 09:37:40
IMCSR201904226BR	BDPBRSAO_20190729093740000010_01.xml	29/07/2019 09:37:49
IMCSR201904227BR	BDPBRSAO_20190729093750000011_01.xml	29/07/2019 09:37:58
IMCSR201904228BR	BDPBRSAO_20190729093759000012_01.xml	29/07/2019 09:38:08
IMCSR201904344BR	BDPBRSAO_20190729093808000013_01.xml	29/07/2019 09:38:16
IMCSR201904345BR	BDPBRSAO_20190729093817000014_01.xml	29/07/2019 09:38:25
IMCSR201904348BR	BDPBRSAO_20190729093826000015_01.xml	29/07/2019 09:38:34
IMCSR201904349BR	BDPBRSAO_20190729093835000016_01.xml	29/07/2019 09:38:44
IMCSR201904543BR	BDPBRSAO_20190729093845000017_01.xml	29/07/2019 09:38:54
IMCSR201904546BR	BDPBRSAO_20190729093854000018_01.xml	29/07/2019 09:39:03
IMCSR201905006BR	BDPBRSAO_20190729093904000019_01.xml	29/07/2019 09:39:13
IMCSR201905009BR	BDPBRSAO_20190729093914000020_01.xml	29/07/2019 09:39:23
IMCSR201905051BR	BDPBRSAO_20190729093924000021_01.xml	29/07/2019 09:39:32
IMCSR201905052BR	BDPBRSAO_20190729093933000022_01.xml	29/07/2019 09:39:41
IMCSR201905058BR	BDPBRSAO_20190729093942000023_01.xml	29/07/2019 09:39:50
IMCSR201905060BR	BDPBRSAO_20190729093951000024_01.xml	29/07/2019 09:39:59
IMCSR201905061BR	BDPBRSAO_20190729094000000025_01.xml	29/07/2019 09:40:10
IMCSR201905072BR	BDPBRSAO_20190729094011000026_01.xml	29/07/2019 09:40:19
IMCSR201905142BR	BDPBRSAO_20190729094020000027_01.xml	29/07/2019 09:40:28
IMCSR201905271BR	BDPBRSAO_20190729094029000028_01.xml	29/07/2019 09:40:37
IMCSR201905273BR	BDPBRSAO_20190729094038000029_01.xml	29/07/2019 09:40:46
IMCSR201905312BR	BDPBRSAO_20190729094047000030_01.xml	29/07/2019 09:40:55
IMCSR201905314BR	BDPBRSAO_20190729094056000031_01.xml	29/07/2019 09:41:04
IMCSR201905328BR	BDPBRSAO_20190729094105000032_01.xml	29/07/2019 09:41:14
IMCSR201905368BR	BDPBRSAO_20190729094114000033_01.xml	29/07/2019 09:41:23
IMCSR201905372BR	BDPBRSAO_20190729094124000034_01.xml	29/07/2019 09:41:32
IMCSR201905373BR	BDPBRSAO_20190729094134000035_01.xml	29/07/2019 09:41:42
IMCSR201905397BR	BDPBRSAO_20190729094142000036_01.xml	29/07/2019 09:41:50
IMCSR201905403BR	BDPBRSAO_20190729094151000037_01.xml	29/07/2019 09:42:01
IMCSR201905411BR	BDPBRSAO_20190729094203000038_01.xml	29/07/2019 09:42:12
IMCSR201905453BR	BDPBRSAO_20190729094213000039_01.xml	29/07/2019 09:42:22
IMCSR201905454BR	BDPBRSAO_20190729094223000040_01.xml	29/07/2019 09:42:31
IMCSR201905522BR	BDPBRSAO_20190729094232000041_01.xml	29/07/2019 09:42:41
IMCSR201905548BR	BDPBRSAO_20190729094246000042_01.xml	29/07/2019 09:42:55
IMCSR201905549BR	BDPBRSAO_20190729094256000043_01.xml	29/07/2019 09:43:05
IMCSR201905593BR	BDPBRSAO_20190729094306000044_01.xml	29/07/2019 09:43:19
IMCSR201905595BR	BDPBRSAO_20190729094320000045_01.xml	29/07/2019 09:43:31
IMCSR201905598BR	BDPBRSAO_20190729094332000046_01.xml	29/07/2019 09:43:46
IMCSR201905599BR	BDPBRSAO_20190729094347000047_01.xml	29/07/2019 09:43:56
IMCSR201906232BR	BDPBRSAO_20190729094357000048_01.xml	29/07/2019 09:44:06
IMCSR201905546BR	BDPBRSAO_20190729094407000049_01.xml	29/07/2019 09:44:15
IASOL201907003BR	BDPBRSAO_20190729094416000050_01.xml	29/07/2019 09:44:23
IMCSR201906610BR	BDPBRSAO_20190729094423000051_01.xml	29/07/2019 09:44:32
IAMTE201907019BR	BDPBRSAO_20190729094432000052_01.xml	29/07/2019 09:44:36
IMCSR201907012BR	BDPBRSAO_20190729094437000053_01.xml	29/07/2019 09:44:45
IMCSR201907013BR	BDPBRSAO_20190729094446000054_01.xml	29/07/2019 09:44:54
IMCSR201907011BR	BDPBRSAO_20190729094455000055_01.xml	29/07/2019 09:45:04
IASOL201907002BR	BDPBRSAO_20190729094505000056_01.xml	29/07/2019 09:45:13
IACSR201904008BR	BDPBRSAO_20190729094514000057_01.xml	29/07/2019 09:45:23
EMOXT201907189BR	BDPBRSAO_20190729094524000058_01.xml	29/07/2019 09:45:36
IAATN201907003BR	BDPBRSAO_20190729094537000059_01.xml	29/07/2019 09:45:45
IACSR201905010BR	BDPBRSAO_20190729094546000060_01.xml	29/07/2019 09:45:55
IACSR201905051BR	BDPBRSAO_20190729094556000061_01.xml	29/07/2019 09:46:04
IAATL201907075BR	BDPBRSAO_20190729094605000062_01.xml	29/07/2019 09:46:09
IACSR201907008BR	BDPBRSAO_20190729094610000063_01.xml	29/07/2019 09:46:21
EMCSR201907112BR	BDPBRSAO_20190729094621000064_01.xml	29/07/2019 09:46:31
IMATN201907001BR	BDPBRSAO_20190729094632000065_01.xml	29/07/2019 09:46:43
IMATN201907002BR	BDPBRSAO_20190729094644000066_01.xml	29/07/2019 09:46:55
IMATN201907024BR	BDPBRSAO_20190729094656000067_01.xml	29/07/2019 09:47:10
IMATN201907025BR	BDPBRSAO_20190729094711000068_01.xml	29/07/2019 09:47:23
IMATN201907026BR	BDPBRSAO_20190729094724000069_01.xml	29/07/2019 09:47:35
IMATN201907032BR	BDPBRSAO_20190729094736000070_01.xml	29/07/2019 09:47:47
IMCSR201905002BR	BDPBRSAO_20190729094748000071_01.xml	29/07/2019 09:47:58
IMCSR201905017BR	BDPBRSAO_20190729094759000072_01.xml	29/07/2019 09:48:09
IMCSR201905143BR	BDPBRSAO_20190729094810000073_01.xml	29/07/2019 09:48:20
IMCSR201906156BR	BDPBRSAO_20190729094821000074_01.xml	29/07/2019 09:48:31
IMCSR201906535BR	BDPBRSAO_20190729094832000075_01.xml	29/07/2019 09:48:41
IMCSR201906536BR	BDPBRSAO_20190729094842000076_01.xml	29/07/2019 09:48:51
IMSPC201906047BR	BDPBRSAO_20190729094852000077_01.xml	29/07/2019 09:49:03
IMSPC201907006BR	BDPBRSAO_20190729094904000078_01.xml	29/07/2019 09:49:13
IACSR201904007BR	BDPBRSAO_20190729094913000079_01.xml	29/07/2019 09:49:22
IMOXT201902042BR	BDPBRSAO_20190729094923000080_01.xml	29/07/2019 09:49:32
IMSOL201906060BR	BDPBRSAO_20190729094933000081_01.xml	29/07/2019 09:49:42
IMSOL201905007BR	BDPBRSAO_20190729094943000082_01.xml	29/07/2019 09:49:50
EMCSR201907113BR	BDPBRSAO_20190729094951000083_01.xml	29/07/2019 09:50:02
