Start Program	02/08/2019 09:28:58
IMCSR201906078BR	BDPBRSAO_20190802092926000002_01.xml	02/08/2019 09:29:36
IMCSR201906080BR	BDPBRSAO_20190802092937000003_01.xml	02/08/2019 09:29:46
IMCSR201906082BR	BDPBRSAO_20190802092958000004_01.xml	02/08/2019 09:30:10
IMCSR201906096BR	BDPBRSAO_20190802093012000005_01.xml	02/08/2019 09:30:25
IMCSR201906134BR	BDPBRSAO_20190802093026000006_01.xml	02/08/2019 09:30:36
IMCSR201906137BR	BDPBRSAO_20190802093037000007_01.xml	02/08/2019 09:30:46
IMCSR201906139BR	BDPBRSAO_20190802093047000008_01.xml	02/08/2019 09:30:56
IMCSR201906140BR	BDPBRSAO_20190802093057000009_01.xml	02/08/2019 09:31:06
IMCSR201906141BR	BDPBRSAO_20190802093107000010_01.xml	02/08/2019 09:31:16
IMCSR201906142BR	BDPBRSAO_20190802093117000011_01.xml	02/08/2019 09:31:27
IMCSR201906146BR	BDPBRSAO_20190802093128000012_01.xml	02/08/2019 09:31:37
EMOXT201907175BR	BDPBRSAO_20190802093138000013_01.xml	02/08/2019 09:31:51
EMOXT201907050BR	BDPBRSAO_20190802093152000014_01.xml	02/08/2019 09:32:03
EMOXT201906219BR	BDPBRSAO_20190802093203000015_01.xml	02/08/2019 09:32:14
IMCSR201906092BR	BDPBRSAO_20190802093215000016_01.xml	02/08/2019 09:32:24
EMOXT201907187BR	BDPBRSAO_20190802093225000017_01.xml	02/08/2019 09:32:36
EMOXT201907074BR	BDPBRSAO_20190802093237000018_01.xml	02/08/2019 09:32:49
EMOXT201907174BR	BDPBRSAO_20190802093250000019_01.xml	02/08/2019 09:33:00
EMOXT201907112BR	BDPBRSAO_20190802093301000020_01.xml	02/08/2019 09:33:12
EMOXT201907044BR	BDPBRSAO_20190802093313000021_01.xml	02/08/2019 09:33:24
EMOXT201907083BR	BDPBRSAO_20190802093324000022_01.xml	02/08/2019 09:33:35
EMOXT201907064BR	BDPBRSAO_20190802093336000023_01.xml	02/08/2019 09:33:50
EMOXT201907081BR	BDPBRSAO_20190802093351000024_01.xml	02/08/2019 09:34:01
EMOXT201907117BR	BDPBRSAO_20190802093402000025_01.xml	02/08/2019 09:34:12
IMCSR201906310BR	BDPBRSAO_20190802093413000026_01.xml	02/08/2019 09:34:22
EMOXT201907049BR	BDPBRSAO_20190802093423000027_01.xml	02/08/2019 09:34:36
EMOXT201907122BR	BDPBRSAO_20190802093437000028_01.xml	02/08/2019 09:34:49
EMOXT201907040BR	BDPBRSAO_20190802093450000029_01.xml	02/08/2019 09:35:01
EMOXT201907090BR	BDPBRSAO_20190802093502000030_01.xml	02/08/2019 09:35:14
EMOXT201907084BR	BDPBRSAO_20190802093515000031_01.xml	02/08/2019 09:35:26
EMOXT201906130BR	BDPBRSAO_20190802093527000032_01.xml	02/08/2019 09:35:39
EMOXT201907092BR	BDPBRSAO_20190802093540000033_01.xml	02/08/2019 09:35:49
EMOXT201907123BR	BDPBRSAO_20190802093550000034_01.xml	02/08/2019 09:36:00
EMOXT201907070BR	BDPBRSAO_20190802093601000035_01.xml	02/08/2019 09:36:12
EMOXT201907073BR	BDPBRSAO_20190802093613000036_01.xml	02/08/2019 09:36:22
EMOXT201907130BR	BDPBRSAO_20190802093623000037_01.xml	02/08/2019 09:36:33
EMOXT201907010BR	BDPBRSAO_20190802093634000038_01.xml	02/08/2019 09:36:44
EMOXT201906198BR	BDPBRSAO_20190802093645000039_01.xml	02/08/2019 09:36:56
EMOXT201907063BR	BDPBRSAO_20190802093657000040_01.xml	02/08/2019 09:37:08
EMOXT201907041BR	BDPBRSAO_20190802093709000041_01.xml	02/08/2019 09:37:19
EMOXT201907091BR	BDPBRSAO_20190802093719000042_01.xml	02/08/2019 09:37:30
EMOXT201907136BR	BDPBRSAO_20190802093731000043_01.xml	02/08/2019 09:37:41
EMOXT201907071BR	BDPBRSAO_20190802093741000044_01.xml	02/08/2019 09:37:51
IMCSR201905072BR	BDPBRSAO_20190802093752000045_01.xml	02/08/2019 09:38:00
IMCSR201905063BR	BDPBRSAO_20190802093801000046_01.xml	02/08/2019 09:38:09
IAOXT201808005BR	BDPBRSAO_20190802093810000047_01.xml	02/08/2019 09:38:17
IAOXT201802001BR	BDPBRSAO_20190802093818000048_01.xml	02/08/2019 09:38:25
IMLYB201903006BR	BDPBRSAO_20190802093826000049_01.xml	02/08/2019 09:38:33
IMOXT201806005BR	BDPBRSAO_20190802093834000050_01.xml	02/08/2019 09:38:43
IMOXT201802013BR	BDPBRSAO_20190802093844000051_01.xml	02/08/2019 09:38:52
IMOXT201904015BR	BDPBRSAO_20190802093853000052_01.xml	02/08/2019 09:39:01
IAOXT201905005BR	BDPBRSAO_20190802093902000053_01.xml	02/08/2019 09:39:09
IMOXT201805006BR	BDPBRSAO_20190802093910000054_01.xml	02/08/2019 09:39:18
IMOXT201906023BR	BDPBRSAO_20190802093919000055_01.xml	02/08/2019 09:39:27
IMOXT201907015BR	BDPBRSAO_20190802093928000056_01.xml	02/08/2019 09:39:38
IMOXT201807047BR	BDPBRSAO_20190802093939000057_01.xml	02/08/2019 09:39:45
IMOXT201907018BR	BDPBRSAO_20190802093946000058_01.xml	02/08/2019 09:39:56
IMOXT201904013BR	BDPBRSAO_20190802093957000059_01.xml	02/08/2019 09:40:12
IMOXT201905040BR	BDPBRSAO_20190802094013000060_01.xml	02/08/2019 09:40:23
IMOXT201811021BR	BDPBRSAO_20190802094023000061_01.xml	02/08/2019 09:40:31
IMOXT201901042BR	BDPBRSAO_20190802094032000062_01.xml	02/08/2019 09:40:41
IAOXT201809009BR	BDPBRSAO_20190802094041000063_01.xml	02/08/2019 09:40:49
IMOXT201904014BR	BDPBRSAO_20190802094049000064_01.xml	02/08/2019 09:40:58
IMOXT201806001BR	BDPBRSAO_20190802094059000065_01.xml	02/08/2019 09:41:05
IMOXT201812003BR	BDPBRSAO_20190802094106000066_01.xml	02/08/2019 09:41:14
IAOXT201808001BR	BDPBRSAO_20190802094115000067_01.xml	02/08/2019 09:41:22
IMOXT201905015BR	BDPBRSAO_20190802094123000068_01.xml	02/08/2019 09:41:30
IAOXT201906001BR	BDPBRSAO_20190802094131000069_01.xml	02/08/2019 09:41:38
IAOXT201803007BR	BDPBRSAO_20190802094139000070_01.xml	02/08/2019 09:41:48
IAOXT201811001BR	BDPBRSAO_20190802094149000071_01.xml	02/08/2019 09:41:56
IMOXT201903010BR	BDPBRSAO_20190802094157000072_01.xml	02/08/2019 09:42:03
IMOXT201807004BR	BDPBRSAO_20190802094204000073_01.xml	02/08/2019 09:42:12
IAOXT201907006BR	BDPBRSAO_20190802094212000074_01.xml	02/08/2019 09:42:19
IMOXT201807006BR	BDPBRSAO_20190802094220000075_01.xml	02/08/2019 09:42:28
IAOXT201810001BR	BDPBRSAO_20190802094228000076_01.xml	02/08/2019 09:42:36
IMOXT201907017BR	BDPBRSAO_20190802094236000077_01.xml	02/08/2019 09:42:47
IAOXT201810004BR	BDPBRSAO_20190802094248000078_01.xml	02/08/2019 09:43:00
IAOXT201903001BR	BDPBRSAO_20190802094301000079_01.xml	02/08/2019 09:43:09
IAOXT201905010BR	BDPBRSAO_20190802094310000080_01.xml	02/08/2019 09:43:16
IAOXT201806004BR	BDPBRSAO_20190802094317000081_01.xml	02/08/2019 09:43:25
IAOXT201809003BR	BDPBRSAO_20190802094326000082_01.xml	02/08/2019 09:43:33
IMOXT201907016BR	BDPBRSAO_20190802094334000083_01.xml	02/08/2019 09:43:43
IMOXT201804007BR	BDPBRSAO_20190802094344000084_01.xml	02/08/2019 09:43:51
IMOXT201905020BR	BDPBRSAO_20190802094352000085_01.xml	02/08/2019 09:43:59
IMOXT201906004BR	BDPBRSAO_20190802094400000086_01.xml	02/08/2019 09:44:08
IAOXT201907001BR	BDPBRSAO_20190802094409000087_01.xml	02/08/2019 09:44:17
IMOXT201808044BR	BDPBRSAO_20190802094418000088_01.xml	02/08/2019 09:44:25
IAOXT201907002BR	BDPBRSAO_20190802094426000089_01.xml	02/08/2019 09:44:33
IMOXT201901022BR	BDPBRSAO_20190802094434000090_01.xml	02/08/2019 09:44:42
IAOXT201811003BR	BDPBRSAO_20190802094443000091_01.xml	02/08/2019 09:44:50
IMOXT201811011BR	BDPBRSAO_20190802094451000092_01.xml	02/08/2019 09:44:58
IMOXT201902042BR	BDPBRSAO_20190802094459000093_01.xml	02/08/2019 09:45:07
IMOXT201809031BR	BDPBRSAO_20190802094508000094_01.xml	02/08/2019 09:45:17
IMOXT201801037BR	BDPBRSAO_20190802094518000095_01.xml	02/08/2019 09:45:26
IAOXT201905008BR	BDPBRSAO_20190802094527000096_01.xml	02/08/2019 09:45:38
IMOXT201810001BR	BDPBRSAO_20190802094539000097_01.xml	02/08/2019 09:45:46
IAOXT201803006BR	BDPBRSAO_20190802094547000098_01.xml	02/08/2019 09:45:55
IAOXT201902004BR	BDPBRSAO_20190802094556000099_01.xml	02/08/2019 09:46:06
IAOXT201906002BR	BDPBRSAO_20190802094606000100_01.xml	02/08/2019 09:46:14
IMOXT201801038BR	BDPBRSAO_20190802094615000101_01.xml	02/08/2019 09:46:23
IMATL201907081BR	BDPBRSAO_20190802094623000102_01.xml	02/08/2019 09:46:28
IMOXT201905038BR	BDPBRSAO_20190802094629000103_01.xml	02/08/2019 09:46:37
IMOXT201902021BR	BDPBRSAO_20190802094638000104_01.xml	02/08/2019 09:46:47
IAOXT201804004BR	BDPBRSAO_20190802094648000105_01.xml	02/08/2019 09:46:55
IMOXT201808003BR	BDPBRSAO_20190802094656000106_01.xml	02/08/2019 09:47:04
IMATL201907133BR	BDPBRSAO_20190802094705000107_01.xml	02/08/2019 09:47:09
IMATL201907132BR	BDPBRSAO_20190802094710000108_01.xml	02/08/2019 09:47:15
IAOXT201802007BR	BDPBRSAO_20190802094715000109_01.xml	02/08/2019 09:47:23
IMOXT201907019BR	BDPBRSAO_20190802094724000110_01.xml	02/08/2019 09:47:34
IAOXT201907005BR	BDPBRSAO_20190802094735000111_01.xml	02/08/2019 09:47:43
IAOXT201810009BR	BDPBRSAO_20190802094744000112_01.xml	02/08/2019 09:47:52
IAOXT201907007BR	BDPBRSAO_20190802094752000113_01.xml	02/08/2019 09:47:59
IMOXT201902009BR	BDPBRSAO_20190802094800000114_01.xml	02/08/2019 09:48:09
IMATL201907129BR	BDPBRSAO_20190802094810000115_01.xml	02/08/2019 09:48:15
IAOXT201809002BR	BDPBRSAO_20190802094815000116_01.xml	02/08/2019 09:48:23
IAOXT201907004BR	BDPBRSAO_20190802094824000117_01.xml	02/08/2019 09:48:40
IMOXT201905039BR	BDPBRSAO_20190802094841000118_01.xml	02/08/2019 09:48:48
IAOXT201812004BR	BDPBRSAO_20190802094849000119_01.xml	02/08/2019 09:48:59
IMOXT201901008BR	BDPBRSAO_20190802094859000120_01.xml	02/08/2019 09:49:07
IMOXT201807011BR	BDPBRSAO_20190802094908000121_01.xml	02/08/2019 09:49:18
IMOXT201902034BR	BDPBRSAO_20190802094919000122_01.xml	02/08/2019 09:49:29
IMOXT201805030BR	BDPBRSAO_20190802094929000123_01.xml	02/08/2019 09:49:38
IMOXT201812046BR	BDPBRSAO_20190802094939000124_01.xml	02/08/2019 09:49:47
IMOXT201805032BR	BDPBRSAO_20190802094947000125_01.xml	02/08/2019 09:49:55
IMOXT201905043BR	BDPBRSAO_20190802094956000126_01.xml	02/08/2019 09:50:03
IMOXT201803003BR	BDPBRSAO_20190802095004000127_01.xml	02/08/2019 09:50:12
IMOXT201906007BR	BDPBRSAO_20190802095012000128_01.xml	02/08/2019 09:50:20
IMOXT201905036BR	BDPBRSAO_20190802095021000129_01.xml	02/08/2019 09:50:28
IMOXT201810007BR	BDPBRSAO_20190802095029000130_01.xml	02/08/2019 09:50:37
IMOXT201812047BR	BDPBRSAO_20190802095038000131_01.xml	02/08/2019 09:50:46
IMOXT201805023BR	BDPBRSAO_20190802095047000132_01.xml	02/08/2019 09:50:55
IMOXT201906019BR	BDPBRSAO_20190802095056000133_01.xml	02/08/2019 09:51:03
IMOXT201906014BR	BDPBRSAO_20190802095104000134_01.xml	02/08/2019 09:51:11
EMOXT201907159BR	BDPBRSAO_20190802095112000135_01.xml	02/08/2019 09:51:22
IMOXT201906015BR	BDPBRSAO_20190802095123000136_01.xml	02/08/2019 09:51:30
IMOXT201903019BR	BDPBRSAO_20190802095130000137_01.xml	02/08/2019 09:51:38
IMOXT201807017BR	BDPBRSAO_20190802095138000138_01.xml	02/08/2019 09:51:47
IMOXT201812045BR	BDPBRSAO_20190802095148000139_01.xml	02/08/2019 09:51:55
IMOXT201901004BR	BDPBRSAO_20190802095155000140_01.xml	02/08/2019 09:52:02
IMOXT201905021BR	BDPBRSAO_20190802095203000141_01.xml	02/08/2019 09:52:11
IMOXT201812013BR	BDPBRSAO_20190802095212000142_01.xml	02/08/2019 09:52:20
IMOXT201807036BR	BDPBRSAO_20190802095221000143_01.xml	02/08/2019 09:52:31
IMATL201907135BR	BDPBRSAO_20190802095232000144_01.xml	02/08/2019 09:52:36
IMOXT201906013BR	BDPBRSAO_20190802095236000145_01.xml	02/08/2019 09:52:43
IMOXT201809014BR	BDPBRSAO_20190802095244000146_01.xml	02/08/2019 09:52:51
IMOXT201801018BR	BDPBRSAO_20190802095252000147_01.xml	02/08/2019 09:53:02
IMOXT201902006BR	BDPBRSAO_20190802095303000148_01.xml	02/08/2019 09:53:10
IMOXT201805026BR	BDPBRSAO_20190802095311000149_01.xml	02/08/2019 09:53:19
IMOXT201902046BR	BDPBRSAO_20190802095320000150_01.xml	02/08/2019 09:53:27
IMOXT201806006BR	BDPBRSAO_20190802095328000151_01.xml	02/08/2019 09:53:36
IMOXT201907007BR	BDPBRSAO_20190802095337000152_01.xml	02/08/2019 09:53:44
IMOXT201811030BR	BDPBRSAO_20190802095345000153_01.xml	02/08/2019 09:53:51
IMOXT201906038BR	BDPBRSAO_20190802095352000154_01.xml	02/08/2019 09:53:59
IMOXT201905022BR	BDPBRSAO_20190802095400000155_01.xml	02/08/2019 09:54:08
IMOXT201906039BR	BDPBRSAO_20190802095409000156_01.xml	02/08/2019 09:54:16
EMOXT201907116BR	BDPBRSAO_20190802095417000157_01.xml	02/08/2019 09:54:27
IMOXT201902038BR	BDPBRSAO_20190802095428000158_01.xml	02/08/2019 09:54:36
IMOXT201905024BR	BDPBRSAO_20190802095437000159_01.xml	02/08/2019 09:54:45
EACSR201907003BR	BDPBRSAO_20190802095446000160_01.xml	02/08/2019 09:54:53
IMOXT201810026BR	BDPBRSAO_20190802095454000161_01.xml	02/08/2019 09:55:01
IMOXT201803039BR	BDPBRSAO_20190802095501000162_01.xml	02/08/2019 09:55:10
IMOXT201906020BR	BDPBRSAO_20190802095510000163_01.xml	02/08/2019 09:55:18
IMOXT201807048BR	BDPBRSAO_20190802095519000164_01.xml	02/08/2019 09:55:26
IMOXT201807022BR	BDPBRSAO_20190802095527000165_01.xml	02/08/2019 09:55:35
IMATL201907007BR	BDPBRSAO_20190802095536000166_01.xml	02/08/2019 09:55:40
IMCSR201906229BR	BDPBRSAO_20190802095541000167_01.xml	02/08/2019 09:55:50
IMOXT201801009BR	BDPBRSAO_20190802095550000168_01.xml	02/08/2019 09:55:59
IMOXT201907026BR	BDPBRSAO_20190802095600000169_01.xml	02/08/2019 09:56:07
IMOXT201902058BR	BDPBRSAO_20190802095608000170_01.xml	02/08/2019 09:56:16
IMOXT201805025BR	BDPBRSAO_20190802095617000171_01.xml	02/08/2019 09:56:25
IMOXT201806026BR	BDPBRSAO_20190802095626000172_01.xml	02/08/2019 09:56:34
IMOXT201807012BR	BDPBRSAO_20190802095635000173_01.xml	02/08/2019 09:56:44
IMOXT201907027BR	BDPBRSAO_20190802095645000174_01.xml	02/08/2019 09:56:53
IMOXT201803004BR	BDPBRSAO_20190802095654000175_01.xml	02/08/2019 09:57:01
IMOXT201807045BR	BDPBRSAO_20190802095702000176_01.xml	02/08/2019 09:57:11
IMOXT201809004BR	BDPBRSAO_20190802095712000177_01.xml	02/08/2019 09:57:20
IMOXT201902007BR	BDPBRSAO_20190802095720000178_01.xml	02/08/2019 09:57:27
IMOXT201801011BR	BDPBRSAO_20190802095728000179_01.xml	02/08/2019 09:57:37
IMOXT201901003BR	BDPBRSAO_20190802095738000180_01.xml	02/08/2019 09:57:45
IMOXT201802051BR	BDPBRSAO_20190802095746000181_01.xml	02/08/2019 09:57:54
IMOXT201801035BR	BDPBRSAO_20190802095755000182_01.xml	02/08/2019 09:58:02
IMOXT201807010BR	BDPBRSAO_20190802095803000183_01.xml	02/08/2019 09:58:12
IMOXT201907008BR	BDPBRSAO_20190802095813000184_01.xml	02/08/2019 09:58:19
IMOXT201807027BR	BDPBRSAO_20190802095820000185_01.xml	02/08/2019 09:58:28
IMOXT201807008BR	BDPBRSAO_20190802095829000186_01.xml	02/08/2019 09:58:37
IMOXT201806020BR	BDPBRSAO_20190802095838000187_01.xml	02/08/2019 09:58:47
IMOXT201810015BR	BDPBRSAO_20190802095848000188_01.xml	02/08/2019 09:58:55
IMOXT201810029BR	BDPBRSAO_20190802095856000189_01.xml	02/08/2019 09:59:03
IMOXT201801003BR	BDPBRSAO_20190802095904000190_01.xml	02/08/2019 09:59:11
IMOXT201905011BR	BDPBRSAO_20190802095912000191_01.xml	02/08/2019 09:59:19
IMOXT201811026BR	BDPBRSAO_20190802095920000192_01.xml	02/08/2019 09:59:29
IMOXT201802055BR	BDPBRSAO_20190802095930000193_01.xml	02/08/2019 09:59:40
IMOXT201801033BR	BDPBRSAO_20190802095941000194_01.xml	02/08/2019 09:59:49
IMOXT201803054BR	BDPBRSAO_20190802095950000195_01.xml	02/08/2019 09:59:58
IMOXT201804036BR	BDPBRSAO_20190802095959000196_01.xml	02/08/2019 10:00:16
IMOXT201904002BR	BDPBRSAO_20190802100019000197_01.xml	02/08/2019 10:00:29
IMOXT201804011BR	BDPBRSAO_20190802100030000198_01.xml	02/08/2019 10:00:39
IMCSR201905061BR	BDPBRSAO_20190802100042000199_01.xml	02/08/2019 10:00:53
IMOXT201907014BR	BDPBRSAO_20190802100054000200_01.xml	02/08/2019 10:01:04
IMOXT201809012BR	BDPBRSAO_20190802100105000201_01.xml	02/08/2019 10:01:14
IMOXT201808034BR	BDPBRSAO_20190802100115000202_01.xml	02/08/2019 10:01:26
IMOXT201811029BR	BDPBRSAO_20190802100128000203_01.xml	02/08/2019 10:01:36
IMOXT201804012BR	BDPBRSAO_20190802100138000204_01.xml	02/08/2019 10:01:46
IMOXT201802011BR	BDPBRSAO_20190802100148000205_01.xml	02/08/2019 10:01:58
IMOXT201803041BR	BDPBRSAO_20190802100201000206_01.xml	02/08/2019 10:02:10
IMOXT201812029BR	BDPBRSAO_20190802100211000207_01.xml	02/08/2019 10:02:20
IMOXT201805019BR	BDPBRSAO_20190802100222000208_01.xml	02/08/2019 10:02:30
IMOXT201805018BR	BDPBRSAO_20190802100232000209_01.xml	02/08/2019 10:02:40
IMOXT201904011BR	BDPBRSAO_20190802100244000210_01.xml	02/08/2019 10:03:07
IMOXT201812006BR	BDPBRSAO_20190802100312000211_01.xml	02/08/2019 10:03:25
IMOXT201902016BR	BDPBRSAO_20190802100327000212_01.xml	02/08/2019 10:03:39
IMCSR201906048BR	BDPBRSAO_20190802100341000213_01.xml	02/08/2019 10:03:53
IMOXT201806032BR	BDPBRSAO_20190802100357000214_01.xml	02/08/2019 10:04:07
IMOXT201809013BR	BDPBRSAO_20190802100412000215_01.xml	02/08/2019 10:04:20
IMOXT201902036BR	BDPBRSAO_20190802100424000216_01.xml	02/08/2019 10:04:35
IMOXT201812001BR	BDPBRSAO_20190802100438000217_01.xml	02/08/2019 10:04:47
IMOXT201811014BR	BDPBRSAO_20190802100448000218_01.xml	02/08/2019 10:04:57
IMOXT201809022BR	BDPBRSAO_20190802100459000219_01.xml	02/08/2019 10:05:08
IMOXT201904017BR	BDPBRSAO_20190802100511000220_01.xml	02/08/2019 10:05:20
IMOXT201907013BR	BDPBRSAO_20190802100521000221_01.xml	02/08/2019 10:05:31
IMOXT201809009BR	BDPBRSAO_20190802100534000222_01.xml	02/08/2019 10:05:46
IMOXT201802007BR	BDPBRSAO_20190802100547000223_01.xml	02/08/2019 10:05:57
IMOXT201905028BR	BDPBRSAO_20190802100558000224_01.xml	02/08/2019 10:06:06
IMOXT201903026BR	BDPBRSAO_20190802100607000225_01.xml	02/08/2019 10:06:16
IMOXT201902002BR	BDPBRSAO_20190802100617000226_01.xml	02/08/2019 10:06:25
IMOXT201901010BR	BDPBRSAO_20190802100626000227_01.xml	02/08/2019 10:06:38
IMOXT201808033BR	BDPBRSAO_20190802100638000228_01.xml	02/08/2019 10:06:48
IMOXT201902015BR	BDPBRSAO_20190802100649000229_01.xml	02/08/2019 10:06:58
IMOXT201808047BR	BDPBRSAO_20190802100659000230_01.xml	02/08/2019 10:07:12
IMOXT201806030BR	BDPBRSAO_20190802100713000231_01.xml	02/08/2019 10:07:21
IMOXT201803047BR	BDPBRSAO_20190802100722000232_01.xml	02/08/2019 10:07:31
IMOXT201906012BR	BDPBRSAO_20190802100732000233_01.xml	02/08/2019 10:07:39
IMOXT201902043BR	BDPBRSAO_20190802100740000234_01.xml	02/08/2019 10:07:52
IASWB201907002BR	BDPBRSAO_20190802100753000235_01.xml	02/08/2019 10:08:01
IMOXT201809006BR	BDPBRSAO_20190802100802000236_01.xml	02/08/2019 10:08:09
IMOXT201904009BR	BDPBRSAO_20190802100810000237_01.xml	02/08/2019 10:08:18
IMATN201906008BR	BDPBRSAO_20190802100819000238_01.xml	02/08/2019 10:08:29
IMBCB201907007BR	BDPBRSAO_20190802100830000239_01.xml	02/08/2019 10:08:38
IMBCB201907008BR	BDPBRSAO_20190802100839000240_01.xml	02/08/2019 10:08:47
IMOXT201906016BR	BDPBRSAO_20190802100848000241_01.xml	02/08/2019 10:08:56
IMOXT201901007BR	BDPBRSAO_20190802100856000242_01.xml	02/08/2019 10:09:05
IMCBT201901013BR	BDPBRSAO_20190802100906000243_01.xml	02/08/2019 10:09:14
IMOXT201812016BR	BDPBRSAO_20190802100915000244_01.xml	02/08/2019 10:09:23
IMCBT201904009BR	BDPBRSAO_20190802100924000245_01.xml	02/08/2019 10:09:34
IMOXT201901028BR	BDPBRSAO_20190802100935000246_01.xml	02/08/2019 10:09:43
IMCBT201904010BR	BDPBRSAO_20190802100944000247_01.xml	02/08/2019 10:09:52
IMOXT201811025BR	BDPBRSAO_20190802100953000248_01.xml	02/08/2019 10:10:02
IMCBT201905005BR	BDPBRSAO_20190802101003000249_01.xml	02/08/2019 10:10:15
IMCBT201905017BR	BDPBRSAO_20190802101017000250_01.xml	02/08/2019 10:10:24
IMOXT201904021BR	BDPBRSAO_20190802101026000251_01.xml	02/08/2019 10:10:37
IMCBT201906005BR	BDPBRSAO_20190802101038000252_01.xml	02/08/2019 10:10:46
IMOXT201812031BR	BDPBRSAO_20190802101047000253_01.xml	02/08/2019 10:10:55
IMCBT201906008BR	BDPBRSAO_20190802101056000254_01.xml	02/08/2019 10:11:04
IMOXT201811017BR	BDPBRSAO_20190802101105000255_01.xml	02/08/2019 10:11:14
IMCBT201906027BR	BDPBRSAO_20190802101115000256_01.xml	02/08/2019 10:11:24
IMCBT201907003BR	BDPBRSAO_20190802101124000257_01.xml	02/08/2019 10:11:32
IMOXT201904019BR	BDPBRSAO_20190802101133000258_01.xml	02/08/2019 10:11:45
IMCBT201907004BR	BDPBRSAO_20190802101146000259_01.xml	02/08/2019 10:11:56
IMOXT201902005BR	BDPBRSAO_20190802101157000260_01.xml	02/08/2019 10:12:05
EMOXT201906059BR	BDPBRSAO_20190802101206000261_01.xml	02/08/2019 10:12:17
EMOXT201906231BR	BDPBRSAO_20190802101218000262_01.xml	02/08/2019 10:12:29
EMOXT201907086BR	BDPBRSAO_20190802101230000263_01.xml	02/08/2019 10:12:40
EMOXT201907054BR	BDPBRSAO_20190802101241000264_01.xml	02/08/2019 10:12:53
IMOXT201803027BR	BDPBRSAO_20190802101254000265_01.xml	02/08/2019 10:13:02
IMCSR201901579BR	BDPBRSAO_20190802101303000266_01.xml	02/08/2019 10:13:16
IMCSR201902030BR	BDPBRSAO_20190802101317000267_01.xml	02/08/2019 10:13:26
IMOXT201802063BR	BDPBRSAO_20190802101327000268_01.xml	02/08/2019 10:13:35
IMCSR201902032BR	BDPBRSAO_20190802101336000269_01.xml	02/08/2019 10:13:46
IMCSR201903413BR	BDPBRSAO_20190802101346000270_01.xml	02/08/2019 10:13:56
IMCSR201903508BR	BDPBRSAO_20190802101357000271_01.xml	02/08/2019 10:14:06
IMOXT201906009BR	BDPBRSAO_20190802101407000272_01.xml	02/08/2019 10:14:19
IMCSR201903611BR	BDPBRSAO_20190802101420000273_01.xml	02/08/2019 10:14:31
IMCSR201904071BR	BDPBRSAO_20190802101432000274_01.xml	02/08/2019 10:14:41
IMOXT201905031BR	BDPBRSAO_20190802101442000275_01.xml	02/08/2019 10:14:50
IMCSR201904084BR	BDPBRSAO_20190802101451000276_01.xml	02/08/2019 10:15:00
IMOXT201806033BR	BDPBRSAO_20190802101501000277_01.xml	02/08/2019 10:15:11
IMCSR201904106BR	BDPBRSAO_20190802101512000278_01.xml	02/08/2019 10:15:22
IMOXT201811015BR	BDPBRSAO_20190802101523000279_01.xml	02/08/2019 10:15:30
IMCSR201904107BR	BDPBRSAO_20190802101531000280_01.xml	02/08/2019 10:15:41
IMOXT201809023BR	BDPBRSAO_20190802101542000281_01.xml	02/08/2019 10:15:49
IMCSR201904198BR	BDPBRSAO_20190802101550000282_01.xml	02/08/2019 10:15:58
IMOXT201802009BR	BDPBRSAO_20190802101559000283_01.xml	02/08/2019 10:16:07
IMCSR201904212BR	BDPBRSAO_20190802101608000284_01.xml	02/08/2019 10:16:17
IMOXT201802053BR	BDPBRSAO_20190802101617000285_01.xml	02/08/2019 10:16:26
IMCSR201904221BR	BDPBRSAO_20190802101627000286_01.xml	02/08/2019 10:16:36
IMCSR201904326BR	BDPBRSAO_20190802101637000287_01.xml	02/08/2019 10:16:46
IMOXT201811018BR	BDPBRSAO_20190802101647000288_01.xml	02/08/2019 10:16:54
IMCSR201904327BR	BDPBRSAO_20190802101655000289_01.xml	02/08/2019 10:17:04
IMOXT201806029BR	BDPBRSAO_20190802101705000290_01.xml	02/08/2019 10:17:13
IMCSR201904344BR	BDPBRSAO_20190802101714000291_01.xml	02/08/2019 10:17:23
IMOXT201902003BR	BDPBRSAO_20190802101724000292_01.xml	02/08/2019 10:17:31
IMCSR201904349BR	BDPBRSAO_20190802101732000293_01.xml	02/08/2019 10:17:42
IMOXT201802062BR	BDPBRSAO_20190802101743000294_01.xml	02/08/2019 10:17:51
IMCSR201905002BR	BDPBRSAO_20190802101752000295_01.xml	02/08/2019 10:18:01
IMOXT201808001BR	BDPBRSAO_20190802101802000296_01.xml	02/08/2019 10:18:11
IMCSR201905005BR	BDPBRSAO_20190802101812000297_01.xml	02/08/2019 10:18:22
IMCSR201905051BR	BDPBRSAO_20190802101823000298_01.xml	02/08/2019 10:18:32
IMOXT201803048BR	BDPBRSAO_20190802101833000299_01.xml	02/08/2019 10:18:41
IMCSR201905052BR	BDPBRSAO_20190802101842000300_01.xml	02/08/2019 10:18:51
IMOXT201805031BR	BDPBRSAO_20190802101852000301_01.xml	02/08/2019 10:19:00
IMCSR201905053BR	BDPBRSAO_20190802101901000302_01.xml	02/08/2019 10:19:11
IMCSR201906155BR	BDPBRSAO_20190802101912000303_01.xml	02/08/2019 10:19:22
IMOXT201903027BR	BDPBRSAO_20190802101923000304_01.xml	02/08/2019 10:19:32
IMCSR201905055BR	BDPBRSAO_20190802101933000305_01.xml	02/08/2019 10:19:42
IMOXT201906035BR	BDPBRSAO_20190802101943000306_01.xml	02/08/2019 10:19:52
IMOXT201812002BR	BDPBRSAO_20190802101953000307_01.xml	02/08/2019 10:20:01
IMOXT201812004BR	BDPBRSAO_20190802102002000308_01.xml	02/08/2019 10:20:12
IMCSR201905143BR	BDPBRSAO_20190802102013000309_01.xml	02/08/2019 10:20:22
IMCSR201905144BR	BDPBRSAO_20190802102022000310_01.xml	02/08/2019 10:20:31
IMOXT201806025BR	BDPBRSAO_20190802102032000311_01.xml	02/08/2019 10:20:40
IMCSR201905272BR	BDPBRSAO_20190802102041000312_01.xml	02/08/2019 10:20:49
IMOXT201802008BR	BDPBRSAO_20190802102050000313_01.xml	02/08/2019 10:20:58
IMCSR201905375BR	BDPBRSAO_20190802102059000314_01.xml	02/08/2019 10:21:07
IMOXT201810018BR	BDPBRSAO_20190802102108000315_01.xml	02/08/2019 10:21:15
IMCSR201905411BR	BDPBRSAO_20190802102116000316_01.xml	02/08/2019 10:21:24
IMOXT201806024BR	BDPBRSAO_20190802102125000317_01.xml	02/08/2019 10:21:33
IMCSR201905442BR	BDPBRSAO_20190802102134000318_01.xml	02/08/2019 10:21:43
IMOXT201807035BR	BDPBRSAO_20190802102144000319_01.xml	02/08/2019 10:21:51
IMCSR201905455BR	BDPBRSAO_20190802102152000320_01.xml	02/08/2019 10:22:01
IMOXT201907012BR	BDPBRSAO_20190802102202000321_01.xml	02/08/2019 10:22:09
IMCSR201905522BR	BDPBRSAO_20190802102210000322_01.xml	02/08/2019 10:22:18
IMOXT201807041BR	BDPBRSAO_20190802102219000323_01.xml	02/08/2019 10:22:28
IMCSR201905549BR	BDPBRSAO_20190802102229000324_01.xml	02/08/2019 10:22:38
IMCSR201905550BR	BDPBRSAO_20190802102239000325_01.xml	02/08/2019 10:22:48
IMCSR201905551BR	BDPBRSAO_20190802102249000326_01.xml	02/08/2019 10:22:58
IMCSR201905552BR	BDPBRSAO_20190802102258000327_01.xml	02/08/2019 10:23:07
IMOXT201802010BR	BDPBRSAO_20190802102308000328_01.xml	02/08/2019 10:23:16
IMCSR201905577BR	BDPBRSAO_20190802102317000329_01.xml	02/08/2019 10:23:26
IMOXT201807040BR	BDPBRSAO_20190802102327000330_01.xml	02/08/2019 10:23:34
IMCSR201905578BR	BDPBRSAO_20190802102335000331_01.xml	02/08/2019 10:23:44
IMOXT201810021BR	BDPBRSAO_20190802102345000332_01.xml	02/08/2019 10:23:51
IMCSR201905580BR	BDPBRSAO_20190802102352000333_01.xml	02/08/2019 10:24:01
IMCSR201905584BR	BDPBRSAO_20190802102402000334_01.xml	02/08/2019 10:24:11
IOOXT201902001BR	BDPBRSAO_20190802102412000335_01.xml	02/08/2019 10:24:20
IMCSR201905593BR	BDPBRSAO_20190802102421000336_01.xml	02/08/2019 10:24:29
IMCSR201905595BR	BDPBRSAO_20190802102430000337_01.xml	02/08/2019 10:24:39
IOOXT201802011BR	BDPBRSAO_20190802102440000338_01.xml	02/08/2019 10:24:47
IMCSR201905596BR	BDPBRSAO_20190802102447000339_01.xml	02/08/2019 10:24:56
IMCSR201905597BR	BDPBRSAO_20190802102457000340_01.xml	02/08/2019 10:25:06
IMOXT201902037BR	BDPBRSAO_20190802102507000341_01.xml	02/08/2019 10:25:15
IMOXT201812023BR	BDPBRSAO_20190802102516000342_01.xml	02/08/2019 10:25:23
IMCSR201905600BR	BDPBRSAO_20190802102524000343_01.xml	02/08/2019 10:25:32
EMOXT201907057BR	BDPBRSAO_20190802102533000344_01.xml	02/08/2019 10:25:42
EMOXT201907047BR	BDPBRSAO_20190802102543000345_01.xml	02/08/2019 10:25:52
EMOXT201907098BR	BDPBRSAO_20190802102553000346_01.xml	02/08/2019 10:26:02
EMOXT201907131BR	BDPBRSAO_20190802102603000347_01.xml	02/08/2019 10:26:13
IMCSR201905604BR	BDPBRSAO_20190802102613000348_01.xml	02/08/2019 10:26:22
IOOXT201810014BR	BDPBRSAO_20190802102622000349_01.xml	02/08/2019 10:26:30
IMCSR201906011BR	BDPBRSAO_20190802102631000350_01.xml	02/08/2019 10:26:39
IMCSR201906091BR	BDPBRSAO_20190802102640000351_01.xml	02/08/2019 10:26:49
IMOXT201907005BR	BDPBRSAO_20190802102650000352_01.xml	02/08/2019 10:26:56
IMOXT201905012BR	BDPBRSAO_20190802102657000353_01.xml	02/08/2019 10:27:05
IMCSR201906135BR	BDPBRSAO_20190802102706000354_01.xml	02/08/2019 10:27:14
IMCSR201906136BR	BDPBRSAO_20190802102714000355_01.xml	02/08/2019 10:27:23
IMCSR201906138BR	BDPBRSAO_20190802102724000356_01.xml	02/08/2019 10:27:31
IMCSR201906145BR	BDPBRSAO_20190802102732000357_01.xml	02/08/2019 10:27:40
IOOXT201906005BR	BDPBRSAO_20190802102741000358_01.xml	02/08/2019 10:27:48
IMOXT201805024BR	BDPBRSAO_20190802102748000359_01.xml	02/08/2019 10:27:55
IMCSR201906147BR	BDPBRSAO_20190802102756000360_01.xml	02/08/2019 10:28:04
IMCSR201906148BR	BDPBRSAO_20190802102805000361_01.xml	02/08/2019 10:28:13
IMCSR201906156BR	BDPBRSAO_20190802102814000362_01.xml	02/08/2019 10:28:22
IMCSR201906157BR	BDPBRSAO_20190802102823000363_01.xml	02/08/2019 10:28:32
IMCSR201906183BR	BDPBRSAO_20190802102833000364_01.xml	02/08/2019 10:28:41
IMCSR201906222BR	BDPBRSAO_20190802102841000365_01.xml	02/08/2019 10:28:49
IMCSR201906224BR	BDPBRSAO_20190802102850000366_01.xml	02/08/2019 10:28:58
IMCSR201906226BR	BDPBRSAO_20190802102859000367_01.xml	02/08/2019 10:29:06
IMOXT201806027BR	BDPBRSAO_20190802102907000368_01.xml	02/08/2019 10:29:13
IMCSR201906227BR	BDPBRSAO_20190802102914000369_01.xml	02/08/2019 10:29:21
IMCSR201906228BR	BDPBRSAO_20190802102922000370_01.xml	02/08/2019 10:29:30
IMCSR201906232BR	BDPBRSAO_20190802102932000371_01.xml	02/08/2019 10:29:41
IMCSR201906251BR	BDPBRSAO_20190802102943000372_01.xml	02/08/2019 10:29:52
IMCSR201906295BR	BDPBRSAO_20190802102953000373_01.xml	02/08/2019 10:30:03
IMCSR201906297BR	BDPBRSAO_20190802103007000374_01.xml	02/08/2019 10:30:19
IMCSR201906300BR	BDPBRSAO_20190802103024000375_01.xml	02/08/2019 10:30:37
IMCSR201906359BR	BDPBRSAO_20190802103050000376_01.xml	02/08/2019 10:31:00
IMCSR201906362BR	BDPBRSAO_20190802103104000377_01.xml	02/08/2019 10:31:13
IOOXT201907002BR	BDPBRSAO_20190802103114000378_01.xml	02/08/2019 10:31:22
IMCSR201906374BR	BDPBRSAO_20190802103123000379_01.xml	02/08/2019 10:31:31
IMCSR201906463BR	BDPBRSAO_20190802103131000380_01.xml	02/08/2019 10:31:40
IMOXT201812018BR	BDPBRSAO_20190802103141000381_01.xml	02/08/2019 10:31:48
IOOXT201802008BR	BDPBRSAO_20190802103149000382_01.xml	02/08/2019 10:31:56
IMCSR201906500BR	BDPBRSAO_20190802103156000383_01.xml	02/08/2019 10:32:05
IMCSR201906508BR	BDPBRSAO_20190802103206000384_01.xml	02/08/2019 10:32:14
IMCSR201906509BR	BDPBRSAO_20190802103215000385_01.xml	02/08/2019 10:32:23
IMCSR201906510BR	BDPBRSAO_20190802103224000386_01.xml	02/08/2019 10:32:32
IMOXT201806028BR	BDPBRSAO_20190802103233000387_01.xml	02/08/2019 10:32:40
IMCSR201906514BR	BDPBRSAO_20190802103241000388_01.xml	02/08/2019 10:32:50
IMCSR201906520BR	BDPBRSAO_20190802103251000389_01.xml	02/08/2019 10:32:59
IMCSR201906521BR	BDPBRSAO_20190802103300000390_01.xml	02/08/2019 10:33:09
IMOXT201907009BR	BDPBRSAO_20190802103310000391_01.xml	02/08/2019 10:33:17
IMCSR201906524BR	BDPBRSAO_20190802103318000392_01.xml	02/08/2019 10:33:26
IMOXT201906027BR	BDPBRSAO_20190802103327000393_01.xml	02/08/2019 10:33:36
IMCSR201906526BR	BDPBRSAO_20190802103336000394_01.xml	02/08/2019 10:33:46
IMCSR201906527BR	BDPBRSAO_20190802103346000395_01.xml	02/08/2019 10:33:54
IMCSR201906532BR	BDPBRSAO_20190802103355000396_01.xml	02/08/2019 10:34:02
IOOXT201805003BR	BDPBRSAO_20190802103403000397_01.xml	02/08/2019 10:34:09
IMCSR201906533BR	BDPBRSAO_20190802103410000398_01.xml	02/08/2019 10:34:17
IMCSR201906534BR	BDPBRSAO_20190802103418000399_01.xml	02/08/2019 10:34:25
IMOXT201805012BR	BDPBRSAO_20190802103426000400_01.xml	02/08/2019 10:34:32
IMCSR201906535BR	BDPBRSAO_20190802103432000401_01.xml	02/08/2019 10:34:40
IMCSR201906536BR	BDPBRSAO_20190802103440000402_01.xml	02/08/2019 10:34:47
IMCSR201906541BR	BDPBRSAO_20190802103448000403_01.xml	02/08/2019 10:34:55
IMOXT201809018BR	BDPBRSAO_20190802103456000404_01.xml	02/08/2019 10:35:03
IMCSR201906543BR	BDPBRSAO_20190802103504000405_01.xml	02/08/2019 10:35:11
IMCSR201906544BR	BDPBRSAO_20190802103512000406_01.xml	02/08/2019 10:35:19
IMCSR201906545BR	BDPBRSAO_20190802103520000407_01.xml	02/08/2019 10:35:27
IOOXT201802002BR	BDPBRSAO_20190802103528000408_01.xml	02/08/2019 10:35:35
IMCSR201906553BR	BDPBRSAO_20190802103535000409_01.xml	02/08/2019 10:35:43
EMOXT201904206BR	BDPBRSAO_20190802103543000410_01.xml	02/08/2019 10:35:52
IMCSR201906586BR	BDPBRSAO_20190802103553000411_01.xml	02/08/2019 10:36:00
IMOXT201905013BR	BDPBRSAO_20190802103601000412_01.xml	02/08/2019 10:36:10
IMCSR201906589BR	BDPBRSAO_20190802103611000413_01.xml	02/08/2019 10:36:18
IMOXT201811027BR	BDPBRSAO_20190802103618000414_01.xml	02/08/2019 10:36:25
IMCSR201906590BR	BDPBRSAO_20190802103625000415_01.xml	02/08/2019 10:36:33
IMOXT201809019BR	BDPBRSAO_20190802103634000416_01.xml	02/08/2019 10:36:40
IMCSR201906591BR	BDPBRSAO_20190802103641000417_01.xml	02/08/2019 10:36:48
IOOXT201803004BR	BDPBRSAO_20190802103649000418_01.xml	02/08/2019 10:36:55
IMCSR201906602BR	BDPBRSAO_20190802103656000419_01.xml	02/08/2019 10:37:03
IMCSR201906606BR	BDPBRSAO_20190802103704000420_01.xml	02/08/2019 10:37:12
IMCSR201906607BR	BDPBRSAO_20190802103712000421_01.xml	02/08/2019 10:37:19
IMCSR201906609BR	BDPBRSAO_20190802103720000422_01.xml	02/08/2019 10:37:27
IOOXT201904014BR	BDPBRSAO_20190802103728000423_01.xml	02/08/2019 10:37:34
IMCSR201906613BR	BDPBRSAO_20190802103735000424_01.xml	02/08/2019 10:37:42
IMCSR201906617BR	BDPBRSAO_20190802103743000425_01.xml	02/08/2019 10:37:50
IMCSR201906618BR	BDPBRSAO_20190802103751000426_01.xml	02/08/2019 10:37:59
IMOXT201801007BR	BDPBRSAO_20190802103800000427_01.xml	02/08/2019 10:38:06
IOOXT201803002BR	BDPBRSAO_20190802103806000428_01.xml	02/08/2019 10:38:13
IMCSR201906620BR	BDPBRSAO_20190802103813000429_01.xml	02/08/2019 10:38:21
IMCSR201906638BR	BDPBRSAO_20190802103822000430_01.xml	02/08/2019 10:38:29
IMCSR201906695BR	BDPBRSAO_20190802103830000431_01.xml	02/08/2019 10:38:38
IOOXT201904021BR	BDPBRSAO_20190802103839000432_01.xml	02/08/2019 10:38:44
IMCSR201906696BR	BDPBRSAO_20190802103845000433_01.xml	02/08/2019 10:38:52
IMCSR201906701BR	BDPBRSAO_20190802103853000434_01.xml	02/08/2019 10:39:00
IMCSR201907005BR	BDPBRSAO_20190802103902000435_01.xml	02/08/2019 10:39:09
IMCSR201907007BR	BDPBRSAO_20190802103910000436_01.xml	02/08/2019 10:39:18
IMOXT201811028BR	BDPBRSAO_20190802103919000437_01.xml	02/08/2019 10:39:25
IMCSR201907044BR	BDPBRSAO_20190802103926000438_01.xml	02/08/2019 10:39:33
IMOXT201805013BR	BDPBRSAO_20190802103934000439_01.xml	02/08/2019 10:39:40
IMCSR201907084BR	BDPBRSAO_20190802103941000440_01.xml	02/08/2019 10:39:48
IMCSR201907085BR	BDPBRSAO_20190802103949000441_01.xml	02/08/2019 10:39:56
IMCSR201907155BR	BDPBRSAO_20190802103957000442_01.xml	02/08/2019 10:40:07
IOOXT201802013BR	BDPBRSAO_20190802104008000443_01.xml	02/08/2019 10:40:14
IMCSR201907159BR	BDPBRSAO_20190802104015000444_01.xml	02/08/2019 10:40:22
IMCSR201907160BR	BDPBRSAO_20190802104023000445_01.xml	02/08/2019 10:40:31
IAOXT201908002BR	BDPBRSAO_20190802104031000446_01.xml	02/08/2019 10:40:38
IMCSR201907163BR	BDPBRSAO_20190802104038000447_01.xml	02/08/2019 10:40:46
IMCSR201907169BR	BDPBRSAO_20190802104047000448_01.xml	02/08/2019 10:40:54
IMCSR201907170BR	BDPBRSAO_20190802104055000449_01.xml	02/08/2019 10:41:02
IMCSR201907171BR	BDPBRSAO_20190802104103000450_01.xml	02/08/2019 10:41:11
IOOXT201902009BR	BDPBRSAO_20190802104112000451_01.xml	02/08/2019 10:41:18
IMCSR201907221BR	BDPBRSAO_20190802104119000452_01.xml	02/08/2019 10:41:26
IOOXT201903001BR	BDPBRSAO_20190802104127000453_01.xml	02/08/2019 10:41:34
IMCSR201907222BR	BDPBRSAO_20190802104135000454_01.xml	02/08/2019 10:41:42
IMCSR201907290BR	BDPBRSAO_20190802104143000455_01.xml	02/08/2019 10:41:52
IMCSR201907291BR	BDPBRSAO_20190802104153000456_01.xml	02/08/2019 10:42:00
IMCSR201907292BR	BDPBRSAO_20190802104201000457_01.xml	02/08/2019 10:42:08
IMCSR201907376BR	BDPBRSAO_20190802104209000458_01.xml	02/08/2019 10:42:17
IMCSR201907393BR	BDPBRSAO_20190802104218000459_01.xml	02/08/2019 10:42:25
IMCSR201907396BR	BDPBRSAO_20190802104226000460_01.xml	02/08/2019 10:42:34
IMCSR201907398BR	BDPBRSAO_20190802104234000461_01.xml	02/08/2019 10:42:41
IMCSR201907401BR	BDPBRSAO_20190802104242000462_01.xml	02/08/2019 10:42:50
IMCSR201907402BR	BDPBRSAO_20190802104250000463_01.xml	02/08/2019 10:42:57
IMCSR201907403BR	BDPBRSAO_20190802104258000464_01.xml	02/08/2019 10:43:05
IMCSR201907438BR	BDPBRSAO_20190802104306000465_01.xml	02/08/2019 10:43:10
IMCSR201907470BR	BDPBRSAO_20190802104311000466_01.xml	02/08/2019 10:43:18
IMCSR201907499BR	BDPBRSAO_20190802104318000467_01.xml	02/08/2019 10:43:25
IMEAS201907002BR	BDPBRSAO_20190802104326000468_01.xml	02/08/2019 10:43:33
IMEAS201907003BR	BDPBRSAO_20190802104334000469_01.xml	02/08/2019 10:43:40
IMEAS201907005BR	BDPBRSAO_20190802104341000470_01.xml	02/08/2019 10:43:50
IMEAS201907008BR	BDPBRSAO_20190802104351000471_01.xml	02/08/2019 10:43:57
IMEAS201907011BR	BDPBRSAO_20190802104358000472_01.xml	02/08/2019 10:44:05
IMEAS201907012BR	BDPBRSAO_20190802104405000473_01.xml	02/08/2019 10:44:25
IMEXO201904045BR	BDPBRSAO_20190802104426000474_01.xml	02/08/2019 10:44:32
IMEXO201904047BR	BDPBRSAO_20190802104433000475_01.xml	02/08/2019 10:44:41
IMFMC201906017BR	BDPBRSAO_20190802104442000476_01.xml	02/08/2019 10:44:49
IMIFB201905057BR	BDPBRSAO_20190802104450000477_01.xml	02/08/2019 10:45:00
IMIFB201905059BR	BDPBRSAO_20190802104501000478_01.xml	02/08/2019 10:45:11
IMIFB201906032BR	BDPBRSAO_20190802104512000479_01.xml	02/08/2019 10:45:24
IMIFB201906033BR	BDPBRSAO_20190802104525000480_01.xml	02/08/2019 10:45:33
IMIFB201906037BR	BDPBRSAO_20190802104534000481_01.xml	02/08/2019 10:45:43
IMIFB201906041BR	BDPBRSAO_20190802104544000482_01.xml	02/08/2019 10:45:53
IMLYB201905001BR	BDPBRSAO_20190802104553000483_01.xml	02/08/2019 10:46:01
IMLYB201905003BR	BDPBRSAO_20190802104602000484_01.xml	02/08/2019 10:46:10
IMLYB201905004BR	BDPBRSAO_20190802104611000485_01.xml	02/08/2019 10:46:19
IMLYB201905005BR	BDPBRSAO_20190802104619000486_01.xml	02/08/2019 10:46:27
IMLYB201905006BR	BDPBRSAO_20190802104628000487_01.xml	02/08/2019 10:46:35
IMLYB201906010BR	BDPBRSAO_20190802104636000488_01.xml	02/08/2019 10:46:44
IMLYB201907006BR	BDPBRSAO_20190802104645000489_01.xml	02/08/2019 10:46:52
IMMAU201907001BR	BDPBRSAO_20190802104653000490_01.xml	02/08/2019 10:47:02
IMMAU201907002BR	BDPBRSAO_20190802104703000491_01.xml	02/08/2019 10:47:10
IMOCV201905017BR	BDPBRSAO_20190802104711000492_01.xml	02/08/2019 10:47:19
IMOCV201905019BR	BDPBRSAO_20190802104720000493_01.xml	02/08/2019 10:47:26
IMOCV201906003BR	BDPBRSAO_20190802104727000494_01.xml	02/08/2019 10:47:34
IMOCV201906005BR	BDPBRSAO_20190802104735000495_01.xml	02/08/2019 10:47:42
IMOCV201906008BR	BDPBRSAO_20190802104743000496_01.xml	02/08/2019 10:47:52
IMSCA201906003BR	BDPBRSAO_20190802104753000497_01.xml	02/08/2019 10:48:13
IMSCA201906005BR	BDPBRSAO_20190802104814000498_01.xml	02/08/2019 10:48:25
IMSCA201906008BR	BDPBRSAO_20190802104826000499_01.xml	02/08/2019 10:48:37
IACSR201908015BR	BDPBRSAO_20190802104838000500_01.xml	02/08/2019 10:48:42
IMSCA201907002BR	BDPBRSAO_20190802104843000501_01.xml	02/08/2019 10:48:53
IMSLA201907006BR	BDPBRSAO_20190802104854000502_01.xml	02/08/2019 10:49:00
IMSLA201907007BR	BDPBRSAO_20190802104901000503_01.xml	02/08/2019 10:49:08
IMSLA201907012BR	BDPBRSAO_20190802104908000504_01.xml	02/08/2019 10:49:21
IMSLA201907014BR	BDPBRSAO_20190802104921000505_01.xml	02/08/2019 10:49:28
IMSLA201907015BR	BDPBRSAO_20190802104929000506_01.xml	02/08/2019 10:49:35
IMSLA201907016BR	BDPBRSAO_20190802104936000507_01.xml	02/08/2019 10:49:47
IMSLA201907017BR	BDPBRSAO_20190802104948000508_01.xml	02/08/2019 10:50:13
IMSLA201907018BR	BDPBRSAO_20190802105014000509_01.xml	02/08/2019 10:50:21
EMOXT201906169BR	BDPBRSAO_20190802105022000510_01.xml	02/08/2019 10:50:31
IMSLA201907019BR	BDPBRSAO_20190802105032000511_01.xml	02/08/2019 10:50:49
IMSLA201907021BR	BDPBRSAO_20190802105050000512_01.xml	02/08/2019 10:50:57
IMSLA201907022BR	BDPBRSAO_20190802105057000513_01.xml	02/08/2019 10:51:04
IMSLA201907023BR	BDPBRSAO_20190802105105000514_01.xml	02/08/2019 10:51:19
IMSLA201907026BR	BDPBRSAO_20190802105120000515_01.xml	02/08/2019 10:51:26
IMSLA201907029BR	BDPBRSAO_20190802105127000516_01.xml	02/08/2019 10:51:33
IMSLA201907030BR	BDPBRSAO_20190802105134000517_01.xml	02/08/2019 10:51:40
IMSLA201907031BR	BDPBRSAO_20190802105141000518_01.xml	02/08/2019 10:51:48
IMSLA201907033BR	BDPBRSAO_20190802105149000519_01.xml	02/08/2019 10:51:55
IMSLA201907034BR	BDPBRSAO_20190802105156000520_01.xml	02/08/2019 10:52:02
IMSLA201907035BR	BDPBRSAO_20190802105203000521_01.xml	02/08/2019 10:52:09
IMSOL201811165BR	BDPBRSAO_20190802105210000522_01.xml	02/08/2019 10:52:16
IMSOL201902097BR	BDPBRSAO_20190802105217000523_01.xml	02/08/2019 10:52:26
IMSOL201903025BR	BDPBRSAO_20190802105226000524_01.xml	02/08/2019 10:52:33
IMSOL201904010BR	BDPBRSAO_20190802105234000525_01.xml	02/08/2019 10:52:41
IMSOL201904035BR	BDPBRSAO_20190802105242000526_01.xml	02/08/2019 10:52:49
IMSOL201904036BR	BDPBRSAO_20190802105249000527_01.xml	02/08/2019 10:52:56
IMSOL201904037BR	BDPBRSAO_20190802105257000528_01.xml	02/08/2019 10:53:03
IMSOL201904038BR	BDPBRSAO_20190802105304000529_01.xml	02/08/2019 10:53:10
IMSOL201904111BR	BDPBRSAO_20190802105311000530_01.xml	02/08/2019 10:53:18
IMSOL201904112BR	BDPBRSAO_20190802105318000531_01.xml	02/08/2019 10:53:24
IMSOL201904115BR	BDPBRSAO_20190802105325000532_01.xml	02/08/2019 10:53:31
IMSOL201904120BR	BDPBRSAO_20190802105332000533_01.xml	02/08/2019 10:53:39
IMSOL201904122BR	BDPBRSAO_20190802105340000534_01.xml	02/08/2019 10:53:46
IMSOL201904132BR	BDPBRSAO_20190802105347000535_01.xml	02/08/2019 10:53:53
IMSOL201905010BR	BDPBRSAO_20190802105354000536_01.xml	02/08/2019 10:54:00
IMSOL201905022BR	BDPBRSAO_20190802105401000537_01.xml	02/08/2019 10:54:07
IMSOL201905035BR	BDPBRSAO_20190802105408000538_01.xml	02/08/2019 10:54:14
IMSOL201905061BR	BDPBRSAO_20190802105415000539_01.xml	02/08/2019 10:54:21
IMSOL201905062BR	BDPBRSAO_20190802105422000540_01.xml	02/08/2019 10:54:29
IMSOL201905063BR	BDPBRSAO_20190802105429000541_01.xml	02/08/2019 10:54:36
IMSOL201905064BR	BDPBRSAO_20190802105437000542_01.xml	02/08/2019 10:54:43
IMSOL201905073BR	BDPBRSAO_20190802105444000543_01.xml	02/08/2019 10:54:50
IMSOL201905076BR	BDPBRSAO_20190802105451000544_01.xml	02/08/2019 10:54:58
IMSOL201905084BR	BDPBRSAO_20190802105459000545_01.xml	02/08/2019 10:55:06
IMSOL201905086BR	BDPBRSAO_20190802105507000546_01.xml	02/08/2019 10:55:15
IMSOL201905088BR	BDPBRSAO_20190802105516000547_01.xml	02/08/2019 10:55:22
IMSOL201905103BR	BDPBRSAO_20190802105523000548_01.xml	02/08/2019 10:55:30
IMSOL201905119BR	BDPBRSAO_20190802105531000549_01.xml	02/08/2019 10:55:37
IMSOL201905120BR	BDPBRSAO_20190802105538000550_01.xml	02/08/2019 10:55:44
IMSOL201906050BR	BDPBRSAO_20190802105545000551_01.xml	02/08/2019 10:55:51
IMSOL201906052BR	BDPBRSAO_20190802105552000552_01.xml	02/08/2019 10:55:58
IMSOL201906061BR	BDPBRSAO_20190802105559000553_01.xml	02/08/2019 10:56:06
IMSOL201906063BR	BDPBRSAO_20190802105606000554_01.xml	02/08/2019 10:56:12
IMSOL201906065BR	BDPBRSAO_20190802105613000555_01.xml	02/08/2019 10:56:20
IMSOL201906102BR	BDPBRSAO_20190802105621000556_01.xml	02/08/2019 10:56:27
IMSOL201906104BR	BDPBRSAO_20190802105628000557_01.xml	02/08/2019 10:56:35
IMSOL201906107BR	BDPBRSAO_20190802105635000558_01.xml	02/08/2019 10:56:42
IMSOL201906131BR	BDPBRSAO_20190802105642000559_01.xml	02/08/2019 10:56:49
IMSOL201906132BR	BDPBRSAO_20190802105650000560_01.xml	02/08/2019 10:56:56
IMSOL201906163BR	BDPBRSAO_20190802105657000561_01.xml	02/08/2019 10:57:03
IMSOL201906171BR	BDPBRSAO_20190802105704000562_01.xml	02/08/2019 10:57:11
IMSPC201905023BR	BDPBRSAO_20190802105712000563_01.xml	02/08/2019 10:57:18
IMSPC201906042BR	BDPBRSAO_20190802105719000564_01.xml	02/08/2019 10:57:26
IMSPC201906047BR	BDPBRSAO_20190802105727000565_01.xml	02/08/2019 10:57:36
IMSPC201907006BR	BDPBRSAO_20190802105737000566_01.xml	02/08/2019 10:57:43
IMSPC201907007BR	BDPBRSAO_20190802105743000567_01.xml	02/08/2019 10:57:52
IMSPC201907009BR	BDPBRSAO_20190802105753000568_01.xml	02/08/2019 10:57:59
IMSPC201907010BR	BDPBRSAO_20190802105800000569_01.xml	02/08/2019 10:58:07
EMOXT201902164BR	BDPBRSAO_20190802105807000570_01.xml	02/08/2019 10:58:15
IMSPC201907011BR	BDPBRSAO_20190802105816000571_01.xml	02/08/2019 10:58:23
IMSPC201907017BR	BDPBRSAO_20190802105824000572_01.xml	02/08/2019 10:58:32
IMSPC201907018BR	BDPBRSAO_20190802105832000573_01.xml	02/08/2019 10:58:38
IMSPC201907019BR	BDPBRSAO_20190802105839000574_01.xml	02/08/2019 10:58:46
IMSWB201901029BR	BDPBRSAO_20190802105846000575_01.xml	02/08/2019 10:58:53
IMSWB201903045BR	BDPBRSAO_20190802105854000576_01.xml	02/08/2019 10:59:00
IMSWB201904013BR	BDPBRSAO_20190802105901000577_01.xml	02/08/2019 10:59:08
IMSWB201904031BR	BDPBRSAO_20190802105909000578_01.xml	02/08/2019 10:59:15
IMSWB201904055BR	BDPBRSAO_20190802105915000579_01.xml	02/08/2019 10:59:23
IMSWB201904056BR	BDPBRSAO_20190802105924000580_01.xml	02/08/2019 10:59:32
IMSWB201904057BR	BDPBRSAO_20190802105933000581_01.xml	02/08/2019 10:59:41
IMSWB201904078BR	BDPBRSAO_20190802105941000582_01.xml	02/08/2019 10:59:50
IMSWB201908006BR	BDPBRSAO_20190802105951000583_01.xml	02/08/2019 10:59:57
IMSWB201904122BR	BDPBRSAO_20190802110000000584_01.xml	02/08/2019 11:00:14
IMSWB201905003BR	BDPBRSAO_20190802110018000585_01.xml	02/08/2019 11:00:27
IMSWB201905017BR	BDPBRSAO_20190802110028000586_01.xml	02/08/2019 11:00:39
IMSWB201905028BR	BDPBRSAO_20190802110044000587_01.xml	02/08/2019 11:00:53
IMSWB201905036BR	BDPBRSAO_20190802110059000588_01.xml	02/08/2019 11:01:18
IMCSR201906117BR	BDPBRSAO_20190802110121000589_01.xml	02/08/2019 11:01:31
IMSWB201905043BR	BDPBRSAO_20190802110134000590_01.xml	02/08/2019 11:01:43
IMSWB201905050BR	BDPBRSAO_20190802110150000591_01.xml	02/08/2019 11:02:00
IMSWB201905058BR	BDPBRSAO_20190802110205000592_01.xml	02/08/2019 11:02:13
IMSWB201905074BR	BDPBRSAO_20190802110218000593_01.xml	02/08/2019 11:02:29
IMSWB201905075BR	BDPBRSAO_20190802110230000594_01.xml	02/08/2019 11:02:40
IMSWB201905087BR	BDPBRSAO_20190802110243000595_01.xml	02/08/2019 11:02:52
IMSWB201905088BR	BDPBRSAO_20190802110257000596_01.xml	02/08/2019 11:03:05
IMSWB201905090BR	BDPBRSAO_20190802110309000597_01.xml	02/08/2019 11:03:18
IMSWB201905098BR	BDPBRSAO_20190802110321000598_01.xml	02/08/2019 11:03:30
IMSWB201905101BR	BDPBRSAO_20190802110331000599_01.xml	02/08/2019 11:03:42
IMSWB201905110BR	BDPBRSAO_20190802110345000600_01.xml	02/08/2019 11:03:54
IMSWB201905112BR	BDPBRSAO_20190802110356000601_01.xml	02/08/2019 11:04:04
IMSWB201905113BR	BDPBRSAO_20190802110406000602_01.xml	02/08/2019 11:04:14
IAOXT201908001BR	BDPBRSAO_20190802110414000603_01.xml	02/08/2019 11:04:22
IMSWB201905114BR	BDPBRSAO_20190802110423000604_01.xml	02/08/2019 11:04:30
IMSWB201906017BR	BDPBRSAO_20190802110431000605_01.xml	02/08/2019 11:04:46
IMSWB201906021BR	BDPBRSAO_20190802110446000606_01.xml	02/08/2019 11:04:54
IMCSR201905062BR	BDPBRSAO_20190802110455000607_01.xml	02/08/2019 11:05:05
IMSWB201906022BR	BDPBRSAO_20190802110506000608_01.xml	02/08/2019 11:05:13
IMSWB201906026BR	BDPBRSAO_20190802110514000609_01.xml	02/08/2019 11:05:22
IMSWB201906029BR	BDPBRSAO_20190802110523000610_01.xml	02/08/2019 11:05:31
IMSWB201906033BR	BDPBRSAO_20190802110532000611_01.xml	02/08/2019 11:05:40
IMSWB201906035BR	BDPBRSAO_20190802110541000612_01.xml	02/08/2019 11:05:49
IMSWB201906045BR	BDPBRSAO_20190802110550000613_01.xml	02/08/2019 11:05:58
IMSWB201906046BR	BDPBRSAO_20190802110559000614_01.xml	02/08/2019 11:06:07
IMSWB201906050BR	BDPBRSAO_20190802110608000615_01.xml	02/08/2019 11:06:16
IMSWB201906054BR	BDPBRSAO_20190802110617000616_01.xml	02/08/2019 11:06:24
IMSWB201906055BR	BDPBRSAO_20190802110625000617_01.xml	02/08/2019 11:06:34
IMSWB201906058BR	BDPBRSAO_20190802110635000618_01.xml	02/08/2019 11:06:43
IMSWB201906060BR	BDPBRSAO_20190802110644000619_01.xml	02/08/2019 11:06:51
IMSWB201906110BR	BDPBRSAO_20190802110652000620_01.xml	02/08/2019 11:07:00
IMSWB201907014BR	BDPBRSAO_20190802110701000621_01.xml	02/08/2019 11:07:09
IMSWB201907033BR	BDPBRSAO_20190802110710000622_01.xml	02/08/2019 11:07:17
IMUPL201701051BR	BDPBRSAO_20190802110718000623_01.xml	02/08/2019 11:07:35
IMWFD201907001BR	BDPBRSAO_20190802110736000624_01.xml	02/08/2019 11:07:44
IAATN201907004BR	BDPBRSAO_20190802110745000625_01.xml	02/08/2019 11:07:52
IAATN201907005BR	BDPBRSAO_20190802110753000626_01.xml	02/08/2019 11:08:00
IAATN201907006BR	BDPBRSAO_20190802110801000627_01.xml	02/08/2019 11:08:09
IAOCV201904004BR	BDPBRSAO_20190802110810000628_01.xml	02/08/2019 11:08:17
IMCSR201906150BR	BDPBRSAO_20190802110818000629_01.xml	02/08/2019 11:08:26
IMCSR201906152BR	BDPBRSAO_20190802110827000630_01.xml	02/08/2019 11:08:37
IMCSR201906154BR	BDPBRSAO_20190802110838000631_01.xml	02/08/2019 11:08:48
IMCSR201906159BR	BDPBRSAO_20190802110849000632_01.xml	02/08/2019 11:08:58
IMCSR201906168BR	BDPBRSAO_20190802110859000633_01.xml	02/08/2019 11:09:07
IMCSR201906172BR	BDPBRSAO_20190802110908000634_01.xml	02/08/2019 11:09:18
IMCSR201906173BR	BDPBRSAO_20190802110919000635_01.xml	02/08/2019 11:09:28
IMCSR201906174BR	BDPBRSAO_20190802110929000636_01.xml	02/08/2019 11:09:38
IMCSR201906182BR	BDPBRSAO_20190802110939000637_01.xml	02/08/2019 11:09:48
IMCSR201906192BR	BDPBRSAO_20190802110949000638_01.xml	02/08/2019 11:09:58
IMCSR201906511BR	BDPBRSAO_20190802110959000639_01.xml	02/08/2019 11:10:10
IMCSR201906525BR	BDPBRSAO_20190802111011000640_01.xml	02/08/2019 11:10:21
IMCSR201906530BR	BDPBRSAO_20190802111022000641_01.xml	02/08/2019 11:10:31
IMCSR201906568BR	BDPBRSAO_20190802111032000642_01.xml	02/08/2019 11:10:43
IMCSR201906584BR	BDPBRSAO_20190802111044000643_01.xml	02/08/2019 11:10:54
IMCSR201906585BR	BDPBRSAO_20190802111055000644_01.xml	02/08/2019 11:11:06
IMCSR201906622BR	BDPBRSAO_20190802111107000645_01.xml	02/08/2019 11:11:16
IMCSR201906623BR	BDPBRSAO_20190802111117000646_01.xml	02/08/2019 11:11:27
IMCSR201906624BR	BDPBRSAO_20190802111128000647_01.xml	02/08/2019 11:11:39
IMCSR201906642BR	BDPBRSAO_20190802111140000648_01.xml	02/08/2019 11:11:50
IMCSR201907003BR	BDPBRSAO_20190802111151000649_01.xml	02/08/2019 11:12:00
IMCSR201907004BR	BDPBRSAO_20190802111201000650_01.xml	02/08/2019 11:12:10
IMCSR201907165BR	BDPBRSAO_20190802111211000651_01.xml	02/08/2019 11:12:20
IMCSR201907168BR	BDPBRSAO_20190802111221000652_01.xml	02/08/2019 11:12:31
IMCSR201907173BR	BDPBRSAO_20190802111232000653_01.xml	02/08/2019 11:12:41
IMCSR201907283BR	BDPBRSAO_20190802111242000654_01.xml	02/08/2019 11:12:50
IMCSR201907286BR	BDPBRSAO_20190802111251000655_01.xml	02/08/2019 11:13:00
IMCSR201907288BR	BDPBRSAO_20190802111301000656_01.xml	02/08/2019 11:13:09
IMCSR201907635BR	BDPBRSAO_20190802111310000657_01.xml	02/08/2019 11:13:19
IMCSR201907645BR	BDPBRSAO_20190802111320000658_01.xml	02/08/2019 11:13:30
IMIFB201905058BR	BDPBRSAO_20190802111331000659_01.xml	02/08/2019 11:13:40
IMIFB201905061BR	BDPBRSAO_20190802111341000660_01.xml	02/08/2019 11:13:49
IMIFB201905068BR	BDPBRSAO_20190802111350000661_01.xml	02/08/2019 11:14:02
IMIFB201905072BR	BDPBRSAO_20190802111403000662_01.xml	02/08/2019 11:14:10
IMIFB201906001BR	BDPBRSAO_20190802111411000663_01.xml	02/08/2019 11:14:19
IMIFB201906002BR	BDPBRSAO_20190802111420000664_01.xml	02/08/2019 11:14:32
IMIFB201906006BR	BDPBRSAO_20190802111433000665_01.xml	02/08/2019 11:14:41
IMIFB201906009BR	BDPBRSAO_20190802111441000666_01.xml	02/08/2019 11:14:49
IMIFB201906013BR	BDPBRSAO_20190802111450000667_01.xml	02/08/2019 11:14:59
IMIFB201906019BR	BDPBRSAO_20190802111459000668_01.xml	02/08/2019 11:15:10
IMIFB201906031BR	BDPBRSAO_20190802111511000669_01.xml	02/08/2019 11:15:22
IMIFB201906034BR	BDPBRSAO_20190802111523000670_01.xml	02/08/2019 11:15:35
IMIFB201906038BR	BDPBRSAO_20190802111536000671_01.xml	02/08/2019 11:15:46
IMIFB201906039BR	BDPBRSAO_20190802111547000672_01.xml	02/08/2019 11:15:54
IMIFB201906042BR	BDPBRSAO_20190802111555000673_01.xml	02/08/2019 11:16:03
IMIFB201906046BR	BDPBRSAO_20190802111604000674_01.xml	02/08/2019 11:16:12
IMIFB201906048BR	BDPBRSAO_20190802111613000675_01.xml	02/08/2019 11:16:21
IMIFB201906052BR	BDPBRSAO_20190802111622000676_01.xml	02/08/2019 11:16:31
IMLYB201906011BR	BDPBRSAO_20190802111632000677_01.xml	02/08/2019 11:16:39
IMLYB201907013BR	BDPBRSAO_20190802111640000678_01.xml	02/08/2019 11:18:50
IMSCA201907006BR	BDPBRSAO_20190802111851000679_01.xml	02/08/2019 11:19:05
IMSLA201907025BR	BDPBRSAO_20190802111906000680_01.xml	02/08/2019 11:19:19
IMSLA201907032BR	BDPBRSAO_20190802111920000681_01.xml	02/08/2019 11:19:28
IMSOL201902133BR	BDPBRSAO_20190802111929000682_01.xml	02/08/2019 11:19:38
IMSOL201903047BR	BDPBRSAO_20190802111939000683_01.xml	02/08/2019 11:19:47
IMSOL201904009BR	BDPBRSAO_20190802111948000684_01.xml	02/08/2019 11:19:56
IMSOL201904027BR	BDPBRSAO_20190802111957000685_01.xml	02/08/2019 11:20:06
IMSOL201904030BR	BDPBRSAO_20190802112007000686_01.xml	02/08/2019 11:20:16
IMSOL201904107BR	BDPBRSAO_20190802112017000687_01.xml	02/08/2019 11:20:25
IMSOL201904113BR	BDPBRSAO_20190802112026000688_01.xml	02/08/2019 11:20:33
IMSOL201904125BR	BDPBRSAO_20190802112034000689_01.xml	02/08/2019 11:20:42
IMSOL201905019BR	BDPBRSAO_20190802112043000690_01.xml	02/08/2019 11:20:51
IMSOL201905055BR	BDPBRSAO_20190802112052000691_01.xml	02/08/2019 11:21:00
IMSOL201905069BR	BDPBRSAO_20190802112100000692_01.xml	02/08/2019 11:21:11
IMSOL201905071BR	BDPBRSAO_20190802112112000693_01.xml	02/08/2019 11:21:21
IMSOL201905078BR	BDPBRSAO_20190802112122000694_01.xml	02/08/2019 11:21:30
IMSOL201905089BR	BDPBRSAO_20190802112131000695_01.xml	02/08/2019 11:21:39
IMSOL201905118BR	BDPBRSAO_20190802112140000696_01.xml	02/08/2019 11:21:47
IMSOL201905123BR	BDPBRSAO_20190802112148000697_01.xml	02/08/2019 11:21:56
IMSOL201906060BR	BDPBRSAO_20190802112157000698_01.xml	02/08/2019 11:22:05
IMSOL201906066BR	BDPBRSAO_20190802112206000699_01.xml	02/08/2019 11:22:13
IMSOL201906067BR	BDPBRSAO_20190802112214000700_01.xml	02/08/2019 11:22:22
IMSOL201906133BR	BDPBRSAO_20190802112223000701_01.xml	02/08/2019 11:22:31
IMSPC201906009BR	BDPBRSAO_20190802112232000702_01.xml	02/08/2019 11:22:40
IMSPC201906054BR	BDPBRSAO_20190802112241000703_01.xml	02/08/2019 11:22:48
IMSPC201906057BR	BDPBRSAO_20190802112249000704_01.xml	02/08/2019 11:22:57
IMSWB201901021BR	BDPBRSAO_20190802112258000705_01.xml	02/08/2019 11:23:06
IMSWB201905034BR	BDPBRSAO_20190802112307000706_01.xml	02/08/2019 11:23:14
IMSWB201905093BR	BDPBRSAO_20190802112315000707_01.xml	02/08/2019 11:23:22
IMSWB201905104BR	BDPBRSAO_20190802112323000708_01.xml	02/08/2019 11:23:30
IMSWB201906010BR	BDPBRSAO_20190802112331000709_01.xml	02/08/2019 11:23:38
IMCSR201901576BR	BDPBRSAO_20190802112339000710_01.xml	02/08/2019 11:23:52
IMSWB201906032BR	BDPBRSAO_20190802112353000711_01.xml	02/08/2019 11:24:00
IMSWB201906082BR	BDPBRSAO_20190802112401000712_01.xml	02/08/2019 11:24:07
EMCSR201903092BR	BDPBRSAO_20190802112408000713_01.xml	02/08/2019 11:24:15
EMCSR201904038BR	BDPBRSAO_20190802112416000714_01.xml	02/08/2019 11:24:23
IMCSR201901578BR	BDPBRSAO_20190802112424000715_01.xml	02/08/2019 11:24:35
IMSLA201906053BR	BDPBRSAO_20190802112436000716_01.xml	02/08/2019 11:24:47
IMSLA201907002BR	BDPBRSAO_20190802112448000717_01.xml	02/08/2019 11:24:55
IMSWB201908001BR	BDPBRSAO_20190802112456000718_01.xml	02/08/2019 11:25:03
IMATN201906014BR	BDPBRSAO_20190802112504000719_01.xml	02/08/2019 11:25:14
IMSLA201907013BR	BDPBRSAO_20190802112515000720_01.xml	02/08/2019 11:25:45
IMCSR201906121BR	BDPBRSAO_20190802112546000721_01.xml	02/08/2019 11:25:54
IMCSR201901580BR	BDPBRSAO_20190802112555000722_01.xml	02/08/2019 11:26:03
IMSLA201907003BR	BDPBRSAO_20190802112605000723_01.xml	02/08/2019 11:26:14
IMDPT201907039BR	BDPBRSAO_20190802112615000724_01.xml	02/08/2019 11:26:23
IMSLA201907009BR	BDPBRSAO_20190802112624000725_01.xml	02/08/2019 11:26:32
IASPC201908001BR	BDPBRSAO_20190802112632000726_01.xml	02/08/2019 11:26:40
IMSLA201907010BR	BDPBRSAO_20190802112641000727_01.xml	02/08/2019 11:26:49
IMDPT201907037BR	BDPBRSAO_20190802112650000728_01.xml	02/08/2019 11:26:58
IMDPT201906014BR	BDPBRSAO_20190802112659000729_01.xml	02/08/2019 11:27:06
IMATN201908002BR	BDPBRSAO_20190802112707000730_01.xml	02/08/2019 11:27:15
EMCSR201905053BR	BDPBRSAO_20190802112716000731_01.xml	02/08/2019 11:27:22
IMATN201908003BR	BDPBRSAO_20190802112723000732_01.xml	02/08/2019 11:27:32
IMDPT201906022BR	BDPBRSAO_20190802112733000733_01.xml	02/08/2019 11:27:40
IMATN201907008BR	BDPBRSAO_20190802112741000734_01.xml	02/08/2019 11:27:48
IMFMC201907017BR	BDPBRSAO_20190802112749000735_01.xml	02/08/2019 11:27:57
EMOXT201907205BR	BDPBRSAO_20190802112758000736_01.xml	02/08/2019 11:28:07
EMOXT201907179BR	BDPBRSAO_20190802112808000737_01.xml	02/08/2019 11:28:20
EMCSR201905076BR	BDPBRSAO_20190802112821000738_01.xml	02/08/2019 11:28:28
IMATN201907012BR	BDPBRSAO_20190802112829000739_01.xml	02/08/2019 11:28:38
EMCSR201907054BR	BDPBRSAO_20190802112839000740_01.xml	02/08/2019 11:28:45
EMOXT201906134BR	BDPBRSAO_20190802112846000741_01.xml	02/08/2019 11:28:55
EMOXT201907104BR	BDPBRSAO_20190802112856000742_01.xml	02/08/2019 11:29:05
EMOXT201907106BR	BDPBRSAO_20190802112906000743_01.xml	02/08/2019 11:29:16
EMOXT201907103BR	BDPBRSAO_20190802112917000744_01.xml	02/08/2019 11:29:27
EMCSR201903068BR	BDPBRSAO_20190802112928000745_01.xml	02/08/2019 11:29:34
IMSOL201906006BR	BDPBRSAO_20190802112940000746_01.xml	02/08/2019 11:29:49
IMSOL201905074BR	BDPBRSAO_20190802112953000747_01.xml	02/08/2019 11:30:02
IMSOL201905072BR	BDPBRSAO_20190802113008000748_01.xml	02/08/2019 11:30:17
IMSOL201905075BR	BDPBRSAO_20190802113020000749_01.xml	02/08/2019 11:30:30
IMSWB201906068BR	BDPBRSAO_20190802113031000750_01.xml	02/08/2019 11:30:40
IMSOL201906106BR	BDPBRSAO_20190802113041000751_01.xml	02/08/2019 11:30:49
IMSOL201906105BR	BDPBRSAO_20190802113050000752_01.xml	02/08/2019 11:30:58
IMSOL201906042BR	BDPBRSAO_20190802113059000753_01.xml	02/08/2019 11:31:07
IMSOL201906002BR	BDPBRSAO_20190802113108000754_01.xml	02/08/2019 11:31:16
IMSOL201906043BR	BDPBRSAO_20190802113117000755_01.xml	02/08/2019 11:31:26
IMSOL201905011BR	BDPBRSAO_20190802113127000756_01.xml	02/08/2019 11:31:35
IMATN201907013BR	BDPBRSAO_20190802113136000757_01.xml	02/08/2019 11:31:46
IMCSR201907766BR	BDPBRSAO_20190802113147000758_01.xml	02/08/2019 11:31:55
IMATN201907014BR	BDPBRSAO_20190802113156000759_01.xml	02/08/2019 11:32:07
IMSWB201908002BR	BDPBRSAO_20190802113208000760_01.xml	02/08/2019 11:32:15
EMOXT201906085BR	BDPBRSAO_20190802113216000761_01.xml	02/08/2019 11:32:26
IAOXT201907010BR	BDPBRSAO_20190802113227000762_01.xml	02/08/2019 11:32:35
EMOXT201907105BR	BDPBRSAO_20190802113241000763_01.xml	02/08/2019 11:32:53
