Start Program	10/03/2020 9:08:36 AM
IMFLT201911022AR	BDPARBUE_20200310090853000002_01.xml	10/03/2020 9:12:07 AM
Program has been finished		10/03/2020 9:12:09 AM
Start Program	10/03/2020 9:57:23 AM
Start Program	10/03/2020 9:58:08 AM
Start Program	10/03/2020 9:59:13 AM
Start Program	10/03/2020 9:59:48 AM
Start Program	10/03/2020 10:09:16 AM
IMFLT202002103AR	BDPARBUE_20200310100932000002_01.xml	10/03/2020 10:10:28 AM
EOUNI202003016AR	BDPARBUE_20200310101031000003_01.xml	10/03/2020 10:10:45 AM
EOROA202003003AR	BDPARBUE_20200310101046000004_01.xml	10/03/2020 10:11:00 AM
IANOV202002001AR	BDPARBUE_20200310101101000005_01.xml	10/03/2020 10:11:19 AM
EANOV202003001AR	BDPARBUE_20200310101120000006_01.xml	10/03/2020 10:11:29 AM
EOROA202002011AR	BDPARBUE_20200310101130000007_01.xml	10/03/2020 10:11:43 AM
EOROA202002012AR	BDPARBUE_20200310101144000008_01.xml	10/03/2020 10:11:58 AM
IMSOL202001014AR	BDPARBUE_20200310101159000009_01.xml	10/03/2020 10:12:36 AM
EOROA202003001AR	BDPARBUE_20200310101237000010_01.xml	10/03/2020 10:12:47 AM
EMFLT202002019AR	BDPARBUE_20200310101248000011_01.xml	10/03/2020 10:12:58 AM
EOARG202003052AR	BDPARBUE_20200310101259000012_01.xml	10/03/2020 10:13:11 AM
IMFLT202002088AR	BDPARBUE_20200310101312000013_01.xml	10/03/2020 10:13:26 AM
IOAXA201910020AR	BDPARBUE_20200310101327000014_01.xml	10/03/2020 10:13:59 AM
EANOV202003002AR	BDPARBUE_20200310101401000015_01.xml	10/03/2020 10:14:11 AM
IMAXA202003005AR	BDPARBUE_20200310101412000016_01.xml	10/03/2020 10:14:29 AM
IMARG202002079AR	BDPARBUE_20200310101430000017_01.xml	10/03/2020 10:15:06 AM
IMARG202002088AR	BDPARBUE_20200310101507000018_01.xml	10/03/2020 10:15:45 AM
IMFLT202002042AR	BDPARBUE_20200310101546000019_01.xml	10/03/2020 10:16:00 AM
IMFLT202003006AR	BDPARBUE_20200310101601000020_01.xml	10/03/2020 10:16:10 AM
Program has been finished		10/03/2020 10:16:10 AM
Start Program	10/03/2020 12:07:03 PM
EOUNI202003017AR	BDPARBUE_20200310120726000002_01.xml	10/03/2020 12:08:03 PM
IMFLT202002089AR	BDPARBUE_20200310120804000003_01.xml	10/03/2020 12:08:20 PM
IAFLT202003004AR	BDPARBUE_20200310120821000004_01.xml	10/03/2020 12:08:28 PM
EMFLT202002019AR	BDPARBUE_20200310120829000005_01.xml	10/03/2020 12:08:46 PM
EOUNI202003018AR	BDPARBUE_20200310120847000006_01.xml	10/03/2020 12:09:02 PM
IMFLT202002003AR	BDPARBUE_20200310120903000007_01.xml	10/03/2020 12:09:22 PM
IMFLT202002093AR	BDPARBUE_20200310120923000008_01.xml	10/03/2020 12:09:44 PM
IMSOL202003001AR	BDPARBUE_20200310120945000009_01.xml	10/03/2020 12:09:55 PM
IMNOV202002008AR	BDPARBUE_20200310120956000010_01.xml	10/03/2020 12:10:26 PM
EAARG202003003AR	BDPARBUE_20200310121027000011_01.xml	10/03/2020 12:10:34 PM
IMBRN202002010AR	BDPARBUE_20200310121035000012_01.xml	10/03/2020 12:10:40 PM
IMFLT202002065AR	BDPARBUE_20200310121041000013_01.xml	10/03/2020 12:10:49 PM
IMARG202003058AR	BDPARBUE_20200310121050000014_01.xml	10/03/2020 12:11:02 PM
EOARG202003077AR	BDPARBUE_20200310121103000015_01.xml	10/03/2020 12:11:13 PM
EMARG201912204AR	BDPARBUE_20200310121114000016_01.xml	10/03/2020 12:11:24 PM
EMARG202001192AR	BDPARBUE_20200310121125000017_01.xml	10/03/2020 12:11:35 PM
EOARG202003078AR	BDPARBUE_20200310121136000018_01.xml	10/03/2020 12:11:46 PM
IMNOV202002006AR	BDPARBUE_20200310121147000019_01.xml	10/03/2020 12:11:59 PM
EOARG202003079AR	BDPARBUE_20200310121200000020_01.xml	10/03/2020 12:12:10 PM
EOARG201912121AR	BDPARBUE_20200310121211000021_01.xml	10/03/2020 12:12:20 PM
IMFLT201912006AR	BDPARBUE_20200310121221000022_01.xml	10/03/2020 12:12:28 PM
EOARG202001032AR	BDPARBUE_20200310121229000023_01.xml	10/03/2020 12:12:39 PM
IMFLT202003020AR	BDPARBUE_20200310121240000024_01.xml	10/03/2020 12:12:46 PM
EOARG202001025AR	BDPARBUE_20200310121247000025_01.xml	10/03/2020 12:12:57 PM
EOARG201912080AR	BDPARBUE_20200310121258000026_01.xml	10/03/2020 12:13:08 PM
EOARG202003080AR	BDPARBUE_20200310121309000027_01.xml	10/03/2020 12:13:18 PM
EOARG201912087AR	BDPARBUE_20200310121319000028_01.xml	10/03/2020 12:13:29 PM
EOARG201912081AR	BDPARBUE_20200310121330000029_01.xml	10/03/2020 12:13:39 PM
EOFLT202003002AR	BDPARBUE_20200310121340000030_01.xml	10/03/2020 12:13:46 PM
EOARG201912082AR	BDPARBUE_20200310121347000031_01.xml	10/03/2020 12:13:56 PM
EOARG201912150AR	BDPARBUE_20200310121357000032_01.xml	10/03/2020 12:14:06 PM
EOARG201912151AR	BDPARBUE_20200310121407000033_01.xml	10/03/2020 12:14:18 PM
EOARG202003081AR	BDPARBUE_20200310121419000034_01.xml	10/03/2020 12:14:28 PM
EOARG201912142AR	BDPARBUE_20200310121429000035_01.xml	10/03/2020 12:14:40 PM
IMFLT201911082AR	BDPARBUE_20200310121441000036_01.xml	10/03/2020 12:14:46 PM
EOARG201912115AR	BDPARBUE_20200310121447000037_01.xml	10/03/2020 12:14:56 PM
EOFLT202003001AR	BDPARBUE_20200310121457000038_01.xml	10/03/2020 12:15:03 PM
EOARG201912116AR	BDPARBUE_20200310121504000039_01.xml	10/03/2020 12:15:13 PM
EOARG201912117AR	BDPARBUE_20200310121514000040_01.xml	10/03/2020 12:15:23 PM
EOARG201912078AR	BDPARBUE_20200310121524000041_01.xml	10/03/2020 12:15:35 PM
EOARG202003082AR	BDPARBUE_20200310121536000042_01.xml	10/03/2020 12:15:45 PM
EOARG201912079AR	BDPARBUE_20200310121546000043_01.xml	10/03/2020 12:15:56 PM
EOARG201912215AR	BDPARBUE_20200310121557000044_01.xml	10/03/2020 12:16:06 PM
EOARG201912216AR	BDPARBUE_20200310121607000045_01.xml	10/03/2020 12:16:17 PM
EOARG201912217AR	BDPARBUE_20200310121618000046_01.xml	10/03/2020 12:16:27 PM
EOARG202001048AR	BDPARBUE_20200310121628000047_01.xml	10/03/2020 12:16:37 PM
EOARG202001046AR	BDPARBUE_20200310121638000048_01.xml	10/03/2020 12:16:49 PM
IMARG202003059AR	BDPARBUE_20200310121650000049_01.xml	10/03/2020 12:17:10 PM
IMFLT201910039AR	BDPARBUE_20200310121711000050_01.xml	10/03/2020 12:17:17 PM
EOARG202001047AR	BDPARBUE_20200310121718000051_01.xml	10/03/2020 12:17:27 PM
IMFLT202002024AR	BDPARBUE_20200310121728000052_01.xml	10/03/2020 12:17:35 PM
EOARG202001045AR	BDPARBUE_20200310121736000053_01.xml	10/03/2020 12:17:45 PM
IMNOV202002007AR	BDPARBUE_20200310121746000054_01.xml	10/03/2020 12:17:58 PM
EOARG202001044AR	BDPARBUE_20200310121800000055_01.xml	10/03/2020 12:18:09 PM
EMARG202003086AR	BDPARBUE_20200310121810000056_01.xml	10/03/2020 12:18:24 PM
EOARG201912218AR	BDPARBUE_20200310121825000057_01.xml	10/03/2020 12:18:34 PM
IMFLT201908016AR	BDPARBUE_20200310121835000058_01.xml	10/03/2020 12:18:40 PM
EOARG201912214AR	BDPARBUE_20200310121841000059_01.xml	10/03/2020 12:18:52 PM
EOARG202001024AR	BDPARBUE_20200310121853000060_01.xml	10/03/2020 12:19:02 PM
EOARG201912205AR	BDPARBUE_20200310121903000061_01.xml	10/03/2020 12:19:14 PM
EMARG202001003AR	BDPARBUE_20200310121916000062_01.xml	10/03/2020 12:19:25 PM
IMFLT201906054AR	BDPARBUE_20200310121926000063_01.xml	10/03/2020 12:19:32 PM
IMCHP202002010AR	BDPARBUE_20200310121933000064_01.xml	10/03/2020 12:19:45 PM
EMFLT202003003AR	BDPARBUE_20200310121946000065_01.xml	10/03/2020 12:19:50 PM
IMFLT201906002AR	BDPARBUE_20200310121951000066_01.xml	10/03/2020 12:19:57 PM
EMARG202001002AR	BDPARBUE_20200310121958000067_01.xml	10/03/2020 12:20:09 PM
IMFLT201911009AR	BDPARBUE_20200310122010000068_01.xml	10/03/2020 12:20:19 PM
IMFLT201911022AR	BDPARBUE_20200310122021000069_01.xml	10/03/2020 12:20:30 PM
IMFLT201911035AR	BDPARBUE_20200310122031000070_01.xml	10/03/2020 12:20:43 PM
IMFLT201911060AR	BDPARBUE_20200310122044000071_01.xml	10/03/2020 12:20:57 PM
IMFLT201911083AR	BDPARBUE_20200310122058000072_01.xml	10/03/2020 12:21:10 PM
IMFLT201911096AR	BDPARBUE_20200310122111000073_01.xml	10/03/2020 12:21:24 PM
IMFLT201912045AR	BDPARBUE_20200310122125000074_01.xml	10/03/2020 12:21:36 PM
IMFLT201912047AR	BDPARBUE_20200310122137000075_01.xml	10/03/2020 12:21:51 PM
IMFLT201912050AR	BDPARBUE_20200310122152000076_01.xml	10/03/2020 12:22:02 PM
IMFLT201909041AR	BDPARBUE_20200310122203000077_01.xml	10/03/2020 12:22:10 PM
IMFLT201912076AR	BDPARBUE_20200310122211000078_01.xml	10/03/2020 12:22:18 PM
IMFLT201912078AR	BDPARBUE_20200310122219000079_01.xml	10/03/2020 12:22:29 PM
IMFLT202001001AR	BDPARBUE_20200310122230000080_01.xml	10/03/2020 12:22:38 PM
IMFLT202001033AR	BDPARBUE_20200310122240000081_01.xml	10/03/2020 12:22:48 PM
IMFLT202001045AR	BDPARBUE_20200310122249000082_01.xml	10/03/2020 12:22:58 PM
IMFLT202001068AR	BDPARBUE_20200310122259000083_01.xml	10/03/2020 12:23:07 PM
Program has been finished		10/03/2020 12:23:07 PM
