Start Program	4/8/2020 6:49:00 AM
EMOXT202004076BR	BDPBRSAO_20200408064908000002_01.xml	4/8/2020 6:49:33 AM
IMOXT202002018BR	BDPBRSAO_20200408064936000003_01.xml	4/8/2020 6:50:26 AM
EORHO202003040BR	BDPBRSAO_20200408065029000004_01.xml	4/8/2020 6:51:10 AM
IMSPC202002046BR	BDPBRSAO_20200408065114000005_01.xml	4/8/2020 6:52:06 AM
IMSWB202001048BR	BDPBRSAO_20200408065209000006_01.xml	4/8/2020 6:52:57 AM
IMSPC202001026BR	BDPBRSAO_20200408065303000007_01.xml	4/8/2020 6:53:36 AM
IMATL202002063BR	BDPBRSAO_20200408065338000008_01.xml	4/8/2020 6:54:18 AM
IOCSR202003004BR	BDPBRSAO_20200408065420000009_01.xml	4/8/2020 6:54:49 AM
IASPC202002007BR	BDPBRSAO_20200408065451000010_01.xml	4/8/2020 6:55:44 AM
IMSPC202002038BR	BDPBRSAO_20200408065547000011_01.xml	4/8/2020 6:56:20 AM
IMVTP202003001BR	BDPBRSAO_20200408065622000012_01.xml	4/8/2020 6:56:55 AM
IMSPC202003008BR	BDPBRSAO_20200408065657000013_01.xml	4/8/2020 6:57:48 AM
IMSPC202003016BR	BDPBRSAO_20200408065751000014_01.xml	4/8/2020 6:58:30 AM
IMSPC202003005BR	BDPBRSAO_20200408065839000015_01.xml	4/8/2020 6:59:15 AM
EMSAM202004007BR	BDPBRSAO_20200408065917000016_01.xml	4/8/2020 6:59:48 AM
IMSPC202002045BR	BDPBRSAO_20200408065950000017_01.xml	4/8/2020 7:00:25 AM
IMIFB202002009BR	BDPBRSAO_20200408070028000018_01.xml	4/8/2020 7:01:08 AM
IASPC202003001BR	BDPBRSAO_20200408070111000019_01.xml	4/8/2020 7:01:46 AM
EMOXT202004077BR	BDPBRSAO_20200408070148000020_01.xml	4/8/2020 7:02:26 AM
IMSOL202003006BR	BDPBRSAO_20200408070229000021_01.xml	4/8/2020 7:03:16 AM
IMCTV202003086BR	BDPBRSAO_20200408070319000022_01.xml	4/8/2020 7:04:13 AM
IMIFB202001076BR	BDPBRSAO_20200408070415000023_01.xml	4/8/2020 7:04:40 AM
IMCTV202001072BR	BDPBRSAO_20200408070448000024_01.xml	4/8/2020 7:05:47 AM
IMSOL202004082BR	BDPBRSAO_20200408070550000025_01.xml	4/8/2020 7:06:14 AM
IMCSR202003280BR	BDPBRSAO_20200408070617000026_01.xml	4/8/2020 7:07:01 AM
IMCSR202003281BR	BDPBRSAO_20200408070703000027_01.xml	4/8/2020 7:07:28 AM
IMCTV202002001BR	BDPBRSAO_20200408070730000028_01.xml	4/8/2020 7:08:04 AM
EMOXT202004078BR	BDPBRSAO_20200408070806000029_01.xml	4/8/2020 7:08:34 AM
EMARC202003022BR	BDPBRSAO_20200408070837000030_01.xml	4/8/2020 7:09:06 AM
IMCSR202003612BR	BDPBRSAO_20200408070908000031_01.xml	4/8/2020 7:09:51 AM
IMIFB202001070BR	BDPBRSAO_20200408070953000032_01.xml	4/8/2020 7:10:29 AM
IMSOL202004083BR	BDPBRSAO_20200408071031000033_01.xml	4/8/2020 7:10:58 AM
IMCSR202001638BR	BDPBRSAO_20200408071100000034_01.xml	4/8/2020 7:11:57 AM
IMSOL202004084BR	BDPBRSAO_20200408071159000035_01.xml	4/8/2020 7:12:37 AM
EMOXT202004079BR	BDPBRSAO_20200408071239000036_01.xml	4/8/2020 7:13:01 AM
IMSWB202002030BR	BDPBRSAO_20200408071303000037_01.xml	4/8/2020 7:13:46 AM
IMCSR202003533BR	BDPBRSAO_20200408071350000038_01.xml	4/8/2020 7:14:13 AM
IMSOL202004085BR	BDPBRSAO_20200408071419000039_01.xml	4/8/2020 7:14:52 AM
IMCSR202003532BR	BDPBRSAO_20200408071454000040_01.xml	4/8/2020 7:15:31 AM
IMOXT202001029BR	BDPBRSAO_20200408071533000041_01.xml	4/8/2020 7:15:56 AM
IMMAU202003016BR	BDPBRSAO_20200408071558000042_01.xml	4/8/2020 7:16:42 AM
EMSAM202003011BR	BDPBRSAO_20200408071644000043_01.xml	4/8/2020 7:17:40 AM
EMOXT202004080BR	BDPBRSAO_20200408071742000044_01.xml	4/8/2020 7:18:11 AM
IMCTV202003009BR	BDPBRSAO_20200408071812000045_01.xml	4/8/2020 7:19:04 AM
IMSOL202004086BR	BDPBRSAO_20200408071906000046_01.xml	4/8/2020 7:19:48 AM
IMIFB202001071BR	BDPBRSAO_20200408071951000047_01.xml	4/8/2020 7:20:39 AM
EMOXT202004081BR	BDPBRSAO_20200408072042000048_01.xml	4/8/2020 7:21:13 AM
IMSOL202004087BR	BDPBRSAO_20200408072120000049_01.xml	4/8/2020 7:21:58 AM
IMCTV202002027BR	BDPBRSAO_20200408072200000050_01.xml	4/8/2020 7:22:30 AM
EOCSR202002008BR	BDPBRSAO_20200408072232000051_01.xml	4/8/2020 7:23:01 AM
IMCTV202001045BR	BDPBRSAO_20200408072303000052_01.xml	4/8/2020 7:23:44 AM
IMIFB202001066BR	BDPBRSAO_20200408072346000053_01.xml	4/8/2020 7:24:14 AM
IMSOL202004088BR	BDPBRSAO_20200408072416000054_01.xml	4/8/2020 7:24:45 AM
IMCTV202001046BR	BDPBRSAO_20200408072447000055_01.xml	4/8/2020 7:25:16 AM
IMCTV202001048BR	BDPBRSAO_20200408072518000056_01.xml	4/8/2020 7:25:58 AM
IMCTV202001047BR	BDPBRSAO_20200408072600000057_01.xml	4/8/2020 7:26:27 AM
EOOXT202003023BR	BDPBRSAO_20200408072630000058_01.xml	4/8/2020 7:27:03 AM
IMCTV201912011BR	BDPBRSAO_20200408072705000059_01.xml	4/8/2020 7:27:40 AM
IMSOL202004089BR	BDPBRSAO_20200408072747000060_01.xml	4/8/2020 7:28:13 AM
IMSOL202004090BR	BDPBRSAO_20200408072815000061_01.xml	4/8/2020 7:28:56 AM
EMOXT202004082BR	BDPBRSAO_20200408072858000062_01.xml	4/8/2020 7:29:22 AM
IACTV202003027BR	BDPBRSAO_20200408072927000063_01.xml	4/8/2020 7:29:56 AM
IMSOL202004091BR	BDPBRSAO_20200408072959000064_01.xml	4/8/2020 7:30:36 AM
IACTV202002010BR	BDPBRSAO_20200408073039000065_01.xml	4/8/2020 7:31:15 AM
IMOXT201902036BR	BDPBRSAO_20200408073118000066_01.xml	4/8/2020 7:31:48 AM
IMOXT201812001BR	BDPBRSAO_20200408073150000067_01.xml	4/8/2020 7:32:31 AM
IMOXT201803003BR	BDPBRSAO_20200408073233000068_01.xml	4/8/2020 7:33:01 AM
IMCSR202003265BR	BDPBRSAO_20200408073306000069_01.xml	4/8/2020 7:33:41 AM
IMOXT201901028BR	BDPBRSAO_20200408073343000070_01.xml	4/8/2020 7:34:25 AM
IMOXT201910034BR	BDPBRSAO_20200408073427000071_01.xml	4/8/2020 7:35:25 AM
IMOXT201908026BR	BDPBRSAO_20200408073528000072_01.xml	4/8/2020 7:36:09 AM
IMOXT201802062BR	BDPBRSAO_20200408073613000073_01.xml	4/8/2020 7:37:09 AM
IMOXT201910038BR	BDPBRSAO_20200408073712000074_01.xml	4/8/2020 7:37:54 AM
IMOXT201908025BR	BDPBRSAO_20200408073757000075_01.xml	4/8/2020 7:38:33 AM
IMOXT201810018BR	BDPBRSAO_20200408073835000076_01.xml	4/8/2020 7:39:13 AM
IMOXT201812013BR	BDPBRSAO_20200408073915000077_01.xml	4/8/2020 7:40:07 AM
IMOXT201806006BR	BDPBRSAO_20200408074010000078_01.xml	4/8/2020 7:40:47 AM
IMOXT201907048BR	BDPBRSAO_20200408074049000079_01.xml	4/8/2020 7:41:19 AM
IMOXT201907008BR	BDPBRSAO_20200408074121000080_01.xml	4/8/2020 7:41:50 AM
IMOXT201907044BR	BDPBRSAO_20200408074152000081_01.xml	4/8/2020 7:42:18 AM
IMOXT201902006BR	BDPBRSAO_20200408074220000082_01.xml	4/8/2020 7:42:42 AM
IMOXT201911009BR	BDPBRSAO_20200408074244000083_01.xml	4/8/2020 7:43:11 AM
IMOXT201911024BR	BDPBRSAO_20200408074313000084_01.xml	4/8/2020 7:43:38 AM
IMOXT201909036BR	BDPBRSAO_20200408074340000085_01.xml	4/8/2020 7:44:11 AM
IMOXT201901003BR	BDPBRSAO_20200408074413000086_01.xml	4/8/2020 7:44:37 AM
IMOXT202004027BR	BDPBRSAO_20200408074438000087_01.xml	4/8/2020 7:45:00 AM
IMCSR202003211BR	BDPBRSAO_20200408074502000088_01.xml	4/8/2020 7:45:26 AM
EMOXT202004083BR	BDPBRSAO_20200408074528000089_01.xml	4/8/2020 7:45:49 AM
IMSOL202004092BR	BDPBRSAO_20200408074551000090_01.xml	4/8/2020 7:46:13 AM
IMSOL202004093BR	BDPBRSAO_20200408074615000091_01.xml	4/8/2020 7:46:35 AM
IMCSR202001041BR	BDPBRSAO_20200408074637000092_01.xml	4/8/2020 7:47:02 AM
EMOXT202004084BR	BDPBRSAO_20200408074704000093_01.xml	4/8/2020 7:47:25 AM
IMSOL202004094BR	BDPBRSAO_20200408074727000094_01.xml	4/8/2020 7:47:48 AM
IOCTV202003017BR	BDPBRSAO_20200408074750000095_01.xml	4/8/2020 7:48:14 AM
EMOXT202004085BR	BDPBRSAO_20200408074816000096_01.xml	4/8/2020 7:48:38 AM
IMSWB202001081BR	BDPBRSAO_20200408074840000097_01.xml	4/8/2020 7:49:02 AM
EMSAM202003016BR	BDPBRSAO_20200408074903000098_01.xml	4/8/2020 7:49:31 AM
EMSAM202003017BR	BDPBRSAO_20200408074933000099_01.xml	4/8/2020 7:49:55 AM
EMSAM202003018BR	BDPBRSAO_20200408074957000100_01.xml	4/8/2020 7:50:36 AM
EMSAM202003019BR	BDPBRSAO_20200408075038000101_01.xml	4/8/2020 7:51:12 AM
EMSAM202003020BR	BDPBRSAO_20200408075114000102_01.xml	4/8/2020 7:52:01 AM
EMSAM202003021BR	BDPBRSAO_20200408075204000103_01.xml	4/8/2020 7:52:41 AM
IMCSR202003511BR	BDPBRSAO_20200408075243000104_01.xml	4/8/2020 7:53:05 AM
EMOXT202004086BR	BDPBRSAO_20200408075307000105_01.xml	4/8/2020 7:53:38 AM
EMATL202004019BR	BDPBRSAO_20200408075340000106_01.xml	4/8/2020 7:54:10 AM
IMSOL202004095BR	BDPBRSAO_20200408075411000107_01.xml	4/8/2020 7:54:55 AM
IMEXO202004004BR	BDPBRSAO_20200408075458000108_01.xml	4/8/2020 7:55:33 AM
IMEXO202003031BR	BDPBRSAO_20200408075538000109_01.xml	4/8/2020 7:55:58 AM
IOCTV202003018BR	BDPBRSAO_20200408075559000110_01.xml	4/8/2020 7:56:53 AM
EMOXT202004087BR	BDPBRSAO_20200408075655000111_01.xml	4/8/2020 7:57:40 AM
IMSPC202004007BR	BDPBRSAO_20200408075742000112_01.xml	4/8/2020 7:58:13 AM
IMSOL202004096BR	BDPBRSAO_20200408075816000113_01.xml	4/8/2020 7:58:42 AM
IMSLA202004009BR	BDPBRSAO_20200408075844000114_01.xml	4/8/2020 8:00:44 AM
EMCSR202003108BR	BDPBRSAO_20200408080047000115_01.xml	4/8/2020 8:01:06 AM
EMATL202003041BR	BDPBRSAO_20200408080108000116_01.xml	4/8/2020 8:01:25 AM
EMCSR202003109BR	BDPBRSAO_20200408080128000117_01.xml	4/8/2020 8:01:46 AM
IMSOL202004097BR	BDPBRSAO_20200408080148000118_01.xml	4/8/2020 8:02:12 AM
IOCTV202003019BR	BDPBRSAO_20200408080215000119_01.xml	4/8/2020 8:02:39 AM
EMCSR202003106BR	BDPBRSAO_20200408080242000120_01.xml	4/8/2020 8:03:04 AM
IMATL202002077BR	BDPBRSAO_20200408080307000121_01.xml	4/8/2020 8:03:29 AM
EMCSR202003110BR	BDPBRSAO_20200408080331000122_01.xml	4/8/2020 8:03:55 AM
IMSWB202002084BR	BDPBRSAO_20200408080357000123_01.xml	4/8/2020 8:04:24 AM
IOCTV202003020BR	BDPBRSAO_20200408080427000124_01.xml	4/8/2020 8:04:58 AM
IMCSR202003069BR	BDPBRSAO_20200408080500000125_01.xml	4/8/2020 8:05:35 AM
IMOXT201903026BR	BDPBRSAO_20200408080537000126_01.xml	4/8/2020 8:06:10 AM
IMOXT201910006BR	BDPBRSAO_20200408080613000127_01.xml	4/8/2020 8:06:51 AM
IMOXT201809018BR	BDPBRSAO_20200408080654000128_01.xml	4/8/2020 8:07:25 AM
IOOXT201912006BR	BDPBRSAO_20200408080727000129_01.xml	4/8/2020 8:08:01 AM
IAOXT201810016BR	BDPBRSAO_20200408080803000130_01.xml	4/8/2020 8:09:03 AM
IMOXT201905039BR	BDPBRSAO_20200408080905000131_01.xml	4/8/2020 8:09:38 AM
IMOXT201811014BR	BDPBRSAO_20200408080940000132_01.xml	4/8/2020 8:10:31 AM
IOOXT201802013BR	BDPBRSAO_20200408081033000133_01.xml	4/8/2020 8:11:16 AM
IMOXT201906021BR	BDPBRSAO_20200408081119000134_01.xml	4/8/2020 8:11:51 AM
IMOXT201812023BR	BDPBRSAO_20200408081153000135_01.xml	4/8/2020 8:12:44 AM
IMOXT201910026BR	BDPBRSAO_20200408081246000136_01.xml	4/8/2020 8:13:48 AM
IMOXT201801007BR	BDPBRSAO_20200408081351000137_01.xml	4/8/2020 8:14:25 AM
IMOXT201806028BR	BDPBRSAO_20200408081427000138_01.xml	4/8/2020 8:15:14 AM
IMOXT201911017BR	BDPBRSAO_20200408081516000139_01.xml	4/8/2020 8:16:07 AM
IMOXT201812004BR	BDPBRSAO_20200408081610000140_01.xml	4/8/2020 8:16:54 AM
IMOXT201810021BR	BDPBRSAO_20200408081656000141_01.xml	4/8/2020 8:17:39 AM
IMOXT201808047BR	BDPBRSAO_20200408081744000142_01.xml	4/8/2020 8:18:42 AM
IMOXT201809019BR	BDPBRSAO_20200408081845000143_01.xml	4/8/2020 8:19:11 AM
IMOXT201907029BR	BDPBRSAO_20200408081913000144_01.xml	4/8/2020 8:19:42 AM
IMOXT201905038BR	BDPBRSAO_20200408081944000145_01.xml	4/8/2020 8:20:10 AM
IOOXT201912005BR	BDPBRSAO_20200408082012000146_01.xml	4/8/2020 8:20:47 AM
IMOXT201811027BR	BDPBRSAO_20200408082050000147_01.xml	4/8/2020 8:21:19 AM
IMOXT201904019BR	BDPBRSAO_20200408082124000148_01.xml	4/8/2020 8:22:13 AM
IMOXT201901007BR	BDPBRSAO_20200408082220000149_01.xml	4/8/2020 8:23:19 AM
IMOXT201910005BR	BDPBRSAO_20200408082322000150_01.xml	4/8/2020 8:23:55 AM
IOOXT201802002BR	BDPBRSAO_20200408082357000151_01.xml	4/8/2020 8:24:42 AM
IMOXT201805013BR	BDPBRSAO_20200408082444000152_01.xml	4/8/2020 8:25:19 AM
IOOXT201912002BR	BDPBRSAO_20200408082522000153_01.xml	4/8/2020 8:25:50 AM
IOOXT201810014BR	BDPBRSAO_20200408082552000154_01.xml	4/8/2020 8:26:52 AM
IMOXT201910027BR	BDPBRSAO_20200408082654000155_01.xml	4/8/2020 8:27:45 AM
IMOXT201805024BR	BDPBRSAO_20200408082751000156_01.xml	4/8/2020 8:28:24 AM
IMOXT201902015BR	BDPBRSAO_20200408082825000157_01.xml	4/8/2020 8:29:13 AM
IMOXT201806027BR	BDPBRSAO_20200408082915000158_01.xml	4/8/2020 8:29:50 AM
IMOXT201906022BR	BDPBRSAO_20200408082953000159_01.xml	4/8/2020 8:30:47 AM
IMOXT201910007BR	BDPBRSAO_20200408083049000160_01.xml	4/8/2020 8:32:01 AM
IOOXT201802011BR	BDPBRSAO_20200408083203000161_01.xml	4/8/2020 8:32:27 AM
IMOXT201811017BR	BDPBRSAO_20200408083229000162_01.xml	4/8/2020 8:33:19 AM
IMOXT201811025BR	BDPBRSAO_20200408083321000163_01.xml	4/8/2020 8:34:13 AM
IMOXT201904021BR	BDPBRSAO_20200408083425000164_01.xml	4/8/2020 8:35:13 AM
IMOXT201809009BR	BDPBRSAO_20200408083519000165_01.xml	4/8/2020 8:36:01 AM
IOOXT201805003BR	BDPBRSAO_20200408083603000166_01.xml	4/8/2020 8:36:40 AM
IOOXT201912004BR	BDPBRSAO_20200408083647000167_01.xml	4/8/2020 8:37:30 AM
IOOXT201802008BR	BDPBRSAO_20200408083732000168_01.xml	4/8/2020 8:38:20 AM
IMOXT201808034BR	BDPBRSAO_20200408083822000169_01.xml	4/8/2020 8:39:27 AM
IOOXT201902001BR	BDPBRSAO_20200408083928000170_01.xml	4/8/2020 8:40:06 AM
IOOXT201902009BR	BDPBRSAO_20200408084011000171_01.xml	4/8/2020 8:41:03 AM
IOOXT201903001BR	BDPBRSAO_20200408084105000172_01.xml	4/8/2020 8:42:00 AM
IMOXT201907030BR	BDPBRSAO_20200408084202000173_01.xml	4/8/2020 8:42:42 AM
IOOXT201803004BR	BDPBRSAO_20200408084244000174_01.xml	4/8/2020 8:43:23 AM
IMOXT201811028BR	BDPBRSAO_20200408084325000175_01.xml	4/8/2020 8:43:47 AM
IOOXT202001002BR	BDPBRSAO_20200408084348000176_01.xml	4/8/2020 8:44:37 AM
IMOXT201805012BR	BDPBRSAO_20200408084438000177_01.xml	4/8/2020 8:45:18 AM
IOCTV202003038BR	BDPBRSAO_20200408084521000178_01.xml	4/8/2020 8:46:07 AM
IMCTV201912082BR	BDPBRSAO_20200408084609000179_01.xml	4/8/2020 8:46:54 AM
IMCSR202003395BR	BDPBRSAO_20200408084656000180_01.xml	4/8/2020 8:47:59 AM
IMCSR202003400BR	BDPBRSAO_20200408084805000181_01.xml	4/8/2020 8:48:57 AM
IMCSR202003456BR	BDPBRSAO_20200408084904000182_01.xml	4/8/2020 8:49:48 AM
IOCTV202003039BR	BDPBRSAO_20200408084951000183_01.xml	4/8/2020 8:50:19 AM
IMCSR202003573BR	BDPBRSAO_20200408085022000184_01.xml	4/8/2020 8:51:18 AM
IMSOL202003076BR	BDPBRSAO_20200408085123000185_01.xml	4/8/2020 8:52:02 AM
IMLAN202004001BR	BDPBRSAO_20200408085204000186_01.xml	4/8/2020 8:52:26 AM
IOOXT202003011BR	BDPBRSAO_20200408085228000187_01.xml	4/8/2020 8:53:19 AM
IMOXT202001055BR	BDPBRSAO_20200408085321000188_01.xml	4/8/2020 8:54:12 AM
EMOXT202002088BR	BDPBRSAO_20200408085414000189_01.xml	4/8/2020 8:54:54 AM
IMCTV202003059BR	BDPBRSAO_20200408085456000190_01.xml	4/8/2020 8:55:24 AM
IMSWB202003095BR	BDPBRSAO_20200408085526000191_01.xml	4/8/2020 8:56:10 AM
IMSWB202004016BR	BDPBRSAO_20200408085613000192_01.xml	4/8/2020 8:56:55 AM
IMCSR202003534BR	BDPBRSAO_20200408085657000193_01.xml	4/8/2020 8:57:41 AM
EMATL202003042BR	BDPBRSAO_20200408085744000194_01.xml	4/8/2020 8:58:01 AM
IMCSR202003546BR	BDPBRSAO_20200408085804000195_01.xml	4/8/2020 8:58:47 AM
EMOXT202002103BR	BDPBRSAO_20200408085850000196_01.xml	4/8/2020 8:59:36 AM
EMOXT202002176BR	BDPBRSAO_20200408085944000197_01.xml	4/8/2020 9:00:21 AM
EMOXT202002237BR	BDPBRSAO_20200408090023000198_01.xml	4/8/2020 9:01:13 AM
EMOXT202003028BR	BDPBRSAO_20200408090115000199_01.xml	4/8/2020 9:01:55 AM
EMOXT202003072BR	BDPBRSAO_20200408090157000200_01.xml	4/8/2020 9:02:31 AM
IAMAU202003001BR	BDPBRSAO_20200408090233000201_01.xml	4/8/2020 9:03:21 AM
IMCSR202003273BR	BDPBRSAO_20200408090323000202_01.xml	4/8/2020 9:04:06 AM
IMOXT202002008BR	BDPBRSAO_20200408090409000203_01.xml	4/8/2020 9:05:16 AM
IMCSR202003440BR	BDPBRSAO_20200408090518000204_01.xml	4/8/2020 9:05:55 AM
EMOXT202003126BR	BDPBRSAO_20200408090559000205_01.xml	4/8/2020 9:07:02 AM
IMCSR202003391BR	BDPBRSAO_20200408090707000206_01.xml	4/8/2020 9:07:42 AM
EMOXT202003153BR	BDPBRSAO_20200408090744000207_01.xml	4/8/2020 9:08:29 AM
EMOXT202003183BR	BDPBRSAO_20200408090831000208_01.xml	4/8/2020 9:09:17 AM
EMOXT202003198BR	BDPBRSAO_20200408090919000209_01.xml	4/8/2020 9:09:48 AM
IMCTV202001002BR	BDPBRSAO_20200408090951000210_01.xml	4/8/2020 9:10:40 AM
IMSOL202001104BR	BDPBRSAO_20200408091042000211_01.xml	4/8/2020 9:11:19 AM
IMCSR202002203BR	BDPBRSAO_20200408091121000212_01.xml	4/8/2020 9:11:50 AM
IMCTV202001061BR	BDPBRSAO_20200408091152000213_01.xml	4/8/2020 9:12:20 AM
IMCSR202003108BR	BDPBRSAO_20200408091222000214_01.xml	4/8/2020 9:12:46 AM
IMCSR202003547BR	BDPBRSAO_20200408091248000215_01.xml	4/8/2020 9:13:12 AM
IMCSR202003427BR	BDPBRSAO_20200408091315000216_01.xml	4/8/2020 9:13:39 AM
IMOXT202004028BR	BDPBRSAO_20200408091341000217_01.xml	4/8/2020 9:14:04 AM
IACBT202003005BR	BDPBRSAO_20200408091406000218_01.xml	4/8/2020 9:14:31 AM
IACSR202003013BR	BDPBRSAO_20200408091433000219_01.xml	4/8/2020 9:14:57 AM
IACSR202003015BR	BDPBRSAO_20200408091501000220_01.xml	4/8/2020 9:15:30 AM
IMATL202004017BR	BDPBRSAO_20200408091532000221_01.xml	4/8/2020 9:15:50 AM
IAOCV202003001BR	BDPBRSAO_20200408091552000222_01.xml	4/8/2020 9:16:16 AM
IASOL202003005BR	BDPBRSAO_20200408091618000223_01.xml	4/8/2020 9:17:05 AM
IASWB202002020BR	BDPBRSAO_20200408091707000224_01.xml	4/8/2020 9:17:44 AM
IASWB202002021BR	BDPBRSAO_20200408091746000225_01.xml	4/8/2020 9:18:32 AM
IASWB202003017BR	BDPBRSAO_20200408091835000226_01.xml	4/8/2020 9:19:23 AM
IMATN202003002BR	BDPBRSAO_20200408091927000227_01.xml	4/8/2020 9:20:48 AM
IMATN202003003BR	BDPBRSAO_20200408092054000228_01.xml	4/8/2020 9:21:26 AM
IMATN202003004BR	BDPBRSAO_20200408092128000229_01.xml	4/8/2020 9:22:29 AM
IMATN202003006BR	BDPBRSAO_20200408092231000230_01.xml	4/8/2020 9:23:29 AM
IMCSR202002183BR	BDPBRSAO_20200408092334000231_01.xml	4/8/2020 9:24:19 AM
IMBCB202002002BR	BDPBRSAO_20200408092421000232_01.xml	4/8/2020 9:25:05 AM
IMCBT202003028BR	BDPBRSAO_20200408092507000233_01.xml	4/8/2020 9:26:18 AM
IMCSR202001046BR	BDPBRSAO_20200408092622000234_01.xml	4/8/2020 9:26:53 AM
IMCSR202001082BR	BDPBRSAO_20200408092656000235_01.xml	4/8/2020 9:27:51 AM
EMATL202003021BR	BDPBRSAO_20200408092804000236_01.xml	4/8/2020 9:28:35 AM
EMARC202003019BR	BDPBRSAO_20200408092840000237_01.xml	4/8/2020 9:29:15 AM
IMCSR202002228BR	BDPBRSAO_20200408092918000238_01.xml	4/8/2020 9:30:16 AM
IMCSR202002240BR	BDPBRSAO_20200408093018000239_01.xml	4/8/2020 9:31:16 AM
IMCSR202003212BR	BDPBRSAO_20200408093118000240_01.xml	4/8/2020 9:32:39 AM
IMCSR202003252BR	BDPBRSAO_20200408093242000241_01.xml	4/8/2020 9:33:18 AM
IMCSR202003264BR	BDPBRSAO_20200408093320000242_01.xml	4/8/2020 9:33:58 AM
IMCSR202003201BR	BDPBRSAO_20200408093400000243_01.xml	4/8/2020 9:34:33 AM
IMCSR202003276BR	BDPBRSAO_20200408093435000244_01.xml	4/8/2020 9:35:03 AM
IMCSR202003237BR	BDPBRSAO_20200408093506000245_01.xml	4/8/2020 9:35:38 AM
IMOXT202004029BR	BDPBRSAO_20200408093540000246_01.xml	4/8/2020 9:36:16 AM
IMCSR202003376BR	BDPBRSAO_20200408093619000247_01.xml	4/8/2020 9:36:49 AM
IMCSR202003377BR	BDPBRSAO_20200408093651000248_01.xml	4/8/2020 9:37:26 AM
IMCSR202003390BR	BDPBRSAO_20200408093729000249_01.xml	4/8/2020 9:37:57 AM
IMCSR202003392BR	BDPBRSAO_20200408093759000250_01.xml	4/8/2020 9:38:27 AM
IMCSR202003393BR	BDPBRSAO_20200408093829000251_01.xml	4/8/2020 9:39:12 AM
IMCSR202003394BR	BDPBRSAO_20200408093914000252_01.xml	4/8/2020 9:39:59 AM
IMCSR202003398BR	BDPBRSAO_20200408094005000253_01.xml	4/8/2020 9:40:38 AM
IMCSR202003399BR	BDPBRSAO_20200408094040000254_01.xml	4/8/2020 9:41:33 AM
IMCSR202003428BR	BDPBRSAO_20200408094135000255_01.xml	4/8/2020 9:42:12 AM
IMCSR202003429BR	BDPBRSAO_20200408094221000256_01.xml	4/8/2020 9:43:05 AM
IMCSR202003431BR	BDPBRSAO_20200408094307000257_01.xml	4/8/2020 9:43:56 AM
IMCSR202003432BR	BDPBRSAO_20200408094358000258_01.xml	4/8/2020 9:44:43 AM
IMCSR202003433BR	BDPBRSAO_20200408094445000259_01.xml	4/8/2020 9:45:30 AM
IMCSR202003434BR	BDPBRSAO_20200408094531000260_01.xml	4/8/2020 9:46:20 AM
IMCSR202003435BR	BDPBRSAO_20200408094622000261_01.xml	4/8/2020 9:47:11 AM
IMCTV202001006BR	BDPBRSAO_20200408094713000262_01.xml	4/8/2020 9:48:01 AM
IMATL202004018BR	BDPBRSAO_20200408094803000263_01.xml	4/8/2020 9:48:34 AM
IMEAS202003013BR	BDPBRSAO_20200408094838000264_01.xml	4/8/2020 9:49:57 AM
IMIFB201909005BR	BDPBRSAO_20200408094959000265_01.xml	4/8/2020 9:50:45 AM
IMIFB202001013BR	BDPBRSAO_20200408095047000266_01.xml	4/8/2020 9:51:41 AM
IMIFB202001018BR	BDPBRSAO_20200408095143000267_01.xml	4/8/2020 9:52:35 AM
IMIFB202001028BR	BDPBRSAO_20200408095236000268_01.xml	4/8/2020 9:53:22 AM
IMIFB202001029BR	BDPBRSAO_20200408095324000269_01.xml	4/8/2020 9:54:24 AM
IMIFB202001031BR	BDPBRSAO_20200408095426000270_01.xml	4/8/2020 9:55:13 AM
IMIFB202001032BR	BDPBRSAO_20200408095515000271_01.xml	4/8/2020 9:56:00 AM
IMIFB202001036BR	BDPBRSAO_20200408095602000272_01.xml	4/8/2020 9:56:43 AM
IMIFB202001045BR	BDPBRSAO_20200408095646000273_01.xml	4/8/2020 9:58:20 AM
IMCSR202004022BR	BDPBRSAO_20200408095822000274_01.xml	4/8/2020 9:59:36 AM
IMIFB202001047BR	BDPBRSAO_20200408095942000275_01.xml	4/8/2020 10:01:10 AM
IMIFB202001049BR	BDPBRSAO_20200408100114000276_01.xml	4/8/2020 10:02:05 AM
IMIFB202001050BR	BDPBRSAO_20200408100208000277_01.xml	4/8/2020 10:03:36 AM
IMIFB202001058BR	BDPBRSAO_20200408100340000278_01.xml	4/8/2020 10:04:46 AM
IMIFB202001065BR	BDPBRSAO_20200408100451000279_01.xml	4/8/2020 10:06:22 AM
IMIFB202001068BR	BDPBRSAO_20200408100624000280_01.xml	4/8/2020 10:07:38 AM
IMIFB202001072BR	BDPBRSAO_20200408100743000281_01.xml	4/8/2020 10:08:55 AM
IMIFB202001073BR	BDPBRSAO_20200408100858000282_01.xml	4/8/2020 10:10:03 AM
IMIFB202002005BR	BDPBRSAO_20200408101005000283_01.xml	4/8/2020 10:11:26 AM
IMIFB202002006BR	BDPBRSAO_20200408101130000284_01.xml	4/8/2020 10:12:20 AM
IMIFB202002008BR	BDPBRSAO_20200408101222000285_01.xml	4/8/2020 10:13:11 AM
IMLYB202001016BR	BDPBRSAO_20200408101313000286_01.xml	4/8/2020 10:14:00 AM
IMLYB202001018BR	BDPBRSAO_20200408101402000287_01.xml	4/8/2020 10:14:34 AM
IMLYB202003002BR	BDPBRSAO_20200408101435000288_01.xml	4/8/2020 10:15:22 AM
IMOCV202001004BR	BDPBRSAO_20200408101525000289_01.xml	4/8/2020 10:16:12 AM
IMSLA202003013BR	BDPBRSAO_20200408101614000290_01.xml	4/8/2020 10:16:56 AM
IMSLA202003034BR	BDPBRSAO_20200408101658000291_01.xml	4/8/2020 10:17:24 AM
IMSLA202003037BR	BDPBRSAO_20200408101726000292_01.xml	4/8/2020 10:19:29 AM
IMSLA202003039BR	BDPBRSAO_20200408101933000293_01.xml	4/8/2020 10:20:19 AM
IMSLA202003041BR	BDPBRSAO_20200408102021000294_01.xml	4/8/2020 10:21:00 AM
IMSLA202003042BR	BDPBRSAO_20200408102102000295_01.xml	4/8/2020 10:21:58 AM
IMSLA202003044BR	BDPBRSAO_20200408102205000296_01.xml	4/8/2020 10:22:44 AM
IMOXT202004030BR	BDPBRSAO_20200408102251000297_01.xml	4/8/2020 10:23:27 AM
IMSOL201908034BR	BDPBRSAO_20200408102328000298_01.xml	4/8/2020 10:23:56 AM
IMSOL202001013BR	BDPBRSAO_20200408102358000299_01.xml	4/8/2020 10:24:27 AM
IMSOL202001015BR	BDPBRSAO_20200408102429000300_01.xml	4/8/2020 10:24:58 AM
IMSOL202001020BR	BDPBRSAO_20200408102500000301_01.xml	4/8/2020 10:25:54 AM
IMSOL202001063BR	BDPBRSAO_20200408102559000302_01.xml	4/8/2020 10:26:47 AM
IMSOL202001075BR	BDPBRSAO_20200408102650000303_01.xml	4/8/2020 10:27:16 AM
IMSOL202001076BR	BDPBRSAO_20200408102718000304_01.xml	4/8/2020 10:28:14 AM
IMSOL202001109BR	BDPBRSAO_20200408102816000305_01.xml	4/8/2020 10:29:06 AM
IMSOL202002017BR	BDPBRSAO_20200408102909000306_01.xml	4/8/2020 10:29:58 AM
IMSOL202002018BR	BDPBRSAO_20200408103005000307_01.xml	4/8/2020 10:30:37 AM
IMSOL202002020BR	BDPBRSAO_20200408103040000308_01.xml	4/8/2020 10:31:31 AM
IMSOL202002021BR	BDPBRSAO_20200408103133000309_01.xml	4/8/2020 10:32:21 AM
IMSOL202002059BR	BDPBRSAO_20200408103223000310_01.xml	4/8/2020 10:33:10 AM
IMSOL202002112BR	BDPBRSAO_20200408103312000311_01.xml	4/8/2020 10:34:02 AM
IMSOL202002135BR	BDPBRSAO_20200408103407000312_01.xml	4/8/2020 10:34:58 AM
IMSOL202002140BR	BDPBRSAO_20200408103500000313_01.xml	4/8/2020 10:35:57 AM
IMSOL202002144BR	BDPBRSAO_20200408103607000314_01.xml	4/8/2020 10:36:35 AM
IMUPM202003004BR	BDPBRSAO_20200408103637000315_01.xml	4/8/2020 10:37:42 AM
IACSR202003021BR	BDPBRSAO_20200408103745000316_01.xml	4/8/2020 10:38:19 AM
IMCSR202003106BR	BDPBRSAO_20200408103822000317_01.xml	4/8/2020 10:39:02 AM
IMOXT202004031BR	BDPBRSAO_20200408103911000318_01.xml	4/8/2020 10:39:43 AM
IMSWB201910013BR	BDPBRSAO_20200408103945000319_01.xml	4/8/2020 10:40:36 AM
IMSWB201910155BR	BDPBRSAO_20200408104039000320_01.xml	4/8/2020 10:41:29 AM
IMSWB201912041BR	BDPBRSAO_20200408104132000321_01.xml	4/8/2020 10:42:12 AM
IMSWB202001018BR	BDPBRSAO_20200408104214000322_01.xml	4/8/2020 10:43:43 AM
IMSWB202001030BR	BDPBRSAO_20200408104345000323_01.xml	4/8/2020 10:44:19 AM
IMCSR202003311BR	BDPBRSAO_20200408104421000324_01.xml	4/8/2020 10:45:20 AM
IMSWB202001040BR	BDPBRSAO_20200408104522000325_01.xml	4/8/2020 10:46:14 AM
IMSWB202001044BR	BDPBRSAO_20200408104616000326_01.xml	4/8/2020 10:46:59 AM
IMCSR202003012BR	BDPBRSAO_20200408104701000327_01.xml	4/8/2020 10:47:24 AM
IMSWB202001077BR	BDPBRSAO_20200408104726000328_01.xml	4/8/2020 10:48:06 AM
IMSWB202001098BR	BDPBRSAO_20200408104808000329_01.xml	4/8/2020 10:48:32 AM
IMSWB202002003BR	BDPBRSAO_20200408104834000330_01.xml	4/8/2020 10:49:30 AM
IMSWB202002006BR	BDPBRSAO_20200408104932000331_01.xml	4/8/2020 10:50:16 AM
IMSWB202002009BR	BDPBRSAO_20200408105018000332_01.xml	4/8/2020 10:50:48 AM
IMSWB202002012BR	BDPBRSAO_20200408105050000333_01.xml	4/8/2020 10:51:34 AM
IMSWB202002032BR	BDPBRSAO_20200408105136000334_01.xml	4/8/2020 10:52:04 AM
IMSWB202002057BR	BDPBRSAO_20200408105206000335_01.xml	4/8/2020 10:52:42 AM
IMSWB202002081BR	BDPBRSAO_20200408105244000336_01.xml	4/8/2020 10:53:21 AM
IMSWB202002082BR	BDPBRSAO_20200408105323000337_01.xml	4/8/2020 10:54:12 AM
IMSWB202002092BR	BDPBRSAO_20200408105414000338_01.xml	4/8/2020 10:55:00 AM
IMSWB202003053BR	BDPBRSAO_20200408105527000339_01.xml	4/8/2020 10:57:10 AM
IMCTV202002004BR	BDPBRSAO_20200408105712000340_01.xml	4/8/2020 10:57:58 AM
IMUPL201701051BR	BDPBRSAO_20200408105759000341_01.xml	4/8/2020 10:59:54 AM
IMCSR202003127BR	BDPBRSAO_20200408105958000342_01.xml	4/8/2020 11:00:53 AM
IMCSR202003530BR	BDPBRSAO_20200408110104000343_01.xml	4/8/2020 11:01:35 AM
IMATL202004019BR	BDPBRSAO_20200408110138000344_01.xml	4/8/2020 11:02:39 AM
IMCSR202002205BR	BDPBRSAO_20200408110241000345_01.xml	4/8/2020 11:03:23 AM
IMCTV202003063BR	BDPBRSAO_20200408110326000346_01.xml	4/8/2020 11:03:59 AM
IMATL202004020BR	BDPBRSAO_20200408110412000347_01.xml	4/8/2020 11:05:01 AM
IMCTV202003070BR	BDPBRSAO_20200408110503000348_01.xml	4/8/2020 11:05:38 AM
IMCTV202002007BR	BDPBRSAO_20200408110541000349_01.xml	4/8/2020 11:06:23 AM
IMOXT201912052BR	BDPBRSAO_20200408110625000350_01.xml	4/8/2020 11:07:14 AM
IMSWB201912105BR	BDPBRSAO_20200408110716000351_01.xml	4/8/2020 11:08:02 AM
IMCTV202002072BR	BDPBRSAO_20200408110805000352_01.xml	4/8/2020 11:08:57 AM
IMSPC202003059BR	BDPBRSAO_20200408110900000353_01.xml	4/8/2020 11:10:00 AM
IMSPC202003053BR	BDPBRSAO_20200408111005000354_01.xml	4/8/2020 11:10:37 AM
IMSPC202003062BR	BDPBRSAO_20200408111044000355_01.xml	4/8/2020 11:11:52 AM
IMSPC202003065BR	BDPBRSAO_20200408111154000356_01.xml	4/8/2020 11:12:38 AM
IMSPC202003052BR	BDPBRSAO_20200408111243000357_01.xml	4/8/2020 11:13:25 AM
IMSPC202003058BR	BDPBRSAO_20200408111328000358_01.xml	4/8/2020 11:14:12 AM
IMSPC202003060BR	BDPBRSAO_20200408111414000359_01.xml	4/8/2020 11:15:02 AM
IMSPC202003061BR	BDPBRSAO_20200408111513000360_01.xml	4/8/2020 11:15:57 AM
IMSPC202003064BR	BDPBRSAO_20200408111600000361_01.xml	4/8/2020 11:16:43 AM
EORHO202004002BR	BDPBRSAO_20200408111645000362_01.xml	4/8/2020 11:17:13 AM
IMIFB202001030BR	BDPBRSAO_20200408111715000363_01.xml	4/8/2020 11:18:04 AM
IMSWB201912107BR	BDPBRSAO_20200408111809000364_01.xml	4/8/2020 11:18:37 AM
IMATL202004021BR	BDPBRSAO_20200408111839000365_01.xml	4/8/2020 11:19:21 AM
IAOCV202003007BR	BDPBRSAO_20200408111923000366_01.xml	4/8/2020 11:20:11 AM
IMCBT202003037BR	BDPBRSAO_20200408112014000367_01.xml	4/8/2020 11:21:05 AM
IMCSR201912099BR	BDPBRSAO_20200408112108000368_01.xml	4/8/2020 11:21:51 AM
IMCSR202002291BR	BDPBRSAO_20200408112153000369_01.xml	4/8/2020 11:22:21 AM
IMCSR202002293BR	BDPBRSAO_20200408112232000370_01.xml	4/8/2020 11:23:09 AM
IMCSR202003183BR	BDPBRSAO_20200408112311000371_01.xml	4/8/2020 11:24:10 AM
IMCSR202003196BR	BDPBRSAO_20200408112417000372_01.xml	4/8/2020 11:25:35 AM
IMCSR202003198BR	BDPBRSAO_20200408112538000373_01.xml	4/8/2020 11:26:37 AM
IMCSR202003199BR	BDPBRSAO_20200408112639000374_01.xml	4/8/2020 11:27:10 AM
IMIFB202002050BR	BDPBRSAO_20200408112712000375_01.xml	4/8/2020 11:27:51 AM
IMCTV202003060BR	BDPBRSAO_20200408112753000376_01.xml	4/8/2020 11:28:22 AM
EMCBT202003001BR	BDPBRSAO_20200408112827000377_01.xml	4/8/2020 11:29:10 AM
IMEAS202003007BR	BDPBRSAO_20200408112916000378_01.xml	4/8/2020 11:30:15 AM
IMEAS202003009BR	BDPBRSAO_20200408113017000379_01.xml	4/8/2020 11:30:49 AM
IMEAS202003014BR	BDPBRSAO_20200408113054000380_01.xml	4/8/2020 11:31:24 AM
IMIFB202001035BR	BDPBRSAO_20200408113125000381_01.xml	4/8/2020 11:31:57 AM
IMIFB202001051BR	BDPBRSAO_20200408113159000382_01.xml	4/8/2020 11:32:33 AM
IMMAU202003005BR	BDPBRSAO_20200408113235000383_01.xml	4/8/2020 11:33:10 AM
IMMAU202003007BR	BDPBRSAO_20200408113312000384_01.xml	4/8/2020 11:33:48 AM
IMOCV202001015BR	BDPBRSAO_20200408113353000385_01.xml	4/8/2020 11:34:35 AM
IMSLA202003011BR	BDPBRSAO_20200408113438000386_01.xml	4/8/2020 11:35:10 AM
IMSLA202003012BR	BDPBRSAO_20200408113513000387_01.xml	4/8/2020 11:35:42 AM
IMSLA202003016BR	BDPBRSAO_20200408113544000388_01.xml	4/8/2020 11:36:10 AM
EMCBE202003003BR	BDPBRSAO_20200408113612000389_01.xml	4/8/2020 11:36:42 AM
IMSUN202004001BR	BDPBRSAO_20200408113645000390_01.xml	4/8/2020 11:37:09 AM
IMSLA202003045BR	BDPBRSAO_20200408113711000391_01.xml	4/8/2020 11:37:26 AM
IMATL202004022BR	BDPBRSAO_20200408113729000392_01.xml	4/8/2020 11:37:43 AM
IMTAM202003006BR	BDPBRSAO_20200408113746000393_01.xml	4/8/2020 11:38:11 AM
IMUPM202003002BR	BDPBRSAO_20200408113813000394_01.xml	4/8/2020 11:38:47 AM
IMOXT201905021BR	BDPBRSAO_20200408113849000395_01.xml	4/8/2020 11:39:17 AM
IAOXT201804004BR	BDPBRSAO_20200408113920000396_01.xml	4/8/2020 11:39:45 AM
IAOXT201907006BR	BDPBRSAO_20200408113947000397_01.xml	4/8/2020 11:40:16 AM
IMOXT201912041BR	BDPBRSAO_20200408114021000398_01.xml	4/8/2020 11:40:48 AM
IAOXT201806004BR	BDPBRSAO_20200408114050000399_01.xml	4/8/2020 11:41:12 AM
IMOXT201911033BR	BDPBRSAO_20200408114114000400_01.xml	4/8/2020 11:41:41 AM
IMOXT201910029BR	BDPBRSAO_20200408114143000401_01.xml	4/8/2020 11:42:05 AM
IAOXT201911012BR	BDPBRSAO_20200408114207000402_01.xml	4/8/2020 11:42:31 AM
IMOXT201805026BR	BDPBRSAO_20200408114232000403_01.xml	4/8/2020 11:43:00 AM
IMOXT201907053BR	BDPBRSAO_20200408114302000404_01.xml	4/8/2020 11:43:28 AM
IMOXT202001061BR	BDPBRSAO_20200408114330000405_01.xml	4/8/2020 11:43:54 AM
IMOXT201912008BR	BDPBRSAO_20200408114356000406_01.xml	4/8/2020 11:44:47 AM
IMOXT201802007BR	BDPBRSAO_20200408114449000407_01.xml	4/8/2020 11:45:33 AM
IAOXT201809009BR	BDPBRSAO_20200408114535000408_01.xml	4/8/2020 11:45:58 AM
IMOXT201911035BR	BDPBRSAO_20200408114601000409_01.xml	4/8/2020 11:46:43 AM
IAOXT201810001BR	BDPBRSAO_20200408114645000410_01.xml	4/8/2020 11:47:08 AM
IMOXT201909049BR	BDPBRSAO_20200408114710000411_01.xml	4/8/2020 11:47:35 AM
IAOXT201908001BR	BDPBRSAO_20200408114737000412_01.xml	4/8/2020 11:47:59 AM
IMOXT201911027BR	BDPBRSAO_20200408114802000413_01.xml	4/8/2020 11:48:30 AM
IAOXT202001006BR	BDPBRSAO_20200408114832000414_01.xml	4/8/2020 11:49:18 AM
IMOXT201810029BR	BDPBRSAO_20200408114919000415_01.xml	4/8/2020 11:49:47 AM
IMOXT201902007BR	BDPBRSAO_20200408114949000416_01.xml	4/8/2020 11:50:17 AM
IAOXT202001009BR	BDPBRSAO_20200408115019000417_01.xml	4/8/2020 11:50:56 AM
IMOXT201801033BR	BDPBRSAO_20200408115058000418_01.xml	4/8/2020 11:51:25 AM
IAOXT201910005BR	BDPBRSAO_20200408115127000419_01.xml	4/8/2020 11:51:52 AM
IMOXT201910025BR	BDPBRSAO_20200408115154000420_01.xml	4/8/2020 11:52:22 AM
IMOXT201905015BR	BDPBRSAO_20200408115225000421_01.xml	4/8/2020 11:52:52 AM
IMOXT201911028BR	BDPBRSAO_20200408115254000422_01.xml	4/8/2020 11:53:24 AM
IMOXT201801011BR	BDPBRSAO_20200408115327000423_01.xml	4/8/2020 11:53:59 AM
IAOXT201902004BR	BDPBRSAO_20200408115401000424_01.xml	4/8/2020 11:54:35 AM
IMOXT201912053BR	BDPBRSAO_20200408115437000425_01.xml	4/8/2020 11:55:01 AM
IMOXT202003013BR	BDPBRSAO_20200408115503000426_01.xml	4/8/2020 11:55:37 AM
IAOXT201809002BR	BDPBRSAO_20200408115539000427_01.xml	4/8/2020 11:56:03 AM
IMOXT201803041BR	BDPBRSAO_20200408115605000428_01.xml	4/8/2020 11:56:32 AM
IMOXT202002024BR	BDPBRSAO_20200408115634000429_01.xml	4/8/2020 11:56:59 AM
IMOXT201906023BR	BDPBRSAO_20200408115701000430_01.xml	4/8/2020 11:57:29 AM
IAOXT201903001BR	BDPBRSAO_20200408115731000431_01.xml	4/8/2020 11:57:58 AM
IMOXT201802063BR	BDPBRSAO_20200408115759000432_01.xml	4/8/2020 11:58:28 AM
IMOXT201804011BR	BDPBRSAO_20200408115830000433_01.xml	4/8/2020 11:59:00 AM
IAOXT201810009BR	BDPBRSAO_20200408115902000434_01.xml	4/8/2020 11:59:27 AM
IMOXT201809031BR	BDPBRSAO_20200408115929000435_01.xml	4/8/2020 12:00:01 PM
IMOXT201910032BR	BDPBRSAO_20200408120005000436_01.xml	4/8/2020 12:00:39 PM
IMOXT201909030BR	BDPBRSAO_20200408120041000437_01.xml	4/8/2020 12:01:12 PM
IMOXT201802013BR	BDPBRSAO_20200408120114000438_01.xml	4/8/2020 12:01:47 PM
IMOXT201907007BR	BDPBRSAO_20200408120148000439_01.xml	4/8/2020 12:02:11 PM
IMOXT202003016BR	BDPBRSAO_20200408120213000440_01.xml	4/8/2020 12:02:39 PM
IAOXT201907004BR	BDPBRSAO_20200408120241000441_01.xml	4/8/2020 12:03:42 PM
IMOXT201911030BR	BDPBRSAO_20200408120344000442_01.xml	4/8/2020 12:04:17 PM
IMOXT201807048BR	BDPBRSAO_20200408120420000443_01.xml	4/8/2020 12:04:47 PM
IMOXT201811011BR	BDPBRSAO_20200408120450000444_01.xml	4/8/2020 12:05:20 PM
IMOXT201911021BR	BDPBRSAO_20200408120522000445_01.xml	4/8/2020 12:06:02 PM
IMOXT201908027BR	BDPBRSAO_20200408120604000446_01.xml	4/8/2020 12:06:37 PM
IAOXT202001001BR	BDPBRSAO_20200408120639000447_01.xml	4/8/2020 12:07:04 PM
IMOXT201805025BR	BDPBRSAO_20200408120706000448_01.xml	4/8/2020 12:07:35 PM
IAOXT201812004BR	BDPBRSAO_20200408120738000449_01.xml	4/8/2020 12:08:08 PM
IMOXT201910036BR	BDPBRSAO_20200408120810000450_01.xml	4/8/2020 12:08:36 PM
IMOXT201804036BR	BDPBRSAO_20200408120838000451_01.xml	4/8/2020 12:09:10 PM
IMOXT201901022BR	BDPBRSAO_20200408120912000452_01.xml	4/8/2020 12:09:44 PM
IMOXT201901004BR	BDPBRSAO_20200408120948000453_01.xml	4/8/2020 12:10:37 PM
IMOXT201907052BR	BDPBRSAO_20200408121038000454_01.xml	4/8/2020 12:11:29 PM
IMOXT202002002BR	BDPBRSAO_20200408121131000455_01.xml	4/8/2020 12:12:06 PM
IMIFB202002049BR	BDPBRSAO_20200408121208000456_01.xml	4/8/2020 12:12:52 PM
IMOXT201812045BR	BDPBRSAO_20200408121254000457_01.xml	4/8/2020 12:13:33 PM
IMOXT201906013BR	BDPBRSAO_20200408121334000458_01.xml	4/8/2020 12:14:01 PM
IMOXT201907016BR	BDPBRSAO_20200408121403000459_01.xml	4/8/2020 12:14:37 PM
IMOXT201904002BR	BDPBRSAO_20200408121439000460_01.xml	4/8/2020 12:15:07 PM
IMOXT201907027BR	BDPBRSAO_20200408121510000461_01.xml	4/8/2020 12:15:39 PM
IAOXT201911017BR	BDPBRSAO_20200408121542000462_01.xml	4/8/2020 12:16:07 PM
IMOXT201903010BR	BDPBRSAO_20200408121610000463_01.xml	4/8/2020 12:16:38 PM
IMOXT201811021BR	BDPBRSAO_20200408121641000464_01.xml	4/8/2020 12:17:10 PM
IMOXT201909008BR	BDPBRSAO_20200408121712000465_01.xml	4/8/2020 12:17:45 PM
IMOXT202002026BR	BDPBRSAO_20200408121747000466_01.xml	4/8/2020 12:18:13 PM
IMOXT201905045BR	BDPBRSAO_20200408121815000467_01.xml	4/8/2020 12:18:42 PM
IMOXT201807006BR	BDPBRSAO_20200408121844000468_01.xml	4/8/2020 12:19:13 PM
IMOXT201909002BR	BDPBRSAO_20200408121915000469_01.xml	4/8/2020 12:19:42 PM
IAOXT202002001BR	BDPBRSAO_20200408121944000470_01.xml	4/8/2020 12:20:15 PM
IMOXT201812016BR	BDPBRSAO_20200408122018000471_01.xml	4/8/2020 12:20:54 PM
IAOXT201908013BR	BDPBRSAO_20200408122057000472_01.xml	4/8/2020 12:21:26 PM
IMOXT201907017BR	BDPBRSAO_20200408122129000473_01.xml	4/8/2020 12:22:13 PM
IAOXT201906002BR	BDPBRSAO_20200408122215000474_01.xml	4/8/2020 12:22:40 PM
IMOXT202001026BR	BDPBRSAO_20200408122242000475_01.xml	4/8/2020 12:23:18 PM
IMOXT201812006BR	BDPBRSAO_20200408122320000476_01.xml	4/8/2020 12:24:05 PM
IMOXT202003014BR	BDPBRSAO_20200408122409000477_01.xml	4/8/2020 12:24:52 PM
IMOXT201807047BR	BDPBRSAO_20200408122454000478_01.xml	4/8/2020 12:25:22 PM
IMOXT201902009BR	BDPBRSAO_20200408122525000479_01.xml	4/8/2020 12:25:55 PM
IMOXT201909032BR	BDPBRSAO_20200408122557000480_01.xml	4/8/2020 12:26:24 PM
IMOXT201911007BR	BDPBRSAO_20200408122626000481_01.xml	4/8/2020 12:26:58 PM
IMOXT201911015BR	BDPBRSAO_20200408122700000482_01.xml	4/8/2020 12:27:25 PM
IMOXT202002022BR	BDPBRSAO_20200408122727000483_01.xml	4/8/2020 12:27:57 PM
IAOXT201907003BR	BDPBRSAO_20200408122759000484_01.xml	4/8/2020 12:28:25 PM
IMOXT201812003BR	BDPBRSAO_20200408122828000485_01.xml	4/8/2020 12:28:58 PM
IMOXT201907055BR	BDPBRSAO_20200408122901000486_01.xml	4/8/2020 12:29:35 PM
IMOXT202001034BR	BDPBRSAO_20200408122936000487_01.xml	4/8/2020 12:30:12 PM
IMOXT201807008BR	BDPBRSAO_20200408123015000488_01.xml	4/8/2020 12:30:49 PM
IMOXT201805019BR	BDPBRSAO_20200408123051000489_01.xml	4/8/2020 12:31:19 PM
IMOXT201907019BR	BDPBRSAO_20200408123121000490_01.xml	4/8/2020 12:32:02 PM
IMOXT201907018BR	BDPBRSAO_20200408123204000491_01.xml	4/8/2020 12:32:46 PM
IMOXT201912010BR	BDPBRSAO_20200408123249000492_01.xml	4/8/2020 12:33:23 PM
IMOXT201810015BR	BDPBRSAO_20200408123326000493_01.xml	4/8/2020 12:33:52 PM
IMOXT201911011BR	BDPBRSAO_20200408123354000494_01.xml	4/8/2020 12:34:24 PM
IMOXT201812031BR	BDPBRSAO_20200408123426000495_01.xml	4/8/2020 12:34:55 PM
IMOXT201909031BR	BDPBRSAO_20200408123457000496_01.xml	4/8/2020 12:35:29 PM
IAOXT201908007BR	BDPBRSAO_20200408123532000497_01.xml	4/8/2020 12:36:01 PM
IMOXT201806005BR	BDPBRSAO_20200408123603000498_01.xml	4/8/2020 12:36:39 PM
IAOXT201911018BR	BDPBRSAO_20200408123641000499_01.xml	4/8/2020 12:37:07 PM
IMOXT202002049BR	BDPBRSAO_20200408123710000500_01.xml	4/8/2020 12:37:45 PM
IAOXT202003001BR	BDPBRSAO_20200408123747000501_01.xml	4/8/2020 12:38:12 PM
IMOXT201912058BR	BDPBRSAO_20200408123814000502_01.xml	4/8/2020 12:38:48 PM
IMOXT201803054BR	BDPBRSAO_20200408123851000503_01.xml	4/8/2020 12:39:27 PM
IAOXT201811001BR	BDPBRSAO_20200408123929000504_01.xml	4/8/2020 12:39:54 PM
IAOXT201908014BR	BDPBRSAO_20200408123956000505_01.xml	4/8/2020 12:40:26 PM
IAOXT201911007BR	BDPBRSAO_20200408124029000506_01.xml	4/8/2020 12:40:54 PM
IMOXT201911010BR	BDPBRSAO_20200408124056000507_01.xml	4/8/2020 12:41:29 PM
IMOXT202001010BR	BDPBRSAO_20200408124131000508_01.xml	4/8/2020 12:41:59 PM
IMOXT201807027BR	BDPBRSAO_20200408124201000509_01.xml	4/8/2020 12:42:34 PM
IMOXT201907026BR	BDPBRSAO_20200408124237000510_01.xml	4/8/2020 12:43:12 PM
IMOXT201807010BR	BDPBRSAO_20200408124315000511_01.xml	4/8/2020 12:43:52 PM
IMOXT201902021BR	BDPBRSAO_20200408124355000512_01.xml	4/8/2020 12:44:32 PM
IMOXT201807045BR	BDPBRSAO_20200408124434000513_01.xml	4/8/2020 12:45:17 PM
IMOXT201906014BR	BDPBRSAO_20200408124519000514_01.xml	4/8/2020 12:45:50 PM
IMOXT201805030BR	BDPBRSAO_20200408124552000515_01.xml	4/8/2020 12:46:27 PM
IAOXT201908004BR	BDPBRSAO_20200408124629000516_01.xml	4/8/2020 12:46:53 PM
IMOXT201911001BR	BDPBRSAO_20200408124656000517_01.xml	4/8/2020 12:47:24 PM
IMOXT202001054BR	BDPBRSAO_20200408124727000518_01.xml	4/8/2020 12:47:55 PM
IMOXT201801009BR	BDPBRSAO_20200408124757000519_01.xml	4/8/2020 12:48:26 PM
IMOXT201808003BR	BDPBRSAO_20200408124829000520_01.xml	4/8/2020 12:48:54 PM
IMOXT201912028BR	BDPBRSAO_20200408124856000521_01.xml	4/8/2020 12:49:32 PM
IMOXT201801035BR	BDPBRSAO_20200408124934000522_01.xml	4/8/2020 12:50:01 PM
IAOXT201803007BR	BDPBRSAO_20200408125004000523_01.xml	4/8/2020 12:50:36 PM
IAOXT201802007BR	BDPBRSAO_20200408125039000524_01.xml	4/8/2020 12:51:03 PM
IMOXT201901008BR	BDPBRSAO_20200408125106000525_01.xml	4/8/2020 12:51:33 PM
IMOXT201805032BR	BDPBRSAO_20200408125135000526_01.xml	4/8/2020 12:52:07 PM
IMOXT201811029BR	BDPBRSAO_20200408125210000527_01.xml	4/8/2020 12:52:36 PM
IMOXT201809023BR	BDPBRSAO_20200408125239000528_01.xml	4/8/2020 12:53:02 PM
IMOXT201805031BR	BDPBRSAO_20200408125305000529_01.xml	4/8/2020 12:53:32 PM
IOOXT202001013BR	BDPBRSAO_20200408125335000530_01.xml	4/8/2020 12:54:05 PM
IMOXT201911002BR	BDPBRSAO_20200408125408000531_01.xml	4/8/2020 12:54:33 PM
IMOXT201911014BR	BDPBRSAO_20200408125436000532_01.xml	4/8/2020 12:54:58 PM
IMOXT201807011BR	BDPBRSAO_20200408125501000533_01.xml	4/8/2020 12:55:32 PM
IAOXT201905008BR	BDPBRSAO_20200408125535000534_01.xml	4/8/2020 12:56:08 PM
IMOXT201909018BR	BDPBRSAO_20200408125612000535_01.xml	4/8/2020 12:56:35 PM
IMOXT202002027BR	BDPBRSAO_20200408125637000536_01.xml	4/8/2020 12:56:59 PM
IMOXT201802051BR	BDPBRSAO_20200408125702000537_01.xml	4/8/2020 12:57:26 PM
IAOXT201911016BR	BDPBRSAO_20200408125728000538_01.xml	4/8/2020 12:57:50 PM
IMOXT201803039BR	BDPBRSAO_20200408125753000539_01.xml	4/8/2020 12:58:20 PM
IAOXT201810004BR	BDPBRSAO_20200408125822000540_01.xml	4/8/2020 12:59:05 PM
IOOXT202003008BR	BDPBRSAO_20200408125908000541_01.xml	4/8/2020 12:59:38 PM
IMOXT201909038BR	BDPBRSAO_20200408125941000542_01.xml	4/8/2020 1:00:11 PM
IMOXT201812046BR	BDPBRSAO_20200408130016000543_01.xml	4/8/2020 1:01:05 PM
IMOXT201909052BR	BDPBRSAO_20200408130107000544_01.xml	4/8/2020 1:01:40 PM
IMOXT201803004BR	BDPBRSAO_20200408130143000545_01.xml	4/8/2020 1:02:09 PM
IMOXT201908031BR	BDPBRSAO_20200408130212000546_01.xml	4/8/2020 1:02:43 PM
IOOXT202001017BR	BDPBRSAO_20200408130248000547_01.xml	4/8/2020 1:03:16 PM
IMOXT201811018BR	BDPBRSAO_20200408130319000548_01.xml	4/8/2020 1:03:46 PM
IMOXT201902043BR	BDPBRSAO_20200408130348000549_01.xml	4/8/2020 1:04:22 PM
IOOXT202003021BR	BDPBRSAO_20200408130424000550_01.xml	4/8/2020 1:04:50 PM
IMOXT201804012BR	BDPBRSAO_20200408130453000551_01.xml	4/8/2020 1:05:23 PM
IOOXT202002001BR	BDPBRSAO_20200408130526000552_01.xml	4/8/2020 1:05:51 PM
IMOXT201912062BR	BDPBRSAO_20200408130554000553_01.xml	4/8/2020 1:06:22 PM
IMOXT201901010BR	BDPBRSAO_20200408130625000554_01.xml	4/8/2020 1:06:58 PM
IOOXT202001011BR	BDPBRSAO_20200408130700000555_01.xml	4/8/2020 1:07:32 PM
IMOXT201912059BR	BDPBRSAO_20200408130735000556_01.xml	4/8/2020 1:08:07 PM
IAOXT201809003BR	BDPBRSAO_20200408130810000557_01.xml	4/8/2020 1:08:34 PM
IMOXT201909019BR	BDPBRSAO_20200408130836000558_01.xml	4/8/2020 1:09:19 PM
IMOXT201802010BR	BDPBRSAO_20200408130921000559_01.xml	4/8/2020 1:09:52 PM
IOOXT202001022BR	BDPBRSAO_20200408130954000560_01.xml	4/8/2020 1:10:26 PM
IAOXT201811003BR	BDPBRSAO_20200408131029000561_01.xml	4/8/2020 1:10:58 PM
IMOXT201905044BR	BDPBRSAO_20200408131101000562_01.xml	4/8/2020 1:11:27 PM
IMOXT201912011BR	BDPBRSAO_20200408131129000563_01.xml	4/8/2020 1:12:03 PM
IOOXT202003016BR	BDPBRSAO_20200408131206000564_01.xml	4/8/2020 1:12:35 PM
IAOXT202001008BR	BDPBRSAO_20200408131238000565_01.xml	4/8/2020 1:13:04 PM
IMOXT201805018BR	BDPBRSAO_20200408131306000566_01.xml	4/8/2020 1:13:37 PM
IMOXT201801038BR	BDPBRSAO_20200408131340000567_01.xml	4/8/2020 1:14:10 PM
IMOXT201904017BR	BDPBRSAO_20200408131413000568_01.xml	4/8/2020 1:14:42 PM
IMOXT201911038BR	BDPBRSAO_20200408131444000569_01.xml	4/8/2020 1:15:17 PM
IAOXT201808001BR	BDPBRSAO_20200408131521000570_01.xml	4/8/2020 1:15:45 PM
IMOXT201806032BR	BDPBRSAO_20200408131547000571_01.xml	4/8/2020 1:16:20 PM
IMOXT201807035BR	BDPBRSAO_20200408131622000572_01.xml	4/8/2020 1:16:44 PM
IMOXT201811026BR	BDPBRSAO_20200408131647000573_01.xml	4/8/2020 1:17:18 PM
IMOXT201912031BR	BDPBRSAO_20200408131722000574_01.xml	4/8/2020 1:17:55 PM
IMOXT202001024BR	BDPBRSAO_20200408131757000575_01.xml	4/8/2020 1:18:23 PM
IMOXT201806025BR	BDPBRSAO_20200408131825000576_01.xml	4/8/2020 1:18:56 PM
IAOXT201905010BR	BDPBRSAO_20200408131859000577_01.xml	4/8/2020 1:19:22 PM
IMOXT201806029BR	BDPBRSAO_20200408131925000578_01.xml	4/8/2020 1:19:54 PM
IOOXT202003019BR	BDPBRSAO_20200408131957000579_01.xml	4/8/2020 1:20:23 PM
IMOXT202002030BR	BDPBRSAO_20200408132026000580_01.xml	4/8/2020 1:20:57 PM
IMOXT201809014BR	BDPBRSAO_20200408132100000581_01.xml	4/8/2020 1:21:28 PM
IMOXT201911004BR	BDPBRSAO_20200408132130000582_01.xml	4/8/2020 1:22:07 PM
IMOXT201806024BR	BDPBRSAO_20200408132210000583_01.xml	4/8/2020 1:22:40 PM
IOOXT202003002BR	BDPBRSAO_20200408132243000584_01.xml	4/8/2020 1:23:07 PM
IMOXT201912050BR	BDPBRSAO_20200408132309000585_01.xml	4/8/2020 1:23:41 PM
IAOXT202003004BR	BDPBRSAO_20200408132344000586_01.xml	4/8/2020 1:24:07 PM
IMOXT202001011BR	BDPBRSAO_20200408132409000587_01.xml	4/8/2020 1:24:34 PM
IMOXT201807040BR	BDPBRSAO_20200408132437000588_01.xml	4/8/2020 1:25:11 PM
IMOXT201806030BR	BDPBRSAO_20200408132514000589_01.xml	4/8/2020 1:25:43 PM
IMOXT201809012BR	BDPBRSAO_20200408132546000590_01.xml	4/8/2020 1:26:12 PM
IAOXT201907002BR	BDPBRSAO_20200408132615000591_01.xml	4/8/2020 1:26:40 PM
IMOXT201910037BR	BDPBRSAO_20200408132642000592_01.xml	4/8/2020 1:27:06 PM
IOOXT202003017BR	BDPBRSAO_20200408132709000593_01.xml	4/8/2020 1:27:34 PM
IMOXT201912038BR	BDPBRSAO_20200408132737000594_01.xml	4/8/2020 1:28:01 PM
IAOXT201802001BR	BDPBRSAO_20200408132804000595_01.xml	4/8/2020 1:28:29 PM
IMOXT201912020BR	BDPBRSAO_20200408132832000596_01.xml	4/8/2020 1:29:02 PM
IAOXT201911015BR	BDPBRSAO_20200408132905000597_01.xml	4/8/2020 1:29:33 PM
IMOXT201808001BR	BDPBRSAO_20200408132935000598_01.xml	4/8/2020 1:30:03 PM
IAOXT201911011BR	BDPBRSAO_20200408133007000599_01.xml	4/8/2020 1:30:33 PM
IMOXT201810007BR	BDPBRSAO_20200408133037000600_01.xml	4/8/2020 1:31:06 PM
IMOXT201907054BR	BDPBRSAO_20200408133109000601_01.xml	4/8/2020 1:31:37 PM
IMOXT201911018BR	BDPBRSAO_20200408133140000602_01.xml	4/8/2020 1:32:06 PM
IMOXT201811015BR	BDPBRSAO_20200408133209000603_01.xml	4/8/2020 1:32:33 PM
IMOXT201810026BR	BDPBRSAO_20200408133235000604_01.xml	4/8/2020 1:33:00 PM
IMOXT201808044BR	BDPBRSAO_20200408133303000605_01.xml	4/8/2020 1:33:27 PM
IMOXT202001022BR	BDPBRSAO_20200408133329000606_01.xml	4/8/2020 1:33:55 PM
IMOXT201910028BR	BDPBRSAO_20200408133357000607_01.xml	4/8/2020 1:34:21 PM
IMOXT201903019BR	BDPBRSAO_20200408133423000608_01.xml	4/8/2020 1:34:48 PM
IMOXT202003015BR	BDPBRSAO_20200408133450000609_01.xml	4/8/2020 1:35:17 PM
IMOXT201912036BR	BDPBRSAO_20200408133519000610_01.xml	4/8/2020 1:35:47 PM
IMOXT202001015BR	BDPBRSAO_20200408133549000611_01.xml	4/8/2020 1:36:14 PM
IMOXT201912009BR	BDPBRSAO_20200408133617000612_01.xml	4/8/2020 1:36:43 PM
IMOXT201907001BR	BDPBRSAO_20200408133646000613_01.xml	4/8/2020 1:37:16 PM
IMOXT201809022BR	BDPBRSAO_20200408133719000614_01.xml	4/8/2020 1:37:43 PM
IMOXT201812002BR	BDPBRSAO_20200408133745000615_01.xml	4/8/2020 1:38:11 PM
IMOXT201802011BR	BDPBRSAO_20200408133813000616_01.xml	4/8/2020 1:38:42 PM
IMOXT201806033BR	BDPBRSAO_20200408133844000617_01.xml	4/8/2020 1:39:15 PM
IMOXT201803027BR	BDPBRSAO_20200408133918000618_01.xml	4/8/2020 1:39:49 PM
IOOXT202001023BR	BDPBRSAO_20200408133952000619_01.xml	4/8/2020 1:40:18 PM
IMOXT202001025BR	BDPBRSAO_20200408134020000620_01.xml	4/8/2020 1:40:43 PM
IMOXT201912049BR	BDPBRSAO_20200408134045000621_01.xml	4/8/2020 1:41:15 PM
IMOXT201809013BR	BDPBRSAO_20200408134118000622_01.xml	4/8/2020 1:41:41 PM
IMOXT201810001BR	BDPBRSAO_20200408134143000623_01.xml	4/8/2020 1:42:05 PM
IMOXT201802008BR	BDPBRSAO_20200408134207000624_01.xml	4/8/2020 1:42:30 PM
IMOXT201803048BR	BDPBRSAO_20200408134233000625_01.xml	4/8/2020 1:43:01 PM
IAOXT201911014BR	BDPBRSAO_20200408134303000626_01.xml	4/8/2020 1:43:27 PM
IMOXT201804007BR	BDPBRSAO_20200408134329000627_01.xml	4/8/2020 1:43:52 PM
IOOXT202003012BR	BDPBRSAO_20200408134354000628_01.xml	4/8/2020 1:44:15 PM
IMOXT201801018BR	BDPBRSAO_20200408134417000629_01.xml	4/8/2020 1:44:45 PM
IMOXT202002021BR	BDPBRSAO_20200408134447000630_01.xml	4/8/2020 1:45:11 PM
IAOXT202001004BR	BDPBRSAO_20200408134515000631_01.xml	4/8/2020 1:45:43 PM
IMOXT201912055BR	BDPBRSAO_20200408134545000632_01.xml	4/8/2020 1:46:16 PM
IMOXT201912023BR	BDPBRSAO_20200408134619000633_01.xml	4/8/2020 1:46:58 PM
IMOXT201910016BR	BDPBRSAO_20200408134701000634_01.xml	4/8/2020 1:47:29 PM
IMOXT202001031BR	BDPBRSAO_20200408134732000635_01.xml	4/8/2020 1:48:01 PM
IMOXT201802053BR	BDPBRSAO_20200408134803000636_01.xml	4/8/2020 1:48:33 PM
IMOXT202001001BR	BDPBRSAO_20200408134835000637_01.xml	4/8/2020 1:49:27 PM
IMOXT201803047BR	BDPBRSAO_20200408134929000638_01.xml	4/8/2020 1:50:00 PM
IMOXT202001033BR	BDPBRSAO_20200408135004000639_01.xml	4/8/2020 1:50:34 PM
IMOXT201911029BR	BDPBRSAO_20200408135036000640_01.xml	4/8/2020 1:51:07 PM
IMOXT201806001BR	BDPBRSAO_20200408135110000641_01.xml	4/8/2020 1:51:36 PM
IMOXT202001014BR	BDPBRSAO_20200408135139000642_01.xml	4/8/2020 1:52:03 PM
IMOXT201902003BR	BDPBRSAO_20200408135205000643_01.xml	4/8/2020 1:52:31 PM
IOOXT202003004BR	BDPBRSAO_20200408135233000644_01.xml	4/8/2020 1:53:05 PM
IMOXT201910035BR	BDPBRSAO_20200408135307000645_01.xml	4/8/2020 1:53:34 PM
IAOXT201909004BR	BDPBRSAO_20200408135336000646_01.xml	4/8/2020 1:53:58 PM
IMOXT201809006BR	BDPBRSAO_20200408135400000647_01.xml	4/8/2020 1:54:23 PM
IMOXT201807041BR	BDPBRSAO_20200408135425000648_01.xml	4/8/2020 1:54:52 PM
IMOXT201911031BR	BDPBRSAO_20200408135455000649_01.xml	4/8/2020 1:55:22 PM
IAOXT202002005BR	BDPBRSAO_20200408135526000650_01.xml	4/8/2020 1:55:47 PM
IMOXT201912051BR	BDPBRSAO_20200408135550000651_01.xml	4/8/2020 1:56:25 PM
IMOXT201911036BR	BDPBRSAO_20200408135628000652_01.xml	4/8/2020 1:56:54 PM
IMOXT201806026BR	BDPBRSAO_20200408135657000653_01.xml	4/8/2020 1:57:24 PM
IMOXT201910020BR	BDPBRSAO_20200408135726000654_01.xml	4/8/2020 1:57:53 PM
IMOXT201912022BR	BDPBRSAO_20200408135756000655_01.xml	4/8/2020 1:58:46 PM
IMOXT202002013BR	BDPBRSAO_20200408135849000656_01.xml	4/8/2020 1:59:24 PM
IMOXT201912017BR	BDPBRSAO_20200408135927000657_01.xml	4/8/2020 2:00:01 PM
IMOXT201912035BR	BDPBRSAO_20200408140005000658_01.xml	4/8/2020 2:00:37 PM
IMOXT202002001BR	BDPBRSAO_20200408140040000659_01.xml	4/8/2020 2:01:12 PM
IMOXT201909029BR	BDPBRSAO_20200408140116000660_01.xml	4/8/2020 2:01:43 PM
IAOXT201907010BR	BDPBRSAO_20200408140146000661_01.xml	4/8/2020 2:02:09 PM
IAOXT201911001BR	BDPBRSAO_20200408140212000662_01.xml	4/8/2020 2:02:38 PM
IOOXT202003020BR	BDPBRSAO_20200408140241000663_01.xml	4/8/2020 2:03:07 PM
IMOXT202001051BR	BDPBRSAO_20200408140310000664_01.xml	4/8/2020 2:03:39 PM
IMOXT201912033BR	BDPBRSAO_20200408140343000665_01.xml	4/8/2020 2:04:18 PM
IOOXT202001012BR	BDPBRSAO_20200408140421000666_01.xml	4/8/2020 2:04:51 PM
IMOXT201807022BR	BDPBRSAO_20200408140454000667_01.xml	4/8/2020 2:05:23 PM
IMOXT202002048BR	BDPBRSAO_20200408140526000668_01.xml	4/8/2020 2:05:59 PM
IAOXT201912003BR	BDPBRSAO_20200408140602000669_01.xml	4/8/2020 2:06:28 PM
IMOXT201908012BR	BDPBRSAO_20200408140631000670_01.xml	4/8/2020 2:07:13 PM
IMOXT201911025BR	BDPBRSAO_20200408140716000671_01.xml	4/8/2020 2:07:48 PM
IMOXT202001016BR	BDPBRSAO_20200408140750000672_01.xml	4/8/2020 2:08:16 PM
IOOXT202001014BR	BDPBRSAO_20200408140818000673_01.xml	4/8/2020 2:08:43 PM
IMOXT201910013BR	BDPBRSAO_20200408140846000674_01.xml	4/8/2020 2:09:30 PM
IMOXT202001030BR	BDPBRSAO_20200408140933000675_01.xml	4/8/2020 2:10:10 PM
IOOXT202003001BR	BDPBRSAO_20200408141014000676_01.xml	4/8/2020 2:10:43 PM
IOOXT202003005BR	BDPBRSAO_20200408141046000677_01.xml	4/8/2020 2:11:14 PM
IMOXT201802055BR	BDPBRSAO_20200408141116000678_01.xml	4/8/2020 2:11:54 PM
IOOXT202003009BR	BDPBRSAO_20200408141156000679_01.xml	4/8/2020 2:12:25 PM
IMOXT201911022BR	BDPBRSAO_20200408141228000680_01.xml	4/8/2020 2:13:02 PM
IMOXT201902002BR	BDPBRSAO_20200408141305000681_01.xml	4/8/2020 2:13:29 PM
IMOXT202002016BR	BDPBRSAO_20200408141332000682_01.xml	4/8/2020 2:13:55 PM
IMOXT202002051BR	BDPBRSAO_20200408141358000683_01.xml	4/8/2020 2:14:23 PM
IOOXT202001026BR	BDPBRSAO_20200408141425000684_01.xml	4/8/2020 2:14:54 PM
IMOXT202001057BR	BDPBRSAO_20200408141456000685_01.xml	4/8/2020 2:15:24 PM
IMOXT201807012BR	BDPBRSAO_20200408141526000686_01.xml	4/8/2020 2:16:04 PM
IOOXT202003018BR	BDPBRSAO_20200408141607000687_01.xml	4/8/2020 2:16:31 PM
IMATL202004023BR	BDPBRSAO_20200408141634000688_01.xml	4/8/2020 2:16:54 PM
IAOXT201912002BR	BDPBRSAO_20200408141657000689_01.xml	4/8/2020 2:17:21 PM
IMOXT202002031BR	BDPBRSAO_20200408141723000690_01.xml	4/8/2020 2:17:49 PM
IOOXT202003010BR	BDPBRSAO_20200408141751000691_01.xml	4/8/2020 2:18:15 PM
IOOXT202003003BR	BDPBRSAO_20200408141818000692_01.xml	4/8/2020 2:18:42 PM
IAOXT202002004BR	BDPBRSAO_20200408141847000693_01.xml	4/8/2020 2:19:15 PM
IMOXT201911016BR	BDPBRSAO_20200408141918000694_01.xml	4/8/2020 2:19:48 PM
IOOXT202003013BR	BDPBRSAO_20200408141951000695_01.xml	4/8/2020 2:20:22 PM
EORHO202004003BR	BDPBRSAO_20200408142025000696_01.xml	4/8/2020 2:20:50 PM
IMOXT202002023BR	BDPBRSAO_20200408142053000697_01.xml	4/8/2020 2:21:27 PM
IMOXT201909053BR	BDPBRSAO_20200408142130000698_01.xml	4/8/2020 2:21:59 PM
IMOXT201912001BR	BDPBRSAO_20200408142203000699_01.xml	4/8/2020 2:22:30 PM
IMOXT202001021BR	BDPBRSAO_20200408142233000700_01.xml	4/8/2020 2:22:59 PM
IMOXT201903027BR	BDPBRSAO_20200408142302000701_01.xml	4/8/2020 2:23:30 PM
IMOXT202001053BR	BDPBRSAO_20200408142333000702_01.xml	4/8/2020 2:23:56 PM
IMOXT201912057BR	BDPBRSAO_20200408142359000703_01.xml	4/8/2020 2:24:33 PM
IOOXT202001015BR	BDPBRSAO_20200408142436000704_01.xml	4/8/2020 2:25:10 PM
IOOXT202003006BR	BDPBRSAO_20200408142513000705_01.xml	4/8/2020 2:25:36 PM
IMOXT201911005BR	BDPBRSAO_20200408142539000706_01.xml	4/8/2020 2:26:18 PM
IMOXT202001050BR	BDPBRSAO_20200408142620000707_01.xml	4/8/2020 2:26:46 PM
IMOXT201807017BR	BDPBRSAO_20200408142649000708_01.xml	4/8/2020 2:27:17 PM
IMSOL202001065BR	BDPBRSAO_20200408142720000709_01.xml	4/8/2020 2:27:43 PM
IMEVO202004004BR	BDPBRSAO_20200408142745000710_01.xml	4/8/2020 2:28:05 PM
IMSPC202001033BR	BDPBRSAO_20200408142808000711_01.xml	4/8/2020 2:28:33 PM
IMSWB201912098BR	BDPBRSAO_20200408142835000712_01.xml	4/8/2020 2:29:03 PM
IMCSR202003247BR	BDPBRSAO_20200408142906000713_01.xml	4/8/2020 2:29:33 PM
IMSWB202002096BR	BDPBRSAO_20200408142935000714_01.xml	4/8/2020 2:30:00 PM
IACSR202003014BR	BDPBRSAO_20200408143023000715_01.xml	4/8/2020 2:30:47 PM
IACSR202004003BR	BDPBRSAO_20200408143050000716_01.xml	4/8/2020 2:31:13 PM
IAOCV202002003BR	BDPBRSAO_20200408143117000717_01.xml	4/8/2020 2:31:43 PM
IMSWB202002097BR	BDPBRSAO_20200408143145000718_01.xml	4/8/2020 2:32:10 PM
IMATN202003009BR	BDPBRSAO_20200408143212000719_01.xml	4/8/2020 2:32:38 PM
IMCSR202003260BR	BDPBRSAO_20200408143240000720_01.xml	4/8/2020 2:33:15 PM
IMCSR201912201BR	BDPBRSAO_20200408143317000721_01.xml	4/8/2020 2:33:49 PM
IMCSR202001295BR	BDPBRSAO_20200408143352000722_01.xml	4/8/2020 2:34:19 PM
IMCSR202003263BR	BDPBRSAO_20200408143421000723_01.xml	4/8/2020 2:34:46 PM
IMIFB202002048BR	BDPBRSAO_20200408143448000724_01.xml	4/8/2020 2:35:20 PM
EMCSR202004003BR	BDPBRSAO_20200408143522000725_01.xml	4/8/2020 2:35:42 PM
IMCSR202003200BR	BDPBRSAO_20200408143544000726_01.xml	4/8/2020 2:36:13 PM
IMCSR202003255BR	BDPBRSAO_20200408143615000727_01.xml	4/8/2020 2:36:38 PM
IMCSR202003256BR	BDPBRSAO_20200408143640000728_01.xml	4/8/2020 2:37:09 PM
IMCSR202003272BR	BDPBRSAO_20200408143711000729_01.xml	4/8/2020 2:37:36 PM
IMSPC202002022BR	BDPBRSAO_20200408143738000730_01.xml	4/8/2020 2:38:03 PM
IMCSR202003285BR	BDPBRSAO_20200408143806000731_01.xml	4/8/2020 2:38:32 PM
IMSLA202003014BR	BDPBRSAO_20200408143834000732_01.xml	4/8/2020 2:39:00 PM
IMSLA202003020BR	BDPBRSAO_20200408143903000733_01.xml	4/8/2020 2:39:41 PM
IMSLA202003032BR	BDPBRSAO_20200408143945000734_01.xml	4/8/2020 2:40:13 PM
IMSOL201912048BR	BDPBRSAO_20200408144016000735_01.xml	4/8/2020 2:40:43 PM
IMSOL202001039BR	BDPBRSAO_20200408144047000736_01.xml	4/8/2020 2:41:14 PM
IMSOL202001108BR	BDPBRSAO_20200408144118000737_01.xml	4/8/2020 2:41:44 PM
IMSOL202002042BR	BDPBRSAO_20200408144148000738_01.xml	4/8/2020 2:42:16 PM
IMSPC202003045BR	BDPBRSAO_20200408144220000739_01.xml	4/8/2020 2:42:47 PM
IMSPC202003046BR	BDPBRSAO_20200408144250000740_01.xml	4/8/2020 2:43:23 PM
IMSPC202004005BR	BDPBRSAO_20200408144326000741_01.xml	4/8/2020 2:43:56 PM
IMSWB202002035BR	BDPBRSAO_20200408144359000742_01.xml	4/8/2020 2:44:25 PM
IMSWB202002033BR	BDPBRSAO_20200408144428000743_01.xml	4/8/2020 2:44:56 PM
EMCSR202003114BR	BDPBRSAO_20200408144458000744_01.xml	4/8/2020 2:45:19 PM
EORHO202004004BR	BDPBRSAO_20200408144522000745_01.xml	4/8/2020 2:45:48 PM
IMSPC202003015BR	BDPBRSAO_20200408144550000746_01.xml	4/8/2020 2:46:18 PM
IMCTV202003064BR	BDPBRSAO_20200408144621000747_01.xml	4/8/2020 2:46:47 PM
IMIFB202002007BR	BDPBRSAO_20200408144650000748_01.xml	4/8/2020 2:47:17 PM
IAATL202004015BR	BDPBRSAO_20200408144720000749_01.xml	4/8/2020 2:47:33 PM
IMCSR202001550BR	BDPBRSAO_20200408144736000750_01.xml	4/8/2020 2:48:04 PM
IMCSR202003330BR	BDPBRSAO_20200408144807000751_01.xml	4/8/2020 2:48:33 PM
IMCSR202002190BR	BDPBRSAO_20200408144837000752_01.xml	4/8/2020 2:49:08 PM
IMIFB202002059BR	BDPBRSAO_20200408144911000753_01.xml	4/8/2020 2:49:37 PM
IMCTV202003071BR	BDPBRSAO_20200408144941000754_01.xml	4/8/2020 2:50:10 PM
IMCSR202001565BR	BDPBRSAO_20200408145013000755_01.xml	4/8/2020 2:50:39 PM
IMCSR202003129BR	BDPBRSAO_20200408145042000756_01.xml	4/8/2020 2:51:12 PM
IMOXT201910011BR	BDPBRSAO_20200408145115000757_01.xml	4/8/2020 2:51:45 PM
IMOXT201909044BR	BDPBRSAO_20200408145148000758_01.xml	4/8/2020 2:52:20 PM
IMOXT201911032BR	BDPBRSAO_20200408145223000759_01.xml	4/8/2020 2:53:02 PM
IMOXT201910018BR	BDPBRSAO_20200408145304000760_01.xml	4/8/2020 2:53:54 PM
IMOXT201910023BR	BDPBRSAO_20200408145357000761_01.xml	4/8/2020 2:54:25 PM
IMOXT201910039BR	BDPBRSAO_20200408145428000762_01.xml	4/8/2020 2:54:55 PM
IMOXT201907047BR	BDPBRSAO_20200408145457000763_01.xml	4/8/2020 2:55:26 PM
IMOXT201910009BR	BDPBRSAO_20200408145528000764_01.xml	4/8/2020 2:55:57 PM
IMOXT201910017BR	BDPBRSAO_20200408145559000765_01.xml	4/8/2020 2:56:26 PM
IMOXT201909043BR	BDPBRSAO_20200408145628000766_01.xml	4/8/2020 2:57:00 PM
IMOXT201912056BR	BDPBRSAO_20200408145702000767_01.xml	4/8/2020 2:57:31 PM
IMCSR202003528BR	BDPBRSAO_20200408145734000768_01.xml	4/8/2020 2:57:58 PM
IMCSR202002211BR	BDPBRSAO_20200408145800000769_01.xml	4/8/2020 2:58:28 PM
IMCSR202003117BR	BDPBRSAO_20200408145830000770_01.xml	4/8/2020 2:59:00 PM
IMCSR202002210BR	BDPBRSAO_20200408145902000771_01.xml	4/8/2020 2:59:50 PM
EORHO202004005BR	BDPBRSAO_20200408145954000772_01.xml	4/8/2020 3:00:21 PM
IMCBT202003030BR	BDPBRSAO_20200408150024000773_01.xml	4/8/2020 3:00:55 PM
IMCSR202001040BR	BDPBRSAO_20200408150058000774_01.xml	4/8/2020 3:01:30 PM
IMCSR202002147BR	BDPBRSAO_20200408150132000775_01.xml	4/8/2020 3:02:02 PM
IMCSR201903707BR	BDPBRSAO_20200408150204000776_01.xml	4/8/2020 3:02:32 PM
IMATL202004024BR	BDPBRSAO_20200408150234000777_01.xml	4/8/2020 3:02:53 PM
IMCTV202002020BR	BDPBRSAO_20200408150255000778_01.xml	4/8/2020 3:03:24 PM
IMCTV202002022BR	BDPBRSAO_20200408150326000779_01.xml	4/8/2020 3:03:52 PM
IMCTV202002035BR	BDPBRSAO_20200408150355000780_01.xml	4/8/2020 3:04:25 PM
IMIFB202002038BR	BDPBRSAO_20200408150428000781_01.xml	4/8/2020 3:04:56 PM
IAOXT202003002BR	BDPBRSAO_20200408150500000782_01.xml	4/8/2020 3:05:24 PM
IMSOL202001102BR	BDPBRSAO_20200408150527000783_01.xml	4/8/2020 3:05:53 PM
IMSOL202002010BR	BDPBRSAO_20200408150556000784_01.xml	4/8/2020 3:06:24 PM
IMSOL202002130BR	BDPBRSAO_20200408150627000785_01.xml	4/8/2020 3:06:54 PM
IMSWB202002102BR	BDPBRSAO_20200408150656000786_01.xml	4/8/2020 3:07:49 PM
IMTAM202003020BR	BDPBRSAO_20200408150752000787_01.xml	4/8/2020 3:09:29 PM
IMUPM202003003BR	BDPBRSAO_20200408150931000788_01.xml	4/8/2020 3:10:10 PM
EMCSR202004006BR	BDPBRSAO_20200408151014000789_01.xml	4/8/2020 3:10:39 PM
EMCSR202004021BR	BDPBRSAO_20200408151048000790_01.xml	4/8/2020 3:11:10 PM
IMCSR202001493BR	BDPBRSAO_20200408151113000791_01.xml	4/8/2020 3:11:52 PM
IMCSR201912449BR	BDPBRSAO_20200408151155000792_01.xml	4/8/2020 3:12:23 PM
EMCBT202004002BR	BDPBRSAO_20200408151226000793_01.xml	4/8/2020 3:13:10 PM
IMCSR201912451BR	BDPBRSAO_20200408151312000794_01.xml	4/8/2020 3:13:41 PM
IMCSR201912452BR	BDPBRSAO_20200408151344000795_01.xml	4/8/2020 3:14:11 PM
IMCSR201912453BR	BDPBRSAO_20200408151414000796_01.xml	4/8/2020 3:14:37 PM
IMCSR202002081BR	BDPBRSAO_20200408151439000797_01.xml	4/8/2020 3:15:06 PM
IMSWB201912126BR	BDPBRSAO_20200408151509000798_01.xml	4/8/2020 3:21:30 PM
IMCSR202002458BR	BDPBRSAO_20200408152132000799_01.xml	4/8/2020 3:21:55 PM
IMCSR202003289BR	BDPBRSAO_20200408152158000800_01.xml	4/8/2020 3:22:22 PM
IMCSR202002318BR	BDPBRSAO_20200408152224000801_01.xml	4/8/2020 3:22:48 PM
IMCSR202003404BR	BDPBRSAO_20200408152250000802_01.xml	4/8/2020 3:23:15 PM
IMSPC202003002BR	BDPBRSAO_20200408152317000803_01.xml	4/8/2020 3:23:41 PM
IMSOL202003115BR	BDPBRSAO_20200408152343000804_01.xml	4/8/2020 3:24:04 PM
IMCSR202003261BR	BDPBRSAO_20200408152407000805_01.xml	4/8/2020 3:24:30 PM
EMCBT202004001BR	BDPBRSAO_20200408152433000806_01.xml	4/8/2020 3:25:14 PM
IMCSR202001378BR	BDPBRSAO_20200408152517000807_01.xml	4/8/2020 3:25:39 PM
IMSWB202002024BR	BDPBRSAO_20200408152546000808_01.xml	4/8/2020 3:26:08 PM
IMSWB202002074BR	BDPBRSAO_20200408152610000809_01.xml	4/8/2020 3:26:34 PM
IMSWB202002014BR	BDPBRSAO_20200408152636000810_01.xml	4/8/2020 3:26:59 PM
IMCSR202003405BR	BDPBRSAO_20200408152701000811_01.xml	4/8/2020 3:27:23 PM
IMCSR202003413BR	BDPBRSAO_20200408152726000812_01.xml	4/8/2020 3:27:47 PM
IMSOL202003157BR	BDPBRSAO_20200408152749000813_01.xml	4/8/2020 3:28:10 PM
IMCSR202003327BR	BDPBRSAO_20200408152812000814_01.xml	4/8/2020 3:28:35 PM
IMCSR202003576BR	BDPBRSAO_20200408152838000815_01.xml	4/8/2020 3:29:06 PM
IMCSR202003589BR	BDPBRSAO_20200408152909000816_01.xml	4/8/2020 3:29:34 PM
IMCSR202003590BR	BDPBRSAO_20200408152936000817_01.xml	4/8/2020 3:30:00 PM
IMCSR202003591BR	BDPBRSAO_20200408153004000818_01.xml	4/8/2020 3:30:34 PM
IMCSR202003592BR	BDPBRSAO_20200408153039000819_01.xml	4/8/2020 3:31:09 PM
IMCSR202004010BR	BDPBRSAO_20200408153112000820_01.xml	4/8/2020 3:31:42 PM
IMCSR202004011BR	BDPBRSAO_20200408153145000821_01.xml	4/8/2020 3:32:14 PM
IMCSR202004013BR	BDPBRSAO_20200408153217000822_01.xml	4/8/2020 3:32:43 PM
IMCSR202003602BR	BDPBRSAO_20200408153246000823_01.xml	4/8/2020 3:33:10 PM
IMCSR202004015BR	BDPBRSAO_20200408153312000824_01.xml	4/8/2020 3:33:37 PM
IMCSR202004016BR	BDPBRSAO_20200408153339000825_01.xml	4/8/2020 3:34:07 PM
IMCSR202004017BR	BDPBRSAO_20200408153409000826_01.xml	4/8/2020 3:34:37 PM
IMCSR202004018BR	BDPBRSAO_20200408153440000827_01.xml	4/8/2020 3:35:07 PM
IMCSR202004019BR	BDPBRSAO_20200408153510000828_01.xml	4/8/2020 3:35:38 PM
IMCSR202004020BR	BDPBRSAO_20200408153541000829_01.xml	4/8/2020 3:36:08 PM
IMCSR202004021BR	BDPBRSAO_20200408153613000830_01.xml	4/8/2020 3:36:39 PM
IMCSR202003593BR	BDPBRSAO_20200408153642000831_01.xml	4/8/2020 3:37:08 PM
EMCSR202004009BR	BDPBRSAO_20200408153711000832_01.xml	4/8/2020 3:37:31 PM
IMSOL202002086BR	BDPBRSAO_20200408153734000833_01.xml	4/8/2020 3:37:57 PM
EORHO202004006BR	BDPBRSAO_20200408153800000834_01.xml	4/8/2020 3:38:21 PM
IMSPC202003004BR	BDPBRSAO_20200408153823000835_01.xml	4/8/2020 3:38:51 PM
IMTAM202003013BR	BDPBRSAO_20200408153854000836_01.xml	4/8/2020 3:39:20 PM
IMMAU202003006BR	BDPBRSAO_20200408153923000837_01.xml	4/8/2020 3:40:01 PM
IMSPC202003032BR	BDPBRSAO_20200408154005000838_01.xml	4/8/2020 3:40:37 PM
IMSPC202003034BR	BDPBRSAO_20200408154039000839_01.xml	4/8/2020 3:41:05 PM
IMSPC202003035BR	BDPBRSAO_20200408154108000840_01.xml	4/8/2020 3:41:37 PM
EORHO202004007BR	BDPBRSAO_20200408154140000841_01.xml	4/8/2020 3:42:09 PM
IMSPC202003011BR	BDPBRSAO_20200408154211000842_01.xml	4/8/2020 3:42:38 PM
EMOXT202003189BR	BDPBRSAO_20200408154241000843_01.xml	4/8/2020 3:43:06 PM
EORHO202004008BR	BDPBRSAO_20200408154309000844_01.xml	4/8/2020 3:43:34 PM
IMCSR202003409BR	BDPBRSAO_20200408154336000845_01.xml	4/8/2020 3:44:03 PM
IMCSR202003277BR	BDPBRSAO_20200408154406000846_01.xml	4/8/2020 3:44:32 PM
IMCSR202003412BR	BDPBRSAO_20200408154434000847_01.xml	4/8/2020 3:45:00 PM
IMCSR202003216BR	BDPBRSAO_20200408154503000848_01.xml	4/8/2020 3:45:31 PM
IMSPC202003012BR	BDPBRSAO_20200408154534000849_01.xml	4/8/2020 3:46:14 PM
IMCSR202003401BR	BDPBRSAO_20200408154616000850_01.xml	4/8/2020 3:46:42 PM
EMSAM202003010BR	BDPBRSAO_20200408154645000851_01.xml	4/8/2020 3:47:28 PM
EMCSR202003053BR	BDPBRSAO_20200408154731000852_01.xml	4/8/2020 3:47:50 PM
EMCSR202003052BR	BDPBRSAO_20200408154753000853_01.xml	4/8/2020 3:48:14 PM
EMCSR202003051BR	BDPBRSAO_20200408154817000854_01.xml	4/8/2020 3:48:37 PM
EMCSR202003050BR	BDPBRSAO_20200408154840000855_01.xml	4/8/2020 3:49:03 PM
IMCBT202003025BR	BDPBRSAO_20200408154906000856_01.xml	4/8/2020 3:49:39 PM
IMCBT202003029BR	BDPBRSAO_20200408154942000857_01.xml	4/8/2020 3:50:18 PM
IMCBT202003050BR	BDPBRSAO_20200408155020000858_01.xml	4/8/2020 3:50:45 PM
EMOXT202003127BR	BDPBRSAO_20200408155047000859_01.xml	4/8/2020 3:51:15 PM
IMSPC202003013BR	BDPBRSAO_20200408155118000860_01.xml	4/8/2020 3:51:43 PM
IMSOL202002126BR	BDPBRSAO_20200408155146000861_01.xml	4/8/2020 3:52:10 PM
IMSOL202002129BR	BDPBRSAO_20200408155213000862_01.xml	4/8/2020 3:52:37 PM
IMSPC202003049BR	BDPBRSAO_20200408155240000863_01.xml	4/8/2020 3:53:04 PM
IMSPC202003066BR	BDPBRSAO_20200408155307000864_01.xml	4/8/2020 3:53:31 PM
IMSPC202004003BR	BDPBRSAO_20200408155333000865_01.xml	4/8/2020 3:54:10 PM
IMSWB202002013BR	BDPBRSAO_20200408155412000866_01.xml	4/8/2020 3:54:38 PM
IMSWB202003042BR	BDPBRSAO_20200408155440000867_01.xml	4/8/2020 3:55:29 PM
EMOXT202003124BR	BDPBRSAO_20200408155531000868_01.xml	4/8/2020 3:55:55 PM
IMCSR202003278BR	BDPBRSAO_20200408155557000869_01.xml	4/8/2020 3:56:27 PM
IMSPC202003007BR	BDPBRSAO_20200408155629000870_01.xml	4/8/2020 3:56:59 PM
EMCSR202002009BR	BDPBRSAO_20200408155701000871_01.xml	4/8/2020 3:57:25 PM
EORHO202004009BR	BDPBRSAO_20200408155728000872_01.xml	4/8/2020 3:57:53 PM
IMCSR202003204BR	BDPBRSAO_20200408155755000873_01.xml	4/8/2020 3:58:22 PM
IMCSR202003205BR	BDPBRSAO_20200408155824000874_01.xml	4/8/2020 3:58:52 PM
IMCTV202002048BR	BDPBRSAO_20200408155855000875_01.xml	4/8/2020 3:59:18 PM
IMCTV202003001BR	BDPBRSAO_20200408155921000876_01.xml	4/8/2020 3:59:51 PM
IMEAS202004003BR	BDPBRSAO_20200408155954000877_01.xml	4/8/2020 4:00:29 PM
IMEAS202004004BR	BDPBRSAO_20200408160033000878_01.xml	4/8/2020 4:01:21 PM
IMSOL202002002BR	BDPBRSAO_20200408160124000879_01.xml	4/8/2020 4:01:53 PM
IMSWB201912113BR	BDPBRSAO_20200408160157000880_01.xml	4/8/2020 4:02:31 PM
IMSWB202001014BR	BDPBRSAO_20200408160234000881_01.xml	4/8/2020 4:03:03 PM
IMSWB202001015BR	BDPBRSAO_20200408160306000882_01.xml	4/8/2020 4:03:35 PM
IMSWB202001027BR	BDPBRSAO_20200408160337000883_01.xml	4/8/2020 4:04:10 PM
IMSWB202002020BR	BDPBRSAO_20200408160413000884_01.xml	4/8/2020 4:04:46 PM
IMSWB202002044BR	BDPBRSAO_20200408160449000885_01.xml	4/8/2020 4:05:26 PM
IMSWB202002045BR	BDPBRSAO_20200408160528000886_01.xml	4/8/2020 4:05:59 PM
IMSWB202002046BR	BDPBRSAO_20200408160603000887_01.xml	4/8/2020 4:06:31 PM
IMSOL202002118BR	BDPBRSAO_20200408160633000888_01.xml	4/8/2020 4:07:03 PM
IMSPC202003014BR	BDPBRSAO_20200408160705000889_01.xml	4/8/2020 4:07:38 PM
IMCSR202003267BR	BDPBRSAO_20200408160740000890_01.xml	4/8/2020 4:08:11 PM
EMOXT202004046BR	BDPBRSAO_20200408160814000891_01.xml	4/8/2020 4:08:43 PM
IMSPC202003021BR	BDPBRSAO_20200408160846000892_01.xml	4/8/2020 4:09:21 PM
IMCSR202003207BR	BDPBRSAO_20200408160924000893_01.xml	4/8/2020 4:09:55 PM
IMCSR202001572BR	BDPBRSAO_20200408160959000894_01.xml	4/8/2020 4:10:31 PM
IMOXT202001035BR	BDPBRSAO_20200408161035000895_01.xml	4/8/2020 4:11:10 PM
IOOXT202003015BR	BDPBRSAO_20200408161112000896_01.xml	4/8/2020 4:11:40 PM
IMCTV202001043BR	BDPBRSAO_20200408161143000897_01.xml	4/8/2020 4:12:12 PM
IMSPC202003001BR	BDPBRSAO_20200408161214000898_01.xml	4/8/2020 4:12:41 PM
IACTV202003003BR	BDPBRSAO_20200408161244000899_01.xml	4/8/2020 4:13:07 PM
IMATN202003005BR	BDPBRSAO_20200408161309000900_01.xml	4/8/2020 4:13:58 PM
IMSPC202003003BR	BDPBRSAO_20200408161402000901_01.xml	4/8/2020 4:14:40 PM
IMIFB202002025BR	BDPBRSAO_20200408161445000902_01.xml	4/8/2020 4:15:22 PM
IMCSR202003175BR	BDPBRSAO_20200408161525000903_01.xml	4/8/2020 4:15:53 PM
IMSPC202003006BR	BDPBRSAO_20200408161555000904_01.xml	4/8/2020 4:16:23 PM
IMCSR202002092BR	BDPBRSAO_20200408161625000905_01.xml	4/8/2020 4:16:54 PM
IMSWB202001110BR	BDPBRSAO_20200408161656000906_01.xml	4/8/2020 4:17:23 PM
IMSPC202003009BR	BDPBRSAO_20200408161725000907_01.xml	4/8/2020 4:17:53 PM
EORHO202004010BR	BDPBRSAO_20200408161755000908_01.xml	4/8/2020 4:18:20 PM
EMCSR202003107BR	BDPBRSAO_20200408161822000909_01.xml	4/8/2020 4:18:44 PM
IMCSR202001583BR	BDPBRSAO_20200408161846000910_01.xml	4/8/2020 4:19:19 PM
EMCSR202003104BR	BDPBRSAO_20200408161921000911_01.xml	4/8/2020 4:19:41 PM
IMCTV202001052BR	BDPBRSAO_20200408161943000912_01.xml	4/8/2020 4:20:20 PM
EMCSR202003105BR	BDPBRSAO_20200408162023000913_01.xml	4/8/2020 4:20:43 PM
IMCSR202001551BR	BDPBRSAO_20200408162045000914_01.xml	4/8/2020 4:21:17 PM
IAOXT202001002BR	BDPBRSAO_20200408162119000915_01.xml	4/8/2020 4:21:46 PM
EORHO202004011BR	BDPBRSAO_20200408162148000916_01.xml	4/8/2020 4:22:10 PM
IMCTV201912068BR	BDPBRSAO_20200408162212000917_01.xml	4/8/2020 4:22:37 PM
IMATN202003008BR	BDPBRSAO_20200408162239000918_01.xml	4/8/2020 4:23:04 PM
EORHO202004012BR	BDPBRSAO_20200408162306000919_01.xml	4/8/2020 4:23:30 PM
EMCSR202001086BR	BDPBRSAO_20200408162332000920_01.xml	4/8/2020 4:23:52 PM
EORHO202004013BR	BDPBRSAO_20200408162354000921_01.xml	4/8/2020 4:24:16 PM
IMIFB202001069BR	BDPBRSAO_20200408162418000922_01.xml	4/8/2020 4:24:45 PM
IMIFB202002031BR	BDPBRSAO_20200408162447000923_01.xml	4/8/2020 4:25:20 PM
IMLYB202003001BR	BDPBRSAO_20200408162522000924_01.xml	4/8/2020 4:26:14 PM
IMMAU202003008BR	BDPBRSAO_20200408162616000925_01.xml	4/8/2020 4:26:42 PM
IMOCV202001007BR	BDPBRSAO_20200408162644000926_01.xml	4/8/2020 4:27:09 PM
IMSPC202003023BR	BDPBRSAO_20200408162712000927_01.xml	4/8/2020 4:27:45 PM
IMSOL202003120BR	BDPBRSAO_20200408162748000928_01.xml	4/8/2020 4:28:12 PM
EMSLA202002001BR	BDPBRSAO_20200408162814000929_01.xml	4/8/2020 4:28:40 PM
IMSUN202003002BR	BDPBRSAO_20200408162842000930_01.xml	4/8/2020 4:28:57 PM
IMATL202003121BR	BDPBRSAO_20200408162859000931_01.xml	4/8/2020 4:29:21 PM
IMATL202003122BR	BDPBRSAO_20200408162924000932_01.xml	4/8/2020 4:29:43 PM
IMATL202003093BR	BDPBRSAO_20200408162946000933_01.xml	4/8/2020 4:30:11 PM
IMATL202003086BR	BDPBRSAO_20200408163014000934_01.xml	4/8/2020 4:30:32 PM
IAAPB202004001BR	BDPBRSAO_20200408163035000935_01.xml	4/8/2020 4:30:55 PM
IMSUN202003005BR	BDPBRSAO_20200408163057000936_01.xml	4/8/2020 4:31:15 PM
IMATL202003090BR	BDPBRSAO_20200408163117000937_01.xml	4/8/2020 4:31:36 PM
IMATL202003040BR	BDPBRSAO_20200408163138000938_01.xml	4/8/2020 4:31:55 PM
IMCTV202001021BR	BDPBRSAO_20200408163157000939_01.xml	4/8/2020 4:32:26 PM
EMCSR202003113BR	BDPBRSAO_20200408163228000940_01.xml	4/8/2020 4:32:47 PM
EMOXT202004088BR	BDPBRSAO_20200408163250000941_01.xml	4/8/2020 4:33:13 PM
IMCSR202001544BR	BDPBRSAO_20200408163315000942_01.xml	4/8/2020 4:33:43 PM
EMOXT202002094BR	BDPBRSAO_20200408163346000943_01.xml	4/8/2020 4:34:09 PM
IACLA202003001BR	BDPBRSAO_20200408163411000944_01.xml	4/8/2020 4:34:33 PM
IACSR202004001BR	BDPBRSAO_20200408163435000945_01.xml	4/8/2020 4:34:58 PM
IACSR202004002BR	BDPBRSAO_20200408163500000946_01.xml	4/8/2020 4:35:23 PM
IMCSR202002113BR	BDPBRSAO_20200408163525000947_01.xml	4/8/2020 4:35:49 PM
IASWB202003019BR	BDPBRSAO_20200408163552000948_01.xml	4/8/2020 4:36:30 PM
IMCBT202001002BR	BDPBRSAO_20200408163632000949_01.xml	4/8/2020 4:36:56 PM
EMCSR202003031BR	BDPBRSAO_20200408163658000950_01.xml	4/8/2020 4:37:18 PM
IMCSR202002288BR	BDPBRSAO_20200408163720000951_01.xml	4/8/2020 4:37:44 PM
IMCSR202003177BR	BDPBRSAO_20200408163746000952_01.xml	4/8/2020 4:38:12 PM
IMCSR202003221BR	BDPBRSAO_20200408163815000953_01.xml	4/8/2020 4:38:42 PM
IMCSR202003430BR	BDPBRSAO_20200408163844000954_01.xml	4/8/2020 4:39:13 PM
IMEAS202003015BR	BDPBRSAO_20200408163917000955_01.xml	4/8/2020 4:39:54 PM
IMSLA202003015BR	BDPBRSAO_20200408163957000956_01.xml	4/8/2020 4:40:24 PM
IMSOL202002124BR	BDPBRSAO_20200408164026000957_01.xml	4/8/2020 4:40:52 PM
IMSPC202003010BR	BDPBRSAO_20200408164055000958_01.xml	4/8/2020 4:41:19 PM
IMSPC202003030BR	BDPBRSAO_20200408164121000959_01.xml	4/8/2020 4:41:45 PM
IMSPC202003031BR	BDPBRSAO_20200408164148000960_01.xml	4/8/2020 4:42:11 PM
IMSPC202003033BR	BDPBRSAO_20200408164213000961_01.xml	4/8/2020 4:42:37 PM
IMSPC202003036BR	BDPBRSAO_20200408164239000962_01.xml	4/8/2020 4:43:02 PM
IMSPC202003037BR	BDPBRSAO_20200408164304000963_01.xml	4/8/2020 4:43:28 PM
IMSPC202003054BR	BDPBRSAO_20200408164330000964_01.xml	4/8/2020 4:43:56 PM
IMSPC202003055BR	BDPBRSAO_20200408164358000965_01.xml	4/8/2020 4:44:23 PM
IMSWB202002070BR	BDPBRSAO_20200408164425000966_01.xml	4/8/2020 4:44:55 PM
IMSWB202002071BR	BDPBRSAO_20200408164458000967_01.xml	4/8/2020 4:45:25 PM
IMCSR202001487BR	BDPBRSAO_20200408164527000968_01.xml	4/8/2020 4:45:57 PM
EMATL202002028BR	BDPBRSAO_20200408164559000969_01.xml	4/8/2020 4:46:18 PM
IMSOL201912071BR	BDPBRSAO_20200408164621000970_01.xml	4/8/2020 4:46:45 PM
IMSOL202001064BR	BDPBRSAO_20200408164647000971_01.xml	4/8/2020 4:47:10 PM
IMCSR202001627BR	BDPBRSAO_20200408164713000972_01.xml	4/8/2020 4:47:39 PM
IMSOL202002066BR	BDPBRSAO_20200408164742000973_01.xml	4/8/2020 4:48:06 PM
EMOXT202003102BR	BDPBRSAO_20200408164808000974_01.xml	4/8/2020 4:48:39 PM
IMCSR202001039BR	BDPBRSAO_20200408164841000975_01.xml	4/8/2020 4:49:11 PM
IMCSR202003295BR	BDPBRSAO_20200408164914000976_01.xml	4/8/2020 4:49:45 PM
IAATN202002009BR	BDPBRSAO_20200408164948000977_01.xml	4/8/2020 4:50:16 PM
IACBT202003006BR	BDPBRSAO_20200408165019000978_01.xml	4/8/2020 4:50:52 PM
IMATN202003001BR	BDPBRSAO_20200408165055000979_01.xml	4/8/2020 4:51:24 PM
IMCBT202003002BR	BDPBRSAO_20200408165127000980_01.xml	4/8/2020 4:52:04 PM
IMCBT202003024BR	BDPBRSAO_20200408165208000981_01.xml	4/8/2020 4:52:38 PM
IMCBT202003027BR	BDPBRSAO_20200408165242000982_01.xml	4/8/2020 4:53:11 PM
IMCBT202003036BR	BDPBRSAO_20200408165314000983_01.xml	4/8/2020 4:53:40 PM
IMCSR201912071BR	BDPBRSAO_20200408165343000984_01.xml	4/8/2020 4:54:10 PM
IMCSR202001038BR	BDPBRSAO_20200408165413000985_01.xml	4/8/2020 4:54:41 PM
IMCSR202001301BR	BDPBRSAO_20200408165443000986_01.xml	4/8/2020 4:55:16 PM
IMCSR202001302BR	BDPBRSAO_20200408165519000987_01.xml	4/8/2020 4:55:47 PM
IMCSR202002214BR	BDPBRSAO_20200408165549000988_01.xml	4/8/2020 4:56:17 PM
IMCSR202002316BR	BDPBRSAO_20200408165620000989_01.xml	4/8/2020 4:56:49 PM
IMCSR202003202BR	BDPBRSAO_20200408165652000990_01.xml	4/8/2020 4:57:20 PM
IMCSR202003368BR	BDPBRSAO_20200408165722000991_01.xml	4/8/2020 4:57:52 PM
IMCSR202003370BR	BDPBRSAO_20200408165756000992_01.xml	4/8/2020 4:58:24 PM
IMCSR202003371BR	BDPBRSAO_20200408165827000993_01.xml	4/8/2020 4:59:00 PM
IMCSR202003372BR	BDPBRSAO_20200408165903000994_01.xml	4/8/2020 4:59:32 PM
IMCSR202003373BR	BDPBRSAO_20200408165935000995_01.xml	4/8/2020 5:00:04 PM
IMCSR202003374BR	BDPBRSAO_20200408170008000996_01.xml	4/8/2020 5:00:38 PM
EMATL202003018BR	BDPBRSAO_20200408170041000997_01.xml	4/8/2020 5:01:07 PM
IMCSR202003378BR	BDPBRSAO_20200408170110000998_01.xml	4/8/2020 5:01:43 PM
IMCSR202003379BR	BDPBRSAO_20200408170146000999_01.xml	4/8/2020 5:02:16 PM
IMCSR202003463BR	BDPBRSAO_20200408170219001000_01.xml	4/8/2020 5:02:48 PM
IMCTV201912071BR	BDPBRSAO_20200408170251001001_01.xml	4/8/2020 5:03:30 PM
IMCTV201912074BR	BDPBRSAO_20200408170332001002_01.xml	4/8/2020 5:04:08 PM
IMCTV201912076BR	BDPBRSAO_20200408170411001003_01.xml	4/8/2020 5:04:42 PM
IMCTV201912077BR	BDPBRSAO_20200408170445001004_01.xml	4/8/2020 5:05:16 PM
IMCTV201912078BR	BDPBRSAO_20200408170519001005_01.xml	4/8/2020 5:05:45 PM
IMCTV201912080BR	BDPBRSAO_20200408170547001006_01.xml	4/8/2020 5:06:14 PM
IMCTV201912081BR	BDPBRSAO_20200408170617001007_01.xml	4/8/2020 5:06:45 PM
IMCTV202002076BR	BDPBRSAO_20200408170648001008_01.xml	4/8/2020 5:07:12 PM
IMCTV202003023BR	BDPBRSAO_20200408170714001009_01.xml	4/8/2020 5:07:45 PM
IMLYB201912021BR	BDPBRSAO_20200408170747001010_01.xml	4/8/2020 5:08:15 PM
IMOCV202002013BR	BDPBRSAO_20200408170818001011_01.xml	4/8/2020 5:08:54 PM
IMSOL202001086BR	BDPBRSAO_20200408170857001012_01.xml	4/8/2020 5:09:35 PM
IMSOL202001111BR	BDPBRSAO_20200408170938001013_01.xml	4/8/2020 5:10:09 PM
IMSOL202002024BR	BDPBRSAO_20200408171013001014_01.xml	4/8/2020 5:10:42 PM
IMSOL202002025BR	BDPBRSAO_20200408171045001015_01.xml	4/8/2020 5:11:15 PM
IMSWB201912097BR	BDPBRSAO_20200408171118001016_01.xml	4/8/2020 5:11:46 PM
IMSWB202001008BR	BDPBRSAO_20200408171149001017_01.xml	4/8/2020 5:12:15 PM
IMSWB202001026BR	BDPBRSAO_20200408171218001018_01.xml	4/8/2020 5:12:45 PM
IMCSR202002111BR	BDPBRSAO_20200408171248001019_01.xml	4/8/2020 5:13:20 PM
IMSWB202001043BR	BDPBRSAO_20200408171322001020_01.xml	4/8/2020 5:13:46 PM
IMSWB202001046BR	BDPBRSAO_20200408171349001021_01.xml	4/8/2020 5:14:13 PM
IMSWB202001055BR	BDPBRSAO_20200408171416001022_01.xml	4/8/2020 5:14:43 PM
IMSWB202001059BR	BDPBRSAO_20200408171445001023_01.xml	4/8/2020 5:15:14 PM
IMSWB202001062BR	BDPBRSAO_20200408171516001024_01.xml	4/8/2020 5:15:45 PM
IMSWB202001064BR	BDPBRSAO_20200408171547001025_01.xml	4/8/2020 5:16:18 PM
IMSWB202001071BR	BDPBRSAO_20200408171621001026_01.xml	4/8/2020 5:16:46 PM
IMSWB202002005BR	BDPBRSAO_20200408171650001027_01.xml	4/8/2020 5:17:16 PM
IMSWB202002011BR	BDPBRSAO_20200408171719001028_01.xml	4/8/2020 5:17:46 PM
IMSWB202002106BR	BDPBRSAO_20200408171748001029_01.xml	4/8/2020 5:18:16 PM
IMSWB202002117BR	BDPBRSAO_20200408171819001030_01.xml	4/8/2020 5:18:50 PM
IMSOL202001066BR	BDPBRSAO_20200408171853001031_01.xml	4/8/2020 5:19:20 PM
IMSOL202003116BR	BDPBRSAO_20200408171923001032_01.xml	4/8/2020 5:19:51 PM
IMCSR202002103BR	BDPBRSAO_20200408171953001033_01.xml	4/8/2020 5:20:25 PM
IMSOL202003121BR	BDPBRSAO_20200408172028001034_01.xml	4/8/2020 5:20:55 PM
IMCSR202002112BR	BDPBRSAO_20200408172058001035_01.xml	4/8/2020 5:21:26 PM
IOATL202004001BR	BDPBRSAO_20200408172128001036_01.xml	4/8/2020 5:21:42 PM
IMCSR202002098BR	BDPBRSAO_20200408172144001037_01.xml	4/8/2020 5:22:09 PM
IMSOL201912004BR	BDPBRSAO_20200408172212001038_01.xml	4/8/2020 5:22:41 PM
IMCSR202002099BR	BDPBRSAO_20200408172243001039_01.xml	4/8/2020 5:23:13 PM
EMATL201911014BR	BDPBRSAO_20200408172316001040_01.xml	4/8/2020 5:23:36 PM
EMATL202002007BR	BDPBRSAO_20200408172338001041_01.xml	4/8/2020 5:24:00 PM
IMSLA202003025BR	BDPBRSAO_20200408172403001042_01.xml	4/8/2020 5:25:14 PM
IMSLA202003027BR	BDPBRSAO_20200408172517001043_01.xml	4/8/2020 5:26:43 PM
IMSLA202003028BR	BDPBRSAO_20200408172645001044_01.xml	4/8/2020 5:27:51 PM
IOOXT201803002BR	BDPBRSAO_20200408172753001045_01.xml	4/8/2020 5:28:23 PM
IMOXT201808033BR	BDPBRSAO_20200408172826001046_01.xml	4/8/2020 5:28:59 PM
IMSWB202001033BR	BDPBRSAO_20200408172902001047_01.xml	4/8/2020 5:29:28 PM
IMOXT201812029BR	BDPBRSAO_20200408172930001048_01.xml	4/8/2020 5:30:05 PM
IACBT202001001BR	BDPBRSAO_20200408173009001049_01.xml	4/8/2020 5:30:32 PM
IACBT202003001BR	BDPBRSAO_20200408173035001050_01.xml	4/8/2020 5:30:58 PM
IACSR202003016BR	BDPBRSAO_20200408173101001051_01.xml	4/8/2020 5:31:28 PM
IMOCV202001006BR	BDPBRSAO_20200408173130001052_01.xml	4/8/2020 5:31:58 PM
IMSOL202002101BR	BDPBRSAO_20200408173201001053_01.xml	4/8/2020 5:32:27 PM
IACSR202003018BR	BDPBRSAO_20200408173230001054_01.xml	4/8/2020 5:32:55 PM
IASOL202003006BR	BDPBRSAO_20200408173257001055_01.xml	4/8/2020 5:33:20 PM
IMCBT201912007BR	BDPBRSAO_20200408173323001056_01.xml	4/8/2020 5:33:50 PM
IMCSR201910309BR	BDPBRSAO_20200408173352001057_01.xml	4/8/2020 5:34:21 PM
IMCSR202001309BR	BDPBRSAO_20200408173424001058_01.xml	4/8/2020 5:34:52 PM
IMCSR202002136BR	BDPBRSAO_20200408173455001059_01.xml	4/8/2020 5:35:24 PM
IMCSR202002149BR	BDPBRSAO_20200408173527001060_01.xml	4/8/2020 5:35:54 PM
IMCSR202002223BR	BDPBRSAO_20200408173556001061_01.xml	4/8/2020 5:36:26 PM
IMCSR202002227BR	BDPBRSAO_20200408173629001062_01.xml	4/8/2020 5:36:56 PM
IMCSR202001188BR	BDPBRSAO_20200408173658001063_01.xml	4/8/2020 5:37:25 PM
IMSOL202002003BR	BDPBRSAO_20200408173728001064_01.xml	4/8/2020 5:37:55 PM
IMCSR202002329BR	BDPBRSAO_20200408173757001065_01.xml	4/8/2020 5:38:26 PM
IMCSR202003016BR	BDPBRSAO_20200408173829001066_01.xml	4/8/2020 5:38:57 PM
IMCSR202003017BR	BDPBRSAO_20200408173900001067_01.xml	4/8/2020 5:39:28 PM
IMCSR202003018BR	BDPBRSAO_20200408173930001068_01.xml	4/8/2020 5:39:58 PM
IMCSR202003019BR	BDPBRSAO_20200408174000001069_01.xml	4/8/2020 5:40:28 PM
IMSOL202003077BR	BDPBRSAO_20200408174030001070_01.xml	4/8/2020 5:40:56 PM
IOATL202004002BR	BDPBRSAO_20200408174058001071_01.xml	4/8/2020 5:41:12 PM
IMCSR202003214BR	BDPBRSAO_20200408174116001072_01.xml	4/8/2020 5:41:41 PM
IMCSR202003215BR	BDPBRSAO_20200408174143001073_01.xml	4/8/2020 5:42:09 PM
IMCSR202003217BR	BDPBRSAO_20200408174211001074_01.xml	4/8/2020 5:42:35 PM
IMCSR202003241BR	BDPBRSAO_20200408174238001075_01.xml	4/8/2020 5:43:01 PM
IMCSR202003246BR	BDPBRSAO_20200408174303001076_01.xml	4/8/2020 5:43:26 PM
IMCSR202003249BR	BDPBRSAO_20200408174328001077_01.xml	4/8/2020 5:43:51 PM
IMCSR202003257BR	BDPBRSAO_20200408174354001078_01.xml	4/8/2020 5:44:18 PM
IMCSR202003266BR	BDPBRSAO_20200408174422001079_01.xml	4/8/2020 5:44:48 PM
IMCSR202003284BR	BDPBRSAO_20200408174452001080_01.xml	4/8/2020 5:45:19 PM
IMCSR202003309BR	BDPBRSAO_20200408174522001081_01.xml	4/8/2020 5:45:48 PM
IMCSR202003310BR	BDPBRSAO_20200408174551001082_01.xml	4/8/2020 5:46:23 PM
IMCSR202003369BR	BDPBRSAO_20200408174626001083_01.xml	4/8/2020 5:46:54 PM
IMCSR202003375BR	BDPBRSAO_20200408174657001084_01.xml	4/8/2020 5:47:22 PM
IMCSR202003380BR	BDPBRSAO_20200408174724001085_01.xml	4/8/2020 5:47:50 PM
IMCSR202003387BR	BDPBRSAO_20200408174753001086_01.xml	4/8/2020 5:48:18 PM
IMCSR202003388BR	BDPBRSAO_20200408174820001087_01.xml	4/8/2020 5:48:49 PM
IMCSR202003389BR	BDPBRSAO_20200408174851001088_01.xml	4/8/2020 5:49:21 PM
IMCSR202003396BR	BDPBRSAO_20200408174922001089_01.xml	4/8/2020 5:49:45 PM
IMCSR202003457BR	BDPBRSAO_20200408174947001090_01.xml	4/8/2020 5:50:16 PM
IMCSR202003503BR	BDPBRSAO_20200408175019001091_01.xml	4/8/2020 5:50:46 PM
IMCTV202001004BR	BDPBRSAO_20200408175048001092_01.xml	4/8/2020 5:51:14 PM
IMCTV202001008BR	BDPBRSAO_20200408175117001093_01.xml	4/8/2020 5:51:43 PM
IMCTV202001009BR	BDPBRSAO_20200408175145001094_01.xml	4/8/2020 5:52:12 PM
IMCTV202001010BR	BDPBRSAO_20200408175213001095_01.xml	4/8/2020 5:52:38 PM
IMCTV202001011BR	BDPBRSAO_20200408175241001096_01.xml	4/8/2020 5:53:05 PM
IMCTV202001012BR	BDPBRSAO_20200408175307001097_01.xml	4/8/2020 5:53:29 PM
IMCTV202001013BR	BDPBRSAO_20200408175331001098_01.xml	4/8/2020 5:53:55 PM
IMCTV202001060BR	BDPBRSAO_20200408175357001099_01.xml	4/8/2020 5:54:22 PM
IMCTV202001064BR	BDPBRSAO_20200408175424001100_01.xml	4/8/2020 5:54:46 PM
IMCTV202002009BR	BDPBRSAO_20200408175448001101_01.xml	4/8/2020 5:55:14 PM
IMCTV202002010BR	BDPBRSAO_20200408175517001102_01.xml	4/8/2020 5:55:40 PM
IMCTV202002011BR	BDPBRSAO_20200408175543001103_01.xml	4/8/2020 5:56:09 PM
IMCTV202002012BR	BDPBRSAO_20200408175611001104_01.xml	4/8/2020 5:56:37 PM
IMCTV202002013BR	BDPBRSAO_20200408175639001105_01.xml	4/8/2020 5:57:06 PM
IMCTV202002023BR	BDPBRSAO_20200408175708001106_01.xml	4/8/2020 5:57:34 PM
IMCTV202003002BR	BDPBRSAO_20200408175736001107_01.xml	4/8/2020 5:58:02 PM
IMCTV202003026BR	BDPBRSAO_20200408175805001108_01.xml	4/8/2020 5:58:32 PM
IMCTV202003027BR	BDPBRSAO_20200408175835001109_01.xml	4/8/2020 5:59:04 PM
IMEAS202003005BR	BDPBRSAO_20200408175907001110_01.xml	4/8/2020 5:59:33 PM
IMEAS202003006BR	BDPBRSAO_20200408175935001111_01.xml	4/8/2020 6:00:03 PM
IMEAS202004002BR	BDPBRSAO_20200408180008001112_01.xml	4/8/2020 6:00:42 PM
IMIFB202001059BR	BDPBRSAO_20200408180045001113_01.xml	4/8/2020 6:01:18 PM
IMIFB202001060BR	BDPBRSAO_20200408180121001114_01.xml	4/8/2020 6:01:56 PM
IMLYB202001017BR	BDPBRSAO_20200408180159001115_01.xml	4/8/2020 6:02:32 PM
IMLYB202002001BR	BDPBRSAO_20200408180236001116_01.xml	4/8/2020 6:03:07 PM
IMMAU202003010BR	BDPBRSAO_20200408180311001117_01.xml	4/8/2020 6:03:59 PM
IMSLA202003019BR	BDPBRSAO_20200408180403001118_01.xml	4/8/2020 6:04:36 PM
IMSLA202003043BR	BDPBRSAO_20200408180439001119_01.xml	4/8/2020 6:05:11 PM
IMSLA202004002BR	BDPBRSAO_20200408180514001120_01.xml	4/8/2020 6:06:52 PM
IMSLA202004003BR	BDPBRSAO_20200408180656001121_01.xml	4/8/2020 6:07:25 PM
IMSLA202004007BR	BDPBRSAO_20200408180728001122_01.xml	4/8/2020 6:07:58 PM
IMSOL201911034BR	BDPBRSAO_20200408180801001123_01.xml	4/8/2020 6:08:32 PM
IMSOL201912073BR	BDPBRSAO_20200408180835001124_01.xml	4/8/2020 6:09:10 PM
IMSOL202001012BR	BDPBRSAO_20200408180913001125_01.xml	4/8/2020 6:09:47 PM
IMCSR202002141BR	BDPBRSAO_20200408180950001126_01.xml	4/8/2020 6:10:25 PM
IMSOL202001041BR	BDPBRSAO_20200408181029001127_01.xml	4/8/2020 6:11:06 PM
IMSOL202001046BR	BDPBRSAO_20200408181110001128_01.xml	4/8/2020 6:11:50 PM
IMSOL202001077BR	BDPBRSAO_20200408181153001129_01.xml	4/8/2020 6:12:29 PM
IMSOL202001110BR	BDPBRSAO_20200408181232001130_01.xml	4/8/2020 6:13:10 PM
IMSOL202002005BR	BDPBRSAO_20200408181313001131_01.xml	4/8/2020 6:13:45 PM
IMSOL202002007BR	BDPBRSAO_20200408181348001132_01.xml	4/8/2020 6:14:22 PM
IMSOL202002023BR	BDPBRSAO_20200408181425001133_01.xml	4/8/2020 6:14:56 PM
IMSOL202002026BR	BDPBRSAO_20200408181458001134_01.xml	4/8/2020 6:15:32 PM
IMSOL202002027BR	BDPBRSAO_20200408181535001135_01.xml	4/8/2020 6:16:03 PM
IMSOL202002047BR	BDPBRSAO_20200408181606001136_01.xml	4/8/2020 6:16:32 PM
IMSPC202003051BR	BDPBRSAO_20200408181635001137_01.xml	4/8/2020 6:17:00 PM
IMSPC202003056BR	BDPBRSAO_20200408181703001138_01.xml	4/8/2020 6:17:29 PM
IMSPC202003057BR	BDPBRSAO_20200408181732001139_01.xml	4/8/2020 6:17:57 PM
IMSPC202004001BR	BDPBRSAO_20200408181800001140_01.xml	4/8/2020 6:18:26 PM
IMSWB202001090BR	BDPBRSAO_20200408181828001141_01.xml	4/8/2020 6:18:54 PM
IMSWB202002023BR	BDPBRSAO_20200408181856001142_01.xml	4/8/2020 6:19:22 PM
IMTAM202003007BR	BDPBRSAO_20200408181925001143_01.xml	4/8/2020 6:20:51 PM
IMTAM202003012BR	BDPBRSAO_20200408182055001144_01.xml	4/8/2020 6:21:20 PM
IMUPM202003006BR	BDPBRSAO_20200408182122001145_01.xml	4/8/2020 6:21:54 PM
IMCSR202003226BR	BDPBRSAO_20200408182157001146_01.xml	4/8/2020 6:22:20 PM
IMCSR202003223BR	BDPBRSAO_20200408182222001147_01.xml	4/8/2020 6:22:46 PM
IMCSR202001484BR	BDPBRSAO_20200408182248001148_01.xml	4/8/2020 6:23:16 PM
IMSOL202002038BR	BDPBRSAO_20200408182318001149_01.xml	4/8/2020 6:23:40 PM
IMCSR202002104BR	BDPBRSAO_20200408182342001150_01.xml	4/8/2020 6:24:04 PM
IMSOL202002040BR	BDPBRSAO_20200408182407001151_01.xml	4/8/2020 6:24:29 PM
IMSOL202002039BR	BDPBRSAO_20200408182432001152_01.xml	4/8/2020 6:24:55 PM
IMCSR202003172BR	BDPBRSAO_20200408182457001153_01.xml	4/8/2020 6:25:23 PM
IMCSR202002100BR	BDPBRSAO_20200408182527001154_01.xml	4/8/2020 6:25:53 PM
IAATN202002002BR	BDPBRSAO_20200408182556001155_01.xml	4/8/2020 6:26:20 PM
IMCSR202003086BR	BDPBRSAO_20200408182622001156_01.xml	4/8/2020 6:26:45 PM
IMCSR202003236BR	BDPBRSAO_20200408182647001157_01.xml	4/8/2020 6:27:09 PM
IMCSR202003234BR	BDPBRSAO_20200408182711001158_01.xml	4/8/2020 6:27:33 PM
IMIFB202001057BR	BDPBRSAO_20200408182735001159_01.xml	4/8/2020 6:27:58 PM
IMSLA202003026BR	BDPBRSAO_20200408182800001160_01.xml	4/8/2020 6:28:54 PM
IMSOL202001049BR	BDPBRSAO_20200408182857001161_01.xml	4/8/2020 6:29:27 PM
IMSOL202001062BR	BDPBRSAO_20200408182930001162_01.xml	4/8/2020 6:29:56 PM
IMSOL202002004BR	BDPBRSAO_20200408182959001163_01.xml	4/8/2020 6:30:27 PM
IOCSR202004007BR	BDPBRSAO_20200408183030001164_01.xml	4/8/2020 6:30:57 PM
IOCSR202004005BR	BDPBRSAO_20200408183100001165_01.xml	4/8/2020 6:31:28 PM
IOCSR202004006BR	BDPBRSAO_20200408183131001166_01.xml	4/8/2020 6:31:57 PM
IOCSR202004004BR	BDPBRSAO_20200408183200001167_01.xml	4/8/2020 6:32:28 PM
IOCSR202004003BR	BDPBRSAO_20200408183230001168_01.xml	4/8/2020 6:32:57 PM
IMSWB202002008BR	BDPBRSAO_20200408183259001169_01.xml	4/8/2020 6:33:27 PM
IOCSR202004001BR	BDPBRSAO_20200408183329001170_01.xml	4/8/2020 6:33:57 PM
IMCTV202002006BR	BDPBRSAO_20200408183359001171_01.xml	4/8/2020 6:34:31 PM
IAOXT201808005BR	BDPBRSAO_20200408183433001172_01.xml	4/8/2020 6:35:03 PM
IMOXT201805006BR	BDPBRSAO_20200408183507001173_01.xml	4/8/2020 6:35:35 PM
IMOXT201910024BR	BDPBRSAO_20200408183538001174_01.xml	4/8/2020 6:36:12 PM
IMOXT202002003BR	BDPBRSAO_20200408183614001175_01.xml	4/8/2020 6:36:43 PM
IAOXT201906001BR	BDPBRSAO_20200408183645001176_01.xml	4/8/2020 6:37:12 PM
IMOXT201801037BR	BDPBRSAO_20200408183714001177_01.xml	4/8/2020 6:37:42 PM
IMOXT201801003BR	BDPBRSAO_20200408183744001178_01.xml	4/8/2020 6:38:13 PM
IMOXT201909009BR	BDPBRSAO_20200408183815001179_01.xml	4/8/2020 6:38:47 PM
IMOXT201907015BR	BDPBRSAO_20200408183849001180_01.xml	4/8/2020 6:39:34 PM
IMOXT201807036BR	BDPBRSAO_20200408183936001181_01.xml	4/8/2020 6:40:13 PM
IMOXT201806020BR	BDPBRSAO_20200408184015001182_01.xml	4/8/2020 6:40:49 PM
IMOXT201805023BR	BDPBRSAO_20200408184051001183_01.xml	4/8/2020 6:41:20 PM
IAOXT202002006BR	BDPBRSAO_20200408184122001184_01.xml	4/8/2020 6:41:47 PM
IMOXT201812047BR	BDPBRSAO_20200408184150001185_01.xml	4/8/2020 6:42:22 PM
IMOXT201902005BR	BDPBRSAO_20200408184224001186_01.xml	4/8/2020 6:42:51 PM
IMOXT201908024BR	BDPBRSAO_20200408184254001187_01.xml	4/8/2020 6:43:25 PM
IMOXT201911026BR	BDPBRSAO_20200408184328001188_01.xml	4/8/2020 6:43:55 PM
IMOXT201809004BR	BDPBRSAO_20200408184358001189_01.xml	4/8/2020 6:44:33 PM
IAOXT202002003BR	BDPBRSAO_20200408184436001190_01.xml	4/8/2020 6:45:00 PM
IOOXT202003024BR	BDPBRSAO_20200408184503001191_01.xml	4/8/2020 6:45:29 PM
IMOXT201802009BR	BDPBRSAO_20200408184531001192_01.xml	4/8/2020 6:46:01 PM
IAOXT201803006BR	BDPBRSAO_20200408184603001193_01.xml	4/8/2020 6:46:30 PM
IMOXT202001018BR	BDPBRSAO_20200408184633001194_01.xml	4/8/2020 6:46:57 PM
IMOXT202001017BR	BDPBRSAO_20200408184659001195_01.xml	4/8/2020 6:47:25 PM
IOOXT202003022BR	BDPBRSAO_20200408184728001196_01.xml	4/8/2020 6:47:51 PM
IMOXT201902016BR	BDPBRSAO_20200408184754001197_01.xml	4/8/2020 6:48:20 PM
IOOXT202003014BR	BDPBRSAO_20200408184823001198_01.xml	4/8/2020 6:48:48 PM
IMOXT201905022BR	BDPBRSAO_20200408184850001199_01.xml	4/8/2020 6:49:19 PM
IMCSR202003283BR	BDPBRSAO_20200408184921001200_01.xml	4/8/2020 6:49:48 PM
IAOXT202003006BR	BDPBRSAO_20200408184951001201_01.xml	4/8/2020 6:50:20 PM
IMOXT201811030BR	BDPBRSAO_20200408185023001202_01.xml	4/8/2020 6:50:49 PM
EMMTE202003001BR	BDPBRSAO_20200408185052001203_01.xml	4/8/2020 6:51:11 PM
IOOXT202001001BR	BDPBRSAO_20200408185114001204_01.xml	4/8/2020 6:51:47 PM
IOOXT201912003BR	BDPBRSAO_20200408185149001205_01.xml	4/8/2020 6:52:14 PM
IMSWB202001072BR	BDPBRSAO_20200408185217001206_01.xml	4/8/2020 6:52:43 PM
IMSWB202001107BR	BDPBRSAO_20200408185245001207_01.xml	4/8/2020 6:53:12 PM
IMSWB202002021BR	BDPBRSAO_20200408185314001208_01.xml	4/8/2020 6:53:43 PM
IMSWB202002066BR	BDPBRSAO_20200408185345001209_01.xml	4/8/2020 6:54:14 PM
IMSWB202003070BR	BDPBRSAO_20200408185416001210_01.xml	4/8/2020 6:54:43 PM
IMSWB202002051BR	BDPBRSAO_20200408185446001211_01.xml	4/8/2020 6:55:13 PM
IMSWB202001060BR	BDPBRSAO_20200408185516001212_01.xml	4/8/2020 6:55:43 PM
IMSWB202004015BR	BDPBRSAO_20200408185546001213_01.xml	4/8/2020 6:56:11 PM
IMOCV202001003BR	BDPBRSAO_20200408185614001214_01.xml	4/8/2020 6:56:40 PM
IMSWB202002079BR	BDPBRSAO_20200408185644001215_01.xml	4/8/2020 6:57:09 PM
IMSWB202004014BR	BDPBRSAO_20200408185711001216_01.xml	4/8/2020 6:58:48 PM
IMSWB202004011BR	BDPBRSAO_20200408185850001217_01.xml	4/8/2020 6:59:15 PM
IMSWB202004010BR	BDPBRSAO_20200408185917001218_01.xml	4/8/2020 6:59:40 PM
IASWB202004004BR	BDPBRSAO_20200408185942001219_01.xml	4/8/2020 7:00:06 PM
EMOXT202004066BR	BDPBRSAO_20200408190009001220_01.xml	4/8/2020 7:00:35 PM
EMOXT202004049BR	BDPBRSAO_20200408190038001221_01.xml	4/8/2020 7:01:04 PM
Program has been finished		4/8/2020 7:01:05 PM
