Start Program	16/03/2020 10:29:19 AM
IMFLT201911009AR	BDPARBUE_20200316102927000001_01.xml	16/03/2020 10:29:36 AM
EMARG202003157AR	BDPARBUE_20200316102937000002_01.xml	16/03/2020 10:29:46 AM
EOARG202003119AR	BDPARBUE_20200316102947000003_01.xml	16/03/2020 10:29:55 AM
IMROA202003034AR	BDPARBUE_20200316102956000004_01.xml	16/03/2020 10:30:06 AM
IMARG202003080AR	BDPARBUE_20200316103008000005_01.xml	16/03/2020 10:30:18 AM
EOARG202003120AR	BDPARBUE_20200316103019000006_01.xml	16/03/2020 10:30:28 AM
IMROA202002010AR	BDPARBUE_20200316103029000007_01.xml	16/03/2020 10:30:39 AM
EMARG202003158AR	BDPARBUE_20200316103040000008_01.xml	16/03/2020 10:30:49 AM
EMARG202003159AR	BDPARBUE_20200316103050000009_01.xml	16/03/2020 10:30:59 AM
IMARG202003081AR	BDPARBUE_20200316103100000010_01.xml	16/03/2020 10:31:10 AM
EMARG202003160AR	BDPARBUE_20200316103111000011_01.xml	16/03/2020 10:31:21 AM
IMARG202003082AR	BDPARBUE_20200316103122000012_01.xml	16/03/2020 10:31:32 AM
IMARG202003083AR	BDPARBUE_20200316103133000013_01.xml	16/03/2020 10:31:43 AM
IMARG202003084AR	BDPARBUE_20200316103144000014_01.xml	16/03/2020 10:31:54 AM
EMARG202003161AR	BDPARBUE_20200316103155000015_01.xml	16/03/2020 10:32:08 AM
IMFLT202002103AR	BDPARBUE_20200316103209000016_01.xml	16/03/2020 10:32:14 AM
EMARG202003162AR	BDPARBUE_20200316103215000017_01.xml	16/03/2020 10:32:24 AM
IMARG202003049AR	BDPARBUE_20200316103225000018_01.xml	16/03/2020 10:32:36 AM
EMARG202003163AR	BDPARBUE_20200316103237000019_01.xml	16/03/2020 10:32:46 AM
EMARG202003164AR	BDPARBUE_20200316103247000020_01.xml	16/03/2020 10:32:56 AM
EMARG202003165AR	BDPARBUE_20200316103257000021_01.xml	16/03/2020 10:33:07 AM
EMARG202003166AR	BDPARBUE_20200316103308000022_01.xml	16/03/2020 10:33:17 AM
EMUNI202003002AR	BDPARBUE_20200316103318000023_01.xml	16/03/2020 10:33:27 AM
IMARG202002095AR	BDPARBUE_20200316103328000024_01.xml	16/03/2020 10:33:40 AM
IMARG202003052AR	BDPARBUE_20200316103341000025_01.xml	16/03/2020 10:33:51 AM
EOARG202003121AR	BDPARBUE_20200316103352000026_01.xml	16/03/2020 10:34:01 AM
EMARG202003167AR	BDPARBUE_20200316103402000027_01.xml	16/03/2020 10:34:11 AM
IMARG202002096AR	BDPARBUE_20200316103412000028_01.xml	16/03/2020 10:34:24 AM
EOARG202003122AR	BDPARBUE_20200316103425000029_01.xml	16/03/2020 10:34:34 AM
IMARG202002097AR	BDPARBUE_20200316103435000030_01.xml	16/03/2020 10:34:46 AM
IAPSP202003004AR	BDPARBUE_20200316103447000031_01.xml	16/03/2020 10:34:54 AM
IMPSP202003002AR	BDPARBUE_20200316103455000032_01.xml	16/03/2020 10:35:05 AM
EMARG202003168AR	BDPARBUE_20200316103506000033_01.xml	16/03/2020 10:35:15 AM
IMARG202002062AR	BDPARBUE_20200316103516000034_01.xml	16/03/2020 10:35:27 AM
EMARG202003169AR	BDPARBUE_20200316103528000035_01.xml	16/03/2020 10:35:37 AM
EMARG202003170AR	BDPARBUE_20200316103538000036_01.xml	16/03/2020 10:35:47 AM
EOARG202003123AR	BDPARBUE_20200316103548000037_01.xml	16/03/2020 10:35:56 AM
IMARG202002065AR	BDPARBUE_20200316103557000038_01.xml	16/03/2020 10:36:08 AM
IOAXA202003009AR	BDPARBUE_20200316103609000039_01.xml	16/03/2020 10:36:17 AM
EMARG202003171AR	BDPARBUE_20200316103618000040_01.xml	16/03/2020 10:36:27 AM
IMFLT202003031AR	BDPARBUE_20200316103628000041_01.xml	16/03/2020 10:36:33 AM
IMVTP202003002AR	BDPARBUE_20200316103634000042_01.xml	16/03/2020 10:36:39 AM
IOAXA202003010AR	BDPARBUE_20200316103640000043_01.xml	16/03/2020 10:36:48 AM
IMBRN201912009AR	BDPARBUE_20200316103649000044_01.xml	16/03/2020 10:36:59 AM
EMARG202003172AR	BDPARBUE_20200316103700000045_01.xml	16/03/2020 10:37:09 AM
IMSOL202003008AR	BDPARBUE_20200316103710000046_01.xml	16/03/2020 10:37:15 AM
IMARG202002080AR	BDPARBUE_20200316103716000047_01.xml	16/03/2020 10:37:27 AM
IMARG202002070AR	BDPARBUE_20200316103729000048_01.xml	16/03/2020 10:37:41 AM
IMARG202002071AR	BDPARBUE_20200316103742000049_01.xml	16/03/2020 10:37:54 AM
EMARG202003173AR	BDPARBUE_20200316103755000050_01.xml	16/03/2020 10:38:04 AM
EOUNI202003026AR	BDPARBUE_20200316103805000051_01.xml	16/03/2020 10:38:14 AM
EOUNI202003027AR	BDPARBUE_20200316103815000052_01.xml	16/03/2020 10:38:23 AM
EOUNI202003028AR	BDPARBUE_20200316103824000053_01.xml	16/03/2020 10:38:32 AM
EOARG202001115AR	BDPARBUE_20200316103833000054_01.xml	16/03/2020 10:38:42 AM
EOARG202001260AR	BDPARBUE_20200316103843000055_01.xml	16/03/2020 10:38:51 AM
EMARG202003174AR	BDPARBUE_20200316103852000056_01.xml	16/03/2020 10:39:01 AM
EOARG202002001AR	BDPARBUE_20200316103902000057_01.xml	16/03/2020 10:39:12 AM
IMFLT202003011AR	BDPARBUE_20200316103913000058_01.xml	16/03/2020 10:39:18 AM
IMROA202003014AR	BDPARBUE_20200316103919000059_01.xml	16/03/2020 10:39:29 AM
EOARG202002012AR	BDPARBUE_20200316103930000060_01.xml	16/03/2020 10:39:39 AM
EMFLT202003004AR	BDPARBUE_20200316103940000061_01.xml	16/03/2020 10:39:49 AM
EOARG202002021AR	BDPARBUE_20200316103950000062_01.xml	16/03/2020 10:39:59 AM
EMARG202003175AR	BDPARBUE_20200316104000000063_01.xml	16/03/2020 10:40:09 AM
EOARG202002044AR	BDPARBUE_20200316104010000064_01.xml	16/03/2020 10:40:20 AM
EOARG202002043AR	BDPARBUE_20200316104021000065_01.xml	16/03/2020 10:40:30 AM
EOARG202002045AR	BDPARBUE_20200316104031000066_01.xml	16/03/2020 10:40:40 AM
EOARG202002046AR	BDPARBUE_20200316104041000067_01.xml	16/03/2020 10:40:50 AM
EOARG202002049AR	BDPARBUE_20200316104051000068_01.xml	16/03/2020 10:40:59 AM
EOARG202002048AR	BDPARBUE_20200316104100000069_01.xml	16/03/2020 10:41:09 AM
IMBRN202002010AR	BDPARBUE_20200316104110000070_01.xml	16/03/2020 10:41:17 AM
EOARG202002050AR	BDPARBUE_20200316104118000071_01.xml	16/03/2020 10:41:27 AM
EOARG202002052AR	BDPARBUE_20200316104128000072_01.xml	16/03/2020 10:41:37 AM
EOARG202002093AR	BDPARBUE_20200316104138000073_01.xml	16/03/2020 10:41:47 AM
EMARG202003176AR	BDPARBUE_20200316104148000074_01.xml	16/03/2020 10:42:00 AM
EOARG202002098AR	BDPARBUE_20200316104201000075_01.xml	16/03/2020 10:42:10 AM
EOUNI202003029AR	BDPARBUE_20200316104211000076_01.xml	16/03/2020 10:42:19 AM
EOARG202003124AR	BDPARBUE_20200316104220000077_01.xml	16/03/2020 10:42:28 AM
EOARG202002099AR	BDPARBUE_20200316104229000078_01.xml	16/03/2020 10:42:38 AM
EOARG202002089AR	BDPARBUE_20200316104239000079_01.xml	16/03/2020 10:42:48 AM
IMFLT202003012AR	BDPARBUE_20200316104249000080_01.xml	16/03/2020 10:42:54 AM
EMARG202003177AR	BDPARBUE_20200316104255000081_01.xml	16/03/2020 10:43:04 AM
IMARG202001128AR	BDPARBUE_20200316104305000082_01.xml	16/03/2020 10:43:16 AM
EMARG202003178AR	BDPARBUE_20200316104317000083_01.xml	16/03/2020 10:43:26 AM
EOUNI202003030AR	BDPARBUE_20200316104327000084_01.xml	16/03/2020 10:43:35 AM
IMSOL202001014AR	BDPARBUE_20200316104336000085_01.xml	16/03/2020 10:43:43 AM
IMSOL202003001AR	BDPARBUE_20200316104344000086_01.xml	16/03/2020 10:43:51 AM
IMFLT202003019AR	BDPARBUE_20200316104352000087_01.xml	16/03/2020 10:43:58 AM
IMBRN202002004AR	BDPARBUE_20200316104359000088_01.xml	16/03/2020 10:44:14 AM
IMPME202001002AR	BDPARBUE_20200316104415000089_01.xml	16/03/2020 10:44:26 AM
IMFLT202001105AR	BDPARBUE_20200316104427000090_01.xml	16/03/2020 10:44:34 AM
IMSOL202003003AR	BDPARBUE_20200316104435000091_01.xml	16/03/2020 10:44:40 AM
IMPME201912004AR	BDPARBUE_20200316104441000092_01.xml	16/03/2020 10:44:51 AM
IAFLT202003006AR	BDPARBUE_20200316104452000093_01.xml	16/03/2020 10:44:56 AM
EOUNI202003031AR	BDPARBUE_20200316104457000094_01.xml	16/03/2020 10:45:06 AM
EOUNI202003032AR	BDPARBUE_20200316104507000095_01.xml	16/03/2020 10:45:15 AM
IMCHP202003013AR	BDPARBUE_20200316104516000096_01.xml	16/03/2020 10:45:27 AM
IMBRN202001018AR	BDPARBUE_20200316104528000097_01.xml	16/03/2020 10:45:38 AM
IMFLT202003022AR	BDPARBUE_20200316104540000098_01.xml	16/03/2020 10:45:45 AM
EOARG202002191AR	BDPARBUE_20200316104546000099_01.xml	16/03/2020 10:45:54 AM
IMFLT202003021AR	BDPARBUE_20200316104555000100_01.xml	16/03/2020 10:46:00 AM
IMBRN202001003AR	BDPARBUE_20200316104601000101_01.xml	16/03/2020 10:46:15 AM
IMFLT202003020AR	BDPARBUE_20200316104616000102_01.xml	16/03/2020 10:46:21 AM
IAPSP202003001AR	BDPARBUE_20200316104622000103_01.xml	16/03/2020 10:46:30 AM
IMARG202003085AR	BDPARBUE_20200316104631000104_01.xml	16/03/2020 10:46:41 AM
IMSLT202002003AR	BDPARBUE_20200316104642000105_01.xml	16/03/2020 10:46:52 AM
IMARG202003086AR	BDPARBUE_20200316104653000106_01.xml	16/03/2020 10:47:03 AM
IMBRN201911038AR	BDPARBUE_20200316104704000107_01.xml	16/03/2020 10:47:11 AM
EOUNI202003033AR	BDPARBUE_20200316104712000108_01.xml	16/03/2020 10:47:21 AM
IABRN202002002AR	BDPARBUE_20200316104722000109_01.xml	16/03/2020 10:47:29 AM
IMARG202003087AR	BDPARBUE_20200316104730000110_01.xml	16/03/2020 10:47:40 AM
IOARG202003001AR	BDPARBUE_20200316104741000111_01.xml	16/03/2020 10:47:50 AM
IMARG202003088AR	BDPARBUE_20200316104751000112_01.xml	16/03/2020 10:48:01 AM
EMUNI202003003AR	BDPARBUE_20200316104802000113_01.xml	16/03/2020 10:48:11 AM
EOARG202003125AR	BDPARBUE_20200316104812000114_01.xml	16/03/2020 10:48:20 AM
IMARG202003089AR	BDPARBUE_20200316104821000115_01.xml	16/03/2020 10:48:31 AM
IAFLT202003004AR	BDPARBUE_20200316104832000116_01.xml	16/03/2020 10:48:36 AM
IAFLT202002029AR	BDPARBUE_20200316104837000117_01.xml	16/03/2020 10:48:41 AM
IAFLT202002028AR	BDPARBUE_20200316104842000118_01.xml	16/03/2020 10:48:46 AM
IAFLT202002027AR	BDPARBUE_20200316104847000119_01.xml	16/03/2020 10:48:51 AM
IAFLT202002026AR	BDPARBUE_20200316104852000120_01.xml	16/03/2020 10:48:56 AM
IMFLT202002034AR	BDPARBUE_20200316104857000121_01.xml	16/03/2020 10:49:02 AM
EMARG202002094AR	BDPARBUE_20200316104903000122_01.xml	16/03/2020 10:49:12 AM
EMARG202003109AR	BDPARBUE_20200316104913000123_01.xml	16/03/2020 10:49:22 AM
EMARG202003024AR	BDPARBUE_20200316104923000124_01.xml	16/03/2020 10:49:34 AM
EMARG202003017AR	BDPARBUE_20200316104935000125_01.xml	16/03/2020 10:49:47 AM
EMARG202003018AR	BDPARBUE_20200316104948000126_01.xml	16/03/2020 10:50:00 AM
EOARG202003126AR	BDPARBUE_20200316105001000127_01.xml	16/03/2020 10:50:10 AM
EMARG202003023AR	BDPARBUE_20200316105011000128_01.xml	16/03/2020 10:50:23 AM
IMSOL202001015AR	BDPARBUE_20200316105024000129_01.xml	16/03/2020 10:50:29 AM
EOARG202003127AR	BDPARBUE_20200316105030000130_01.xml	16/03/2020 10:50:39 AM
EMARG202003016AR	BDPARBUE_20200316105040000131_01.xml	16/03/2020 10:50:50 AM
EOUNI202003007AR	BDPARBUE_20200316105051000132_01.xml	16/03/2020 10:50:59 AM
IMSOL202003009AR	BDPARBUE_20200316105100000133_01.xml	16/03/2020 10:51:05 AM
IMARG202002074AR	BDPARBUE_20200316105106000134_01.xml	16/03/2020 10:51:17 AM
IMARG202002073AR	BDPARBUE_20200316105118000135_01.xml	16/03/2020 10:51:28 AM
IOSOL202002008AR	BDPARBUE_20200316105129000136_01.xml	16/03/2020 10:51:37 AM
IOSOL202002009AR	BDPARBUE_20200316105138000137_01.xml	16/03/2020 10:51:46 AM
IMSOL202003010AR	BDPARBUE_20200316105147000138_01.xml	16/03/2020 10:51:52 AM
EOUNI202003012AR	BDPARBUE_20200316105153000139_01.xml	16/03/2020 10:52:02 AM
EOUNI202003013AR	BDPARBUE_20200316105203000140_01.xml	16/03/2020 10:52:12 AM
IMSLT202002004AR	BDPARBUE_20200316105213000141_01.xml	16/03/2020 10:52:24 AM
EMARG202003179AR	BDPARBUE_20200316105225000142_01.xml	16/03/2020 10:52:35 AM
EMARG202003180AR	BDPARBUE_20200316105236000143_01.xml	16/03/2020 10:52:45 AM
EMARG202003181AR	BDPARBUE_20200316105246000144_01.xml	16/03/2020 10:52:56 AM
EMARG202003182AR	BDPARBUE_20200316105257000145_01.xml	16/03/2020 10:53:06 AM
EMARG202003183AR	BDPARBUE_20200316105307000146_01.xml	16/03/2020 10:53:16 AM
EMARG202003184AR	BDPARBUE_20200316105317000147_01.xml	16/03/2020 10:53:26 AM
EMARG202003185AR	BDPARBUE_20200316105328000148_01.xml	16/03/2020 10:53:38 AM
EMARG202003186AR	BDPARBUE_20200316105339000149_01.xml	16/03/2020 10:53:50 AM
EMARG202003187AR	BDPARBUE_20200316105351000150_01.xml	16/03/2020 10:54:02 AM
EMARG202003188AR	BDPARBUE_20200316105403000151_01.xml	16/03/2020 10:54:14 AM
EMARG202003189AR	BDPARBUE_20200316105415000152_01.xml	16/03/2020 10:54:26 AM
EMARG202003190AR	BDPARBUE_20200316105427000153_01.xml	16/03/2020 10:54:37 AM
EMARG202003191AR	BDPARBUE_20200316105439000154_01.xml	16/03/2020 10:54:49 AM
EMARG202003192AR	BDPARBUE_20200316105450000155_01.xml	16/03/2020 10:55:01 AM
EMARG202003193AR	BDPARBUE_20200316105502000156_01.xml	16/03/2020 10:55:13 AM
EMARG202003194AR	BDPARBUE_20200316105514000157_01.xml	16/03/2020 10:55:25 AM
EMARG202003195AR	BDPARBUE_20200316105526000158_01.xml	16/03/2020 10:55:37 AM
EMARG202003196AR	BDPARBUE_20200316105538000159_01.xml	16/03/2020 10:55:48 AM
EMARG202003197AR	BDPARBUE_20200316105549000160_01.xml	16/03/2020 10:56:00 AM
EMARG202003198AR	BDPARBUE_20200316105601000161_01.xml	16/03/2020 10:56:12 AM
EMARG202003199AR	BDPARBUE_20200316105613000162_01.xml	16/03/2020 10:56:24 AM
EMARG202003200AR	BDPARBUE_20200316105625000163_01.xml	16/03/2020 10:56:35 AM
EMARG202003201AR	BDPARBUE_20200316105636000164_01.xml	16/03/2020 10:56:46 AM
EMARG202003202AR	BDPARBUE_20200316105647000165_01.xml	16/03/2020 10:56:56 AM
EMARG202003203AR	BDPARBUE_20200316105657000166_01.xml	16/03/2020 10:57:07 AM
EMARG202003204AR	BDPARBUE_20200316105708000167_01.xml	16/03/2020 10:57:17 AM
EMARG202003205AR	BDPARBUE_20200316105718000168_01.xml	16/03/2020 10:57:27 AM
EMARG202003206AR	BDPARBUE_20200316105728000169_01.xml	16/03/2020 10:57:37 AM
EMARG202003207AR	BDPARBUE_20200316105738000170_01.xml	16/03/2020 10:57:47 AM
EMARG202003208AR	BDPARBUE_20200316105748000171_01.xml	16/03/2020 10:57:58 AM
EMARG202003209AR	BDPARBUE_20200316105759000172_01.xml	16/03/2020 10:58:08 AM
EMARG202003210AR	BDPARBUE_20200316105809000173_01.xml	16/03/2020 10:58:18 AM
EMARG202003211AR	BDPARBUE_20200316105819000174_01.xml	16/03/2020 10:58:28 AM
EMARG202003212AR	BDPARBUE_20200316105829000175_01.xml	16/03/2020 10:58:38 AM
EMARG202003213AR	BDPARBUE_20200316105839000176_01.xml	16/03/2020 10:58:49 AM
EMARG202003214AR	BDPARBUE_20200316105850000177_01.xml	16/03/2020 10:58:59 AM
EMARG202003215AR	BDPARBUE_20200316105900000178_01.xml	16/03/2020 10:59:09 AM
EMARG202002213AR	BDPARBUE_20200316105911000179_01.xml	16/03/2020 10:59:22 AM
EMARG202002214AR	BDPARBUE_20200316105923000180_01.xml	16/03/2020 10:59:35 AM
EMARG202002215AR	BDPARBUE_20200316105936000181_01.xml	16/03/2020 10:59:48 AM
EMARG202002216AR	BDPARBUE_20200316105949000182_01.xml	16/03/2020 11:00:01 AM
EMARG202002218AR	BDPARBUE_20200316110003000183_01.xml	16/03/2020 11:00:17 AM
EMARG202002262AR	BDPARBUE_20200316110018000184_01.xml	16/03/2020 11:00:31 AM
EMARG202002263AR	BDPARBUE_20200316110032000185_01.xml	16/03/2020 11:00:48 AM
EMARG202002294AR	BDPARBUE_20200316110050000186_01.xml	16/03/2020 11:01:05 AM
EMARG202002146AR	BDPARBUE_20200316110106000187_01.xml	16/03/2020 11:01:24 AM
EMARG202002147AR	BDPARBUE_20200316110125000188_01.xml	16/03/2020 11:01:41 AM
EMARG202002224AR	BDPARBUE_20200316110143000189_01.xml	16/03/2020 11:02:00 AM
EMARG202002225AR	BDPARBUE_20200316110201000190_01.xml	16/03/2020 11:02:25 AM
EMARG202002226AR	BDPARBUE_20200316110227000191_01.xml	16/03/2020 11:02:45 AM
EMARG202001218AR	BDPARBUE_20200316110246000192_01.xml	16/03/2020 11:03:00 AM
EMARG202001219AR	BDPARBUE_20200316110301000193_01.xml	16/03/2020 11:03:15 AM
EMARG202002198AR	BDPARBUE_20200316110316000194_01.xml	16/03/2020 11:03:35 AM
EMARG202003031AR	BDPARBUE_20200316110336000195_01.xml	16/03/2020 11:03:57 AM
EMARG202002142AR	BDPARBUE_20200316110358000196_01.xml	16/03/2020 11:04:11 AM
EMARG202002259AR	BDPARBUE_20200316110413000197_01.xml	16/03/2020 11:04:26 AM
EMARG202002256AR	BDPARBUE_20200316110427000198_01.xml	16/03/2020 11:04:42 AM
EMARG202002257AR	BDPARBUE_20200316110443000199_01.xml	16/03/2020 11:04:58 AM
EMARG202002258AR	BDPARBUE_20200316110459000200_01.xml	16/03/2020 11:05:15 AM
EMARG202002305AR	BDPARBUE_20200316110516000201_01.xml	16/03/2020 11:05:30 AM
EMARG202002306AR	BDPARBUE_20200316110531000202_01.xml	16/03/2020 11:05:45 AM
EMARG202002299AR	BDPARBUE_20200316110546000203_01.xml	16/03/2020 11:06:04 AM
EMARG202002300AR	BDPARBUE_20200316110605000204_01.xml	16/03/2020 11:06:23 AM
EMARG202002301AR	BDPARBUE_20200316110624000205_01.xml	16/03/2020 11:06:41 AM
EMARG202002266AR	BDPARBUE_20200316110642000206_01.xml	16/03/2020 11:06:59 AM
EMARG202002268AR	BDPARBUE_20200316110700000207_01.xml	16/03/2020 11:07:15 AM
EMARG202002102AR	BDPARBUE_20200316110716000208_01.xml	16/03/2020 11:07:31 AM
EMARG202002241AR	BDPARBUE_20200316110732000209_01.xml	16/03/2020 11:07:46 AM
EMARG202002242AR	BDPARBUE_20200316110747000210_01.xml	16/03/2020 11:07:59 AM
EMARG202002271AR	BDPARBUE_20200316110800000211_01.xml	16/03/2020 11:08:14 AM
EMARG202003001AR	BDPARBUE_20200316110815000212_01.xml	16/03/2020 11:08:27 AM
EMARG202003002AR	BDPARBUE_20200316110828000213_01.xml	16/03/2020 11:08:40 AM
EMARG202003003AR	BDPARBUE_20200316110841000214_01.xml	16/03/2020 11:08:52 AM
EMARG202003009AR	BDPARBUE_20200316110853000215_01.xml	16/03/2020 11:09:07 AM
EMARG202003010AR	BDPARBUE_20200316110909000216_01.xml	16/03/2020 11:09:23 AM
EMARG202002274AR	BDPARBUE_20200316110924000217_01.xml	16/03/2020 11:09:38 AM
EMARG202003011AR	BDPARBUE_20200316110939000218_01.xml	16/03/2020 11:09:53 AM
EMARG202002188AR	BDPARBUE_20200316110954000219_01.xml	16/03/2020 11:10:08 AM
EMARG202002189AR	BDPARBUE_20200316111009000220_01.xml	16/03/2020 11:10:23 AM
EMARG202002190AR	BDPARBUE_20200316111024000221_01.xml	16/03/2020 11:10:36 AM
EMARG202002191AR	BDPARBUE_20200316111037000222_01.xml	16/03/2020 11:10:49 AM
EMARG202002192AR	BDPARBUE_20200316111050000223_01.xml	16/03/2020 11:11:04 AM
EMARG202002273AR	BDPARBUE_20200316111105000224_01.xml	16/03/2020 11:11:16 AM
EMARG202002284AR	BDPARBUE_20200316111117000225_01.xml	16/03/2020 11:11:29 AM
EMARG202002275AR	BDPARBUE_20200316111130000226_01.xml	16/03/2020 11:11:42 AM
EMARG202002276AR	BDPARBUE_20200316111143000227_01.xml	16/03/2020 11:11:55 AM
EMARG202002277AR	BDPARBUE_20200316111156000228_01.xml	16/03/2020 11:12:08 AM
EMARG202002278AR	BDPARBUE_20200316111209000229_01.xml	16/03/2020 11:12:21 AM
EMARG202002235AR	BDPARBUE_20200316111222000230_01.xml	16/03/2020 11:12:34 AM
EMARG202002236AR	BDPARBUE_20200316111235000231_01.xml	16/03/2020 11:12:47 AM
EMARG202002239AR	BDPARBUE_20200316111248000232_01.xml	16/03/2020 11:12:59 AM
EMARG202002240AR	BDPARBUE_20200316111300000233_01.xml	16/03/2020 11:13:12 AM
EMARG202003004AR	BDPARBUE_20200316111313000234_01.xml	16/03/2020 11:13:25 AM
EMARG202003005AR	BDPARBUE_20200316111326000235_01.xml	16/03/2020 11:13:38 AM
EMARG202003006AR	BDPARBUE_20200316111339000236_01.xml	16/03/2020 11:13:50 AM
EMARG202002280AR	BDPARBUE_20200316111351000237_01.xml	16/03/2020 11:14:03 AM
EMARG202002279AR	BDPARBUE_20200316111404000238_01.xml	16/03/2020 11:14:16 AM
EMARG202002281AR	BDPARBUE_20200316111417000239_01.xml	16/03/2020 11:14:29 AM
EMARG202002282AR	BDPARBUE_20200316111430000240_01.xml	16/03/2020 11:14:42 AM
EMARG202002283AR	BDPARBUE_20200316111443000241_01.xml	16/03/2020 11:14:55 AM
EMARG202002302AR	BDPARBUE_20200316111456000242_01.xml	16/03/2020 11:15:07 AM
EMARG202002303AR	BDPARBUE_20200316111508000243_01.xml	16/03/2020 11:15:20 AM
EMARG202002304AR	BDPARBUE_20200316111521000244_01.xml	16/03/2020 11:15:32 AM
EMARG202003025AR	BDPARBUE_20200316111533000245_01.xml	16/03/2020 11:15:44 AM
EMARG202003026AR	BDPARBUE_20200316111545000246_01.xml	16/03/2020 11:15:59 AM
EMARG202003027AR	BDPARBUE_20200316111600000247_01.xml	16/03/2020 11:16:14 AM
EMARG202002199AR	BDPARBUE_20200316111615000248_01.xml	16/03/2020 11:16:32 AM
EMARG202002260AR	BDPARBUE_20200316111633000249_01.xml	16/03/2020 11:16:44 AM
EMARG202002261AR	BDPARBUE_20200316111645000250_01.xml	16/03/2020 11:16:57 AM
EMARG202002264AR	BDPARBUE_20200316111659000251_01.xml	16/03/2020 11:17:11 AM
EMARG202002265AR	BDPARBUE_20200316111712000252_01.xml	16/03/2020 11:17:24 AM
EMARG202002144AR	BDPARBUE_20200316111725000253_01.xml	16/03/2020 11:17:38 AM
EMARG202002024AR	BDPARBUE_20200316111739000254_01.xml	16/03/2020 11:17:49 AM
EMARG202002207AR	BDPARBUE_20200316111750000255_01.xml	16/03/2020 11:18:00 AM
EMARG202002208AR	BDPARBUE_20200316111801000256_01.xml	16/03/2020 11:18:10 AM
EMARG202002194AR	BDPARBUE_20200316111811000257_01.xml	16/03/2020 11:18:20 AM
EMARG202002243AR	BDPARBUE_20200316111821000258_01.xml	16/03/2020 11:18:34 AM
EMARG202002253AR	BDPARBUE_20200316111835000259_01.xml	16/03/2020 11:18:47 AM
EMARG202002254AR	BDPARBUE_20200316111848000260_01.xml	16/03/2020 11:19:00 AM
EMARG202002255AR	BDPARBUE_20200316111901000261_01.xml	16/03/2020 11:19:12 AM
EMARG202003053AR	BDPARBUE_20200316111913000262_01.xml	16/03/2020 11:19:23 AM
IMBRN201908002AR	BDPARBUE_20200316111924000263_01.xml	16/03/2020 11:19:34 AM
IMCRE201912002AR	BDPARBUE_20200316111935000264_01.xml	16/03/2020 11:19:42 AM
EOARG201911231AR	BDPARBUE_20200316111943000265_01.xml	16/03/2020 11:19:52 AM
IMSLT202002006AR	BDPARBUE_20200316111953000266_01.xml	16/03/2020 11:20:03 AM
IOARG202003002AR	BDPARBUE_20200316112004000267_01.xml	16/03/2020 11:20:13 AM
EMFLT202003005AR	BDPARBUE_20200316112014000268_01.xml	16/03/2020 11:20:19 AM
IMSLT202002005AR	BDPARBUE_20200316112020000269_01.xml	16/03/2020 11:20:30 AM
EMFLT202002015AR	BDPARBUE_20200316112031000270_01.xml	16/03/2020 11:20:36 AM
EMFLT202002014AR	BDPARBUE_20200316112037000271_01.xml	16/03/2020 11:20:43 AM
EMFLT202001030AR	BDPARBUE_20200316112044000272_01.xml	16/03/2020 11:20:49 AM
EOUNI202003010AR	BDPARBUE_20200316112050000273_01.xml	16/03/2020 11:20:59 AM
IMARG202001040AR	BDPARBUE_20200316112100000274_01.xml	16/03/2020 11:21:11 AM
EOUNI202003009AR	BDPARBUE_20200316112112000275_01.xml	16/03/2020 11:21:20 AM
EOARG202003056AR	BDPARBUE_20200316112121000276_01.xml	16/03/2020 11:21:30 AM
IAARG202001006AR	BDPARBUE_20200316112131000277_01.xml	16/03/2020 11:21:39 AM
EOARG202003051AR	BDPARBUE_20200316112140000278_01.xml	16/03/2020 11:21:49 AM
EOUNI202001033AR	BDPARBUE_20200316112150000279_01.xml	16/03/2020 11:21:59 AM
EOARG202003072AR	BDPARBUE_20200316112200000280_01.xml	16/03/2020 11:22:09 AM
EOUNI202003011AR	BDPARBUE_20200316112210000281_01.xml	16/03/2020 11:22:19 AM
IMARG201912078AR	BDPARBUE_20200316112220000282_01.xml	16/03/2020 11:22:32 AM
EOARG202003039AR	BDPARBUE_20200316112233000283_01.xml	16/03/2020 11:22:42 AM
EOARG202003041AR	BDPARBUE_20200316112243000284_01.xml	16/03/2020 11:22:52 AM
EOUNI202001032AR	BDPARBUE_20200316112253000285_01.xml	16/03/2020 11:23:02 AM
IMNOV202002002AR	BDPARBUE_20200316112303000286_01.xml	16/03/2020 11:23:16 AM
IMARG202003090AR	BDPARBUE_20200316112317000287_01.xml	16/03/2020 11:23:22 AM
IMBRN202003006AR	BDPARBUE_20200316112324000288_01.xml	16/03/2020 11:23:34 AM
EMFLT202002023AR	BDPARBUE_20200316112335000289_01.xml	16/03/2020 11:23:43 AM
IAFLT202003009AR	BDPARBUE_20200316112344000290_01.xml	16/03/2020 11:23:48 AM
EMFLT202002002AR	BDPARBUE_20200316112349000291_01.xml	16/03/2020 11:23:54 AM
EOUNI202003008AR	BDPARBUE_20200316112355000292_01.xml	16/03/2020 11:24:03 AM
EMFLT202001024AR	BDPARBUE_20200316112405000293_01.xml	16/03/2020 11:24:10 AM
IMCHP202002012AR	BDPARBUE_20200316112411000294_01.xml	16/03/2020 11:24:22 AM
IMCHP202002013AR	BDPARBUE_20200316112423000295_01.xml	16/03/2020 11:24:33 AM
IMCHP202002014AR	BDPARBUE_20200316112434000296_01.xml	16/03/2020 11:24:44 AM
EMFLT202001031AR	BDPARBUE_20200316112445000297_01.xml	16/03/2020 11:24:51 AM
IMCHP202002015AR	BDPARBUE_20200316112452000298_01.xml	16/03/2020 11:25:02 AM
IMCHP202002016AR	BDPARBUE_20200316112503000299_01.xml	16/03/2020 11:25:13 AM
IMCHP202003002AR	BDPARBUE_20200316112514000300_01.xml	16/03/2020 11:25:24 AM
IMCHP202003010AR	BDPARBUE_20200316112525000301_01.xml	16/03/2020 11:25:36 AM
IMCHP202003001AR	BDPARBUE_20200316112537000302_01.xml	16/03/2020 11:25:47 AM
EMFLT202001029AR	BDPARBUE_20200316112548000303_01.xml	16/03/2020 11:25:53 AM
EMFLT202001023AR	BDPARBUE_20200316112554000304_01.xml	16/03/2020 11:26:00 AM
EMFLT202001026AR	BDPARBUE_20200316112601000305_01.xml	16/03/2020 11:26:07 AM
EMFLT202002026AR	BDPARBUE_20200316112608000306_01.xml	16/03/2020 11:26:18 AM
EMFLT201912017AR	BDPARBUE_20200316112619000307_01.xml	16/03/2020 11:26:25 AM
EMFLT201912018AR	BDPARBUE_20200316112626000308_01.xml	16/03/2020 11:26:33 AM
EOUNI202003002AR	BDPARBUE_20200316112634000309_01.xml	16/03/2020 11:26:42 AM
EOUNI202003001AR	BDPARBUE_20200316112643000310_01.xml	16/03/2020 11:26:52 AM
EMFLT202001005AR	BDPARBUE_20200316112653000311_01.xml	16/03/2020 11:26:59 AM
EMARG202003216AR	BDPARBUE_20200316112700000312_01.xml	16/03/2020 11:27:09 AM
IAFLT202003010AR	BDPARBUE_20200316112710000313_01.xml	16/03/2020 11:27:14 AM
IMCHP202003014AR	BDPARBUE_20200316112715000314_01.xml	16/03/2020 11:27:25 AM
Program has been finished		16/03/2020 11:27:25 AM
Start Program	16/03/2020 11:31:17 AM
IMFLT201911009AR	BDPARBUE_20200316113126000001_01.xml	16/03/2020 11:31:36 AM
EMARG202003217AR	BDPARBUE_20200316113136000002_01.xml	16/03/2020 11:31:49 AM
IMSLT202001001AR	BDPARBUE_20200316113150000003_01.xml	16/03/2020 11:32:01 AM
EOARG202003110AR	BDPARBUE_20200316113202000004_01.xml	16/03/2020 11:32:17 AM
EOARG202003114AR	BDPARBUE_20200316113218000005_01.xml	16/03/2020 11:32:26 AM
EOARG202003115AR	BDPARBUE_20200316113227000006_01.xml	16/03/2020 11:32:36 AM
EOARG202003116AR	BDPARBUE_20200316113237000007_01.xml	16/03/2020 11:32:46 AM
EOARG202003119AR	BDPARBUE_20200316113247000008_01.xml	16/03/2020 11:32:56 AM
EOARG202003120AR	BDPARBUE_20200316113257000009_01.xml	16/03/2020 11:33:05 AM
EOARG202003121AR	BDPARBUE_20200316113306000010_01.xml	16/03/2020 11:33:15 AM
EOARG202003122AR	BDPARBUE_20200316113316000011_01.xml	16/03/2020 11:33:25 AM
EOUNI202003013AR	BDPARBUE_20200316113326000012_01.xml	16/03/2020 11:33:35 AM
IMARG202003071AR	BDPARBUE_20200316113336000013_01.xml	16/03/2020 11:33:46 AM
IMARG202003044AR	BDPARBUE_20200316113347000014_01.xml	16/03/2020 11:33:58 AM
IMARG202003043AR	BDPARBUE_20200316113359000015_01.xml	16/03/2020 11:34:09 AM
IMARG202003041AR	BDPARBUE_20200316113410000016_01.xml	16/03/2020 11:34:21 AM
IMARG202003037AR	BDPARBUE_20200316113422000017_01.xml	16/03/2020 11:34:32 AM
IMARG202003014AR	BDPARBUE_20200316113433000018_01.xml	16/03/2020 11:34:44 AM
IMARG202003066AR	BDPARBUE_20200316113445000019_01.xml	16/03/2020 11:34:56 AM
IMARG202003065AR	BDPARBUE_20200316113457000020_01.xml	16/03/2020 11:35:07 AM
IMARG202003057AR	BDPARBUE_20200316113508000021_01.xml	16/03/2020 11:35:19 AM
IMARG202003039AR	BDPARBUE_20200316113520000022_01.xml	16/03/2020 11:35:30 AM
IMARG202003036AR	BDPARBUE_20200316113531000023_01.xml	16/03/2020 11:35:42 AM
IMARG202003027AR	BDPARBUE_20200316113543000024_01.xml	16/03/2020 11:35:55 AM
IMARG202003026AR	BDPARBUE_20200316113556000025_01.xml	16/03/2020 11:36:08 AM
IMARG202003025AR	BDPARBUE_20200316113609000026_01.xml	16/03/2020 11:36:19 AM
IMARG202003011AR	BDPARBUE_20200316113620000027_01.xml	16/03/2020 11:36:31 AM
IMARG202003008AR	BDPARBUE_20200316113632000028_01.xml	16/03/2020 11:36:43 AM
IMARG202003013AR	BDPARBUE_20200316113644000029_01.xml	16/03/2020 11:36:54 AM
EOARG202003109AR	BDPARBUE_20200316113656000030_01.xml	16/03/2020 11:37:07 AM
EOARG202003118AR	BDPARBUE_20200316113708000031_01.xml	16/03/2020 11:37:17 AM
EMARG202003084AR	BDPARBUE_20200316113718000032_01.xml	16/03/2020 11:37:29 AM
EOUNI202003014AR	BDPARBUE_20200316113730000033_01.xml	16/03/2020 11:37:39 AM
EMARG202003029AR	BDPARBUE_20200316113740000034_01.xml	16/03/2020 11:37:50 AM
EMARG202003031AR	BDPARBUE_20200316113751000035_01.xml	16/03/2020 11:38:05 AM
EMFLT202001013AR	BDPARBUE_20200316113806000036_01.xml	16/03/2020 11:38:12 AM
IMSOL202001014AR	BDPARBUE_20200316113813000037_01.xml	16/03/2020 11:38:20 AM
EMFLT202001012AR	BDPARBUE_20200316113821000038_01.xml	16/03/2020 11:38:27 AM
EMARG202003048AR	BDPARBUE_20200316113828000039_01.xml	16/03/2020 11:38:39 AM
EMARG202003047AR	BDPARBUE_20200316113840000040_01.xml	16/03/2020 11:38:53 AM
EOUNI202003010AR	BDPARBUE_20200316113854000041_01.xml	16/03/2020 11:39:03 AM
IMBRN202003007AR	BDPARBUE_20200316113904000042_01.xml	16/03/2020 11:39:08 AM
EMARG202002213AR	BDPARBUE_20200316113909000043_01.xml	16/03/2020 11:39:21 AM
EMARG202002262AR	BDPARBUE_20200316113922000044_01.xml	16/03/2020 11:39:33 AM
IMSOL202003001AR	BDPARBUE_20200316113934000045_01.xml	16/03/2020 11:39:41 AM
EMARG202002263AR	BDPARBUE_20200316113942000046_01.xml	16/03/2020 11:39:54 AM
IMPME202001003AR	BDPARBUE_20200316113955000047_01.xml	16/03/2020 11:40:05 AM
Program has been finished		16/03/2020 11:40:05 AM
Start Program	16/03/2020 12:26:27 PM
EMARG202002146AR	BDPARBUE_20200316122633000002_01.xml	16/03/2020 12:26:46 PM
EMARG202002147AR	BDPARBUE_20200316122647000003_01.xml	16/03/2020 12:27:03 PM
EMARG202002216AR	BDPARBUE_20200316122704000004_01.xml	16/03/2020 12:27:16 PM
IMFLT202003032AR	BDPARBUE_20200316122717000005_01.xml	16/03/2020 12:27:22 PM
EOUNI202003016AR	BDPARBUE_20200316122724000006_01.xml	16/03/2020 12:27:32 PM
IMSOL202003008AR	BDPARBUE_20200316122733000007_01.xml	16/03/2020 12:27:38 PM
IMFLT202003001AR	BDPARBUE_20200316122739000008_01.xml	16/03/2020 12:27:44 PM
IMARG202003010AR	BDPARBUE_20200316122745000009_01.xml	16/03/2020 12:27:56 PM
IMARG202003068AR	BDPARBUE_20200316122757000010_01.xml	16/03/2020 12:28:07 PM
IMFLT202003016AR	BDPARBUE_20200316122808000011_01.xml	16/03/2020 12:28:14 PM
IMFLT202002088AR	BDPARBUE_20200316122815000012_01.xml	16/03/2020 12:28:20 PM
IMFLT202002090AR	BDPARBUE_20200316122821000013_01.xml	16/03/2020 12:28:26 PM
IMARG202003064AR	BDPARBUE_20200316122828000014_01.xml	16/03/2020 12:28:38 PM
IMARG202003035AR	BDPARBUE_20200316122839000015_01.xml	16/03/2020 12:28:49 PM
IMARG202003034AR	BDPARBUE_20200316122851000016_01.xml	16/03/2020 12:29:01 PM
IMARG202003032AR	BDPARBUE_20200316122902000017_01.xml	16/03/2020 12:29:12 PM
IMARG202003029AR	BDPARBUE_20200316122913000018_01.xml	16/03/2020 12:29:24 PM
IMARG202003028AR	BDPARBUE_20200316122925000019_01.xml	16/03/2020 12:29:35 PM
IMFLT202003003AR	BDPARBUE_20200316122936000020_01.xml	16/03/2020 12:29:42 PM
IMARG202003012AR	BDPARBUE_20200316122943000021_01.xml	16/03/2020 12:29:54 PM
IMARG202003007AR	BDPARBUE_20200316122955000022_01.xml	16/03/2020 12:30:06 PM
IMFLT202002093AR	BDPARBUE_20200316123007000023_01.xml	16/03/2020 12:30:13 PM
IMSOL202003010AR	BDPARBUE_20200316123014000024_01.xml	16/03/2020 12:30:19 PM
IMFLT202002075AR	BDPARBUE_20200316123020000025_01.xml	16/03/2020 12:30:26 PM
IMFLT202002089AR	BDPARBUE_20200316123028000026_01.xml	16/03/2020 12:30:33 PM
IMFLT202002076AR	BDPARBUE_20200316123034000027_01.xml	16/03/2020 12:30:40 PM
IMFLT202002097AR	BDPARBUE_20200316123041000028_01.xml	16/03/2020 12:30:49 PM
IMFLT202002079AR	BDPARBUE_20200316123050000029_01.xml	16/03/2020 12:30:56 PM
IMFLT202002085AR	BDPARBUE_20200316123057000030_01.xml	16/03/2020 12:31:02 PM
IMFLT202002077AR	BDPARBUE_20200316123103000031_01.xml	16/03/2020 12:31:09 PM
IMFLT202002084AR	BDPARBUE_20200316123110000032_01.xml	16/03/2020 12:31:15 PM
IMFLT202003008AR	BDPARBUE_20200316123116000033_01.xml	16/03/2020 12:31:23 PM
IMBRN202003007AR	BDPARBUE_20200316123124000034_01.xml	16/03/2020 12:31:34 PM
IMFLT202003012AR	BDPARBUE_20200316123136000035_01.xml	16/03/2020 12:31:43 PM
IMFLT202003007AR	BDPARBUE_20200316123144000036_01.xml	16/03/2020 12:31:51 PM
IMFLT202002059AR	BDPARBUE_20200316123152000037_01.xml	16/03/2020 12:32:02 PM
IMFLT202002080AR	BDPARBUE_20200316123203000038_01.xml	16/03/2020 12:32:08 PM
EOARG202003128AR	BDPARBUE_20200316123209000039_01.xml	16/03/2020 12:32:18 PM
IMBRN202003008AR	BDPARBUE_20200316123219000040_01.xml	16/03/2020 12:32:29 PM
IMFLT202002099AR	BDPARBUE_20200316123230000041_01.xml	16/03/2020 12:32:38 PM
IMFLT202001105AR	BDPARBUE_20200316123239000042_01.xml	16/03/2020 12:32:46 PM
IMFLT202002087AR	BDPARBUE_20200316123247000043_01.xml	16/03/2020 12:32:53 PM
IMSOL202003009AR	BDPARBUE_20200316123254000044_01.xml	16/03/2020 12:32:59 PM
IMFLT202003013AR	BDPARBUE_20200316123300000045_01.xml	16/03/2020 12:33:05 PM
IMFLT202002062AR	BDPARBUE_20200316123306000046_01.xml	16/03/2020 12:33:11 PM
IMFLT202002056AR	BDPARBUE_20200316123312000047_01.xml	16/03/2020 12:33:18 PM
EMARG202003218AR	BDPARBUE_20200316123319000048_01.xml	16/03/2020 12:33:29 PM
IMFLT202003010AR	BDPARBUE_20200316123330000049_01.xml	16/03/2020 12:33:36 PM
IMFLT202002070AR	BDPARBUE_20200316123337000050_01.xml	16/03/2020 12:33:42 PM
IMFLT202002086AR	BDPARBUE_20200316123343000051_01.xml	16/03/2020 12:33:48 PM
IMFLT202002055AR	BDPARBUE_20200316123349000052_01.xml	16/03/2020 12:33:55 PM
IMFLT202002074AR	BDPARBUE_20200316123356000053_01.xml	16/03/2020 12:34:01 PM
IMFLT202002081AR	BDPARBUE_20200316123402000054_01.xml	16/03/2020 12:34:07 PM
IMBRN202003009AR	BDPARBUE_20200316123408000055_01.xml	16/03/2020 12:34:18 PM
IMFLT202002050AR	BDPARBUE_20200316123419000056_01.xml	16/03/2020 12:34:25 PM
IMFLT202003006AR	BDPARBUE_20200316123426000057_01.xml	16/03/2020 12:34:31 PM
IMFLT202002017AR	BDPARBUE_20200316123432000058_01.xml	16/03/2020 12:34:37 PM
EOARG202003129AR	BDPARBUE_20200316123438000059_01.xml	16/03/2020 12:34:47 PM
IMFLT202002022AR	BDPARBUE_20200316123448000060_01.xml	16/03/2020 12:34:53 PM
IMFLT202002054AR	BDPARBUE_20200316123454000061_01.xml	16/03/2020 12:35:02 PM
IMFLT202002071AR	BDPARBUE_20200316123503000062_01.xml	16/03/2020 12:35:09 PM
IMFLT202002068AR	BDPARBUE_20200316123510000063_01.xml	16/03/2020 12:35:15 PM
IMFLT202002039AR	BDPARBUE_20200316123516000064_01.xml	16/03/2020 12:35:22 PM
IMFLT202002100AR	BDPARBUE_20200316123523000065_01.xml	16/03/2020 12:35:28 PM
IMFLT202002091AR	BDPARBUE_20200316123529000066_01.xml	16/03/2020 12:35:35 PM
IMFLT202002047AR	BDPARBUE_20200316123536000067_01.xml	16/03/2020 12:35:41 PM
IMFLT202002094AR	BDPARBUE_20200316123542000068_01.xml	16/03/2020 12:35:48 PM
IMROA202003007AR	BDPARBUE_20200316123549000069_01.xml	16/03/2020 12:36:00 PM
IMFLT202002053AR	BDPARBUE_20200316123601000070_01.xml	16/03/2020 12:36:10 PM
IMROA202003010AR	BDPARBUE_20200316123611000071_01.xml	16/03/2020 12:36:22 PM
IMROA202003008AR	BDPARBUE_20200316123623000072_01.xml	16/03/2020 12:36:34 PM
IMROA202003003AR	BDPARBUE_20200316123635000073_01.xml	16/03/2020 12:36:47 PM
IMARG202003002AR	BDPARBUE_20200316123648000074_01.xml	16/03/2020 12:37:03 PM
IMFLT202002064AR	BDPARBUE_20200316123704000075_01.xml	16/03/2020 12:37:10 PM
IMFLT202002078AR	BDPARBUE_20200316123712000076_01.xml	16/03/2020 12:37:17 PM
IMARG202002037AR	BDPARBUE_20200316123718000077_01.xml	16/03/2020 12:37:29 PM
IMARG202002035AR	BDPARBUE_20200316123730000078_01.xml	16/03/2020 12:37:46 PM
IMARG202001164AR	BDPARBUE_20200316123747000079_01.xml	16/03/2020 12:37:58 PM
IMARG202001127AR	BDPARBUE_20200316123759000080_01.xml	16/03/2020 12:38:12 PM
IMROA202003009AR	BDPARBUE_20200316123813000081_01.xml	16/03/2020 12:38:24 PM
IMFLT202002004AR	BDPARBUE_20200316123825000082_01.xml	16/03/2020 12:38:30 PM
IMROA202001073AR	BDPARBUE_20200316123831000083_01.xml	16/03/2020 12:38:42 PM
IMARG202002092AR	BDPARBUE_20200316123843000084_01.xml	16/03/2020 12:38:55 PM
IMFLT202001109AR	BDPARBUE_20200316123856000085_01.xml	16/03/2020 12:39:02 PM
IMFLT202002095AR	BDPARBUE_20200316123903000086_01.xml	16/03/2020 12:39:08 PM
IMARG202002036AR	BDPARBUE_20200316123909000087_01.xml	16/03/2020 12:39:20 PM
IMFLT202002034AR	BDPARBUE_20200316123921000088_01.xml	16/03/2020 12:39:26 PM
IMARG202001172AR	BDPARBUE_20200316123927000089_01.xml	16/03/2020 12:39:39 PM
IMROA202003002AR	BDPARBUE_20200316123940000090_01.xml	16/03/2020 12:39:50 PM
IMROA202001041AR	BDPARBUE_20200316123951000091_01.xml	16/03/2020 12:40:03 PM
IMARG202001160AR	BDPARBUE_20200316124004000092_01.xml	16/03/2020 12:40:16 PM
IMARG202001139AR	BDPARBUE_20200316124017000093_01.xml	16/03/2020 12:40:29 PM
IMARG202001126AR	BDPARBUE_20200316124030000094_01.xml	16/03/2020 12:40:41 PM
IMARG202003001AR	BDPARBUE_20200316124042000095_01.xml	16/03/2020 12:40:54 PM
IMARG202003003AR	BDPARBUE_20200316124055000096_01.xml	16/03/2020 12:41:06 PM
IMARG202001154AR	BDPARBUE_20200316124107000097_01.xml	16/03/2020 12:41:19 PM
IMARG202001099AR	BDPARBUE_20200316124120000098_01.xml	16/03/2020 12:41:31 PM
IMARG202001003AR	BDPARBUE_20200316124132000099_01.xml	16/03/2020 12:41:44 PM
IMROA202001059AR	BDPARBUE_20200316124145000100_01.xml	16/03/2020 12:41:57 PM
IMARG202003005AR	BDPARBUE_20200316124158000101_01.xml	16/03/2020 12:42:10 PM
IMBRN202003006AR	BDPARBUE_20200316124211000102_01.xml	16/03/2020 12:42:21 PM
IMARG202003004AR	BDPARBUE_20200316124222000103_01.xml	16/03/2020 12:42:33 PM
IMARG202002030AR	BDPARBUE_20200316124234000104_01.xml	16/03/2020 12:42:45 PM
IMARG202002045AR	BDPARBUE_20200316124246000105_01.xml	16/03/2020 12:42:57 PM
IMFLT202002060AR	BDPARBUE_20200316124258000106_01.xml	16/03/2020 12:43:03 PM
IMROA202001066AR	BDPARBUE_20200316124304000107_01.xml	16/03/2020 12:43:15 PM
IMARG202002046AR	BDPARBUE_20200316124316000108_01.xml	16/03/2020 12:43:26 PM
IMROA202002032AR	BDPARBUE_20200316124327000109_01.xml	16/03/2020 12:43:38 PM
IMARG202002044AR	BDPARBUE_20200316124339000110_01.xml	16/03/2020 12:43:49 PM
IMARG202002069AR	BDPARBUE_20200316124350000111_01.xml	16/03/2020 12:43:58 PM
IMARG202002087AR	BDPARBUE_20200316124359000112_01.xml	16/03/2020 12:44:13 PM
IMARG202002072AR	BDPARBUE_20200316124414000113_01.xml	16/03/2020 12:44:26 PM
IMARG202001149AR	BDPARBUE_20200316124427000114_01.xml	16/03/2020 12:44:38 PM
IMARG202001137AR	BDPARBUE_20200316124439000115_01.xml	16/03/2020 12:44:50 PM
IMARG202001138AR	BDPARBUE_20200316124451000116_01.xml	16/03/2020 12:45:02 PM
IMARG202001080AR	BDPARBUE_20200316124503000117_01.xml	16/03/2020 12:45:14 PM
IMROA202002010AR	BDPARBUE_20200316124515000118_01.xml	16/03/2020 12:45:26 PM
IMFLT202003002AR	BDPARBUE_20200316124527000119_01.xml	16/03/2020 12:45:32 PM
EOARG202003003AR	BDPARBUE_20200316124533000120_01.xml	16/03/2020 12:45:42 PM
IMFLT202002098AR	BDPARBUE_20200316124543000121_01.xml	16/03/2020 12:45:48 PM
EOARG202003002AR	BDPARBUE_20200316124549000122_01.xml	16/03/2020 12:45:57 PM
IMARG202001156AR	BDPARBUE_20200316124558000123_01.xml	16/03/2020 12:46:17 PM
IMARG202002079AR	BDPARBUE_20200316124619000124_01.xml	16/03/2020 12:46:29 PM
IMARG202001140AR	BDPARBUE_20200316124630000125_01.xml	16/03/2020 12:46:41 PM
IMCHP202001011AR	BDPARBUE_20200316124642000126_01.xml	16/03/2020 12:46:53 PM
IMCHP202003009AR	BDPARBUE_20200316124654000127_01.xml	16/03/2020 12:47:06 PM
EMFLT202001008AR	BDPARBUE_20200316124707000128_01.xml	16/03/2020 12:47:12 PM
IMFLT202002043AR	BDPARBUE_20200316124713000129_01.xml	16/03/2020 12:47:22 PM
EMFLT202001013AR	BDPARBUE_20200316124723000130_01.xml	16/03/2020 12:47:28 PM
Program has been finished		16/03/2020 12:47:28 PM
Start Program	16/03/2020 2:04:40 PM
IMFLT202003032AR	BDPARBUE_20200316155728000002_01.xml	16/03/2020 3:57:34 PM
EMFLT202001021AR	BDPARBUE_20200316155735000003_01.xml	16/03/2020 3:57:41 PM
EMARG202003032AR	BDPARBUE_20200316155742000004_01.xml	16/03/2020 3:57:56 PM
IMBRN202003007AR	BDPARBUE_20200316155757000005_01.xml	16/03/2020 3:58:07 PM
EOARG202003032AR	BDPARBUE_20200316155808000006_01.xml	16/03/2020 3:58:17 PM
IOBRN202003001AR	BDPARBUE_20200316155818000007_01.xml	16/03/2020 3:58:25 PM
IMPME202003009AR	BDPARBUE_20200316155826000008_01.xml	16/03/2020 3:58:37 PM
IOSOL202003001AR	BDPARBUE_20200316155838000009_01.xml	16/03/2020 3:58:45 PM
EOARG202003009AR	BDPARBUE_20200316155846000010_01.xml	16/03/2020 3:58:55 PM
IMAXA202003007AR	BDPARBUE_20200316155856000011_01.xml	16/03/2020 3:59:06 PM
IMFLT202002042AR	BDPARBUE_20200316155907000012_01.xml	16/03/2020 3:59:14 PM
EOUNI202003015AR	BDPARBUE_20200316155915000013_01.xml	16/03/2020 3:59:24 PM
EOARG202003028AR	BDPARBUE_20200316155925000014_01.xml	16/03/2020 3:59:34 PM
IOGRH202001002AR	BDPARBUE_20200316155935000015_01.xml	16/03/2020 3:59:39 PM
EOARG202003033AR	BDPARBUE_20200316155940000016_01.xml	16/03/2020 3:59:49 PM
IMFLT202002060AR	BDPARBUE_20200316155950000017_01.xml	16/03/2020 3:59:56 PM
IMFLT202002054AR	BDPARBUE_20200316155957000018_01.xml	16/03/2020 4:00:07 PM
IMARG202003006AR	BDPARBUE_20200316160008000019_01.xml	16/03/2020 4:00:20 PM
IMARG202003030AR	BDPARBUE_20200316160021000020_01.xml	16/03/2020 4:00:37 PM
IMARG202003009AR	BDPARBUE_20200316160038000021_01.xml	16/03/2020 4:00:54 PM
IOSOL202003002AR	BDPARBUE_20200316160055000022_01.xml	16/03/2020 4:01:05 PM
EOUNI202003012AR	BDPARBUE_20200316160106000023_01.xml	16/03/2020 4:01:19 PM
IMARG202002088AR	BDPARBUE_20200316160120000024_01.xml	16/03/2020 4:01:36 PM
IMARG202002089AR	BDPARBUE_20200316160137000025_01.xml	16/03/2020 4:01:53 PM
IMARG202002091AR	BDPARBUE_20200316160155000026_01.xml	16/03/2020 4:02:12 PM
EMFLT202003006AR	BDPARBUE_20200316160213000027_01.xml	16/03/2020 4:02:21 PM
IMARG201912072AR	BDPARBUE_20200316160223000028_01.xml	16/03/2020 4:02:38 PM
IOARG202003003AR	BDPARBUE_20200316160240000029_01.xml	16/03/2020 4:02:54 PM
IMARG202002060AR	BDPARBUE_20200316160256000030_01.xml	16/03/2020 4:03:12 PM
IMARG201912071AR	BDPARBUE_20200316160313000031_01.xml	16/03/2020 4:03:30 PM
IMARG202002059AR	BDPARBUE_20200316160331000032_01.xml	16/03/2020 4:03:50 PM
IMARG202002086AR	BDPARBUE_20200316160351000033_01.xml	16/03/2020 4:04:07 PM
IMSOL202003010AR	BDPARBUE_20200316160409000034_01.xml	16/03/2020 4:04:17 PM
IMARG202002076AR	BDPARBUE_20200316160418000035_01.xml	16/03/2020 4:04:34 PM
EMARG202003049AR	BDPARBUE_20200316160435000036_01.xml	16/03/2020 4:04:53 PM
IMARG202002081AR	BDPARBUE_20200316160454000037_01.xml	16/03/2020 4:05:07 PM
EOUNI202003016AR	BDPARBUE_20200316160508000038_01.xml	16/03/2020 4:05:19 PM
IMARG202002082AR	BDPARBUE_20200316160520000039_01.xml	16/03/2020 4:05:35 PM
IMARG202002080AR	BDPARBUE_20200316160537000040_01.xml	16/03/2020 4:05:54 PM
IMARG202002077AR	BDPARBUE_20200316160555000041_01.xml	16/03/2020 4:06:10 PM
IMARG202002041AR	BDPARBUE_20200316160611000042_01.xml	16/03/2020 4:06:25 PM
IMARG202002064AR	BDPARBUE_20200316160626000043_01.xml	16/03/2020 4:06:40 PM
IMARG202002075AR	BDPARBUE_20200316160641000044_01.xml	16/03/2020 4:06:55 PM
IMARG202001140AR	BDPARBUE_20200316160657000045_01.xml	16/03/2020 4:07:10 PM
IMARG202002079AR	BDPARBUE_20200316160711000046_01.xml	16/03/2020 4:07:25 PM
IMARG202001156AR	BDPARBUE_20200316160726000047_01.xml	16/03/2020 4:07:49 PM
IMARG202001080AR	BDPARBUE_20200316160750000048_01.xml	16/03/2020 4:08:04 PM
IMARG202001138AR	BDPARBUE_20200316160805000049_01.xml	16/03/2020 4:08:18 PM
IMARG202001137AR	BDPARBUE_20200316160819000050_01.xml	16/03/2020 4:08:33 PM
IMARG202001149AR	BDPARBUE_20200316160834000051_01.xml	16/03/2020 4:08:48 PM
IMARG202002072AR	BDPARBUE_20200316160850000052_01.xml	16/03/2020 4:09:07 PM
IMARG202002044AR	BDPARBUE_20200316160908000053_01.xml	16/03/2020 4:09:22 PM
IMARG202002046AR	BDPARBUE_20200316160923000054_01.xml	16/03/2020 4:09:36 PM
IMARG202002045AR	BDPARBUE_20200316160937000055_01.xml	16/03/2020 4:09:51 PM
IMARG202002030AR	BDPARBUE_20200316160952000056_01.xml	16/03/2020 4:10:05 PM
IMARG202003004AR	BDPARBUE_20200316161006000057_01.xml	16/03/2020 4:10:20 PM
IMARG202003005AR	BDPARBUE_20200316161021000058_01.xml	16/03/2020 4:10:34 PM
IMARG202003003AR	BDPARBUE_20200316161035000059_01.xml	16/03/2020 4:10:48 PM
IAROA202003001AR	BDPARBUE_20200316161049000060_01.xml	16/03/2020 4:10:59 PM
EMFLT202003007AR	BDPARBUE_20200316161100000061_01.xml	16/03/2020 4:11:09 PM
EOARG202002123AR	BDPARBUE_20200316161111000062_01.xml	16/03/2020 4:11:22 PM
EOARG202002130AR	BDPARBUE_20200316161123000063_01.xml	16/03/2020 4:11:34 PM
EOARG202002137AR	BDPARBUE_20200316161135000064_01.xml	16/03/2020 4:11:45 PM
EOARG202003130AR	BDPARBUE_20200316161147000065_01.xml	16/03/2020 4:11:59 PM
EOARG202002142AR	BDPARBUE_20200316161201000066_01.xml	16/03/2020 4:12:12 PM
EOARG202002143AR	BDPARBUE_20200316161213000067_01.xml	16/03/2020 4:12:24 PM
EOARG202002144AR	BDPARBUE_20200316161225000068_01.xml	16/03/2020 4:12:36 PM
EOARG202002145AR	BDPARBUE_20200316161237000069_01.xml	16/03/2020 4:12:46 PM
IMARG202003050AR	BDPARBUE_20200316161247000070_01.xml	16/03/2020 4:12:58 PM
EOARG202002149AR	BDPARBUE_20200316161259000071_01.xml	16/03/2020 4:13:08 PM
EOARG202002150AR	BDPARBUE_20200316161309000072_01.xml	16/03/2020 4:13:18 PM
EOARG202002138AR	BDPARBUE_20200316161319000073_01.xml	16/03/2020 4:13:28 PM
EOARG202002147AR	BDPARBUE_20200316161329000074_01.xml	16/03/2020 4:13:38 PM
EOSLT202003001AR	BDPARBUE_20200316161339000075_01.xml	16/03/2020 4:13:48 PM
EOARG202002157AR	BDPARBUE_20200316161349000076_01.xml	16/03/2020 4:13:58 PM
EOARG202002158AR	BDPARBUE_20200316161359000077_01.xml	16/03/2020 4:14:08 PM
EOARG202002159AR	BDPARBUE_20200316161409000078_01.xml	16/03/2020 4:14:18 PM
EOARG202002161AR	BDPARBUE_20200316161419000079_01.xml	16/03/2020 4:14:28 PM
EOARG202002162AR	BDPARBUE_20200316161429000080_01.xml	16/03/2020 4:14:38 PM
EOARG202002163AR	BDPARBUE_20200316161439000081_01.xml	16/03/2020 4:14:49 PM
EOARG202002164AR	BDPARBUE_20200316161450000082_01.xml	16/03/2020 4:14:59 PM
IMFLT202003022AR	BDPARBUE_20200316161500000083_01.xml	16/03/2020 4:15:05 PM
IMFLT202003021AR	BDPARBUE_20200316161506000084_01.xml	16/03/2020 4:15:12 PM
IMFLT202003020AR	BDPARBUE_20200316161513000085_01.xml	16/03/2020 4:15:18 PM
IMFLT202003019AR	BDPARBUE_20200316161519000086_01.xml	16/03/2020 4:15:25 PM
IMARG202001062AR	BDPARBUE_20200316161526000087_01.xml	16/03/2020 4:15:37 PM
IMARG202002021AR	BDPARBUE_20200316161538000088_01.xml	16/03/2020 4:15:45 PM
IMARG202001071AR	BDPARBUE_20200316161547000089_01.xml	16/03/2020 4:15:57 PM
IMARG202001065AR	BDPARBUE_20200316161559000090_01.xml	16/03/2020 4:16:09 PM
IMARG202001066AR	BDPARBUE_20200316161610000091_01.xml	16/03/2020 4:16:21 PM
IMARG202001146AR	BDPARBUE_20200316161622000092_01.xml	16/03/2020 4:16:33 PM
IMARG202001064AR	BDPARBUE_20200316161634000093_01.xml	16/03/2020 4:16:45 PM
IMARG202001153AR	BDPARBUE_20200316161646000094_01.xml	16/03/2020 4:16:58 PM
EMARG202003110AR	BDPARBUE_20200316161659000095_01.xml	16/03/2020 4:17:09 PM
IMBRN201908002AR	BDPARBUE_20200316161710000096_01.xml	16/03/2020 4:17:21 PM
EOARG202002167AR	BDPARBUE_20200316161722000097_01.xml	16/03/2020 4:17:31 PM
EOARG202002175AR	BDPARBUE_20200316161732000098_01.xml	16/03/2020 4:17:41 PM
EOARG202002176AR	BDPARBUE_20200316161742000099_01.xml	16/03/2020 4:17:51 PM
IMARG202002006AR	BDPARBUE_20200316161752000100_01.xml	16/03/2020 4:18:03 PM
EOARG202002207AR	BDPARBUE_20200316161804000101_01.xml	16/03/2020 4:18:13 PM
IMARG202002016AR	BDPARBUE_20200316161814000102_01.xml	16/03/2020 4:18:27 PM
IMARG201912075AR	BDPARBUE_20200316161828000103_01.xml	16/03/2020 4:18:40 PM
IMARG202002026AR	BDPARBUE_20200316161841000104_01.xml	16/03/2020 4:18:52 PM
IMARG201911085AR	BDPARBUE_20200316161853000105_01.xml	16/03/2020 4:19:06 PM
IMARG202002019AR	BDPARBUE_20200316161907000106_01.xml	16/03/2020 4:19:18 PM
IMARG202002010AR	BDPARBUE_20200316161919000107_01.xml	16/03/2020 4:19:30 PM
EOARG202002209AR	BDPARBUE_20200316161931000108_01.xml	16/03/2020 4:19:40 PM
IMARG201912068AR	BDPARBUE_20200316161941000109_01.xml	16/03/2020 4:19:53 PM
EMARG202003217AR	BDPARBUE_20200316161954000110_01.xml	16/03/2020 4:20:04 PM
IMARG202002034AR	BDPARBUE_20200316162005000111_01.xml	16/03/2020 4:20:16 PM
IAFLT202003010AR	BDPARBUE_20200316162017000112_01.xml	16/03/2020 4:20:21 PM
IMARG202002014AR	BDPARBUE_20200316162022000113_01.xml	16/03/2020 4:20:35 PM
EOARG202002211AR	BDPARBUE_20200316162036000114_01.xml	16/03/2020 4:20:45 PM
IMNOV201912026AR	BDPARBUE_20200316162046000115_01.xml	16/03/2020 4:20:57 PM
IMNOV202002004AR	BDPARBUE_20200316162059000116_01.xml	16/03/2020 4:21:10 PM
EOARG202002165AR	BDPARBUE_20200316162111000117_01.xml	16/03/2020 4:21:20 PM
EOARG202002166AR	BDPARBUE_20200316162121000118_01.xml	16/03/2020 4:21:30 PM
IMARG202002032AR	BDPARBUE_20200316162131000119_01.xml	16/03/2020 4:21:43 PM
IMARG202001008AR	BDPARBUE_20200316162144000120_01.xml	16/03/2020 4:21:59 PM
IAARG202002008AR	BDPARBUE_20200316162201000121_01.xml	16/03/2020 4:22:13 PM
IOARG202002009AR	BDPARBUE_20200316162214000122_01.xml	16/03/2020 4:22:25 PM
EOARG202002160AR	BDPARBUE_20200316162226000123_01.xml	16/03/2020 4:22:36 PM
IMARG201912074AR	BDPARBUE_20200316162237000124_01.xml	16/03/2020 4:22:50 PM
IAFLT202003009AR	BDPARBUE_20200316162251000125_01.xml	16/03/2020 4:22:56 PM
IMARG202002039AR	BDPARBUE_20200316162257000126_01.xml	16/03/2020 4:23:10 PM
EOARG202002117AR	BDPARBUE_20200316162311000127_01.xml	16/03/2020 4:23:20 PM
IMARG202002029AR	BDPARBUE_20200316162321000128_01.xml	16/03/2020 4:23:32 PM
IMARG201912076AR	BDPARBUE_20200316162333000129_01.xml	16/03/2020 4:23:44 PM
IMPME202003008AR	BDPARBUE_20200316162345000130_01.xml	16/03/2020 4:23:53 PM
EOUNI202003017AR	BDPARBUE_20200316162354000131_01.xml	16/03/2020 4:24:03 PM
IMFLT202003002AR	BDPARBUE_20200316162404000132_01.xml	16/03/2020 4:24:10 PM
EOARG202002061AR	BDPARBUE_20200316162411000133_01.xml	16/03/2020 4:24:20 PM
IMARG202003091AR	BDPARBUE_20200316162421000134_01.xml	16/03/2020 4:24:32 PM
EOARG202002129AR	BDPARBUE_20200316162433000135_01.xml	16/03/2020 4:24:42 PM
EOARG202002188AR	BDPARBUE_20200316162443000136_01.xml	16/03/2020 4:24:52 PM
EOUNI202003018AR	BDPARBUE_20200316162453000137_01.xml	16/03/2020 4:25:02 PM
EOARG202002178AR	BDPARBUE_20200316162503000138_01.xml	16/03/2020 4:25:12 PM
EMARG202003219AR	BDPARBUE_20200316162513000139_01.xml	16/03/2020 4:25:23 PM
EOARG202002217AR	BDPARBUE_20200316162524000140_01.xml	16/03/2020 4:25:33 PM
EMFLT202003003AR	BDPARBUE_20200316162534000141_01.xml	16/03/2020 4:25:41 PM
EOARG202002208AR	BDPARBUE_20200316162542000142_01.xml	16/03/2020 4:25:52 PM
EOARG202002215AR	BDPARBUE_20200316162553000143_01.xml	16/03/2020 4:26:02 PM
EMARG202003216AR	BDPARBUE_20200316162603000144_01.xml	16/03/2020 4:26:12 PM
IMARG202002074AR	BDPARBUE_20200316162613000145_01.xml	16/03/2020 4:26:24 PM
EMARG202003220AR	BDPARBUE_20200316162625000146_01.xml	16/03/2020 4:26:35 PM
IMARG202002073AR	BDPARBUE_20200316162636000147_01.xml	16/03/2020 4:26:46 PM
EOARG202003131AR	BDPARBUE_20200316162647000148_01.xml	16/03/2020 4:26:59 PM
EOARG202002056AR	BDPARBUE_20200316162700000149_01.xml	16/03/2020 4:27:09 PM
EOARG202002201AR	BDPARBUE_20200316162710000150_01.xml	16/03/2020 4:27:19 PM
EOARG202002202AR	BDPARBUE_20200316162720000151_01.xml	16/03/2020 4:27:29 PM
IMBRN202002002AR	BDPARBUE_20200316162730000152_01.xml	16/03/2020 4:27:40 PM
EOARG202002192AR	BDPARBUE_20200316162741000153_01.xml	16/03/2020 4:27:50 PM
EOARG202002193AR	BDPARBUE_20200316162751000154_01.xml	16/03/2020 4:28:00 PM
EOARG202002194AR	BDPARBUE_20200316162801000155_01.xml	16/03/2020 4:28:07 PM
Program has been finished		16/03/2020 4:28:07 PM
