IMEXO202003030BR	BDPBRSAO_20200406235912000313_01.xml	4/7/2020 12:00:19 AM
EMCSR202003047BR	BDPBRSAO_20200407000025000314_01.xml	4/7/2020 12:01:41 AM
IMSWB202001008BR	BDPBRSAO_20200407000144000315_01.xml	4/7/2020 12:02:20 AM
IMSWB202001033BR	BDPBRSAO_20200407000223000316_01.xml	4/7/2020 12:03:01 AM
IMSWB202001046BR	BDPBRSAO_20200407000305000317_01.xml	4/7/2020 12:03:54 AM
IMSWB202001071BR	BDPBRSAO_20200407000358000318_01.xml	4/7/2020 12:04:49 AM
IMSWB202001090BR	BDPBRSAO_20200407000453000319_01.xml	4/7/2020 12:06:03 AM
IMSWB202002005BR	BDPBRSAO_20200407000607000320_01.xml	4/7/2020 12:07:02 AM
IMSWB202002011BR	BDPBRSAO_20200407000705000321_01.xml	4/7/2020 12:08:06 AM
IMSWB202002106BR	BDPBRSAO_20200407000809000322_01.xml	4/7/2020 12:08:52 AM
IMUPM202003006BR	BDPBRSAO_20200407000904000323_01.xml	4/7/2020 12:10:17 AM
EOEXO201908002BR	BDPBRSAO_20200407001021000324_01.xml	4/7/2020 12:11:06 AM
IMSOL201909130BR	BDPBRSAO_20200407001110000325_01.xml	4/7/2020 12:12:21 AM
IMSOL201910024BR	BDPBRSAO_20200407001224000326_01.xml	4/7/2020 12:13:17 AM
IMSOL201910122BR	BDPBRSAO_20200407001321000327_01.xml	4/7/2020 12:14:12 AM
IMSOL202003208BR	BDPBRSAO_20200407001415000328_01.xml	4/7/2020 12:14:48 AM
IMSOL202003207BR	BDPBRSAO_20200407001452000329_01.xml	4/7/2020 12:16:04 AM
IMSOL202002137BR	BDPBRSAO_20200407001608000330_01.xml	4/7/2020 12:16:55 AM
IMSOL202002134BR	BDPBRSAO_20200407001659000331_01.xml	4/7/2020 12:17:31 AM
IMSOL202002146BR	BDPBRSAO_20200407001742000332_01.xml	4/7/2020 12:18:41 AM
IMSOL202002147BR	BDPBRSAO_20200407001848000333_01.xml	4/7/2020 12:19:42 AM
IMSOL202003006BR	BDPBRSAO_20200407001949000334_01.xml	4/7/2020 12:21:07 AM
IMSOL202003032BR	BDPBRSAO_20200407002114000335_01.xml	4/7/2020 12:22:14 AM
IMSOL202003155BR	BDPBRSAO_20200407002221000336_01.xml	4/7/2020 12:23:12 AM
IMSOL202003089BR	BDPBRSAO_20200407002316000337_01.xml	4/7/2020 12:24:07 AM
IMSOL202003108BR	BDPBRSAO_20200407002409000338_01.xml	4/7/2020 12:25:00 AM
IMSOL202003164BR	BDPBRSAO_20200407002503000339_01.xml	4/7/2020 12:25:47 AM
IMSOL202003145BR	BDPBRSAO_20200407002552000340_01.xml	4/7/2020 12:27:01 AM
IMSOL202003193BR	BDPBRSAO_20200407002705000341_01.xml	4/7/2020 12:27:56 AM
IMSOL202003192BR	BDPBRSAO_20200407002800000342_01.xml	4/7/2020 12:29:00 AM
IMSOL202003191BR	BDPBRSAO_20200407002904000343_01.xml	4/7/2020 12:29:50 AM
IMSOL202003189BR	BDPBRSAO_20200407003005000344_01.xml	4/7/2020 12:30:45 AM
IMSOL202003188BR	BDPBRSAO_20200407003049000345_01.xml	4/7/2020 12:31:40 AM
IMSOL202003187BR	BDPBRSAO_20200407003144000346_01.xml	4/7/2020 12:32:27 AM
IMSOL202003186BR	BDPBRSAO_20200407003234000347_01.xml	4/7/2020 12:33:21 AM
IMSOL202003185BR	BDPBRSAO_20200407003325000348_01.xml	4/7/2020 12:34:08 AM
IMSOL202003184BR	BDPBRSAO_20200407003414000349_01.xml	4/7/2020 12:34:47 AM
IMSOL202003183BR	BDPBRSAO_20200407003501000350_01.xml	4/7/2020 12:35:42 AM
IMSOL202003182BR	BDPBRSAO_20200407003547000351_01.xml	4/7/2020 12:36:50 AM
IMSOL202003181BR	BDPBRSAO_20200407003655000352_01.xml	4/7/2020 12:37:31 AM
IMSOL202003180BR	BDPBRSAO_20200407003740000353_01.xml	4/7/2020 12:38:34 AM
IMSOL202003179BR	BDPBRSAO_20200407003841000354_01.xml	4/7/2020 12:39:49 AM
IMSOL202003178BR	BDPBRSAO_20200407003956000355_01.xml	4/7/2020 12:40:44 AM
IMSOL202003177BR	BDPBRSAO_20200407004055000356_01.xml	4/7/2020 12:41:43 AM
IMSOL202003176BR	BDPBRSAO_20200407004146000357_01.xml	4/7/2020 12:42:50 AM
IMSOL202003202BR	BDPBRSAO_20200407004302000358_01.xml	4/7/2020 12:43:46 AM
IMCTV202003026BR	BDPBRSAO_20200407004355000359_01.xml	4/7/2020 12:45:01 AM
EOEXO201911007BR	BDPBRSAO_20200407004514000360_01.xml	4/7/2020 12:46:24 AM
IMCSR202003216BR	BDPBRSAO_20200407004630000361_01.xml	4/7/2020 12:47:26 AM
EOEXO201910001BR	BDPBRSAO_20200407004729000362_01.xml	4/7/2020 12:48:04 AM
EOEXO201911005BR	BDPBRSAO_20200407004806000363_01.xml	4/7/2020 12:48:50 AM
EOEXO201910002BR	BDPBRSAO_20200407004857000364_01.xml	4/7/2020 12:50:38 AM
EOEXO201911004BR	BDPBRSAO_20200407005049000365_01.xml	4/7/2020 12:52:32 AM
IMCSR202003225BR	BDPBRSAO_20200407005243000366_01.xml	4/7/2020 12:53:37 AM
EOEXO202003002BR	BDPBRSAO_20200407005343000367_01.xml	4/7/2020 12:54:43 AM
EOEXO202003001BR	BDPBRSAO_20200407005446000368_01.xml	4/7/2020 12:56:01 AM
IMCSR202003265BR	BDPBRSAO_20200407005606000369_01.xml	4/7/2020 12:56:58 AM
EOEXO201904001BR	BDPBRSAO_20200407005709000370_01.xml	4/7/2020 12:57:53 AM
EOEXO202002001BR	BDPBRSAO_20200407005757000371_01.xml	4/7/2020 12:58:32 AM
IMCSR202003267BR	BDPBRSAO_20200407005837000372_01.xml	4/7/2020 1:00:27 AM
IMCSR202003278BR	BDPBRSAO_20200407010052000373_01.xml	4/7/2020 1:02:38 AM
EOEXO201910003BR	BDPBRSAO_20200407010245000374_01.xml	4/7/2020 1:03:11 AM
IMCSR202003458BR	BDPBRSAO_20200407010316000375_01.xml	4/7/2020 1:04:18 AM
EOEXO201911003BR	BDPBRSAO_20200407010425000376_01.xml	4/7/2020 1:05:02 AM
EOEXO201905001BR	BDPBRSAO_20200407010514000377_01.xml	4/7/2020 1:06:32 AM
EMOXT202003074BR	BDPBRSAO_20200407010640000378_01.xml	4/7/2020 1:07:51 AM
EOEXO201909002BR	BDPBRSAO_20200407010756000379_01.xml	4/7/2020 1:08:32 AM
IMCSR202003501BR	BDPBRSAO_20200407010840000380_01.xml	4/7/2020 1:10:34 AM
IMCSR202003534BR	BDPBRSAO_20200407011039000381_01.xml	4/7/2020 1:12:06 AM
IMCSR202003546BR	BDPBRSAO_20200407011211000382_01.xml	4/7/2020 1:13:33 AM
EOATN201907004BR	BDPBRSAO_20200407011337000383_01.xml	4/7/2020 1:14:45 AM
EOATN201907003BR	BDPBRSAO_20200407011456000384_01.xml	4/7/2020 1:15:42 AM
EOEXO202003004BR	BDPBRSAO_20200407011548000385_01.xml	4/7/2020 1:16:51 AM
IMCSR202001568BR	BDPBRSAO_20200407011658000386_01.xml	4/7/2020 1:18:01 AM
IMCSR202001569BR	BDPBRSAO_20200407011806000387_01.xml	4/7/2020 1:18:58 AM
IMCSR202001570BR	BDPBRSAO_20200407011906000388_01.xml	4/7/2020 1:20:19 AM
IMCSR202001572BR	BDPBRSAO_20200407012034000389_01.xml	4/7/2020 1:21:31 AM
IMCSR202001583BR	BDPBRSAO_20200407012135000390_01.xml	4/7/2020 1:22:21 AM
IMCSR202001551BR	BDPBRSAO_20200407012224000391_01.xml	4/7/2020 1:23:22 AM
IMCSR202001544BR	BDPBRSAO_20200407012325000392_01.xml	4/7/2020 1:24:24 AM
IMCSR202002110BR	BDPBRSAO_20200407012431000393_01.xml	4/7/2020 1:25:36 AM
IMCSR202002113BR	BDPBRSAO_20200407012547000394_01.xml	4/7/2020 1:26:54 AM
IMCSR202001487BR	BDPBRSAO_20200407012657000395_01.xml	4/7/2020 1:28:10 AM
EOATN201907002BR	BDPBRSAO_20200407012819000396_01.xml	4/7/2020 1:29:05 AM
EOEXO201904002BR	BDPBRSAO_20200407012911000397_01.xml	4/7/2020 1:30:15 AM
EOEXO202003003BR	BDPBRSAO_20200407013025000398_01.xml	4/7/2020 1:31:48 AM
IMSLA202003027BR	BDPBRSAO_20200407013153000399_01.xml	4/7/2020 1:34:50 AM
EOEXO201904003BR	BDPBRSAO_20200407013454000400_01.xml	4/7/2020 1:35:31 AM
EOEXO201910006BR	BDPBRSAO_20200407013538000401_01.xml	4/7/2020 1:36:19 AM
EOEXO201912001BR	BDPBRSAO_20200407013622000402_01.xml	4/7/2020 1:36:58 AM
IACBT202001001BR	BDPBRSAO_20200407013659000403_01.xml	4/7/2020 1:37:44 AM
IACSR202003016BR	BDPBRSAO_20200407013746000404_01.xml	4/7/2020 1:38:16 AM
EOEXO201910007BR	BDPBRSAO_20200407013819000405_01.xml	4/7/2020 1:39:03 AM
EOEXO202003005BR	BDPBRSAO_20200407013909000406_01.xml	4/7/2020 1:40:59 AM
EOEXO202003006BR	BDPBRSAO_20200407014107000407_01.xml	4/7/2020 1:42:07 AM
EOEXO201910008BR	BDPBRSAO_20200407014211000408_01.xml	4/7/2020 1:43:10 AM
EOEXO201910005BR	BDPBRSAO_20200407014317000409_01.xml	4/7/2020 1:43:49 AM
EOEXO201910004BR	BDPBRSAO_20200407014408000410_01.xml	4/7/2020 1:45:08 AM
EOEXO201908003BR	BDPBRSAO_20200407014511000411_01.xml	4/7/2020 1:45:58 AM
EOSLA201902001BR	BDPBRSAO_20200407014601000412_01.xml	4/7/2020 1:47:04 AM
EOEXO201903002BR	BDPBRSAO_20200407014709000413_01.xml	4/7/2020 1:47:57 AM
EMOXT202003183BR	BDPBRSAO_20200407014802000414_01.xml	4/7/2020 1:49:02 AM
IMEAS202004002BR	BDPBRSAO_20200407014906000415_01.xml	4/7/2020 1:49:55 AM
EOEXO201911002BR	BDPBRSAO_20200407015000000416_01.xml	4/7/2020 1:50:57 AM
IMCSR202003279BR	BDPBRSAO_20200407015104000417_01.xml	4/7/2020 1:51:58 AM
EOEXO201905002BR	BDPBRSAO_20200407015202000418_01.xml	4/7/2020 1:52:56 AM
EOEXO201908001BR	BDPBRSAO_20200407015300000419_01.xml	4/7/2020 1:53:33 AM
EOEXO201904004BR	BDPBRSAO_20200407015338000420_01.xml	4/7/2020 1:54:23 AM
IACBT202003006BR	BDPBRSAO_20200407015426000421_01.xml	4/7/2020 1:55:22 AM
EOEXO201909001BR	BDPBRSAO_20200407015525000422_01.xml	4/7/2020 1:56:11 AM
EOCBT201910001BR	BDPBRSAO_20200407015617000423_01.xml	4/7/2020 1:57:05 AM
EOEXO201911006BR	BDPBRSAO_20200407015711000424_01.xml	4/7/2020 1:58:00 AM
EOEXO201911008BR	BDPBRSAO_20200407015802000425_01.xml	4/7/2020 1:58:36 AM
EOEXO201911009BR	BDPBRSAO_20200407015839000426_01.xml	4/7/2020 1:59:40 AM
IMCBT202002006BR	BDPBRSAO_20200407015954000427_01.xml	4/7/2020 2:01:45 AM
EMARC202004006BR	BDPBRSAO_20200407020148000428_01.xml	4/7/2020 2:02:15 AM
IMCBT202001021BR	BDPBRSAO_20200407020221000429_01.xml	4/7/2020 2:03:24 AM
IMCBT201912005BR	BDPBRSAO_20200407020327000430_01.xml	4/7/2020 2:04:17 AM
IMCBT202001001BR	BDPBRSAO_20200407020421000431_01.xml	4/7/2020 2:04:58 AM
EMOXT202003153BR	BDPBRSAO_20200407020502000432_01.xml	4/7/2020 2:05:47 AM
IMCBT202001003BR	BDPBRSAO_20200407020551000433_01.xml	4/7/2020 2:06:37 AM
IMCBT202001004BR	BDPBRSAO_20200407020641000434_01.xml	4/7/2020 2:07:21 AM
IMCBT201909003BR	BDPBRSAO_20200407020724000435_01.xml	4/7/2020 2:08:21 AM
IMSLA202003028BR	BDPBRSAO_20200407020831000436_01.xml	4/7/2020 2:10:23 AM
IMCBT202003034BR	BDPBRSAO_20200407021028000437_01.xml	4/7/2020 2:11:17 AM
IMCSR202003369BR	BDPBRSAO_20200407021120000438_01.xml	4/7/2020 2:12:18 AM
IMCTV201912082BR	BDPBRSAO_20200407021226000439_01.xml	4/7/2020 2:13:01 AM
IMSLA202004007BR	BDPBRSAO_20200407021306000440_01.xml	4/7/2020 2:13:46 AM
IMATL202003084BR	BDPBRSAO_20200407021350000441_01.xml	4/7/2020 2:14:21 AM
IMCBT202002004BR	BDPBRSAO_20200407021424000442_01.xml	4/7/2020 2:14:53 AM
IMCBT202002003BR	BDPBRSAO_20200407021456000443_01.xml	4/7/2020 2:15:58 AM
IMATL202003105BR	BDPBRSAO_20200407021603000444_01.xml	4/7/2020 2:16:24 AM
IMATL202003085BR	BDPBRSAO_20200407021627000445_01.xml	4/7/2020 2:16:59 AM
IMIFB201912057BR	BDPBRSAO_20200407021703000446_01.xml	4/7/2020 2:17:42 AM
IMSUR202004002BR	BDPBRSAO_20200407021746000447_01.xml	4/7/2020 2:18:23 AM
IMCBT202002002BR	BDPBRSAO_20200407021826000448_01.xml	4/7/2020 2:19:22 AM
IMATL202003122BR	BDPBRSAO_20200407021933000449_01.xml	4/7/2020 2:20:41 AM
IMATL202003120BR	BDPBRSAO_20200407022045000450_01.xml	4/7/2020 2:21:27 AM
IMATL202003107BR	BDPBRSAO_20200407022131000451_01.xml	4/7/2020 2:21:52 AM
IMATL202003121BR	BDPBRSAO_20200407022155000452_01.xml	4/7/2020 2:22:53 AM
IMATL202003052BR	BDPBRSAO_20200407022257000453_01.xml	4/7/2020 2:23:34 AM
IMATL202003054BR	BDPBRSAO_20200407022410000454_01.xml	4/7/2020 2:24:39 AM
IMATL202003051BR	BDPBRSAO_20200407022441000455_01.xml	4/7/2020 2:24:59 AM
IMATL202003113BR	BDPBRSAO_20200407022502000456_01.xml	4/7/2020 2:25:31 AM
IMSUR202003003BR	BDPBRSAO_20200407022536000457_01.xml	4/7/2020 2:25:54 AM
IMSUN202003002BR	BDPBRSAO_20200407022557000458_01.xml	4/7/2020 2:26:31 AM
IMNVS202003001BR	BDPBRSAO_20200407022633000459_01.xml	4/7/2020 2:26:53 AM
IMATL202003093BR	BDPBRSAO_20200407022656000460_01.xml	4/7/2020 2:27:30 AM
IMATL202003109BR	BDPBRSAO_20200407022734000461_01.xml	4/7/2020 2:28:04 AM
IMATL202003086BR	BDPBRSAO_20200407022808000462_01.xml	4/7/2020 2:28:37 AM
IMATL202003104BR	BDPBRSAO_20200407022840000463_01.xml	4/7/2020 2:29:02 AM
IMATL202003123BR	BDPBRSAO_20200407022904000464_01.xml	4/7/2020 2:29:41 AM
IMEVO202003009BR	BDPBRSAO_20200407022946000465_01.xml	4/7/2020 2:30:31 AM
IMATL202003089BR	BDPBRSAO_20200407023034000466_01.xml	4/7/2020 2:31:06 AM
IMSUN202003007BR	BDPBRSAO_20200407023115000467_01.xml	4/7/2020 2:31:47 AM
IMATL202003069BR	BDPBRSAO_20200407023152000468_01.xml	4/7/2020 2:32:25 AM
IMATL202003112BR	BDPBRSAO_20200407023229000469_01.xml	4/7/2020 2:32:51 AM
IMSOL201912073BR	BDPBRSAO_20200407023253000470_01.xml	4/7/2020 2:33:35 AM
IMATL202004004BR	BDPBRSAO_20200407023338000471_01.xml	4/7/2020 2:34:23 AM
IMCTV202003086BR	BDPBRSAO_20200407023426000472_01.xml	4/7/2020 2:35:47 AM
IMCTV202003084BR	BDPBRSAO_20200407023553000473_01.xml	4/7/2020 2:36:50 AM
IMCTV202002005BR	BDPBRSAO_20200407023658000474_01.xml	4/7/2020 2:38:00 AM
IMCTV201912011BR	BDPBRSAO_20200407023803000475_01.xml	4/7/2020 2:38:32 AM
IMCSR202003612BR	BDPBRSAO_20200407023835000476_01.xml	4/7/2020 2:39:48 AM
IMATL202004005BR	BDPBRSAO_20200407023951000477_01.xml	4/7/2020 2:40:07 AM
IMCTV202003006BR	BDPBRSAO_20200407024011000478_01.xml	4/7/2020 2:40:54 AM
IMCTV202003007BR	BDPBRSAO_20200407024057000479_01.xml	4/7/2020 2:41:50 AM
IMCTV202002038BR	BDPBRSAO_20200407024154000480_01.xml	4/7/2020 2:42:33 AM
IMCTV202002040BR	BDPBRSAO_20200407024235000481_01.xml	4/7/2020 2:43:00 AM
IMCTV202003009BR	BDPBRSAO_20200407024302000482_01.xml	4/7/2020 2:44:02 AM
IMCTV202002041BR	BDPBRSAO_20200407024404000483_01.xml	4/7/2020 2:44:34 AM
IMCTV202001008BR	BDPBRSAO_20200407024447000484_01.xml	4/7/2020 2:45:37 AM
IMCTV202001012BR	BDPBRSAO_20200407024541000485_01.xml	4/7/2020 2:46:17 AM
IMCTV202001013BR	BDPBRSAO_20200407024622000486_01.xml	4/7/2020 2:47:14 AM
IMCTV202002013BR	BDPBRSAO_20200407024718000487_01.xml	4/7/2020 2:48:02 AM
IMCTV202002023BR	BDPBRSAO_20200407024805000488_01.xml	4/7/2020 2:48:49 AM
IMCTV202003008BR	BDPBRSAO_20200407024852000489_01.xml	4/7/2020 2:50:19 AM
IMCTV202003002BR	BDPBRSAO_20200407025024000490_01.xml	4/7/2020 2:51:09 AM
EMSOL202003017BR	BDPBRSAO_20200407025117000491_01.xml	4/7/2020 2:52:44 AM
IMCTV202002001BR	BDPBRSAO_20200407025249000492_01.xml	4/7/2020 2:53:28 AM
IMCTV202001009BR	BDPBRSAO_20200407025332000493_01.xml	4/7/2020 2:54:23 AM
IMCTV202001010BR	BDPBRSAO_20200407025427000494_01.xml	4/7/2020 2:55:22 AM
IMSWB201912126BR	BDPBRSAO_20200407025525000495_01.xml	4/7/2020 3:08:42 AM
IMCTV202001011BR	BDPBRSAO_20200407030850000496_01.xml	4/7/2020 3:09:46 AM
IMCTV202002076BR	BDPBRSAO_20200407030950000497_01.xml	4/7/2020 3:10:38 AM
IMMAU202003014BR	BDPBRSAO_20200407031041000498_01.xml	4/7/2020 3:11:43 AM
IMCTV202003063BR	BDPBRSAO_20200407031148000499_01.xml	4/7/2020 3:12:35 AM
IMEVO202004002BR	BDPBRSAO_20200407031239000500_01.xml	4/7/2020 3:12:59 AM
IMCTV202002006BR	BDPBRSAO_20200407031309000501_01.xml	4/7/2020 3:13:58 AM
IMCTV202003071BR	BDPBRSAO_20200407031403000502_01.xml	4/7/2020 3:15:17 AM
IMCTV202003060BR	BDPBRSAO_20200407031520000503_01.xml	4/7/2020 3:16:27 AM
IMSOL202003039BR	BDPBRSAO_20200407031631000504_01.xml	4/7/2020 3:17:21 AM
IMCTV202002007BR	BDPBRSAO_20200407031726000505_01.xml	4/7/2020 3:18:29 AM
IMATL202004006BR	BDPBRSAO_20200407031834000506_01.xml	4/7/2020 3:19:32 AM
IMSPC202003020BR	BDPBRSAO_20200407031944000507_01.xml	4/7/2020 3:20:53 AM
IMCTV202003064BR	BDPBRSAO_20200407032100000508_01.xml	4/7/2020 3:22:10 AM
IMSOL202003036BR	BDPBRSAO_20200407032224000509_01.xml	4/7/2020 3:23:42 AM
IMCTV202003070BR	BDPBRSAO_20200407032346000510_01.xml	4/7/2020 3:25:15 AM
IMCSR202003333BR	BDPBRSAO_20200407032520000511_01.xml	4/7/2020 3:26:11 AM
IMSOL202003057BR	BDPBRSAO_20200407032614000512_01.xml	4/7/2020 3:26:52 AM
IMCSR202003239BR	BDPBRSAO_20200407032655000513_01.xml	4/7/2020 3:27:30 AM
IMCTV202002004BR	BDPBRSAO_20200407032735000514_01.xml	4/7/2020 3:28:06 AM
EAOXT202004001BR	BDPBRSAO_20200407032808000515_01.xml	4/7/2020 3:28:49 AM
IMCSR202002290BR	BDPBRSAO_20200407032851000516_01.xml	4/7/2020 3:29:42 AM
EOOXT202003022BR	BDPBRSAO_20200407032946000517_01.xml	4/7/2020 3:30:30 AM
IMCTV202003059BR	BDPBRSAO_20200407033034000518_01.xml	4/7/2020 3:31:28 AM
IMATL202004007BR	BDPBRSAO_20200407033131000519_01.xml	4/7/2020 3:32:03 AM
EMOXT202003124BR	BDPBRSAO_20200407033205000520_01.xml	4/7/2020 3:32:50 AM
IMCSR202003402BR	BDPBRSAO_20200407033252000521_01.xml	4/7/2020 3:33:41 AM
IMCSR202003227BR	BDPBRSAO_20200407033343000522_01.xml	4/7/2020 3:34:32 AM
IMCSR201911378BR	BDPBRSAO_20200407033435000523_01.xml	4/7/2020 3:35:31 AM
IMATL202004008BR	BDPBRSAO_20200407033533000524_01.xml	4/7/2020 3:35:49 AM
EMOXT202003198BR	BDPBRSAO_20200407033551000525_01.xml	4/7/2020 3:36:25 AM
IMCSR202003268BR	BDPBRSAO_20200407033627000526_01.xml	4/7/2020 3:36:58 AM
IMCSR202003193BR	BDPBRSAO_20200407033700000527_01.xml	4/7/2020 3:37:31 AM
IMCSR202003068BR	BDPBRSAO_20200407033733000528_01.xml	4/7/2020 3:38:04 AM
IMCSR202003406BR	BDPBRSAO_20200407033806000529_01.xml	4/7/2020 3:38:36 AM
IMCSR202003243BR	BDPBRSAO_20200407033839000530_01.xml	4/7/2020 3:39:29 AM
IMCSR202003254BR	BDPBRSAO_20200407033931000531_01.xml	4/7/2020 3:40:10 AM
IMCSR202002254BR	BDPBRSAO_20200407034014000532_01.xml	4/7/2020 3:41:01 AM
IMCSR201912072BR	BDPBRSAO_20200407034107000533_01.xml	4/7/2020 3:42:16 AM
IMSPC202003019BR	BDPBRSAO_20200407034220000534_01.xml	4/7/2020 3:44:52 AM
IMCSR202002296BR	BDPBRSAO_20200407034456000535_01.xml	4/7/2020 3:45:59 AM
IMSPC202003024BR	BDPBRSAO_20200407034602000536_01.xml	4/7/2020 3:47:06 AM
IMCSR202003005BR	BDPBRSAO_20200407034709000537_01.xml	4/7/2020 3:48:05 AM
EMCSR202003113BR	BDPBRSAO_20200407034808000538_01.xml	4/7/2020 3:48:40 AM
IMCSR202003178BR	BDPBRSAO_20200407034846000539_01.xml	4/7/2020 3:49:25 AM
IMCSR202003228BR	BDPBRSAO_20200407034929000540_01.xml	4/7/2020 3:50:33 AM
IMCSR202002242BR	BDPBRSAO_20200407035045000541_01.xml	4/7/2020 3:51:54 AM
EMCSR202003115BR	BDPBRSAO_20200407035159000542_01.xml	4/7/2020 3:52:46 AM
IMCSR202002320BR	BDPBRSAO_20200407035251000543_01.xml	4/7/2020 3:53:58 AM
IMCSR202003224BR	BDPBRSAO_20200407035403000544_01.xml	4/7/2020 3:54:58 AM
IMCSR202003006BR	BDPBRSAO_20200407035503000545_01.xml	4/7/2020 3:55:57 AM
IMCSR202003250BR	BDPBRSAO_20200407035600000546_01.xml	4/7/2020 3:56:50 AM
IMCSR202003301BR	BDPBRSAO_20200407035656000547_01.xml	4/7/2020 3:57:48 AM
IMCSR202002330BR	BDPBRSAO_20200407035755000548_01.xml	4/7/2020 3:58:44 AM
EMOXT202003172BR	BDPBRSAO_20200407035847000549_01.xml	4/7/2020 3:59:31 AM
EMOXT202003173BR	BDPBRSAO_20200407035940000550_01.xml	4/7/2020 4:00:42 AM
EMATL202004004BR	BDPBRSAO_20200407040046000551_01.xml	4/7/2020 4:01:42 AM
IMSLA202004008BR	BDPBRSAO_20200407040146000552_01.xml	4/7/2020 4:03:43 AM
IMSOL202003012BR	BDPBRSAO_20200407040348000553_01.xml	4/7/2020 4:04:31 AM
EMSOL202004001BR	BDPBRSAO_20200407040436000554_01.xml	4/7/2020 4:05:25 AM
EMSOL202004002BR	BDPBRSAO_20200407040532000555_01.xml	4/7/2020 4:06:44 AM
IMSOL202003147BR	BDPBRSAO_20200407040648000556_01.xml	4/7/2020 4:08:07 AM
IMSOL202004016BR	BDPBRSAO_20200407040810000557_01.xml	4/7/2020 4:08:55 AM
IMSOL202003221BR	BDPBRSAO_20200407040900000558_01.xml	4/7/2020 4:10:26 AM
IMSOL202003222BR	BDPBRSAO_20200407041032000559_01.xml	4/7/2020 4:12:03 AM
IMSOL202003156BR	BDPBRSAO_20200407041209000560_01.xml	4/7/2020 4:13:07 AM
IMSOL202002098BR	BDPBRSAO_20200407041319000561_01.xml	4/7/2020 4:14:13 AM
IMSOL202003080BR	BDPBRSAO_20200407041417000562_01.xml	4/7/2020 4:15:19 AM
IMSOL202002138BR	BDPBRSAO_20200407041526000563_01.xml	4/7/2020 4:16:23 AM
IMSOL202003011BR	BDPBRSAO_20200407041627000564_01.xml	4/7/2020 4:17:08 AM
IMSOL202002087BR	BDPBRSAO_20200407041712000565_01.xml	4/7/2020 4:18:07 AM
IMSOL202002035BR	BDPBRSAO_20200407041810000566_01.xml	4/7/2020 4:19:20 AM
IMSOL202003165BR	BDPBRSAO_20200407041927000567_01.xml	4/7/2020 4:21:10 AM
IMSOL202003163BR	BDPBRSAO_20200407042125000568_01.xml	4/7/2020 4:22:23 AM
IMSOL201911034BR	BDPBRSAO_20200407042227000569_01.xml	4/7/2020 4:23:36 AM
IMSWB202001055BR	BDPBRSAO_20200407042340000570_01.xml	4/7/2020 4:24:38 AM
IMSWB202001064BR	BDPBRSAO_20200407042443000571_01.xml	4/7/2020 4:25:42 AM
EMOXT202003197BR	BDPBRSAO_20200407042546000572_01.xml	4/7/2020 4:26:40 AM
EMOXT202004014BR	BDPBRSAO_20200407042645000573_01.xml	4/7/2020 4:27:34 AM
EMOXT202004015BR	BDPBRSAO_20200407042738000574_01.xml	4/7/2020 4:28:10 AM
IMCSR202003309BR	BDPBRSAO_20200407042815000575_01.xml	4/7/2020 4:29:15 AM
IMCSR202003310BR	BDPBRSAO_20200407042920000576_01.xml	4/7/2020 4:30:23 AM
IMCSR202003389BR	BDPBRSAO_20200407043027000577_01.xml	4/7/2020 4:31:17 AM
IMCTV202001032BR	BDPBRSAO_20200407043124000578_01.xml	4/7/2020 4:32:20 AM
IMCTV202001034BR	BDPBRSAO_20200407043225000579_01.xml	4/7/2020 4:32:58 AM
IMCTV202003004BR	BDPBRSAO_20200407043302000580_01.xml	4/7/2020 4:34:00 AM
IMCTV202003003BR	BDPBRSAO_20200407043404000581_01.xml	4/7/2020 4:35:23 AM
IOCTV201911006BR	BDPBRSAO_20200407043528000582_01.xml	4/7/2020 4:36:26 AM
IMCTV202003005BR	BDPBRSAO_20200407043642000583_01.xml	4/7/2020 4:37:40 AM
IMCTV201912068BR	BDPBRSAO_20200407043744000584_01.xml	4/7/2020 4:38:32 AM
IACTV202002010BR	BDPBRSAO_20200407043835000585_01.xml	4/7/2020 4:39:35 AM
IMOXT201808033BR	BDPBRSAO_20200407043943000586_01.xml	4/7/2020 4:40:53 AM
IMOXT201908024BR	BDPBRSAO_20200407044106000587_01.xml	4/7/2020 4:42:05 AM
IMOXT201811030BR	BDPBRSAO_20200407044209000588_01.xml	4/7/2020 4:42:50 AM
IMOXT201802009BR	BDPBRSAO_20200407044256000589_01.xml	4/7/2020 4:43:55 AM
IMOXT201911026BR	BDPBRSAO_20200407044400000590_01.xml	4/7/2020 4:44:44 AM
IMOXT201909009BR	BDPBRSAO_20200407044448000591_01.xml	4/7/2020 4:46:18 AM
IOOXT201912003BR	BDPBRSAO_20200407044623000592_01.xml	4/7/2020 4:46:55 AM
IAOXT201808005BR	BDPBRSAO_20200407044659000593_01.xml	4/7/2020 4:47:50 AM
IMOXT201812029BR	BDPBRSAO_20200407044753000594_01.xml	4/7/2020 4:48:27 AM
IMOXT201905022BR	BDPBRSAO_20200407044829000595_01.xml	4/7/2020 4:49:55 AM
IMOXT201902016BR	BDPBRSAO_20200407045005000596_01.xml	4/7/2020 4:51:04 AM
IMOXT201801037BR	BDPBRSAO_20200407045112000597_01.xml	4/7/2020 4:52:08 AM
IMOXT201805006BR	BDPBRSAO_20200407045211000598_01.xml	4/7/2020 4:53:08 AM
IOOXT202001001BR	BDPBRSAO_20200407045313000599_01.xml	4/7/2020 4:53:47 AM
IMOXT201809004BR	BDPBRSAO_20200407045352000600_01.xml	4/7/2020 4:54:42 AM
IMOXT201807036BR	BDPBRSAO_20200407045446000601_01.xml	4/7/2020 4:56:03 AM
IMOXT201801003BR	BDPBRSAO_20200407045612000602_01.xml	4/7/2020 4:57:17 AM
IMOXT201902005BR	BDPBRSAO_20200407045722000603_01.xml	4/7/2020 4:58:03 AM
IAOXT202002006BR	BDPBRSAO_20200407045806000604_01.xml	4/7/2020 4:58:44 AM
IMOXT201907015BR	BDPBRSAO_20200407045853000605_01.xml	4/7/2020 5:00:35 AM
IMOXT201806020BR	BDPBRSAO_20200407050038000606_01.xml	4/7/2020 5:01:47 AM
IAOXT201803006BR	BDPBRSAO_20200407050159000607_01.xml	4/7/2020 5:02:49 AM
IMOXT201910024BR	BDPBRSAO_20200407050255000608_01.xml	4/7/2020 5:04:14 AM
IMOXT201805023BR	BDPBRSAO_20200407050419000609_01.xml	4/7/2020 5:05:19 AM
IMOXT201812047BR	BDPBRSAO_20200407050524000610_01.xml	4/7/2020 5:06:45 AM
IOOXT201803002BR	BDPBRSAO_20200407050650000611_01.xml	4/7/2020 5:07:25 AM
IAOXT201906001BR	BDPBRSAO_20200407050730000612_01.xml	4/7/2020 5:08:16 AM
Start Program	4/7/2020 10:18:37 AM
EMCSR202003051BR	ELEMECA_301_20200407045959.OUT	4/7/2020 10:19:51 AM
EMCSR202003053BR	ELEMECA_301_20200407045858.OUT	4/7/2020 10:21:00 AM
EMCSR202003054BR	ELEMECA_301_20200407041010.OUT	4/7/2020 10:32:32 AM
EMCSR202003055BR	ELEMECA_301_20200407043737.OUT	4/7/2020 10:33:02 AM
EMCSR202003056BR	ELEMECA_301_20200407041111.OUT	4/7/2020 10:33:29 AM
EMCSR202003104BR	ELEMECA_301_20200407043131.OUT	4/7/2020 10:33:48 AM
EMCSR202003105BR	ELEMECA_301_20200407045050.OUT	4/7/2020 10:34:11 AM
EMCSR202003107BR	ELEMECA_301_20200407041212.OUT	4/7/2020 10:34:30 AM
EMCSR202003113BR	ELEMECA_301_20200407043232.OUT	4/7/2020 10:34:50 AM
EMCSR202003117BR	ELEMECA_301_20200407045252.OUT	4/7/2020 10:35:11 AM
EMCSR202003120BR	ELEMECA_301_20200407041212.OUT	4/7/2020 10:35:31 AM
EMCSR202003126BR	ELEMECA_301_20200407043333.OUT	4/7/2020 10:35:52 AM
EMCSR202003134BR	ELEMECA_301_20200407045454.OUT	4/7/2020 10:36:14 AM
EMCSR202003137BR	ELEMECA_301_20200407041515.OUT	4/7/2020 10:36:35 AM
EMCSR202003138BR	ELEMECA_301_20200407043636.OUT	4/7/2020 10:36:57 AM
Program has been finished		4/7/2020 10:36:57 AM
Program has been finished		4/7/2020 10:36:59 AM
Start Program	4/7/2020 2:13:58 PM
IMOXT201907048BR	BDPBRSAO_20200407141418000002_01.xml	4/7/2020 2:15:31 PM
IMOXT201901003BR	BDPBRSAO_20200407141534000003_01.xml	4/7/2020 2:16:04 PM
IMOXT201910034BR	BDPBRSAO_20200407141611000004_01.xml	4/7/2020 2:16:58 PM
IAOXT201809002BR	BDPBRSAO_20200407141705000005_01.xml	4/7/2020 2:17:43 PM
IMOXT201811025BR	BDPBRSAO_20200407141745000006_01.xml	4/7/2020 2:18:39 PM
IMOXT201907053BR	BDPBRSAO_20200407141842000007_01.xml	4/7/2020 2:19:28 PM
IMOXT201907017BR	BDPBRSAO_20200407141931000008_01.xml	4/7/2020 2:20:53 PM
IMOXT201902021BR	BDPBRSAO_20200407142055000009_01.xml	4/7/2020 2:21:45 PM
IMOXT201907008BR	BDPBRSAO_20200407142148000010_01.xml	4/7/2020 2:22:32 PM
