Start Program	4/6/2020 1:38:56 PM
Start Program	4/6/2020 1:45:13 PM
Start Program	4/6/2020 1:47:49 PM
Start Program	4/6/2020 3:36:26 PM
IAATL202003036BR	BDPBRSAO_20200406153710000002_01.xml	4/6/2020 3:37:51 PM
IAATL202003032BR	BDPBRSAO_20200406153754000003_01.xml	4/6/2020 3:38:32 PM
IABSF202003013BR	BDPBRSAO_20200406153837000004_01.xml	4/6/2020 3:39:34 PM
IMCSR202002339BR	BDPBRSAO_20200406153945000005_01.xml	4/6/2020 3:43:02 PM
IMCTV202003085BR	BDPBRSAO_20200406154307000006_01.xml	4/6/2020 3:44:11 PM
IMCSR202004008BR	BDPBRSAO_20200406154414000007_01.xml	4/6/2020 3:45:00 PM
IMCSR202004012BR	BDPBRSAO_20200406154504000008_01.xml	4/6/2020 3:45:47 PM
IMCSR202004009BR	BDPBRSAO_20200406154551000009_01.xml	4/6/2020 3:46:44 PM
IMCSR202003154BR	BDPBRSAO_20200406154646000010_01.xml	4/6/2020 3:47:27 PM
IACSR202004004BR	BDPBRSAO_20200406154730000011_01.xml	4/6/2020 3:48:00 PM
IMCSR202003153BR	BDPBRSAO_20200406154802000012_01.xml	4/6/2020 3:48:58 PM
IACSR202003023BR	BDPBRSAO_20200406154902000013_01.xml	4/6/2020 3:50:15 PM
IMEAS202003015BR	BDPBRSAO_20200406155019000014_01.xml	4/6/2020 3:51:16 PM
IMSOL202001096BR	BDPBRSAO_20200406155119000015_01.xml	4/6/2020 3:51:58 PM
IMCSR202003430BR	BDPBRSAO_20200406155208000016_01.xml	4/6/2020 3:52:55 PM
IMOCV202001009BR	BDPBRSAO_20200406155258000017_01.xml	4/6/2020 3:53:46 PM
IMCSR202002316BR	BDPBRSAO_20200406155348000018_01.xml	4/6/2020 3:54:31 PM
IACSR202004001BR	BDPBRSAO_20200406155435000019_01.xml	4/6/2020 3:55:17 PM
IMCSR202003486BR	BDPBRSAO_20200406155521000020_01.xml	4/6/2020 3:55:55 PM
EMCSR202003126BR	BDPBRSAO_20200406155559000021_01.xml	4/6/2020 3:56:42 PM
IMCSR202003221BR	BDPBRSAO_20200406155645000022_01.xml	4/6/2020 3:57:33 PM
IMCSR202003325BR	BDPBRSAO_20200406155737000023_01.xml	4/6/2020 3:58:20 PM
IMCSR202003368BR	BDPBRSAO_20200406155824000024_01.xml	4/6/2020 3:59:18 PM
IMCSR202002331BR	BDPBRSAO_20200406155921000025_01.xml	4/6/2020 4:00:20 PM
IASOL201906003BR	BDPBRSAO_20200406160023000026_01.xml	4/6/2020 4:01:37 PM
IAOCV202004001BR	BDPBRSAO_20200406160141000027_01.xml	4/6/2020 4:02:29 PM
IMSPC202003055BR	BDPBRSAO_20200406160234000028_01.xml	4/6/2020 4:03:39 PM
IASWB202003019BR	BDPBRSAO_20200406160343000029_01.xml	4/6/2020 4:04:42 PM
IMATL202001143BR	BDPBRSAO_20200406160445000030_01.xml	4/6/2020 4:05:07 PM
EMCSR202003117BR	BDPBRSAO_20200406160510000031_01.xml	4/6/2020 4:05:54 PM
EMCSR202004004BR	BDPBRSAO_20200406160558000032_01.xml	4/6/2020 4:06:47 PM
IACSR202004002BR	BDPBRSAO_20200406160652000033_01.xml	4/6/2020 4:07:48 PM
IMSPC202003054BR	BDPBRSAO_20200406160753000034_01.xml	4/6/2020 4:08:56 PM
EMCSR202003030BR	BDPBRSAO_20200406160901000035_01.xml	4/6/2020 4:10:12 PM
IMSWB202002071BR	BDPBRSAO_20200406161018000036_01.xml	4/6/2020 4:11:41 PM
IMSOL202001095BR	BDPBRSAO_20200406161146000037_01.xml	4/6/2020 4:12:35 PM
IMSWB202002070BR	BDPBRSAO_20200406161238000038_01.xml	4/6/2020 4:13:19 PM
IMSPC202004007BR	BDPBRSAO_20200406161322000039_01.xml	4/6/2020 4:14:07 PM
IABSF202003021BR	BDPBRSAO_20200406161409000040_01.xml	4/6/2020 4:14:53 PM
IMCSR202003370BR	BDPBRSAO_20200406161456000041_01.xml	4/6/2020 4:16:33 PM
IMOXT202002003BR	BDPBRSAO_20200406161636000042_01.xml	4/6/2020 4:17:28 PM
IMCSR202003371BR	BDPBRSAO_20200406161732000043_01.xml	4/6/2020 4:18:12 PM
IMSWB202001053BR	BDPBRSAO_20200406161815000044_01.xml	4/6/2020 4:19:37 PM
IMSWB202001094BR	BDPBRSAO_20200406161949000045_01.xml	4/6/2020 4:21:55 PM
IMCSR202003372BR	BDPBRSAO_20200406162201000046_01.xml	4/6/2020 4:23:21 PM
IMSWB202002087BR	BDPBRSAO_20200406162324000047_01.xml	4/6/2020 4:23:58 PM
IMCSR202003373BR	BDPBRSAO_20200406162403000048_01.xml	4/6/2020 4:24:30 PM
IMCSR202003475BR	BDPBRSAO_20200406162433000049_01.xml	4/6/2020 4:25:06 PM
IMCSR202003374BR	BDPBRSAO_20200406162508000050_01.xml	4/6/2020 4:25:53 PM
IMCSR202002340BR	BDPBRSAO_20200406162559000051_01.xml	4/6/2020 4:27:05 PM
IMCSR202003378BR	BDPBRSAO_20200406162707000052_01.xml	4/6/2020 4:28:08 PM
IMSLA202003015BR	BDPBRSAO_20200406162811000053_01.xml	4/6/2020 4:29:01 PM
IMSLA201712006BR	BDPBRSAO_20200406162905000054_01.xml	4/6/2020 4:29:38 PM
IMCSR202003379BR	BDPBRSAO_20200406162941000055_01.xml	4/6/2020 4:30:32 PM
IMCSR201912071BR	BDPBRSAO_20200406163036000056_01.xml	4/6/2020 4:31:32 PM
IMCSR202004022BR	BDPBRSAO_20200406163135000057_01.xml	4/6/2020 4:32:54 PM
IMSOL202001089BR	BDPBRSAO_20200406163258000058_01.xml	4/6/2020 4:34:28 PM
IMCSR202001038BR	BDPBRSAO_20200406163431000059_01.xml	4/6/2020 4:35:33 PM
IMSOL201912002BR	BDPBRSAO_20200406163538000060_01.xml	4/6/2020 4:36:34 PM
IMCSR202002288BR	BDPBRSAO_20200406163638000061_01.xml	4/6/2020 4:37:37 PM
EMCSR202002094BR	BDPBRSAO_20200406163742000062_01.xml	4/6/2020 4:38:18 PM
EMATL202004003BR	BDPBRSAO_20200406163821000063_01.xml	4/6/2020 4:38:44 PM
IMCBT202001002BR	BDPBRSAO_20200406163848000064_01.xml	4/6/2020 4:39:58 PM
IMCSR202003177BR	BDPBRSAO_20200406164005000065_01.xml	4/6/2020 4:41:32 PM
EMCSR202003001BR	BDPBRSAO_20200406164135000066_01.xml	4/6/2020 4:42:17 PM
IMEXO202004007BR	BDPBRSAO_20200406164219000067_01.xml	4/6/2020 4:43:09 PM
EMSOL202003021BR	BDPBRSAO_20200406164315000068_01.xml	4/6/2020 4:44:21 PM
EMCSR202002095BR	BDPBRSAO_20200406164424000069_01.xml	4/6/2020 4:45:13 PM
IMCTV202001072BR	BDPBRSAO_20200406164517000070_01.xml	4/6/2020 4:46:36 PM
EMCSR202003133BR	BDPBRSAO_20200406164640000071_01.xml	4/6/2020 4:47:17 PM
EMCSR202002054BR	BDPBRSAO_20200406164721000072_01.xml	4/6/2020 4:47:52 PM
IAATN202002009BR	BDPBRSAO_20200406164757000073_01.xml	4/6/2020 4:48:40 PM
EMCTV202003002BR	BDPBRSAO_20200406164843000074_01.xml	4/6/2020 4:50:18 PM
IMCTV202003013BR	BDPBRSAO_20200406165022000075_01.xml	4/6/2020 4:51:46 PM
EMCSR202002017BR	BDPBRSAO_20200406165150000076_01.xml	4/6/2020 4:52:55 PM
EMCSR202003120BR	BDPBRSAO_20200406165301000077_01.xml	4/6/2020 4:53:42 PM
EMCBT202003001BR	BDPBRSAO_20200406165346000078_01.xml	4/6/2020 4:54:59 PM
EMCSR202002009BR	BDPBRSAO_20200406165505000079_01.xml	4/6/2020 4:55:41 PM
IMSOL202002124BR	BDPBRSAO_20200406165547000080_01.xml	4/6/2020 4:56:51 PM
EMATL202003013BR	BDPBRSAO_20200406165659000081_01.xml	4/6/2020 4:57:29 PM
EMCSR202003129BR	BDPBRSAO_20200406165733000082_01.xml	4/6/2020 4:58:11 PM
IMTAM202003022BR	BDPBRSAO_20200406165815000083_01.xml	4/6/2020 4:58:36 PM
EMCSR202002083BR	BDPBRSAO_20200406165846000084_01.xml	4/6/2020 4:59:20 PM
EMCSR202002106BR	BDPBRSAO_20200406165926000085_01.xml	4/6/2020 4:59:58 PM
IMCSR202003257BR	BDPBRSAO_20200406170002000086_01.xml	4/6/2020 5:01:06 PM
IMEXO202003024BR	BDPBRSAO_20200406170111000087_01.xml	4/6/2020 5:02:59 PM
IMEXO202003023BR	BDPBRSAO_20200406170308000088_01.xml	4/6/2020 5:04:05 PM
IMEXO202003017BR	BDPBRSAO_20200406170417000089_01.xml	4/6/2020 5:05:23 PM
IMEXO202003028BR	BDPBRSAO_20200406170526000090_01.xml	4/6/2020 5:06:08 PM
IMCSR202003463BR	BDPBRSAO_20200406170620000091_01.xml	4/6/2020 5:06:56 PM
Start Program	4/6/2020 7:01:54 PM
IMCTV201912071BR	BDPBRSAO_20200406190247000002_01.xml	4/6/2020 7:03:18 PM
IMSOL202001098BR	BDPBRSAO_20200406190321000003_01.xml	4/6/2020 7:03:46 PM
IMCTV201912081BR	BDPBRSAO_20200406190349000004_01.xml	4/6/2020 7:04:19 PM
EMCSR202003134BR	BDPBRSAO_20200406190421000005_01.xml	4/6/2020 7:04:39 PM
IMCTV201912074BR	BDPBRSAO_20200406190442000006_01.xml	4/6/2020 7:05:28 PM
EMCBE201911001BR	BDPBRSAO_20200406190530000007_01.xml	4/6/2020 7:06:19 PM
IMCTV201912077BR	BDPBRSAO_20200406190623000008_01.xml	4/6/2020 7:06:57 PM
IMSOL202002007BR	BDPBRSAO_20200406190700000009_01.xml	4/6/2020 7:07:29 PM
IMCTV201912078BR	BDPBRSAO_20200406190731000010_01.xml	4/6/2020 7:08:06 PM
IMCTV201912076BR	BDPBRSAO_20200406190808000011_01.xml	4/6/2020 7:08:35 PM
EAATL202001001BR	BDPBRSAO_20200406190837000012_01.xml	4/6/2020 7:08:58 PM
EMATL202002016BR	BDPBRSAO_20200406190900000013_01.xml	4/6/2020 7:09:25 PM
IMCBT202003002BR	BDPBRSAO_20200406190927000014_01.xml	4/6/2020 7:10:24 PM
EAATL202001003BR	BDPBRSAO_20200406191027000015_01.xml	4/6/2020 7:10:49 PM
IMOCV202001011BR	BDPBRSAO_20200406191051000016_01.xml	4/6/2020 7:11:29 PM
IMCTV201912080BR	BDPBRSAO_20200406191136000017_01.xml	4/6/2020 7:12:29 PM
EMSLA202003002BR	BDPBRSAO_20200406191231000018_01.xml	4/6/2020 7:13:28 PM
IMCTV202003023BR	BDPBRSAO_20200406191329000019_01.xml	4/6/2020 7:14:13 PM
EAKRY202002001BR	BDPBRSAO_20200406191415000020_01.xml	4/6/2020 7:14:35 PM
IMSWB202002091BR	BDPBRSAO_20200406191437000021_01.xml	4/6/2020 7:15:17 PM
IAATL202001033BR	BDPBRSAO_20200406191518000022_01.xml	4/6/2020 7:15:32 PM
IAOXT202002003BR	BDPBRSAO_20200406191533000023_01.xml	4/6/2020 7:16:11 PM
EMSAM202003011BR	BDPBRSAO_20200406191615000024_01.xml	4/6/2020 7:17:11 PM
EMMAU202002001BR	BDPBRSAO_20200406191713000025_01.xml	4/6/2020 7:17:52 PM
IMTAM202003013BR	BDPBRSAO_20200406191754000026_01.xml	4/6/2020 7:18:22 PM
IMSOL202003105BR	BDPBRSAO_20200406191824000027_01.xml	4/6/2020 7:19:01 PM
IMSWB202002004BR	BDPBRSAO_20200406191904000028_01.xml	4/6/2020 7:20:30 PM
IMOXT202002028BR	BDPBRSAO_20200406192034000029_01.xml	4/6/2020 7:21:14 PM
EMATN202002001BR	BDPBRSAO_20200406192118000030_01.xml	4/6/2020 7:21:59 PM
EMCOR201912012BR	BDPBRSAO_20200406192203000031_01.xml	4/6/2020 7:22:33 PM
EMCOR201912013BR	BDPBRSAO_20200406192240000032_01.xml	4/6/2020 7:23:00 PM
IMSWB202002048BR	BDPBRSAO_20200406192304000033_01.xml	4/6/2020 7:23:50 PM
IMOXT202001017BR	BDPBRSAO_20200406192354000034_01.xml	4/6/2020 7:24:53 PM
IMCTV202001022BR	BDPBRSAO_20200406192457000035_01.xml	4/6/2020 7:26:23 PM
EMOXT202004005BR	BDPBRSAO_20200406192628000036_01.xml	4/6/2020 7:27:31 PM
EMOXT202003078BR	BDPBRSAO_20200406192736000037_01.xml	4/6/2020 7:28:48 PM
IMCSR202002019BR	BDPBRSAO_20200406192851000038_01.xml	4/6/2020 7:29:45 PM
EMARC202003009BR	BDPBRSAO_20200406192949000039_01.xml	4/6/2020 7:31:24 PM
IMSLA202004006BR	BDPBRSAO_20200406193129000040_01.xml	4/6/2020 7:32:03 PM
EMOXT202002195BR	BDPBRSAO_20200406193206000041_01.xml	4/6/2020 7:33:00 PM
EMARC202003026BR	BDPBRSAO_20200406193304000042_01.xml	4/6/2020 7:34:18 PM
IMCSR202004023BR	BDPBRSAO_20200406193422000043_01.xml	4/6/2020 7:35:26 PM
IMSWB202002103BR	BDPBRSAO_20200406193537000044_01.xml	4/6/2020 7:36:52 PM
EMCSR202003027BR	BDPBRSAO_20200406193657000045_01.xml	4/6/2020 7:38:56 PM
IMSWB202002023BR	BDPBRSAO_20200406193900000046_01.xml	4/6/2020 7:40:11 PM
IMCSR202001301BR	BDPBRSAO_20200406194015000047_01.xml	4/6/2020 7:41:42 PM
IASWB202003003BR	BDPBRSAO_20200406194147000048_01.xml	4/6/2020 7:42:57 PM
IMSUR202004001BR	BDPBRSAO_20200406194302000049_01.xml	4/6/2020 7:43:40 PM
EMCSR202003078BR	BDPBRSAO_20200406194346000050_01.xml	4/6/2020 7:44:39 PM
IMCSR202001302BR	BDPBRSAO_20200406194444000051_01.xml	4/6/2020 7:46:18 PM
IMEXO201910038BR	BDPBRSAO_20200406194628000052_01.xml	4/6/2020 7:47:09 PM
IASWB202003006BR	BDPBRSAO_20200406194714000053_01.xml	4/6/2020 7:48:09 PM
EMCSR202003019BR	BDPBRSAO_20200406194813000054_01.xml	4/6/2020 7:48:54 PM
IMCSR202002136BR	BDPBRSAO_20200406194859000055_01.xml	4/6/2020 7:49:37 PM
IMSWB201911065BR	BDPBRSAO_20200406194942000056_01.xml	4/6/2020 7:50:30 PM
IMSWB202002117BR	BDPBRSAO_20200406195035000057_01.xml	4/6/2020 7:51:41 PM
EMSOL202003004BR	BDPBRSAO_20200406195147000058_01.xml	4/6/2020 7:52:55 PM
IMCTV202001064BR	BDPBRSAO_20200406195259000059_01.xml	4/6/2020 7:53:42 PM
EMSLA202002004BR	BDPBRSAO_20200406195346000060_01.xml	4/6/2020 7:54:48 PM
IMSWB202001059BR	BDPBRSAO_20200406195459000061_01.xml	4/6/2020 7:56:16 PM
IMSWB202002059BR	BDPBRSAO_20200406195620000062_01.xml	4/6/2020 7:57:18 PM
IMSWB202002008BR	BDPBRSAO_20200406195721000063_01.xml	4/6/2020 7:58:15 PM
IACLA202002001BR	BDPBRSAO_20200406195818000064_01.xml	4/6/2020 7:58:59 PM
IMSWB202001062BR	BDPBRSAO_20200406195909000065_01.xml	4/6/2020 8:00:15 PM
EMIFB202003001BR	BDPBRSAO_20200406200018000066_01.xml	4/6/2020 8:01:30 PM
IMATL201912143BR	BDPBRSAO_20200406200133000067_01.xml	4/6/2020 8:02:35 PM
IMCSR202003266BR	BDPBRSAO_20200406200239000068_01.xml	4/6/2020 8:03:44 PM
IMLYB202001021BR	BDPBRSAO_20200406200350000069_01.xml	4/6/2020 8:04:49 PM
EMOXT202002103BR	BDPBRSAO_20200406200454000070_01.xml	4/6/2020 8:05:51 PM
EMOXT202002176BR	BDPBRSAO_20200406200558000071_01.xml	4/6/2020 8:06:53 PM
EMOXT202002190BR	BDPBRSAO_20200406200700000072_01.xml	4/6/2020 8:08:13 PM
EMOXT202003072BR	BDPBRSAO_20200406200819000073_01.xml	4/6/2020 8:09:00 PM
EMCSR202004005BR	BDPBRSAO_20200406200913000074_01.xml	4/6/2020 8:10:02 PM
EMOXT202003066BR	BDPBRSAO_20200406201016000075_01.xml	4/6/2020 8:11:32 PM
IACSR202003018BR	BDPBRSAO_20200406201140000076_01.xml	4/6/2020 8:12:49 PM
IMCSR202002318BR	BDPBRSAO_20200406201254000077_01.xml	4/6/2020 8:13:53 PM
IMCSR202002329BR	BDPBRSAO_20200406201356000078_01.xml	4/6/2020 8:14:46 PM
IMCSR202003016BR	BDPBRSAO_20200406201450000079_01.xml	4/6/2020 8:15:35 PM
IMCSR202003017BR	BDPBRSAO_20200406201539000080_01.xml	4/6/2020 8:16:44 PM
IMCSR202003019BR	BDPBRSAO_20200406201650000081_01.xml	4/6/2020 8:17:41 PM
IMCSR202003175BR	BDPBRSAO_20200406201745000082_01.xml	4/6/2020 8:18:44 PM
IMCSR202003207BR	BDPBRSAO_20200406201847000083_01.xml	4/6/2020 8:20:06 PM
IMCSR202003214BR	BDPBRSAO_20200406202017000084_01.xml	4/6/2020 8:21:18 PM
IMCSR202003215BR	BDPBRSAO_20200406202127000085_01.xml	4/6/2020 8:22:24 PM
IMFMC201902001BR	BDPBRSAO_20200406202239000086_01.xml	4/6/2020 8:23:16 PM
IMCSR202003217BR	BDPBRSAO_20200406202320000087_01.xml	4/6/2020 8:24:19 PM
IMCSR202003404BR	BDPBRSAO_20200406202429000088_01.xml	4/6/2020 8:25:33 PM
IMCSR202003249BR	BDPBRSAO_20200406202542000089_01.xml	4/6/2020 8:26:57 PM
IMCSR202003284BR	BDPBRSAO_20200406202717000090_01.xml	4/6/2020 8:28:16 PM
IMCSR202003482BR	BDPBRSAO_20200406202819000091_01.xml	4/6/2020 8:29:24 PM
IMSOL202002125BR	BDPBRSAO_20200406202934000092_01.xml	4/6/2020 8:30:58 PM
IMFMC201903001BR	BDPBRSAO_20200406203106000093_01.xml	4/6/2020 8:31:47 PM
IMSWB202002094BR	BDPBRSAO_20200406203156000094_01.xml	4/6/2020 8:32:37 PM
EMSLA202002005BR	BDPBRSAO_20200406203242000095_01.xml	4/6/2020 8:33:31 PM
IMSWB202002036BR	BDPBRSAO_20200406203340000096_01.xml	4/6/2020 8:34:33 PM
IMFMC201907001BR	BDPBRSAO_20200406203438000097_01.xml	4/6/2020 8:35:04 PM
IMFMC201908001BR	BDPBRSAO_20200406203508000098_01.xml	4/6/2020 8:35:40 PM
IMSWB202002038BR	BDPBRSAO_20200406203544000099_01.xml	4/6/2020 8:36:36 PM
IMFMC201901001BR	BDPBRSAO_20200406203640000100_01.xml	4/6/2020 8:37:08 PM
IMSPC202003064BR	BDPBRSAO_20200406203712000101_01.xml	4/6/2020 8:37:57 PM
IMFMC201905001BR	BDPBRSAO_20200406203800000102_01.xml	4/6/2020 8:38:27 PM
EMATN201910001BR	BDPBRSAO_20200406203832000103_01.xml	4/6/2020 8:39:20 PM
IMCSR202003206BR	BDPBRSAO_20200406203924000104_01.xml	4/6/2020 8:40:09 PM
IMFMC201909001BR	BDPBRSAO_20200406204013000105_01.xml	4/6/2020 8:40:37 PM
EASLA202003001BR	BDPBRSAO_20200406204046000106_01.xml	4/6/2020 8:41:30 PM
IMSOL202001049BR	BDPBRSAO_20200406204134000107_01.xml	4/6/2020 8:42:16 PM
IMSOL202002003BR	BDPBRSAO_20200406204220000108_01.xml	4/6/2020 8:42:59 PM
IMFMC201904003BR	BDPBRSAO_20200406204306000109_01.xml	4/6/2020 8:43:48 PM
IMSOL202002005BR	BDPBRSAO_20200406204356000110_01.xml	4/6/2020 8:44:32 PM
IMFMC201906001BR	BDPBRSAO_20200406204440000111_01.xml	4/6/2020 8:45:04 PM
IMMAU202003010BR	BDPBRSAO_20200406204508000112_01.xml	4/6/2020 8:45:53 PM
EMCSR202003137BR	BDPBRSAO_20200406204557000113_01.xml	4/6/2020 8:46:32 PM
IMFMC201910003BR	BDPBRSAO_20200406204637000114_01.xml	4/6/2020 8:47:06 PM
EAOXT201901002BR	BDPBRSAO_20200406204711000115_01.xml	4/6/2020 8:47:37 PM
IMFMC201910004BR	BDPBRSAO_20200406204742000116_01.xml	4/6/2020 8:48:05 PM
IMSPC202003052BR	BDPBRSAO_20200406204808000117_01.xml	4/6/2020 8:48:40 PM
IMSOL202001077BR	BDPBRSAO_20200406204848000118_01.xml	4/6/2020 8:49:45 PM
IMSOL202003078BR	BDPBRSAO_20200406204951000119_01.xml	4/6/2020 8:51:00 PM
IMSLA202004002BR	BDPBRSAO_20200406205104000120_01.xml	4/6/2020 8:53:05 PM
IAOXT202003006BR	BDPBRSAO_20200406205309000121_01.xml	4/6/2020 8:53:53 PM
IMSPC202003058BR	BDPBRSAO_20200406205357000122_01.xml	4/6/2020 8:54:34 PM
EMSOL202003007BR	BDPBRSAO_20200406205437000123_01.xml	4/6/2020 8:55:32 PM
IMCSR202003273BR	BDPBRSAO_20200406205537000124_01.xml	4/6/2020 8:56:19 PM
EACPE201909001BR	BDPBRSAO_20200406205623000125_01.xml	4/6/2020 8:57:03 PM
IMSOL201912004BR	BDPBRSAO_20200406205705000126_01.xml	4/6/2020 8:57:48 PM
EMCSR202003138BR	BDPBRSAO_20200406205750000127_01.xml	4/6/2020 8:58:13 PM
IMATN202003001BR	BDPBRSAO_20200406205819000128_01.xml	4/6/2020 8:59:17 PM
IMSOL202001046BR	BDPBRSAO_20200406205923000129_01.xml	4/6/2020 9:01:48 PM
IMSPC202003059BR	BDPBRSAO_20200406210155000130_01.xml	4/6/2020 9:03:17 PM
IMSOL202002122BR	BDPBRSAO_20200406210339000131_01.xml	4/6/2020 9:04:35 PM
EASOL202003001BR	BDPBRSAO_20200406210448000132_01.xml	4/6/2020 9:05:42 PM
IMSOL202001086BR	BDPBRSAO_20200406210547000133_01.xml	4/6/2020 9:06:59 PM
IMSPC202003065BR	BDPBRSAO_20200406210704000134_01.xml	4/6/2020 9:07:52 PM
IAATN202002002BR	BDPBRSAO_20200406210756000135_01.xml	4/6/2020 9:08:48 PM
EACPE201906001BR	BDPBRSAO_20200406210851000136_01.xml	4/6/2020 9:09:40 PM
IMCSR202002092BR	BDPBRSAO_20200406210944000137_01.xml	4/6/2020 9:10:52 PM
IMSPC201912022BR	BDPBRSAO_20200406211055000138_01.xml	4/6/2020 9:12:06 PM
IMSPC202003061BR	BDPBRSAO_20200406211210000139_01.xml	4/6/2020 9:12:59 PM
EACPE202001001BR	BDPBRSAO_20200406211306000140_01.xml	4/6/2020 9:14:05 PM
IMSPC202003053BR	BDPBRSAO_20200406211409000141_01.xml	4/6/2020 9:14:59 PM
IMSOL202003081BR	BDPBRSAO_20200406211505000142_01.xml	4/6/2020 9:16:02 PM
IMSOL202002111BR	BDPBRSAO_20200406211607000143_01.xml	4/6/2020 9:16:58 PM
IMSPC202003060BR	BDPBRSAO_20200406211708000144_01.xml	4/6/2020 9:17:52 PM
EAOXT201907008BR	BDPBRSAO_20200406211757000145_01.xml	4/6/2020 9:18:28 PM
IMCSR202002002BR	BDPBRSAO_20200406211831000146_01.xml	4/6/2020 9:19:24 PM
EACPE201908001BR	BDPBRSAO_20200406211929000147_01.xml	4/6/2020 9:20:34 PM
EMARC202003041BR	BDPBRSAO_20200406212039000148_01.xml	4/6/2020 9:21:43 PM
EAOXT201908001BR	BDPBRSAO_20200406212147000149_01.xml	4/6/2020 9:22:10 PM
EMOXT202002199BR	BDPBRSAO_20200406212214000150_01.xml	4/6/2020 9:23:09 PM
EMOXT202002200BR	BDPBRSAO_20200406212315000151_01.xml	4/6/2020 9:24:19 PM
EMOXT202002201BR	BDPBRSAO_20200406212424000152_01.xml	4/6/2020 9:25:42 PM
EMOXT202002216BR	BDPBRSAO_20200406212547000153_01.xml	4/6/2020 9:27:06 PM
IMLYB202001017BR	BDPBRSAO_20200406212710000154_01.xml	4/6/2020 9:28:02 PM
EMOXT202003178BR	BDPBRSAO_20200406212807000155_01.xml	4/6/2020 9:28:38 PM
IMSPC202003062BR	BDPBRSAO_20200406212844000156_01.xml	4/6/2020 9:29:33 PM
EACBE201908001BR	BDPBRSAO_20200406212938000157_01.xml	4/6/2020 9:30:26 PM
IMEAS202003003BR	BDPBRSAO_20200406213031000158_01.xml	4/6/2020 9:32:50 PM
IMCSR202001627BR	BDPBRSAO_20200406213257000159_01.xml	4/6/2020 9:34:00 PM
IMCSR202003295BR	BDPBRSAO_20200406213404000160_01.xml	4/6/2020 9:34:59 PM
IMCSR202002111BR	BDPBRSAO_20200406213504000161_01.xml	4/6/2020 9:36:00 PM
EAOXT201907007BR	BDPBRSAO_20200406213604000162_01.xml	4/6/2020 9:36:26 PM
EMARC202003010BR	BDPBRSAO_20200406213629000163_01.xml	4/6/2020 9:37:21 PM
EMCSR202002109BR	BDPBRSAO_20200406213727000164_01.xml	4/6/2020 9:38:23 PM
EMCSR202003032BR	BDPBRSAO_20200406213826000165_01.xml	4/6/2020 9:39:39 PM
EMSOL202003016BR	BDPBRSAO_20200406213954000166_01.xml	4/6/2020 9:40:51 PM
EMSOL202003019BR	BDPBRSAO_20200406214055000167_01.xml	4/6/2020 9:41:44 PM
IMSLA202003002BR	BDPBRSAO_20200406214148000168_01.xml	4/6/2020 9:42:35 PM
EMCSR202003066BR	BDPBRSAO_20200406214240000169_01.xml	4/6/2020 9:43:13 PM
IMUPM202003004BR	BDPBRSAO_20200406214319000170_01.xml	4/6/2020 9:44:14 PM
IMSOL202001111BR	BDPBRSAO_20200406214420000171_01.xml	4/6/2020 9:45:46 PM
EAOXT201906006BR	BDPBRSAO_20200406214552000172_01.xml	4/6/2020 9:46:15 PM
IMSOL202002027BR	BDPBRSAO_20200406214626000173_01.xml	4/6/2020 9:47:13 PM
IMSOL202001041BR	BDPBRSAO_20200406214716000174_01.xml	4/6/2020 9:47:49 PM
EAOXT201906007BR	BDPBRSAO_20200406214752000175_01.xml	4/6/2020 9:48:23 PM
IMCTV202001060BR	BDPBRSAO_20200406214827000176_01.xml	4/6/2020 9:49:15 PM
EASOL202003004BR	BDPBRSAO_20200406214919000177_01.xml	4/6/2020 9:50:18 PM
EMSOL202002011BR	BDPBRSAO_20200406215023000178_01.xml	4/6/2020 9:51:12 PM
IACBT202003001BR	BDPBRSAO_20200406215117000179_01.xml	4/6/2020 9:52:13 PM
IMCTV202002012BR	BDPBRSAO_20200406215224000180_01.xml	4/6/2020 9:53:35 PM
IMSLA202003025BR	BDPBRSAO_20200406215339000181_01.xml	4/6/2020 9:56:03 PM
IMCSR202001297BR	BDPBRSAO_20200406215609000182_01.xml	4/6/2020 9:57:16 PM
IMOXT202002025BR	BDPBRSAO_20200406215719000183_01.xml	4/6/2020 9:58:10 PM
EMBCB201905009BR	BDPBRSAO_20200406215817000184_01.xml	4/6/2020 9:59:09 PM
IMSPC202004001BR	BDPBRSAO_20200406215915000185_01.xml	4/6/2020 9:59:56 PM
IOOXT202003024BR	BDPBRSAO_20200406220000000186_01.xml	4/6/2020 10:00:44 PM
IMCTV202002009BR	BDPBRSAO_20200406220047000187_01.xml	4/6/2020 10:01:36 PM
EMCSR202002056BR	BDPBRSAO_20200406220140000188_01.xml	4/6/2020 10:02:20 PM
IMLYB202001020BR	BDPBRSAO_20200406220224000189_01.xml	4/6/2020 10:03:22 PM
EMCSR202003111BR	BDPBRSAO_20200406220327000190_01.xml	4/6/2020 10:04:01 PM
IMCTV202002010BR	BDPBRSAO_20200406220404000191_01.xml	4/6/2020 10:04:36 PM
EMOXT202003179BR	BDPBRSAO_20200406220444000192_01.xml	4/6/2020 10:05:56 PM
IMCTV202002011BR	BDPBRSAO_20200406220602000193_01.xml	4/6/2020 10:06:58 PM
IMSOL202001110BR	BDPBRSAO_20200406220701000194_01.xml	4/6/2020 10:07:48 PM
EMOXT202003169BR	BDPBRSAO_20200406220752000195_01.xml	4/6/2020 10:08:54 PM
IMSLA202004003BR	BDPBRSAO_20200406220858000196_01.xml	4/6/2020 10:09:50 PM
IMCSR201911277BR	BDPBRSAO_20200406220956000197_01.xml	4/6/2020 10:10:49 PM
IMCSR202003259BR	BDPBRSAO_20200406221053000198_01.xml	4/6/2020 10:11:34 PM
IMCSR202003504BR	BDPBRSAO_20200406221138000199_01.xml	4/6/2020 10:12:29 PM
IMCSR202003505BR	BDPBRSAO_20200406221232000200_01.xml	4/6/2020 10:13:41 PM
IMCSR202003202BR	BDPBRSAO_20200406221344000201_01.xml	4/6/2020 10:14:55 PM
IMCSR202003283BR	BDPBRSAO_20200406221502000202_01.xml	4/6/2020 10:15:50 PM
IMCSR202003387BR	BDPBRSAO_20200406221553000203_01.xml	4/6/2020 10:16:46 PM
IMCSR202003503BR	BDPBRSAO_20200406221650000204_01.xml	4/6/2020 10:17:40 PM
IMCSR202003396BR	BDPBRSAO_20200406221744000205_01.xml	4/6/2020 10:18:22 PM
IMCSR202003388BR	BDPBRSAO_20200406221827000206_01.xml	4/6/2020 10:19:02 PM
IMCSR202003457BR	BDPBRSAO_20200406221906000207_01.xml	4/6/2020 10:19:54 PM
IMCSR202003375BR	BDPBRSAO_20200406221958000208_01.xml	4/6/2020 10:21:00 PM
IMCSR202001309BR	BDPBRSAO_20200406222104000209_01.xml	4/6/2020 10:21:51 PM
IMCSR202003246BR	BDPBRSAO_20200406222204000210_01.xml	4/6/2020 10:22:49 PM
IMCSR202003241BR	BDPBRSAO_20200406222254000211_01.xml	4/6/2020 10:23:41 PM
IMCSR202002227BR	BDPBRSAO_20200406222346000212_01.xml	4/6/2020 10:24:22 PM
IMCSR202003018BR	BDPBRSAO_20200406222425000213_01.xml	4/6/2020 10:25:01 PM
IMCSR201910309BR	BDPBRSAO_20200406222514000214_01.xml	4/6/2020 10:25:55 PM
IMCSR202003380BR	BDPBRSAO_20200406222558000215_01.xml	4/6/2020 10:26:33 PM
IMCSR202003176BR	BDPBRSAO_20200406222640000216_01.xml	4/6/2020 10:27:08 PM
IMCSR202002214BR	BDPBRSAO_20200406222711000217_01.xml	4/6/2020 10:27:41 PM
IMCSR202002223BR	BDPBRSAO_20200406222743000218_01.xml	4/6/2020 10:28:14 PM
IMSOL202002045BR	BDPBRSAO_20200406222816000219_01.xml	4/6/2020 10:28:58 PM
IMCSR201911278BR	BDPBRSAO_20200406222902000220_01.xml	4/6/2020 10:30:08 PM
EMOXT202003175BR	BDPBRSAO_20200406223014000221_01.xml	4/6/2020 10:31:03 PM
IMCSR202003383BR	BDPBRSAO_20200406223108000222_01.xml	4/6/2020 10:32:04 PM
IMLYB202002001BR	BDPBRSAO_20200406223208000223_01.xml	4/6/2020 10:32:44 PM
EMOXT202003177BR	BDPBRSAO_20200406223247000224_01.xml	4/6/2020 10:33:30 PM
IMSPC202003057BR	BDPBRSAO_20200406223335000225_01.xml	4/6/2020 10:34:17 PM
IMSPC202003051BR	BDPBRSAO_20200406223420000226_01.xml	4/6/2020 10:34:57 PM
IMSPC202003056BR	BDPBRSAO_20200406223501000227_01.xml	4/6/2020 10:35:39 PM
IMSPC202003063BR	BDPBRSAO_20200406223543000228_01.xml	4/6/2020 10:36:32 PM
IMCTV202001004BR	BDPBRSAO_20200406223637000229_01.xml	4/6/2020 10:37:30 PM
IMEAS202003016BR	BDPBRSAO_20200406223733000230_01.xml	4/6/2020 10:38:32 PM
EMOXT202003162BR	BDPBRSAO_20200406223835000231_01.xml	4/6/2020 10:39:43 PM
IMCSR202002106BR	BDPBRSAO_20200406223947000232_01.xml	4/6/2020 10:40:53 PM
EMOXT202003159BR	BDPBRSAO_20200406224057000233_01.xml	4/6/2020 10:41:53 PM
EMOXT202003163BR	BDPBRSAO_20200406224156000234_01.xml	4/6/2020 10:42:37 PM
IMSLA202003026BR	BDPBRSAO_20200406224241000235_01.xml	4/6/2020 10:44:26 PM
IMEAS202003005BR	BDPBRSAO_20200406224429000236_01.xml	4/6/2020 10:45:00 PM
IMSOL202002047BR	BDPBRSAO_20200406224503000237_01.xml	4/6/2020 10:45:55 PM
EMOXT202003164BR	BDPBRSAO_20200406224602000238_01.xml	4/6/2020 10:46:53 PM
IASOL202003006BR	BDPBRSAO_20200406224656000239_01.xml	4/6/2020 10:48:01 PM
IMEAS202003006BR	BDPBRSAO_20200406224805000240_01.xml	4/6/2020 10:49:02 PM
IMCSR202003367BR	BDPBRSAO_20200406224906000241_01.xml	4/6/2020 10:50:08 PM
IMSLA202003043BR	BDPBRSAO_20200406225012000242_01.xml	4/6/2020 10:51:24 PM
EMOXT202003158BR	BDPBRSAO_20200406225135000243_01.xml	4/6/2020 10:53:06 PM
IMSWB202001043BR	BDPBRSAO_20200406225314000244_01.xml	4/6/2020 10:54:07 PM
IMEXO202002021BR	BDPBRSAO_20200406225414000245_01.xml	4/6/2020 10:54:56 PM
IMSWB201912083BR	BDPBRSAO_20200406225459000246_01.xml	4/6/2020 10:55:54 PM
IASWB202003011BR	BDPBRSAO_20200406225557000247_01.xml	4/6/2020 10:56:41 PM
EMOXT202003151BR	BDPBRSAO_20200406225647000248_01.xml	4/6/2020 10:57:51 PM
IMSOL202001101BR	BDPBRSAO_20200406225802000249_01.xml	4/6/2020 10:58:38 PM
IMOCV202002013BR	BDPBRSAO_20200406225841000250_01.xml	4/6/2020 11:00:23 PM
IMCSR202002149BR	BDPBRSAO_20200406230027000251_01.xml	4/6/2020 11:01:19 PM
IMCBT201912007BR	BDPBRSAO_20200406230136000252_01.xml	4/6/2020 11:02:25 PM
IMCBT202003024BR	BDPBRSAO_20200406230235000253_01.xml	4/6/2020 11:03:53 PM
IMCBT202003027BR	BDPBRSAO_20200406230359000254_01.xml	4/6/2020 11:05:16 PM
IMCSR202004024BR	BDPBRSAO_20200406230520000255_01.xml	4/6/2020 11:06:35 PM
IMOXT202001018BR	BDPBRSAO_20200406230642000256_01.xml	4/6/2020 11:07:27 PM
IMSWB201912097BR	BDPBRSAO_20200406230732000257_01.xml	4/6/2020 11:08:21 PM
IASWB202003013BR	BDPBRSAO_20200406230825000258_01.xml	4/6/2020 11:09:45 PM
IMSLA202003019BR	BDPBRSAO_20200406230955000259_01.xml	4/6/2020 11:10:47 PM
IMCTV202003027BR	BDPBRSAO_20200406231051000260_01.xml	4/6/2020 11:11:39 PM
IMSOL202002004BR	BDPBRSAO_20200406231147000261_01.xml	4/6/2020 11:12:28 PM
IMTAM202003007BR	BDPBRSAO_20200406231232000262_01.xml	4/6/2020 11:15:06 PM
IMSOL202002024BR	BDPBRSAO_20200406231515000263_01.xml	4/6/2020 11:16:26 PM
IMSWB202001099BR	BDPBRSAO_20200406231630000264_01.xml	4/6/2020 11:17:19 PM
IMSWB201910132BR	BDPBRSAO_20200406231723000265_01.xml	4/6/2020 11:18:17 PM
IMSWB201912081BR	BDPBRSAO_20200406231821000266_01.xml	4/6/2020 11:19:24 PM
IMSOL202002025BR	BDPBRSAO_20200406231928000267_01.xml	4/6/2020 11:20:12 PM
EMSOL202003023BR	BDPBRSAO_20200406232016000268_01.xml	4/6/2020 11:20:49 PM
IMSOL202002023BR	BDPBRSAO_20200406232054000269_01.xml	4/6/2020 11:21:47 PM
IMCSR202002193BR	BDPBRSAO_20200406232154000270_01.xml	4/6/2020 11:22:56 PM
IMSOL202002026BR	BDPBRSAO_20200406232303000271_01.xml	4/6/2020 11:23:49 PM
IMTAM202003012BR	BDPBRSAO_20200406232352000272_01.xml	4/6/2020 11:24:33 PM
EMCSR202003050BR	BDPBRSAO_20200406232439000273_01.xml	4/6/2020 11:25:13 PM
IMSOL202001012BR	BDPBRSAO_20200406232518000274_01.xml	4/6/2020 11:26:01 PM
IMSOL202002013BR	BDPBRSAO_20200406232605000275_01.xml	4/6/2020 11:26:43 PM
IMCSR202001651BR	BDPBRSAO_20200406232646000276_01.xml	4/6/2020 11:27:29 PM
IMCSR202001421BR	BDPBRSAO_20200406232732000277_01.xml	4/6/2020 11:28:07 PM
IMSOL201912042BR	BDPBRSAO_20200406232810000278_01.xml	4/6/2020 11:28:50 PM
IMCSR202001649BR	BDPBRSAO_20200406232857000279_01.xml	4/6/2020 11:30:14 PM
EMCSR202003051BR	BDPBRSAO_20200406233018000280_01.xml	4/6/2020 11:30:53 PM
IMOXT201902001BR	BDPBRSAO_20200406233058000281_01.xml	4/6/2020 11:31:40 PM
IMSWB202001026BR	BDPBRSAO_20200406233144000282_01.xml	4/6/2020 11:32:36 PM
IMOXT201908003BR	BDPBRSAO_20200406233243000283_01.xml	4/6/2020 11:33:02 PM
EMOXT202003149BR	BDPBRSAO_20200406233304000284_01.xml	4/6/2020 11:33:45 PM
IAATN202004001BR	BDPBRSAO_20200406233349000285_01.xml	4/6/2020 11:34:06 PM
IMSOL202001062BR	BDPBRSAO_20200406233409000286_01.xml	4/6/2020 11:34:50 PM
IMOXT201909022BR	BDPBRSAO_20200406233454000287_01.xml	4/6/2020 11:35:10 PM
EMCSR202003052BR	BDPBRSAO_20200406233515000288_01.xml	4/6/2020 11:35:48 PM
IAOXT201905009BR	BDPBRSAO_20200406233552000289_01.xml	4/6/2020 11:36:17 PM
IMCTV202002053BR	BDPBRSAO_20200406233623000290_01.xml	4/6/2020 11:37:13 PM
IOOXT201910001BR	BDPBRSAO_20200406233720000291_01.xml	4/6/2020 11:38:01 PM
IMCTV202002052BR	BDPBRSAO_20200406233805000292_01.xml	4/6/2020 11:39:10 PM
IOOXT201909007BR	BDPBRSAO_20200406233915000293_01.xml	4/6/2020 11:40:11 PM
IAATN202004002BR	BDPBRSAO_20200406234021000294_01.xml	4/6/2020 11:41:25 PM
IOOXT201907007BR	BDPBRSAO_20200406234130000295_01.xml	4/6/2020 11:41:57 PM
EMSOL202003024BR	BDPBRSAO_20200406234200000296_01.xml	4/6/2020 11:43:08 PM
IMCSR202002001BR	BDPBRSAO_20200406234311000297_01.xml	4/6/2020 11:44:18 PM
EMCSR202003053BR	BDPBRSAO_20200406234424000298_01.xml	4/6/2020 11:44:55 PM
IMCSR202002315BR	BDPBRSAO_20200406234506000299_01.xml	4/6/2020 11:46:03 PM
IMMAU202002015BR	BDPBRSAO_20200406234607000300_01.xml	4/6/2020 11:47:40 PM
EMCSR202003049BR	BDPBRSAO_20200406234744000301_01.xml	4/6/2020 11:48:20 PM
IMCSR202002317BR	BDPBRSAO_20200406234827000302_01.xml	4/6/2020 11:49:32 PM
IMCBT202003036BR	BDPBRSAO_20200406234936000303_01.xml	4/6/2020 11:50:25 PM
EMCBE202002002BR	BDPBRSAO_20200406235031000304_01.xml	4/6/2020 11:51:11 PM
IMSOL202002114BR	BDPBRSAO_20200406235116000305_01.xml	4/6/2020 11:52:20 PM
IMSOL202002090BR	BDPBRSAO_20200406235223000306_01.xml	4/6/2020 11:53:18 PM
IMSOL202003079BR	BDPBRSAO_20200406235323000307_01.xml	4/6/2020 11:54:16 PM
IMSOL202001094BR	BDPBRSAO_20200406235427000308_01.xml	4/6/2020 11:55:07 PM
IMEXO202003019BR	BDPBRSAO_20200406235511000309_01.xml	4/6/2020 11:55:46 PM
IMEXO202003021BR	BDPBRSAO_20200406235552000310_01.xml	4/6/2020 11:56:41 PM
IMEXO202003022BR	BDPBRSAO_20200406235645000311_01.xml	4/6/2020 11:58:05 PM
IMEXO202003029BR	BDPBRSAO_20200406235809000312_01.xml	4/6/2020 11:58:59 PM
