Start Program	05/08/2019 10:56:20
IOOXT201904008BR	BDPBRSAO_20190805105712000002_01.xml	05/08/2019 10:57:19
IMCSR201906011BR	BDPBRSAO_20190805105725000003_01.xml	05/08/2019 10:57:33
IMCSR201906075BR	BDPBRSAO_20190805105734000004_01.xml	05/08/2019 10:57:42
IMCSR201906078BR	BDPBRSAO_20190805105742000005_01.xml	05/08/2019 10:57:49
IMCSR201906080BR	BDPBRSAO_20190805105750000006_01.xml	05/08/2019 10:57:58
IMCSR201906082BR	BDPBRSAO_20190805105758000007_01.xml	05/08/2019 10:58:06
IMCSR201906091BR	BDPBRSAO_20190805105806000008_01.xml	05/08/2019 10:58:14
IAOXT201806009BR	BDPBRSAO_20190805105815000009_01.xml	05/08/2019 10:58:22
IMCSR201906096BR	BDPBRSAO_20190805105822000010_01.xml	05/08/2019 10:58:30
IMCSR201906134BR	BDPBRSAO_20190805105831000011_01.xml	05/08/2019 10:58:38
IMCSR201906135BR	BDPBRSAO_20190805105839000012_01.xml	05/08/2019 10:58:46
IMOXT201902038BR	BDPBRSAO_20190805105847000013_01.xml	05/08/2019 10:58:55
IMCSR201906136BR	BDPBRSAO_20190805105855000014_01.xml	05/08/2019 10:59:03
IMCSR201906137BR	BDPBRSAO_20190805105904000015_01.xml	05/08/2019 10:59:11
IMCSR201906138BR	BDPBRSAO_20190805105912000016_01.xml	05/08/2019 10:59:19
IMCSR201906139BR	BDPBRSAO_20190805105920000017_01.xml	05/08/2019 10:59:27
IMCSR201906140BR	BDPBRSAO_20190805105928000018_01.xml	05/08/2019 10:59:36
IMCSR201906141BR	BDPBRSAO_20190805105937000019_01.xml	05/08/2019 10:59:45
IMCSR201906145BR	BDPBRSAO_20190805105946000020_01.xml	05/08/2019 10:59:53
IMCSR201906147BR	BDPBRSAO_20190805105954000021_01.xml	05/08/2019 11:00:02
IMOXT201905024BR	BDPBRSAO_20190805110005000022_01.xml	05/08/2019 11:00:17
IMCSR201906157BR	BDPBRSAO_20190805110023000023_01.xml	05/08/2019 11:00:39
IMCSR201906159BR	BDPBRSAO_20190805110042000024_01.xml	05/08/2019 11:00:54
IMCSR201906174BR	BDPBRSAO_20190805110058000025_01.xml	05/08/2019 11:01:12
IMCSR201906222BR	BDPBRSAO_20190805110116000026_01.xml	05/08/2019 11:01:31
IMCSR201906224BR	BDPBRSAO_20190805110135000027_01.xml	05/08/2019 11:01:50
IMCSR201906226BR	BDPBRSAO_20190805110155000028_01.xml	05/08/2019 11:02:10
IMCSR201906227BR	BDPBRSAO_20190805110215000029_01.xml	05/08/2019 11:02:29
IMCSR201906228BR	BDPBRSAO_20190805110230000030_01.xml	05/08/2019 11:02:45
IMCSR201906362BR	BDPBRSAO_20190805110250000031_01.xml	05/08/2019 11:03:00
IOOXT201904013BR	BDPBRSAO_20190805110305000032_01.xml	05/08/2019 11:03:17
IMCSR201906374BR	BDPBRSAO_20190805110328000033_01.xml	05/08/2019 11:03:40
IMCSR201906463BR	BDPBRSAO_20190805110344000034_01.xml	05/08/2019 11:03:55
IOOXT201904004BR	BDPBRSAO_20190805110402000035_01.xml	05/08/2019 11:04:10
IMCSR201906500BR	BDPBRSAO_20190805110411000036_01.xml	05/08/2019 11:04:21
IMCSR201906508BR	BDPBRSAO_20190805110422000037_01.xml	05/08/2019 11:04:31
IOOXT201803004BR	BDPBRSAO_20190805110432000038_01.xml	05/08/2019 11:04:41
IMCSR201906509BR	BDPBRSAO_20190805110442000039_01.xml	05/08/2019 11:04:50
IOOXT201904006BR	BDPBRSAO_20190805110451000040_01.xml	05/08/2019 11:04:59
IMCSR201906510BR	BDPBRSAO_20190805110500000041_01.xml	05/08/2019 11:05:10
IMCSR201906514BR	BDPBRSAO_20190805110511000042_01.xml	05/08/2019 11:05:20
IMOXT201902015BR	BDPBRSAO_20190805110521000043_01.xml	05/08/2019 11:05:30
IMCSR201906520BR	BDPBRSAO_20190805110530000044_01.xml	05/08/2019 11:05:39
IMOXT201801007BR	BDPBRSAO_20190805110541000045_01.xml	05/08/2019 11:05:48
IMCSR201906521BR	BDPBRSAO_20190805110549000046_01.xml	05/08/2019 11:05:58
IOOXT201902001BR	BDPBRSAO_20190805110559000047_01.xml	05/08/2019 11:06:08
IMCSR201906524BR	BDPBRSAO_20190805110609000048_01.xml	05/08/2019 11:06:18
IMCSR201906530BR	BDPBRSAO_20190805110619000049_01.xml	05/08/2019 11:06:28
IMCSR201906532BR	BDPBRSAO_20190805110629000050_01.xml	05/08/2019 11:06:39
IMOXT201906038BR	BDPBRSAO_20190805110639000051_01.xml	05/08/2019 11:06:48
IMCSR201906533BR	BDPBRSAO_20190805110649000052_01.xml	05/08/2019 11:06:58
IMCSR201906534BR	BDPBRSAO_20190805110659000053_01.xml	05/08/2019 11:07:08
IMCSR201906541BR	BDPBRSAO_20190805110709000054_01.xml	05/08/2019 11:07:20
IMOXT201902016BR	BDPBRSAO_20190805110721000055_01.xml	05/08/2019 11:07:30
IMCSR201906543BR	BDPBRSAO_20190805110731000056_01.xml	05/08/2019 11:07:41
IMOXT201809009BR	BDPBRSAO_20190805110742000057_01.xml	05/08/2019 11:07:51
IMCSR201906544BR	BDPBRSAO_20190805110752000058_01.xml	05/08/2019 11:08:01
IMCSR201906545BR	BDPBRSAO_20190805110802000059_01.xml	05/08/2019 11:08:12
IMCSR201906553BR	BDPBRSAO_20190805110813000060_01.xml	05/08/2019 11:08:22
IMCSR201906568BR	BDPBRSAO_20190805110822000061_01.xml	05/08/2019 11:08:33
IMCSR201906576BR	BDPBRSAO_20190805110834000062_01.xml	05/08/2019 11:08:44
IMOXT201902034BR	BDPBRSAO_20190805110845000063_01.xml	05/08/2019 11:08:54
IMCSR201906584BR	BDPBRSAO_20190805110855000064_01.xml	05/08/2019 11:09:05
IMCSR201906585BR	BDPBRSAO_20190805110906000065_01.xml	05/08/2019 11:09:16
IMCSR201906586BR	BDPBRSAO_20190805110918000066_01.xml	05/08/2019 11:09:28
IMOXT201907012BR	BDPBRSAO_20190805110929000067_01.xml	05/08/2019 11:09:37
IMCSR201906589BR	BDPBRSAO_20190805110939000068_01.xml	05/08/2019 11:09:48
IMCSR201906590BR	BDPBRSAO_20190805110949000069_01.xml	05/08/2019 11:09:58
IMCSR201906591BR	BDPBRSAO_20190805110959000070_01.xml	05/08/2019 11:10:10
IMCSR201906606BR	BDPBRSAO_20190805111010000071_01.xml	05/08/2019 11:10:20
IMOXT201809019BR	BDPBRSAO_20190805111021000072_01.xml	05/08/2019 11:10:29
IMCSR201906607BR	BDPBRSAO_20190805111030000073_01.xml	05/08/2019 11:10:39
IOOXT201903001BR	BDPBRSAO_20190805111040000074_01.xml	05/08/2019 11:10:50
IMCSR201906609BR	BDPBRSAO_20190805111051000075_01.xml	05/08/2019 11:11:00
IAOXT201810015BR	BDPBRSAO_20190805111101000076_01.xml	05/08/2019 11:11:08
IMOXT201811025BR	BDPBRSAO_20190805111109000077_01.xml	05/08/2019 11:11:19
IMCSR201906617BR	BDPBRSAO_20190805111120000078_01.xml	05/08/2019 11:11:29
IMCSR201906618BR	BDPBRSAO_20190805111130000079_01.xml	05/08/2019 11:11:39
IMCSR201906620BR	BDPBRSAO_20190805111140000080_01.xml	05/08/2019 11:11:51
IMOXT201808033BR	BDPBRSAO_20190805111152000081_01.xml	05/08/2019 11:11:59
IMCSR201906622BR	BDPBRSAO_20190805111200000082_01.xml	05/08/2019 11:12:10
IOOXT201805003BR	BDPBRSAO_20190805111211000083_01.xml	05/08/2019 11:12:19
IMCSR201906623BR	BDPBRSAO_20190805111220000084_01.xml	05/08/2019 11:12:29
IMCSR201906624BR	BDPBRSAO_20190805111230000085_01.xml	05/08/2019 11:12:39
IMCSR201906642BR	BDPBRSAO_20190805111240000086_01.xml	05/08/2019 11:12:50
IMCSR201906695BR	BDPBRSAO_20190805111251000087_01.xml	05/08/2019 11:12:59
IMCSR201906696BR	BDPBRSAO_20190805111300000088_01.xml	05/08/2019 11:13:10
IMCSR201906698BR	BDPBRSAO_20190805111311000089_01.xml	05/08/2019 11:13:20
IMCSR201906699BR	BDPBRSAO_20190805111321000090_01.xml	05/08/2019 11:13:30
IMCSR201906700BR	BDPBRSAO_20190805111331000091_01.xml	05/08/2019 11:13:40
IMCSR201906701BR	BDPBRSAO_20190805111341000092_01.xml	05/08/2019 11:13:50
IMCSR201907003BR	BDPBRSAO_20190805111351000093_01.xml	05/08/2019 11:14:00
IMCSR201907004BR	BDPBRSAO_20190805111401000094_01.xml	05/08/2019 11:14:11
IMCSR201907005BR	BDPBRSAO_20190805111411000095_01.xml	05/08/2019 11:14:21
IMOXT201901009BR	BDPBRSAO_20190805111422000096_01.xml	05/08/2019 11:14:30
IMCSR201907007BR	BDPBRSAO_20190805111431000097_01.xml	05/08/2019 11:14:41
IMOXT201901007BR	BDPBRSAO_20190805111442000098_01.xml	05/08/2019 11:14:51
IMCSR201907044BR	BDPBRSAO_20190805111452000099_01.xml	05/08/2019 11:15:02
IMOXT201811014BR	BDPBRSAO_20190805111503000100_01.xml	05/08/2019 11:15:13
IMCSR201907045BR	BDPBRSAO_20190805111514000101_01.xml	05/08/2019 11:15:23
IMCSR201907052BR	BDPBRSAO_20190805111524000102_01.xml	05/08/2019 11:15:32
IMCSR201907053BR	BDPBRSAO_20190805111533000103_01.xml	05/08/2019 11:15:42
IMOXT201809018BR	BDPBRSAO_20190805111543000104_01.xml	05/08/2019 11:15:51
IMCSR201907084BR	BDPBRSAO_20190805111552000105_01.xml	05/08/2019 11:16:01
IMCSR201907085BR	BDPBRSAO_20190805111602000106_01.xml	05/08/2019 11:16:11
IMCSR201907153BR	BDPBRSAO_20190805111612000107_01.xml	05/08/2019 11:16:21
IMCSR201907154BR	BDPBRSAO_20190805111622000108_01.xml	05/08/2019 11:16:31
IMCSR201907156BR	BDPBRSAO_20190805111632000109_01.xml	05/08/2019 11:16:41
IMCSR201907158BR	BDPBRSAO_20190805111642000110_01.xml	05/08/2019 11:16:51
IOOXT201802013BR	BDPBRSAO_20190805111652000111_01.xml	05/08/2019 11:16:59
IMCSR201907159BR	BDPBRSAO_20190805111701000112_01.xml	05/08/2019 11:17:10
IMOXT201901028BR	BDPBRSAO_20190805111711000113_01.xml	05/08/2019 11:17:22
IMCSR201907160BR	BDPBRSAO_20190805111723000114_01.xml	05/08/2019 11:17:31
IMCSR201907221BR	BDPBRSAO_20190805111732000115_01.xml	05/08/2019 11:17:42
IMCSR201907222BR	BDPBRSAO_20190805111742000116_01.xml	05/08/2019 11:17:54
IMOXT201905028BR	BDPBRSAO_20190805111755000117_01.xml	05/08/2019 11:18:06
IMCSR201907291BR	BDPBRSAO_20190805111807000118_01.xml	05/08/2019 11:18:18
IOOXT201904012BR	BDPBRSAO_20190805111819000119_01.xml	05/08/2019 11:18:29
IMCSR201907376BR	BDPBRSAO_20190805111830000120_01.xml	05/08/2019 11:18:40
IMOXT201811027BR	BDPBRSAO_20190805111841000121_01.xml	05/08/2019 11:18:48
IMCSR201907393BR	BDPBRSAO_20190805111849000122_01.xml	05/08/2019 11:18:58
IMCSR201907396BR	BDPBRSAO_20190805111859000123_01.xml	05/08/2019 11:19:08
IMCSR201907438BR	BDPBRSAO_20190805111909000124_01.xml	05/08/2019 11:19:14
IMCSR201907470BR	BDPBRSAO_20190805111915000125_01.xml	05/08/2019 11:19:24
IMCSR201907499BR	BDPBRSAO_20190805111925000126_01.xml	05/08/2019 11:19:34
IMCSR201907645BR	BDPBRSAO_20190805111935000127_01.xml	05/08/2019 11:19:47
IMEAS201907011BR	BDPBRSAO_20190805111948000128_01.xml	05/08/2019 11:19:56
IMEAS201907012BR	BDPBRSAO_20190805111957000129_01.xml	05/08/2019 11:20:24
IOOXT201904007BR	BDPBRSAO_20190805112025000130_01.xml	05/08/2019 11:20:32
IMFMC201906017BR	BDPBRSAO_20190805112033000131_01.xml	05/08/2019 11:20:42
IOOXT201904001BR	BDPBRSAO_20190805112043000132_01.xml	05/08/2019 11:20:50
IMIFB201905049BR	BDPBRSAO_20190805112051000133_01.xml	05/08/2019 11:21:00
IMIFB201905057BR	BDPBRSAO_20190805112101000134_01.xml	05/08/2019 11:21:13
IOOXT201904011BR	BDPBRSAO_20190805112114000135_01.xml	05/08/2019 11:21:22
IMIFB201905058BR	BDPBRSAO_20190805112123000136_01.xml	05/08/2019 11:21:32
IMIFB201905059BR	BDPBRSAO_20190805112133000137_01.xml	05/08/2019 11:21:43
IMIFB201905061BR	BDPBRSAO_20190805112144000138_01.xml	05/08/2019 11:21:52
IMOXT201812029BR	BDPBRSAO_20190805112153000139_01.xml	05/08/2019 11:22:02
IMIFB201905065BR	BDPBRSAO_20190805112203000140_01.xml	05/08/2019 11:22:12
IMIFB201905066BR	BDPBRSAO_20190805112213000141_01.xml	05/08/2019 11:22:22
IMIFB201905068BR	BDPBRSAO_20190805112223000142_01.xml	05/08/2019 11:22:33
IMIFB201905072BR	BDPBRSAO_20190805112234000143_01.xml	05/08/2019 11:22:42
IMIFB201906006BR	BDPBRSAO_20190805112243000144_01.xml	05/08/2019 11:22:51
IMIFB201906009BR	BDPBRSAO_20190805112252000145_01.xml	05/08/2019 11:23:00
IMIFB201906013BR	BDPBRSAO_20190805112301000146_01.xml	05/08/2019 11:23:09
IOOXT201903005BR	BDPBRSAO_20190805112310000147_01.xml	05/08/2019 11:23:17
IMIFB201906017BR	BDPBRSAO_20190805112318000148_01.xml	05/08/2019 11:23:26
IMIFB201906023BR	BDPBRSAO_20190805112327000149_01.xml	05/08/2019 11:23:35
IMIFB201906025BR	BDPBRSAO_20190805112336000150_01.xml	05/08/2019 11:23:44
IMIFB201906026BR	BDPBRSAO_20190805112345000151_01.xml	05/08/2019 11:23:53
IMIFB201906028BR	BDPBRSAO_20190805112354000152_01.xml	05/08/2019 11:24:04
IMIFB201906029BR	BDPBRSAO_20190805112405000153_01.xml	05/08/2019 11:24:16
IMIFB201906031BR	BDPBRSAO_20190805112417000154_01.xml	05/08/2019 11:24:24
IMIFB201906032BR	BDPBRSAO_20190805112425000155_01.xml	05/08/2019 11:24:34
IOOXT201903006BR	BDPBRSAO_20190805112435000156_01.xml	05/08/2019 11:24:43
IMIFB201906033BR	BDPBRSAO_20190805112444000157_01.xml	05/08/2019 11:24:53
IMIFB201906034BR	BDPBRSAO_20190805112454000158_01.xml	05/08/2019 11:25:06
IMIFB201906037BR	BDPBRSAO_20190805112510000159_01.xml	05/08/2019 11:25:19
IMIFB201906038BR	BDPBRSAO_20190805112520000160_01.xml	05/08/2019 11:25:29
IMIFB201906039BR	BDPBRSAO_20190805112530000161_01.xml	05/08/2019 11:25:38
IMOXT201805012BR	BDPBRSAO_20190805112539000162_01.xml	05/08/2019 11:25:46
IMIFB201906041BR	BDPBRSAO_20190805112547000163_01.xml	05/08/2019 11:25:56
IMIFB201906042BR	BDPBRSAO_20190805112556000164_01.xml	05/08/2019 11:26:05
IMIFB201906045BR	BDPBRSAO_20190805112606000165_01.xml	05/08/2019 11:26:14
IMIFB201906046BR	BDPBRSAO_20190805112615000166_01.xml	05/08/2019 11:26:23
IMOXT201906009BR	BDPBRSAO_20190805112624000167_01.xml	05/08/2019 11:26:32
IMIFB201906048BR	BDPBRSAO_20190805112633000168_01.xml	05/08/2019 11:26:41
IMLYB201905001BR	BDPBRSAO_20190805112642000169_01.xml	05/08/2019 11:26:51
IMLYB201905003BR	BDPBRSAO_20190805112652000170_01.xml	05/08/2019 11:27:00
IMLYB201905004BR	BDPBRSAO_20190805112701000171_01.xml	05/08/2019 11:27:09
IMOXT201806027BR	BDPBRSAO_20190805112710000172_01.xml	05/08/2019 11:27:18
IMLYB201905005BR	BDPBRSAO_20190805112719000173_01.xml	05/08/2019 11:27:27
IMOXT201806028BR	BDPBRSAO_20190805112728000174_01.xml	05/08/2019 11:27:37
IMLYB201905006BR	BDPBRSAO_20190805112738000175_01.xml	05/08/2019 11:27:46
IMLYB201906010BR	BDPBRSAO_20190805112747000176_01.xml	05/08/2019 11:27:54
IMLYB201906011BR	BDPBRSAO_20190805112755000177_01.xml	05/08/2019 11:28:03
IMLYB201907006BR	BDPBRSAO_20190805112804000178_01.xml	05/08/2019 11:28:12
IMLYB201907013BR	BDPBRSAO_20190805112812000179_01.xml	05/08/2019 11:30:23
IMMAU201907002BR	BDPBRSAO_20190805113026000180_01.xml	05/08/2019 11:30:39
IMOXT201812016BR	BDPBRSAO_20190805113040000181_01.xml	05/08/2019 11:30:52
IMOCV201905017BR	BDPBRSAO_20190805113053000182_01.xml	05/08/2019 11:31:03
IOOXT201903007BR	BDPBRSAO_20190805113104000183_01.xml	05/08/2019 11:31:13
IMOCV201905019BR	BDPBRSAO_20190805113114000184_01.xml	05/08/2019 11:31:22
IMOCV201906003BR	BDPBRSAO_20190805113123000185_01.xml	05/08/2019 11:31:33
IMOCV201906005BR	BDPBRSAO_20190805113134000186_01.xml	05/08/2019 11:31:43
IMOCV201906008BR	BDPBRSAO_20190805113144000187_01.xml	05/08/2019 11:31:55
IMOXT201906016BR	BDPBRSAO_20190805113156000188_01.xml	05/08/2019 11:32:04
IMSCA201906005BR	BDPBRSAO_20190805113205000189_01.xml	05/08/2019 11:32:18
IMSCA201906008BR	BDPBRSAO_20190805113219000190_01.xml	05/08/2019 11:32:32
IMOXT201903025BR	BDPBRSAO_20190805113233000191_01.xml	05/08/2019 11:32:43
IOOXT201904003BR	BDPBRSAO_20190805113245000192_01.xml	05/08/2019 11:32:53
IMSLA201907007BR	BDPBRSAO_20190805113254000193_01.xml	05/08/2019 11:33:03
IMSLA201907012BR	BDPBRSAO_20190805113304000194_01.xml	05/08/2019 11:33:20
IMSLA201907014BR	BDPBRSAO_20190805113321000195_01.xml	05/08/2019 11:33:30
IMSLA201907016BR	BDPBRSAO_20190805113331000196_01.xml	05/08/2019 11:33:46
IOOXT201902009BR	BDPBRSAO_20190805113347000197_01.xml	05/08/2019 11:33:55
IMSLA201907017BR	BDPBRSAO_20190805113356000198_01.xml	05/08/2019 11:34:24
IMSLA201907018BR	BDPBRSAO_20190805113425000199_01.xml	05/08/2019 11:34:34
IMOXT201906039BR	BDPBRSAO_20190805113435000200_01.xml	05/08/2019 11:34:43
IMSLA201907019BR	BDPBRSAO_20190805113444000201_01.xml	05/08/2019 11:35:07
IMSLA201907021BR	BDPBRSAO_20190805113507000202_01.xml	05/08/2019 11:35:16
IMSLA201907022BR	BDPBRSAO_20190805113517000203_01.xml	05/08/2019 11:35:27
IOOXT201904009BR	BDPBRSAO_20190805113528000204_01.xml	05/08/2019 11:35:35
IMSLA201907023BR	BDPBRSAO_20190805113536000205_01.xml	05/08/2019 11:35:54
IOOXT201802002BR	BDPBRSAO_20190805113555000206_01.xml	05/08/2019 11:36:03
IMSLA201907025BR	BDPBRSAO_20190805113604000207_01.xml	05/08/2019 11:36:15
IMSLA201907026BR	BDPBRSAO_20190805113616000208_01.xml	05/08/2019 11:36:24
IMSLA201907029BR	BDPBRSAO_20190805113625000209_01.xml	05/08/2019 11:36:33
IMSLA201907031BR	BDPBRSAO_20190805113634000210_01.xml	05/08/2019 11:36:42
IMSLA201907032BR	BDPBRSAO_20190805113643000211_01.xml	05/08/2019 11:36:52
IMSLA201907033BR	BDPBRSAO_20190805113653000212_01.xml	05/08/2019 11:37:01
IMSLA201907034BR	BDPBRSAO_20190805113702000213_01.xml	05/08/2019 11:37:10
IOOXT201903008BR	BDPBRSAO_20190805113710000214_01.xml	05/08/2019 11:37:18
IMSLA201907035BR	BDPBRSAO_20190805113719000215_01.xml	05/08/2019 11:37:26
IMSOL201811165BR	BDPBRSAO_20190805113727000216_01.xml	05/08/2019 11:37:35
IMSOL201902097BR	BDPBRSAO_20190805113736000217_01.xml	05/08/2019 11:37:46
IMOXT201907013BR	BDPBRSAO_20190805113747000218_01.xml	05/08/2019 11:37:54
IOOXT201802011BR	BDPBRSAO_20190805113755000219_01.xml	05/08/2019 11:38:02
IMSOL201902133BR	BDPBRSAO_20190805113802000220_01.xml	05/08/2019 11:38:10
IMSOL201903025BR	BDPBRSAO_20190805113811000221_01.xml	05/08/2019 11:38:19
IMOXT201811017BR	BDPBRSAO_20190805113820000222_01.xml	05/08/2019 11:38:28
IMSOL201903047BR	BDPBRSAO_20190805113829000223_01.xml	05/08/2019 11:38:37
IMSOL201904009BR	BDPBRSAO_20190805113837000224_01.xml	05/08/2019 11:38:45
IMSOL201904010BR	BDPBRSAO_20190805113845000225_01.xml	05/08/2019 11:38:53
IMSOL201904027BR	BDPBRSAO_20190805113854000226_01.xml	05/08/2019 11:39:01
IMSOL201904030BR	BDPBRSAO_20190805113902000227_01.xml	05/08/2019 11:39:09
IMSOL201904038BR	BDPBRSAO_20190805113910000228_01.xml	05/08/2019 11:39:17
IMOXT201904019BR	BDPBRSAO_20190805113918000229_01.xml	05/08/2019 11:39:28
IMSOL201904087BR	BDPBRSAO_20190805113929000230_01.xml	05/08/2019 11:39:37
IMSOL201904107BR	BDPBRSAO_20190805113938000231_01.xml	05/08/2019 11:39:50
IMOXT201810021BR	BDPBRSAO_20190805113951000232_01.xml	05/08/2019 11:39:59
IMSOL201904111BR	BDPBRSAO_20190805113959000233_01.xml	05/08/2019 11:40:10
IMOXT201808047BR	BDPBRSAO_20190805114011000234_01.xml	05/08/2019 11:40:22
IMSOL201904112BR	BDPBRSAO_20190805114023000235_01.xml	05/08/2019 11:40:31
IMSOL201904113BR	BDPBRSAO_20190805114031000236_01.xml	05/08/2019 11:40:39
IMSOL201904115BR	BDPBRSAO_20190805114040000237_01.xml	05/08/2019 11:40:47
IOOXT201803002BR	BDPBRSAO_20190805114048000238_01.xml	05/08/2019 11:40:55
IMSOL201904122BR	BDPBRSAO_20190805114056000239_01.xml	05/08/2019 11:41:04
IMSOL201904125BR	BDPBRSAO_20190805114104000240_01.xml	05/08/2019 11:41:12
IMSOL201904132BR	BDPBRSAO_20190805114112000241_01.xml	05/08/2019 11:41:20
IMOXT201905031BR	BDPBRSAO_20190805114121000242_01.xml	05/08/2019 11:41:28
IMSOL201905019BR	BDPBRSAO_20190805114129000243_01.xml	05/08/2019 11:41:37
IMSOL201905055BR	BDPBRSAO_20190805114138000244_01.xml	05/08/2019 11:41:45
IMSOL201905061BR	BDPBRSAO_20190805114146000245_01.xml	05/08/2019 11:41:54
IMOXT201901010BR	BDPBRSAO_20190805114154000246_01.xml	05/08/2019 11:42:05
IMSOL201905062BR	BDPBRSAO_20190805114206000247_01.xml	05/08/2019 11:42:13
IAOXT201902007BR	BDPBRSAO_20190805114214000248_01.xml	05/08/2019 11:42:23
IMSOL201905063BR	BDPBRSAO_20190805114224000249_01.xml	05/08/2019 11:42:34
IMOXT201812031BR	BDPBRSAO_20190805114235000250_01.xml	05/08/2019 11:42:43
IMSOL201905064BR	BDPBRSAO_20190805114243000251_01.xml	05/08/2019 11:42:51
IMOXT201902036BR	BDPBRSAO_20190805114252000252_01.xml	05/08/2019 11:43:01
IMSOL201905069BR	BDPBRSAO_20190805114302000253_01.xml	05/08/2019 11:43:10
