Start Program	11/03/2020 9:57:48 AM
IMFLT202002065AR	BDPARBUE_20200311095818000002_01.xml	11/03/2020 9:58:25 AM
IMFLT202003020AR	BDPARBUE_20200311095944000003_01.xml	11/03/2020 9:59:50 AM
IMFLT201906022AR	BDPARBUE_20200311100013000004_01.xml	11/03/2020 10:00:19 AM
IOGRH202001001AR	BDPARBUE_20200311100138000005_01.xml	11/03/2020 10:05:24 AM
IMFLT201908019AR	BDPARBUE_20200311100622000006_01.xml	11/03/2020 10:12:27 AM
IMFLT202003019AR	BDPARBUE_20200311101230000007_01.xml	11/03/2020 10:13:21 AM
IMROA202003009AR	BDPARBUE_20200311101323000008_01.xml	11/03/2020 10:13:46 AM
IMFLT202002090AR	BDPARBUE_20200311101349000009_01.xml	11/03/2020 10:14:21 AM
IMCHP202002011AR	BDPARBUE_20200311101422000010_01.xml	11/03/2020 10:14:33 AM
IMSLT202002004AR	BDPARBUE_20200311101434000011_01.xml	11/03/2020 10:14:44 AM
EMARG202003111AR	BDPARBUE_20200311101445000012_01.xml	11/03/2020 10:14:55 AM
IMFLT202003008AR	BDPARBUE_20200311101456000013_01.xml	11/03/2020 10:15:02 AM
IMFLT202002059AR	BDPARBUE_20200311101503000014_01.xml	11/03/2020 10:15:09 AM
IMFLT202002056AR	BDPARBUE_20200311101510000015_01.xml	11/03/2020 10:15:15 AM
IMSOL202003005AR	BDPARBUE_20200311101516000016_01.xml	11/03/2020 10:19:58 AM
EOARG202003067AR	BDPARBUE_20200311101959000017_01.xml	11/03/2020 10:20:13 AM
IMROA202003017AR	BDPARBUE_20200311102014000018_01.xml	11/03/2020 10:20:25 AM
IMSOL202003006AR	BDPARBUE_20200311102026000019_01.xml	11/03/2020 10:20:31 AM
IMARG202003060AR	BDPARBUE_20200311102032000020_01.xml	11/03/2020 10:20:43 AM
IMROA202003011AR	BDPARBUE_20200311102044000021_01.xml	11/03/2020 10:20:56 AM
IMARG202003061AR	BDPARBUE_20200311102057000022_01.xml	11/03/2020 10:21:07 AM
IMSOL202003007AR	BDPARBUE_20200311102108000023_01.xml	11/03/2020 10:21:14 AM
IMROA202003015AR	BDPARBUE_20200311102115000024_01.xml	11/03/2020 10:21:26 AM
IMROA202001003AR	BDPARBUE_20200311102127000025_01.xml	11/03/2020 10:21:37 AM
EMARG202003096AR	BDPARBUE_20200311102138000026_01.xml	11/03/2020 10:21:48 AM
IMROA202003018AR	BDPARBUE_20200311102149000027_01.xml	11/03/2020 10:21:59 AM
IMROA202003019AR	BDPARBUE_20200311102200000028_01.xml	11/03/2020 10:22:11 AM
IMROA202003020AR	BDPARBUE_20200311102212000029_01.xml	11/03/2020 10:22:22 AM
IAARG202002007AR	BDPARBUE_20200311102223000030_01.xml	11/03/2020 10:22:32 AM
EMARG202001002AR	BDPARBUE_20200311102233000031_01.xml	11/03/2020 10:22:43 AM
IMARG202001120AR	BDPARBUE_20200311102245000032_01.xml	11/03/2020 10:22:53 AM
EOARG201912220AR	BDPARBUE_20200311102254000033_01.xml	11/03/2020 10:23:04 AM
IMARG202003041AR	BDPARBUE_20200311102305000034_01.xml	11/03/2020 10:23:16 AM
IMFLT202003021AR	BDPARBUE_20200311102317000035_01.xml	11/03/2020 10:23:23 AM
IMROA202003021AR	BDPARBUE_20200311102324000036_01.xml	11/03/2020 10:23:34 AM
IMARG202003026AR	BDPARBUE_20200311102335000037_01.xml	11/03/2020 10:23:48 AM
IMARG202002080AR	BDPARBUE_20200311102349000038_01.xml	11/03/2020 10:24:01 AM
IOARG202002012AR	BDPARBUE_20200311102402000039_01.xml	11/03/2020 10:24:11 AM
EMARG201912329AR	BDPARBUE_20200311102412000040_01.xml	11/03/2020 10:24:23 AM
IMARG202002097AR	BDPARBUE_20200311102424000041_01.xml	11/03/2020 10:24:35 AM
IMARG202002095AR	BDPARBUE_20200311102436000042_01.xml	11/03/2020 10:24:49 AM
IMROA202003022AR	BDPARBUE_20200311102450000043_01.xml	11/03/2020 10:28:28 AM
EMARG202001035AR	BDPARBUE_20200311102829000044_01.xml	11/03/2020 10:28:39 AM
IAARG202003005AR	BDPARBUE_20200311102840000045_01.xml	11/03/2020 10:28:59 AM
EMARG201912330AR	BDPARBUE_20200311102900000046_01.xml	11/03/2020 10:29:12 AM
EOARG202001117AR	BDPARBUE_20200311102913000047_01.xml	11/03/2020 10:29:23 AM
IMARG202003062AR	BDPARBUE_20200311102924000048_01.xml	11/03/2020 10:29:43 AM
Start Program	11/03/2020 10:38:20 AM
IMARG202003063AR	BDPARBUE_20200311103826000002_01.xml	11/03/2020 10:39:02 AM
Start Program	11/03/2020 10:44:38 AM
EOARG202003083AR	BDPARBUE_20200311104444000002_01.xml	11/03/2020 10:45:03 AM
IAFLT202001023AR	BDPARBUE_20200311104504000003_01.xml	11/03/2020 10:45:26 AM
EOUNI202003009AR	BDPARBUE_20200311104527000004_01.xml	11/03/2020 10:46:18 AM
IMARG202003064AR	BDPARBUE_20200311104619000005_01.xml	11/03/2020 11:04:22 AM
Start Program	11/03/2020 11:07:12 AM
EOARG202002009AR	BDPARBUE_20200311110718000002_01.xml	11/03/2020 11:08:32 AM
IAFLT202001018AR	BDPARBUE_20200311110833000003_01.xml	11/03/2020 11:09:15 AM
IMFLT202002084AR	BDPARBUE_20200311110916000004_01.xml	11/03/2020 11:09:30 AM
EOARG202003003AR	BDPARBUE_20200311110931000005_01.xml	11/03/2020 11:09:50 AM
EOARG202001086AR	BDPARBUE_20200311110951000006_01.xml	11/03/2020 11:10:08 AM
EOARG202001173AR	BDPARBUE_20200311111009000007_01.xml	11/03/2020 11:10:23 AM
EOARG202001135AR	BDPARBUE_20200311111024000008_01.xml	11/03/2020 11:10:40 AM
EOUNI202003007AR	BDPARBUE_20200311111041000009_01.xml	11/03/2020 11:11:14 AM
EOARG202002246AR	BDPARBUE_20200311111115000010_01.xml	11/03/2020 11:11:29 AM
Start Program	11/03/2020 11:26:27 AM
IMARG202001018AR	BDPARBUE_20200311112633000002_01.xml	11/03/2020 11:28:17 AM
EMARG202001104AR	BDPARBUE_20200311112818000003_01.xml	11/03/2020 11:28:31 AM
Start Program	11/03/2020 11:31:28 AM
IOCHP202001001AR	BDPARBUE_20200311113133000002_01.xml	11/03/2020 11:33:47 AM
Start Program	11/03/2020 11:39:47 AM
EOUNI202001039AR	BDPARBUE_20200311113953000002_01.xml	11/03/2020 11:40:31 AM
EOARG202001213AR	BDPARBUE_20200311114032000003_01.xml	11/03/2020 11:40:48 AM
EMARG202003026AR	BDPARBUE_20200311114049000004_01.xml	11/03/2020 11:41:07 AM
EMARG202002071AR	BDPARBUE_20200311114108000005_01.xml	11/03/2020 11:41:24 AM
EOARG202001056AR	BDPARBUE_20200311114125000006_01.xml	11/03/2020 11:41:49 AM
EMARG202002038AR	BDPARBUE_20200311114150000007_01.xml	11/03/2020 11:42:02 AM
EMARG202001321AR	BDPARBUE_20200311114203000008_01.xml	11/03/2020 11:42:20 AM
EOUNI202002036AR	BDPARBUE_20200311114221000009_01.xml	11/03/2020 11:42:34 AM
EOARG202002163AR	BDPARBUE_20200311114235000010_01.xml	11/03/2020 11:42:46 AM
Start Program	11/03/2020 11:43:40 AM
EOARG202001258AR	BDPARBUE_20200311114346000002_01.xml	11/03/2020 11:43:55 AM
EMARG202002067AR	BDPARBUE_20200311114357000003_01.xml	11/03/2020 11:44:10 AM
EOARG202001196AR	BDPARBUE_20200311114411000004_01.xml	11/03/2020 11:44:21 AM
EMARG202002210AR	BDPARBUE_20200311114422000005_01.xml	11/03/2020 11:44:35 AM
EOARG202002206AR	BDPARBUE_20200311114436000006_01.xml	11/03/2020 11:44:45 AM
IMFLT202002070AR	BDPARBUE_20200311114446000007_01.xml	11/03/2020 11:45:32 AM
EMARG202002262AR	BDPARBUE_20200311114533000008_01.xml	11/03/2020 11:45:45 AM
EOARG202001024AR	BDPARBUE_20200311114546000009_01.xml	11/03/2020 11:45:55 AM
EMARG202002089AR	BDPARBUE_20200311114556000010_01.xml	11/03/2020 11:46:03 AM
EMARG202001288AR	BDPARBUE_20200311114604000011_01.xml	11/03/2020 11:46:14 AM
IMARG202001098AR	BDPARBUE_20200311114615000012_01.xml	11/03/2020 12:01:02 PM
EOARG202002035AR	BDPARBUE_20200311120330000013_01.xml	11/03/2020 12:03:44 PM
EOARG202001018AR	BDPARBUE_20200311120345000014_01.xml	11/03/2020 12:03:59 PM
EMARG202002107AR	BDPARBUE_20200311120400000015_01.xml	11/03/2020 12:04:19 PM
EMARG202003066AR	BDPARBUE_20200311120420000016_01.xml	11/03/2020 12:04:37 PM
EOARG202002107AR	BDPARBUE_20200311120438000017_01.xml	11/03/2020 12:04:52 PM
EMARG202001009AR	BDPARBUE_20200311120454000018_01.xml	11/03/2020 12:05:08 PM
EMARG202002160AR	BDPARBUE_20200311120509000019_01.xml	11/03/2020 12:05:27 PM
IMROA202001015AR	BDPARBUE_20200311120529000020_01.xml	11/03/2020 12:05:47 PM
EMARG202001194AR	BDPARBUE_20200311120548000021_01.xml	11/03/2020 12:06:01 PM
IMARG201912010AR	BDPARBUE_20200311120602000022_01.xml	11/03/2020 12:06:16 PM
EOARG202002076AR	BDPARBUE_20200311120617000023_01.xml	11/03/2020 12:06:29 PM
EOARG202002084AR	BDPARBUE_20200311120630000024_01.xml	11/03/2020 12:06:45 PM
EMARG202001024AR	BDPARBUE_20200311120646000025_01.xml	11/03/2020 12:07:00 PM
EMARG202002149AR	BDPARBUE_20200311120701000026_01.xml	11/03/2020 12:07:16 PM
EMARG202001133AR	BDPARBUE_20200311120718000027_01.xml	11/03/2020 12:07:30 PM
EMARG202002059AR	BDPARBUE_20200311120731000028_01.xml	11/03/2020 12:07:46 PM
EMARG202001304AR	BDPARBUE_20200311120748000029_01.xml	11/03/2020 12:08:01 PM
EMARG202002154AR	BDPARBUE_20200311120802000030_01.xml	11/03/2020 12:08:16 PM
EOUNI202001025AR	BDPARBUE_20200311120817000031_01.xml	11/03/2020 12:08:28 PM
EOARG202001154AR	BDPARBUE_20200311120829000032_01.xml	11/03/2020 12:08:41 PM
EOARG202002142AR	BDPARBUE_20200311120842000033_01.xml	11/03/2020 12:08:53 PM
IMARG202002042AR	BDPARBUE_20200311120854000034_01.xml	11/03/2020 12:09:08 PM
EOARG202002247AR	BDPARBUE_20200311120909000035_01.xml	11/03/2020 12:09:23 PM
EMARG202002055AR	BDPARBUE_20200311120924000036_01.xml	11/03/2020 12:09:36 PM
EOUNI202002035AR	BDPARBUE_20200311120937000037_01.xml	11/03/2020 12:09:48 PM
EMARG202001221AR	BDPARBUE_20200311120949000038_01.xml	11/03/2020 12:10:01 PM
EOARG202002160AR	BDPARBUE_20200311121003000039_01.xml	11/03/2020 12:10:14 PM
EOARG202002078AR	BDPARBUE_20200311121015000040_01.xml	11/03/2020 12:10:27 PM
EMARG202002265AR	BDPARBUE_20200311121028000041_01.xml	11/03/2020 12:10:44 PM
EOARG202003002AR	BDPARBUE_20200311121045000042_01.xml	11/03/2020 12:10:57 PM
EMARG202002161AR	BDPARBUE_20200311121058000043_01.xml	11/03/2020 12:11:13 PM
EMARG202002199AR	BDPARBUE_20200311121115000044_01.xml	11/03/2020 12:11:36 PM
EMARG202001105AR	BDPARBUE_20200311121137000045_01.xml	11/03/2020 12:11:50 PM
EOARG202002089AR	BDPARBUE_20200311121151000046_01.xml	11/03/2020 12:12:03 PM
IMARG202001161AR	BDPARBUE_20200311121204000047_01.xml	11/03/2020 12:12:19 PM
IMROA201911042AR	BDPARBUE_20200311121220000048_01.xml	11/03/2020 12:12:34 PM
EMARG202001128AR	BDPARBUE_20200311121235000049_01.xml	11/03/2020 12:12:48 PM
IMARG201912068AR	BDPARBUE_20200311121249000050_01.xml	11/03/2020 12:13:05 PM
EMARG202003037AR	BDPARBUE_20200311121306000051_01.xml	11/03/2020 12:13:18 PM
IMARG202001035AR	BDPARBUE_20200311121319000052_01.xml	11/03/2020 12:13:34 PM
IMARG202002066AR	BDPARBUE_20200311121335000053_01.xml	11/03/2020 12:13:49 PM
EOARG202003073AR	BDPARBUE_20200311121350000054_01.xml	11/03/2020 12:14:02 PM
IMROA201912018AR	BDPARBUE_20200311121403000055_01.xml	11/03/2020 12:14:17 PM
EOARG202002007AR	BDPARBUE_20200311121418000056_01.xml	11/03/2020 12:14:28 PM
IMARG202001087AR	BDPARBUE_20200311121429000057_01.xml	11/03/2020 12:14:43 PM
IMARG202003065AR	BDPARBUE_20200311121444000058_01.xml	11/03/2020 12:14:57 PM
EOARG202003005AR	BDPARBUE_20200311121458000059_01.xml	11/03/2020 12:15:09 PM
EOARG202002181AR	BDPARBUE_20200311121510000060_01.xml	11/03/2020 12:15:19 PM
IOARG202002008AR	BDPARBUE_20200311121520000061_01.xml	11/03/2020 12:15:27 PM
IMARG202002017AR	BDPARBUE_20200311121528000062_01.xml	11/03/2020 12:15:41 PM
IMARG202001032AR	BDPARBUE_20200311121542000063_01.xml	11/03/2020 12:15:54 PM
IMARG202001157AR	BDPARBUE_20200311121555000064_01.xml	11/03/2020 12:16:07 PM
EMARG202002139AR	BDPARBUE_20200311121608000065_01.xml	11/03/2020 12:16:18 PM
IMCHP202001009AR	BDPARBUE_20200311121619000066_01.xml	11/03/2020 12:16:30 PM
EMARG202002235AR	BDPARBUE_20200311121631000067_01.xml	11/03/2020 12:16:44 PM
EOARG202002029AR	BDPARBUE_20200311121645000068_01.xml	11/03/2020 12:16:54 PM
EMARG202002213AR	BDPARBUE_20200311121655000069_01.xml	11/03/2020 12:17:08 PM
IMROA202001047AR	BDPARBUE_20200311121709000070_01.xml	11/03/2020 12:17:20 PM
IMROA202002031AR	BDPARBUE_20200311121721000071_01.xml	11/03/2020 12:17:33 PM
EOARG202001201AR	BDPARBUE_20200311121734000072_01.xml	11/03/2020 12:17:43 PM
IOARG202002003AR	BDPARBUE_20200311121744000073_01.xml	11/03/2020 12:17:55 PM
EOARG202001088AR	BDPARBUE_20200311121756000074_01.xml	11/03/2020 12:18:05 PM
EMARG202002259AR	BDPARBUE_20200311121806000075_01.xml	11/03/2020 12:18:17 PM
IAARG202002005AR	BDPARBUE_20200311121818000076_01.xml	11/03/2020 12:18:25 PM
EMARG202001161AR	BDPARBUE_20200311121826000077_01.xml	11/03/2020 12:18:36 PM
IMARG202001114AR	BDPARBUE_20200311121837000078_01.xml	11/03/2020 12:18:50 PM
IMARG202001107AR	BDPARBUE_20200311121851000079_01.xml	11/03/2020 12:19:02 PM
EOARG202002073AR	BDPARBUE_20200311121904000080_01.xml	11/03/2020 12:19:13 PM
EMARG202002254AR	BDPARBUE_20200311121914000081_01.xml	11/03/2020 12:19:25 PM
IMROA202001069AR	BDPARBUE_20200311121926000082_01.xml	11/03/2020 12:19:37 PM
EOARG202002157AR	BDPARBUE_20200311121938000083_01.xml	11/03/2020 12:19:47 PM
IMARG202001003AR	BDPARBUE_20200311121948000084_01.xml	11/03/2020 12:20:01 PM
EMARG202001270AR	BDPARBUE_20200311122003000085_01.xml	11/03/2020 12:20:13 PM
EOARG202001238AR	BDPARBUE_20200311122014000086_01.xml	11/03/2020 12:20:24 PM
EOUNI202002038AR	BDPARBUE_20200311122025000087_01.xml	11/03/2020 12:20:34 PM
EOARG202001261AR	BDPARBUE_20200311122035000088_01.xml	11/03/2020 12:20:44 PM
EOARG202001242AR	BDPARBUE_20200311122045000089_01.xml	11/03/2020 12:20:55 PM
EOARG202001047AR	BDPARBUE_20200311122056000090_01.xml	11/03/2020 12:21:05 PM
EOARG202002015AR	BDPARBUE_20200311122106000091_01.xml	11/03/2020 12:21:16 PM
EMARG202001037AR	BDPARBUE_20200311122117000092_01.xml	11/03/2020 12:21:27 PM
EMARG202002279AR	BDPARBUE_20200311122128000093_01.xml	11/03/2020 12:21:40 PM
EMARG202003012AR	BDPARBUE_20200311122141000094_01.xml	11/03/2020 12:21:51 PM
EMARG202002177AR	BDPARBUE_20200311122152000095_01.xml	11/03/2020 12:22:10 PM
EMARG202001042AR	BDPARBUE_20200311122211000096_01.xml	11/03/2020 12:22:21 PM
EOARG202001217AR	BDPARBUE_20200311122222000097_01.xml	11/03/2020 12:22:33 PM
EMARG202002129AR	BDPARBUE_20200311122234000098_01.xml	11/03/2020 12:22:48 PM
IMROA202001048AR	BDPARBUE_20200311122249000099_01.xml	11/03/2020 12:23:01 PM
IMARG202002079AR	BDPARBUE_20200311122317000100_01.xml	11/03/2020 12:23:29 PM
EOARG202001094AR	BDPARBUE_20200311122705000101_01.xml	11/03/2020 12:27:15 PM
IMARG201911092AR	BDPARBUE_20200311122716000102_01.xml	11/03/2020 12:27:27 PM
EMARG202001195AR	BDPARBUE_20200311122728000103_01.xml	11/03/2020 12:27:38 PM
EOARG202003001AR	BDPARBUE_20200311122739000104_01.xml	11/03/2020 12:27:48 PM
IOARG202002009AR	BDPARBUE_20200311122750000105_01.xml	11/03/2020 12:28:00 PM
EMARG202001157AR	BDPARBUE_20200311122802000106_01.xml	11/03/2020 12:28:12 PM
EOARG202001064AR	BDPARBUE_20200311122813000107_01.xml	11/03/2020 12:28:22 PM
EMARG202003070AR	BDPARBUE_20200311122823000108_01.xml	11/03/2020 12:28:35 PM
EMARG202002033AR	BDPARBUE_20200311122836000109_01.xml	11/03/2020 12:28:41 PM
EOARG202001255AR	BDPARBUE_20200311122842000110_01.xml	11/03/2020 12:28:52 PM
EOARG202001188AR	BDPARBUE_20200311122853000111_01.xml	11/03/2020 12:29:02 PM
EOUNI202003011AR	BDPARBUE_20200311122903000112_01.xml	11/03/2020 12:29:12 PM
EOARG202001189AR	BDPARBUE_20200311122913000113_01.xml	11/03/2020 12:29:22 PM
EMARG202001015AR	BDPARBUE_20200311122924000114_01.xml	11/03/2020 12:29:34 PM
EMARG202001241AR	BDPARBUE_20200311122935000115_01.xml	11/03/2020 12:29:45 PM
EOARG202001186AR	BDPARBUE_20200311122946000116_01.xml	11/03/2020 12:29:55 PM
EMARG202001162AR	BDPARBUE_20200311122956000117_01.xml	11/03/2020 12:30:10 PM
EOARG202001248AR	BDPARBUE_20200311123011000118_01.xml	11/03/2020 12:30:23 PM
EMARG202002207AR	BDPARBUE_20200311123024000119_01.xml	11/03/2020 12:30:34 PM
EMARG202002196AR	BDPARBUE_20200311123035000120_01.xml	11/03/2020 12:30:48 PM
EOARG202002132AR	BDPARBUE_20200311123050000121_01.xml	11/03/2020 12:31:00 PM
IMROA202001031AR	BDPARBUE_20200311123101000122_01.xml	11/03/2020 12:31:12 PM
EOARG202003059AR	BDPARBUE_20200311123113000123_01.xml	11/03/2020 12:31:22 PM
IMROA202001007AR	BDPARBUE_20200311123123000124_01.xml	11/03/2020 12:31:36 PM
EOARG201912241AR	BDPARBUE_20200311123137000125_01.xml	11/03/2020 12:31:47 PM
EOARG202001175AR	BDPARBUE_20200311123148000126_01.xml	11/03/2020 12:31:58 PM
IMARG202001170AR	BDPARBUE_20200311123200000127_01.xml	11/03/2020 12:32:12 PM
EOARG202001030AR	BDPARBUE_20200311123213000128_01.xml	11/03/2020 12:32:23 PM
EMARG202003063AR	BDPARBUE_20200311123224000129_01.xml	11/03/2020 12:32:35 PM
EMARG202002260AR	BDPARBUE_20200311123236000130_01.xml	11/03/2020 12:32:48 PM
EOARG202002239AR	BDPARBUE_20200311123249000131_01.xml	11/03/2020 12:32:58 PM
EOARG202002149AR	BDPARBUE_20200311123259000132_01.xml	11/03/2020 12:33:08 PM
EMARG202001314AR	BDPARBUE_20200311123309000133_01.xml	11/03/2020 12:33:19 PM
EOARG202001249AR	BDPARBUE_20200311123320000134_01.xml	11/03/2020 12:33:30 PM
EOARG202001251AR	BDPARBUE_20200311123331000135_01.xml	11/03/2020 12:33:40 PM
EOARG202001252AR	BDPARBUE_20200311123341000136_01.xml	11/03/2020 12:33:50 PM
EOARG202002114AR	BDPARBUE_20200311123351000137_01.xml	11/03/2020 12:34:01 PM
EMARG202001098AR	BDPARBUE_20200311123402000138_01.xml	11/03/2020 12:34:12 PM
EOARG202001130AR	BDPARBUE_20200311123413000139_01.xml	11/03/2020 12:34:23 PM
EMARG202001250AR	BDPARBUE_20200311123424000140_01.xml	11/03/2020 12:34:34 PM
EMARG201912239AR	BDPARBUE_20200311123435000141_01.xml	11/03/2020 12:34:45 PM
EOARG202001038AR	BDPARBUE_20200311123446000142_01.xml	11/03/2020 12:34:57 PM
EMARG202001094AR	BDPARBUE_20200311123458000143_01.xml	11/03/2020 12:35:08 PM
EOARG202002147AR	BDPARBUE_20200311123509000144_01.xml	11/03/2020 12:35:19 PM
EMARG202002203AR	BDPARBUE_20200311123520000145_01.xml	11/03/2020 12:35:33 PM
EMARG202003053AR	BDPARBUE_20200311123534000146_01.xml	11/03/2020 12:35:44 PM
EMARG202001310AR	BDPARBUE_20200311123545000147_01.xml	11/03/2020 12:35:56 PM
EOUNI202003004AR	BDPARBUE_20200311123557000148_01.xml	11/03/2020 12:36:07 PM
EOARG202001069AR	BDPARBUE_20200311123608000149_01.xml	11/03/2020 12:36:17 PM
EOROA202002003AR	BDPARBUE_20200311123619000150_01.xml	11/03/2020 12:36:28 PM
EOARG202001016AR	BDPARBUE_20200311123629000151_01.xml	11/03/2020 12:36:39 PM
EMARG202002178AR	BDPARBUE_20200311123640000152_01.xml	11/03/2020 12:36:50 PM
EMARG202002244AR	BDPARBUE_20200311123651000153_01.xml	11/03/2020 12:37:01 PM
EOARG201912243AR	BDPARBUE_20200311123702000154_01.xml	11/03/2020 12:37:12 PM
EMARG202001229AR	BDPARBUE_20200311123713000155_01.xml	11/03/2020 12:37:24 PM
EMARG202001202AR	BDPARBUE_20200311123725000156_01.xml	11/03/2020 12:37:35 PM
EMARG202002184AR	BDPARBUE_20200311123736000157_01.xml	11/03/2020 12:37:47 PM
IMARG202001115AR	BDPARBUE_20200311123748000158_01.xml	11/03/2020 12:38:01 PM
EOARG202002141AR	BDPARBUE_20200311123802000159_01.xml	11/03/2020 12:38:13 PM
EOARG202002199AR	BDPARBUE_20200311123814000160_01.xml	11/03/2020 12:38:23 PM
IMARG201910114AR	BDPARBUE_20200311123824000161_01.xml	11/03/2020 12:38:36 PM
IMARG202001108AR	BDPARBUE_20200311123837000162_01.xml	11/03/2020 12:38:49 PM
EMARG202001339AR	BDPARBUE_20200311123850000163_01.xml	11/03/2020 12:39:00 PM
EMARG202001151AR	BDPARBUE_20200311123901000164_01.xml	11/03/2020 12:39:12 PM
EOARG202003069AR	BDPARBUE_20200311123913000165_01.xml	11/03/2020 12:39:23 PM
EOARG202001072AR	BDPARBUE_20200311123924000166_01.xml	11/03/2020 12:39:34 PM
EMARG202001349AR	BDPARBUE_20200311123935000167_01.xml	11/03/2020 12:39:48 PM
EOROA202001003AR	BDPARBUE_20200311123949000168_01.xml	11/03/2020 12:39:59 PM
IMCHP202002007AR	BDPARBUE_20200311124000000169_01.xml	11/03/2020 12:40:12 PM
IMARG202002033AR	BDPARBUE_20200311124013000170_01.xml	11/03/2020 12:40:25 PM
EMARG202002144AR	BDPARBUE_20200311124026000171_01.xml	11/03/2020 12:40:40 PM
EMARG202001060AR	BDPARBUE_20200311124041000172_01.xml	11/03/2020 12:40:51 PM
IOARG202001009AR	BDPARBUE_20200311124052000173_01.xml	11/03/2020 12:41:02 PM
EOUNI202002013AR	BDPARBUE_20200311124103000174_01.xml	11/03/2020 12:41:12 PM
EMARG202003088AR	BDPARBUE_20200311124113000175_01.xml	11/03/2020 12:41:23 PM
EMARG202003005AR	BDPARBUE_20200311124124000176_01.xml	11/03/2020 12:41:37 PM
EOARG202001168AR	BDPARBUE_20200311124138000177_01.xml	11/03/2020 12:41:48 PM
IMARG202003066AR	BDPARBUE_20200311124149000178_01.xml	11/03/2020 12:42:01 PM
EMARG202003010AR	BDPARBUE_20200311124203000179_01.xml	11/03/2020 12:42:17 PM
EMARG202001311AR	BDPARBUE_20200311124219000180_01.xml	11/03/2020 12:42:29 PM
EOARG202003084AR	BDPARBUE_20200311124230000181_01.xml	11/03/2020 12:42:39 PM
IMARG201912093AR	BDPARBUE_20200311124240000182_01.xml	11/03/2020 12:42:48 PM
IMROA202001032AR	BDPARBUE_20200311124250000183_01.xml	11/03/2020 12:43:01 PM
EMARG202002104AR	BDPARBUE_20200311124302000184_01.xml	11/03/2020 12:43:15 PM
EOARG202001226AR	BDPARBUE_20200311124316000185_01.xml	11/03/2020 12:43:25 PM
EOARG202002235AR	BDPARBUE_20200311124326000186_01.xml	11/03/2020 12:43:36 PM
EMARG202002040AR	BDPARBUE_20200311124337000187_01.xml	11/03/2020 12:43:50 PM
EMARG202002148AR	BDPARBUE_20200311124351000188_01.xml	11/03/2020 12:44:01 PM
EOARG202002008AR	BDPARBUE_20200311124403000189_01.xml	11/03/2020 12:44:13 PM
EOARG202002013AR	BDPARBUE_20200311124414000190_01.xml	11/03/2020 12:44:23 PM
EOARG202002120AR	BDPARBUE_20200311124424000191_01.xml	11/03/2020 12:44:33 PM
IMARG202001065AR	BDPARBUE_20200311124434000192_01.xml	11/03/2020 12:44:45 PM
EMARG202002238AR	BDPARBUE_20200311124446000193_01.xml	11/03/2020 12:44:58 PM
IMARG202001135AR	BDPARBUE_20200311124459000194_01.xml	11/03/2020 12:45:11 PM
EMARG202003009AR	BDPARBUE_20200311124512000195_01.xml	11/03/2020 12:45:26 PM
EOARG202001017AR	BDPARBUE_20200311124528000196_01.xml	11/03/2020 12:45:37 PM
EMARG202002273AR	BDPARBUE_20200311124538000197_01.xml	11/03/2020 12:45:51 PM
IMARG202001149AR	BDPARBUE_20200311124552000198_01.xml	11/03/2020 12:46:03 PM
IMROA202001057AR	BDPARBUE_20200311124604000199_01.xml	11/03/2020 12:46:16 PM
EOARG202001260AR	BDPARBUE_20200311124617000200_01.xml	11/03/2020 12:46:26 PM
EOARG202002146AR	BDPARBUE_20200311124627000201_01.xml	11/03/2020 12:46:37 PM
EOARG202001170AR	BDPARBUE_20200311124639000202_01.xml	11/03/2020 12:46:48 PM
EMARG202003033AR	BDPARBUE_20200311124649000203_01.xml	11/03/2020 12:47:02 PM
EOARG202001190AR	BDPARBUE_20200311124703000204_01.xml	11/03/2020 12:47:13 PM
EOARG202002053AR	BDPARBUE_20200311124714000205_01.xml	11/03/2020 12:47:23 PM
IOARG202001001AR	BDPARBUE_20200311124724000206_01.xml	11/03/2020 12:47:38 PM
IMARG202002019AR	BDPARBUE_20200311124739000207_01.xml	11/03/2020 12:47:51 PM
EMARG202001354AR	BDPARBUE_20200311124752000208_01.xml	11/03/2020 12:48:04 PM
EOARG202003010AR	BDPARBUE_20200311124805000209_01.xml	11/03/2020 12:48:14 PM
EMARG202001076AR	BDPARBUE_20200311124815000210_01.xml	11/03/2020 12:48:26 PM
IMCHP202001016AR	BDPARBUE_20200311124827000211_01.xml	11/03/2020 12:48:38 PM
IMARG201912012AR	BDPARBUE_20200311124839000212_01.xml	11/03/2020 12:48:51 PM
EMARG202002291AR	BDPARBUE_20200311124852000213_01.xml	11/03/2020 12:49:02 PM
EOARG202002031AR	BDPARBUE_20200311124903000214_01.xml	11/03/2020 12:49:13 PM
EOUNI202003013AR	BDPARBUE_20200311124914000215_01.xml	11/03/2020 12:49:23 PM
EMARG202001299AR	BDPARBUE_20200311124925000216_01.xml	11/03/2020 12:49:35 PM
EMARG202001048AR	BDPARBUE_20200311124936000217_01.xml	11/03/2020 12:49:46 PM
IMROA201911009AR	BDPARBUE_20200311124947000218_01.xml	11/03/2020 12:49:59 PM
IOCHP202002001AR	BDPARBUE_20200311125000000219_01.xml	11/03/2020 12:50:09 PM
EMARG202002111AR	BDPARBUE_20200311125010000220_01.xml	11/03/2020 12:50:23 PM
IMARG202002018AR	BDPARBUE_20200311125024000221_01.xml	11/03/2020 12:50:36 PM
IOARG202002007AR	BDPARBUE_20200311125037000222_01.xml	11/03/2020 12:50:48 PM
EMARG202001258AR	BDPARBUE_20200311125049000223_01.xml	11/03/2020 12:51:00 PM
EMARG202001262AR	BDPARBUE_20200311125101000224_01.xml	11/03/2020 12:51:11 PM
EOARG202001204AR	BDPARBUE_20200311125112000225_01.xml	11/03/2020 12:51:22 PM
EOARG202001068AR	BDPARBUE_20200311125123000226_01.xml	11/03/2020 12:51:33 PM
EOARG202003058AR	BDPARBUE_20200311125134000227_01.xml	11/03/2020 12:51:44 PM
IMCHP202001008AR	BDPARBUE_20200311125145000228_01.xml	11/03/2020 12:51:59 PM
EOARG202002136AR	BDPARBUE_20200311125200000229_01.xml	11/03/2020 12:52:11 PM
EOARG202001228AR	BDPARBUE_20200311125212000230_01.xml	11/03/2020 12:52:21 PM
EOUNI202001028AR	BDPARBUE_20200311125222000231_01.xml	11/03/2020 12:52:32 PM
IMARG202002010AR	BDPARBUE_20200311125233000232_01.xml	11/03/2020 12:52:45 PM
IMARG202001131AR	BDPARBUE_20200311125246000233_01.xml	11/03/2020 12:52:58 PM
IMROA202001062AR	BDPARBUE_20200311125259000234_01.xml	11/03/2020 12:53:12 PM
EMARG202002189AR	BDPARBUE_20200311125313000235_01.xml	11/03/2020 12:53:28 PM
EOARG202001265AR	BDPARBUE_20200311125329000236_01.xml	11/03/2020 12:53:39 PM
EOUNI202002030AR	BDPARBUE_20200311125340000237_01.xml	11/03/2020 12:53:49 PM
EMARG202001117AR	BDPARBUE_20200311125350000238_01.xml	11/03/2020 12:54:00 PM
IMROA202001070AR	BDPARBUE_20200311125401000239_01.xml	11/03/2020 12:54:13 PM
EAARG202002001AR	BDPARBUE_20200311125414000240_01.xml	11/03/2020 12:54:22 PM
IMROA202001045AR	BDPARBUE_20200311125423000241_01.xml	11/03/2020 12:54:34 PM
EOARG202001134AR	BDPARBUE_20200311125435000242_01.xml	11/03/2020 12:54:45 PM
EMARG202001146AR	BDPARBUE_20200311125446000243_01.xml	11/03/2020 12:54:56 PM
EMARG202002079AR	BDPARBUE_20200311125457000244_01.xml	11/03/2020 12:55:10 PM
IMARG202001004AR	BDPARBUE_20200311125511000245_01.xml	11/03/2020 12:55:24 PM
EMARG202003035AR	BDPARBUE_20200311125525000246_01.xml	11/03/2020 12:55:37 PM
IAFLT202001030AR	BDPARBUE_20200311125538000247_01.xml	11/03/2020 12:55:42 PM
EOARG202001209AR	BDPARBUE_20200311125544000248_01.xml	11/03/2020 12:55:56 PM
IMARG202001092AR	BDPARBUE_20200311125557000249_01.xml	11/03/2020 12:56:09 PM
EOARG202001183AR	BDPARBUE_20200311125610000250_01.xml	11/03/2020 12:56:19 PM
EMARG202001327AR	BDPARBUE_20200311125621000251_01.xml	11/03/2020 12:56:31 PM
EOARG202001182AR	BDPARBUE_20200311125632000252_01.xml	11/03/2020 12:56:42 PM
EMARG202003020AR	BDPARBUE_20200311125643000253_01.xml	11/03/2020 12:56:54 PM
IMARG201911099AR	BDPARBUE_20200311125655000254_01.xml	11/03/2020 12:57:11 PM
IMARG202002014AR	BDPARBUE_20200311125712000255_01.xml	11/03/2020 12:57:25 PM
IMARG202001041AR	BDPARBUE_20200311125726000256_01.xml	11/03/2020 12:57:38 PM
EMARG202003077AR	BDPARBUE_20200311125739000257_01.xml	11/03/2020 12:57:50 PM
EMARG202001213AR	BDPARBUE_20200311125751000258_01.xml	11/03/2020 12:58:01 PM
EOARG202002098AR	BDPARBUE_20200311125802000259_01.xml	11/03/2020 12:58:11 PM
IMARG202001006AR	BDPARBUE_20200311125812000260_01.xml	11/03/2020 12:58:25 PM
EOARG202001082AR	BDPARBUE_20200311125827000261_01.xml	11/03/2020 12:58:36 PM
EOARG202002227AR	BDPARBUE_20200311125837000262_01.xml	11/03/2020 12:58:46 PM
EMARG202002112AR	BDPARBUE_20200311125847000263_01.xml	11/03/2020 12:59:00 PM
IMROA202001016AR	BDPARBUE_20200311125900000264_01.xml	11/03/2020 12:59:12 PM
EOARG202002104AR	BDPARBUE_20200311125913000265_01.xml	11/03/2020 12:59:24 PM
EMARG202003004AR	BDPARBUE_20200311125925000266_01.xml	11/03/2020 12:59:37 PM
EOUNI202002017AR	BDPARBUE_20200311125938000267_01.xml	11/03/2020 12:59:48 PM
EMARG202002256AR	BDPARBUE_20200311125949000268_01.xml	11/03/2020 1:00:03 PM
EMARG202001123AR	BDPARBUE_20200311130004000269_01.xml	11/03/2020 1:00:17 PM
EOROA202002012AR	BDPARBUE_20200311130018000270_01.xml	11/03/2020 1:00:30 PM
EMARG202001006AR	BDPARBUE_20200311130031000271_01.xml	11/03/2020 1:00:46 PM
EOUNI202002003AR	BDPARBUE_20200311130047000272_01.xml	11/03/2020 1:01:00 PM
EOUNI202002001AR	BDPARBUE_20200311130101000273_01.xml	11/03/2020 1:01:14 PM
EMARG202001226AR	BDPARBUE_20200311130115000274_01.xml	11/03/2020 1:01:30 PM
EOARG202001206AR	BDPARBUE_20200311130131000275_01.xml	11/03/2020 1:01:46 PM
EMARG202001211AR	BDPARBUE_20200311130147000276_01.xml	11/03/2020 1:02:01 PM
IMARG202002025AR	BDPARBUE_20200311130202000277_01.xml	11/03/2020 1:02:18 PM
EOARG202002004AR	BDPARBUE_20200311130219000278_01.xml	11/03/2020 1:02:32 PM
EMARG202002295AR	BDPARBUE_20200311130233000279_01.xml	11/03/2020 1:02:50 PM
IMROA202002019AR	BDPARBUE_20200311130252000280_01.xml	11/03/2020 1:03:07 PM
EOARG202002106AR	BDPARBUE_20200311130308000281_01.xml	11/03/2020 1:03:23 PM
EMARG202001305AR	BDPARBUE_20200311130324000282_01.xml	11/03/2020 1:03:39 PM
EMARG202003069AR	BDPARBUE_20200311130340000283_01.xml	11/03/2020 1:03:57 PM
EMARG202002063AR	BDPARBUE_20200311130358000284_01.xml	11/03/2020 1:04:14 PM
EOARG202002231AR	BDPARBUE_20200311130415000285_01.xml	11/03/2020 1:04:28 PM
IMARG202001026AR	BDPARBUE_20200311130429000286_01.xml	11/03/2020 1:04:43 PM
EMARG202001290AR	BDPARBUE_20200311130444000287_01.xml	11/03/2020 1:04:57 PM
EOUNI202001038AR	BDPARBUE_20200311130458000288_01.xml	11/03/2020 1:05:10 PM
EMARG202002034AR	BDPARBUE_20200311130511000289_01.xml	11/03/2020 1:05:26 PM
EOARG202002244AR	BDPARBUE_20200311130527000290_01.xml	11/03/2020 1:05:38 PM
EMARG202001038AR	BDPARBUE_20200311130539000291_01.xml	11/03/2020 1:05:52 PM
EMARG202002305AR	BDPARBUE_20200311130553000292_01.xml	11/03/2020 1:06:08 PM
EOARG202001156AR	BDPARBUE_20200311130609000293_01.xml	11/03/2020 1:06:20 PM
EOARG202002092AR	BDPARBUE_20200311130621000294_01.xml	11/03/2020 1:06:32 PM
EMARG202002275AR	BDPARBUE_20200311130634000295_01.xml	11/03/2020 1:06:49 PM
EMARG202002277AR	BDPARBUE_20200311130650000296_01.xml	11/03/2020 1:07:04 PM
IMARG201911098AR	BDPARBUE_20200311130706000297_01.xml	11/03/2020 1:07:20 PM
IMROA202002011AR	BDPARBUE_20200311130721000298_01.xml	11/03/2020 1:07:36 PM
EMARG202001246AR	BDPARBUE_20200311130737000299_01.xml	11/03/2020 1:07:50 PM
EOARG202001029AR	BDPARBUE_20200311130751000300_01.xml	11/03/2020 1:08:06 PM
IMARG201911093AR	BDPARBUE_20200311130807000301_01.xml	11/03/2020 1:08:22 PM
EOARG202001162AR	BDPARBUE_20200311130823000302_01.xml	11/03/2020 1:08:35 PM
IMBRN202002004AR	BDPARBUE_20200311130836000303_01.xml	11/03/2020 1:08:56 PM
EOARG202003018AR	BDPARBUE_20200311130857000304_01.xml	11/03/2020 1:09:08 PM
EMARG202001345AR	BDPARBUE_20200311130910000305_01.xml	11/03/2020 1:09:25 PM
EMARG202001201AR	BDPARBUE_20200311130926000306_01.xml	11/03/2020 1:09:39 PM
EMARG202001124AR	BDPARBUE_20200311130940000307_01.xml	11/03/2020 1:09:52 PM
EMARG202001348AR	BDPARBUE_20200311130953000308_01.xml	11/03/2020 1:10:08 PM
EOARG202001177AR	BDPARBUE_20200311131009000309_01.xml	11/03/2020 1:10:22 PM
EOARG202002042AR	BDPARBUE_20200311131023000310_01.xml	11/03/2020 1:10:34 PM
EOUNI202003008AR	BDPARBUE_20200311131035000311_01.xml	11/03/2020 1:10:45 PM
EOARG202002046AR	BDPARBUE_20200311131047000312_01.xml	11/03/2020 1:10:58 PM
EOARG202002168AR	BDPARBUE_20200311131059000313_01.xml	11/03/2020 1:11:11 PM
IMARG201912098AR	BDPARBUE_20200311131112000314_01.xml	11/03/2020 1:11:25 PM
EOARG202002218AR	BDPARBUE_20200311131127000315_01.xml	11/03/2020 1:11:38 PM
EMARG202002019AR	BDPARBUE_20200311131139000316_01.xml	11/03/2020 1:11:53 PM
IMARG202001162AR	BDPARBUE_20200311131154000317_01.xml	11/03/2020 1:12:08 PM
IMARG202002082AR	BDPARBUE_20200311131210000318_01.xml	11/03/2020 1:12:23 PM
EMARG202002004AR	BDPARBUE_20200311131224000319_01.xml	11/03/2020 1:12:37 PM
EOARG202001211AR	BDPARBUE_20200311131238000320_01.xml	11/03/2020 1:12:48 PM
IMCHP202001006AR	BDPARBUE_20200311131249000321_01.xml	11/03/2020 1:13:00 PM
EOARG202002211AR	BDPARBUE_20200311131301000322_01.xml	11/03/2020 1:13:10 PM
EMARG202001192AR	BDPARBUE_20200311131311000323_01.xml	11/03/2020 1:13:21 PM
IMCHP202001005AR	BDPARBUE_20200311131322000324_01.xml	11/03/2020 1:13:34 PM
EOUNI202001026AR	BDPARBUE_20200311131335000325_01.xml	11/03/2020 1:13:45 PM
EOARG202001034AR	BDPARBUE_20200311131346000326_01.xml	11/03/2020 1:13:56 PM
EMARG202001240AR	BDPARBUE_20200311131357000327_01.xml	11/03/2020 1:14:07 PM
EMARG202001283AR	BDPARBUE_20200311131409000328_01.xml	11/03/2020 1:14:19 PM
EMARG202002220AR	BDPARBUE_20200311131420000329_01.xml	11/03/2020 1:14:32 PM
EOUNI202002012AR	BDPARBUE_20200311131433000330_01.xml	11/03/2020 1:14:43 PM
EMARG202002306AR	BDPARBUE_20200311131444000331_01.xml	11/03/2020 1:14:56 PM
EOARG202002101AR	BDPARBUE_20200311131457000332_01.xml	11/03/2020 1:15:06 PM
EOUNI202001036AR	BDPARBUE_20200311131507000333_01.xml	11/03/2020 1:15:16 PM
IMROA202003007AR	BDPARBUE_20200311131518000334_01.xml	11/03/2020 1:15:29 PM
EOARG202003085AR	BDPARBUE_20200311131530000335_01.xml	11/03/2020 1:15:40 PM
EMARG202002120AR	BDPARBUE_20200311131541000336_01.xml	11/03/2020 1:15:55 PM
EMARG202002105AR	BDPARBUE_20200311131556000337_01.xml	11/03/2020 1:16:07 PM
IMROA202001021AR	BDPARBUE_20200311131608000338_01.xml	11/03/2020 1:16:19 PM
EMARG202001122AR	BDPARBUE_20200311131620000339_01.xml	11/03/2020 1:16:31 PM
EOARG202002108AR	BDPARBUE_20200311131632000340_01.xml	11/03/2020 1:16:42 PM
EMARG202002075AR	BDPARBUE_20200311131644000341_01.xml	11/03/2020 1:16:57 PM
EMARG202003021AR	BDPARBUE_20200311131658000342_01.xml	11/03/2020 1:17:09 PM
EOARG202001074AR	BDPARBUE_20200311131710000343_01.xml	11/03/2020 1:17:20 PM
EOARG202001077AR	BDPARBUE_20200311131722000344_01.xml	11/03/2020 1:17:31 PM
EMARG202001205AR	BDPARBUE_20200311131732000345_01.xml	11/03/2020 1:17:43 PM
IMARG202001104AR	BDPARBUE_20200311131744000346_01.xml	11/03/2020 1:17:56 PM
EMARG202001070AR	BDPARBUE_20200311131757000347_01.xml	11/03/2020 1:18:07 PM
IMARG201912013AR	BDPARBUE_20200311131808000348_01.xml	11/03/2020 1:18:20 PM
IMROA202003008AR	BDPARBUE_20200311131821000349_01.xml	11/03/2020 1:18:32 PM
EOARG202002093AR	BDPARBUE_20200311131834000350_01.xml	11/03/2020 1:18:43 PM
EMARG202001147AR	BDPARBUE_20200311131844000351_01.xml	11/03/2020 1:18:55 PM
EMARG202001109AR	BDPARBUE_20200311131856000352_01.xml	11/03/2020 1:19:07 PM
EMARG202002166AR	BDPARBUE_20200311131908000353_01.xml	11/03/2020 1:19:21 PM
EOARG202001022AR	BDPARBUE_20200311131922000354_01.xml	11/03/2020 1:19:34 PM
EMARG202001078AR	BDPARBUE_20200311131935000355_01.xml	11/03/2020 1:19:46 PM
EMARG202002249AR	BDPARBUE_20200311131947000356_01.xml	11/03/2020 1:20:02 PM
EMUNI202003001AR	BDPARBUE_20200311132003000357_01.xml	11/03/2020 1:20:13 PM
EOARG202002165AR	BDPARBUE_20200311132014000358_01.xml	11/03/2020 1:20:23 PM
EMARG202003038AR	BDPARBUE_20200311132024000359_01.xml	11/03/2020 1:20:35 PM
IOARG202001004AR	BDPARBUE_20200311132036000360_01.xml	11/03/2020 1:20:46 PM
EMARG202003034AR	BDPARBUE_20200311132047000361_01.xml	11/03/2020 1:20:59 PM
EMFLT202002020AR	BDPARBUE_20200311132100000362_01.xml	11/03/2020 1:21:06 PM
IAFLT202001032AR	BDPARBUE_20200311132107000363_01.xml	11/03/2020 1:21:12 PM
EMARG202002121AR	BDPARBUE_20200311132113000364_01.xml	11/03/2020 1:21:26 PM
EMARG202002127AR	BDPARBUE_20200311132128000365_01.xml	11/03/2020 1:21:41 PM
EMARG202002292AR	BDPARBUE_20200311132142000366_01.xml	11/03/2020 1:21:53 PM
EOARG202003050AR	BDPARBUE_20200311132154000367_01.xml	11/03/2020 1:22:04 PM
EOARG202001163AR	BDPARBUE_20200311132205000368_01.xml	11/03/2020 1:22:15 PM
EMARG202001152AR	BDPARBUE_20200311132216000369_01.xml	11/03/2020 1:22:26 PM
EMARG202001100AR	BDPARBUE_20200311132227000370_01.xml	11/03/2020 1:22:38 PM
IMARG202001074AR	BDPARBUE_20200311132239000371_01.xml	11/03/2020 1:22:51 PM
EOARG202003023AR	BDPARBUE_20200311132252000372_01.xml	11/03/2020 1:23:02 PM
EOUNI202002042AR	BDPARBUE_20200311132303000373_01.xml	11/03/2020 1:23:13 PM
EOARG202002051AR	BDPARBUE_20200311132314000374_01.xml	11/03/2020 1:23:25 PM
EOROA202001001AR	BDPARBUE_20200311132326000375_01.xml	11/03/2020 1:23:35 PM
EOARG202002152AR	BDPARBUE_20200311132337000376_01.xml	11/03/2020 1:23:48 PM
EMFLT202002021AR	BDPARBUE_20200311132349000377_01.xml	11/03/2020 1:23:56 PM
EOARG202001075AR	BDPARBUE_20200311132357000378_01.xml	11/03/2020 1:24:07 PM
EMARG202001224AR	BDPARBUE_20200311132408000379_01.xml	11/03/2020 1:24:19 PM
IMARG202001066AR	BDPARBUE_20200311132420000380_01.xml	11/03/2020 1:24:31 PM
EOARG202001058AR	BDPARBUE_20200311132432000381_01.xml	11/03/2020 1:24:42 PM
EOUNI202001016AR	BDPARBUE_20200311132443000382_01.xml	11/03/2020 1:24:52 PM
EMARG202001302AR	BDPARBUE_20200311132453000383_01.xml	11/03/2020 1:25:04 PM
EMARG202002119AR	BDPARBUE_20200311132505000384_01.xml	11/03/2020 1:25:18 PM
EMARG202003076AR	BDPARBUE_20200311132519000385_01.xml	11/03/2020 1:25:30 PM
EOARG202001202AR	BDPARBUE_20200311132531000386_01.xml	11/03/2020 1:25:40 PM
EOUNI202001020AR	BDPARBUE_20200311132542000387_01.xml	11/03/2020 1:25:51 PM
EMARG202001040AR	BDPARBUE_20200311132552000388_01.xml	11/03/2020 1:26:03 PM
EOARG202001141AR	BDPARBUE_20200311132604000389_01.xml	11/03/2020 1:26:13 PM
EOARG202003064AR	BDPARBUE_20200311132614000390_01.xml	11/03/2020 1:26:24 PM
IMFLT202003001AR	BDPARBUE_20200311132625000391_01.xml	11/03/2020 1:26:30 PM
EMARG202001265AR	BDPARBUE_20200311132632000392_01.xml	11/03/2020 1:26:42 PM
EOARG202001102AR	BDPARBUE_20200311132643000393_01.xml	11/03/2020 1:26:53 PM
EMARG202001284AR	BDPARBUE_20200311132654000394_01.xml	11/03/2020 1:27:04 PM
IMARG202001046AR	BDPARBUE_20200311132705000395_01.xml	11/03/2020 1:27:17 PM
IMROA202003010AR	BDPARBUE_20200311132718000396_01.xml	11/03/2020 1:27:29 PM
EMARG202002114AR	BDPARBUE_20200311132731000397_01.xml	11/03/2020 1:27:44 PM
IMARG202001080AR	BDPARBUE_20200311132745000398_01.xml	11/03/2020 1:27:58 PM
EOARG201912242AR	BDPARBUE_20200311132759000399_01.xml	11/03/2020 1:28:09 PM
IMARG202001096AR	BDPARBUE_20200311132810000400_01.xml	11/03/2020 1:28:22 PM
IMARG202001166AR	BDPARBUE_20200311132823000401_01.xml	11/03/2020 1:28:35 PM
EOARG202001157AR	BDPARBUE_20200311132836000402_01.xml	11/03/2020 1:28:46 PM
IAARG201912007AR	BDPARBUE_20200311132847000403_01.xml	11/03/2020 1:28:55 PM
EMARG202002051AR	BDPARBUE_20200311132856000404_01.xml	11/03/2020 1:29:07 PM
EMARG202001023AR	BDPARBUE_20200311132908000405_01.xml	11/03/2020 1:29:18 PM
EMARG202001325AR	BDPARBUE_20200311132919000406_01.xml	11/03/2020 1:29:29 PM
EMARG202001329AR	BDPARBUE_20200311132930000407_01.xml	11/03/2020 1:29:40 PM
EOARG202002117AR	BDPARBUE_20200311132942000408_01.xml	11/03/2020 1:29:51 PM
EMARG202002159AR	BDPARBUE_20200311132952000409_01.xml	11/03/2020 1:30:05 PM
EOUNI202002044AR	BDPARBUE_20200311133006000410_01.xml	11/03/2020 1:30:15 PM
EMUNI202002003AR	BDPARBUE_20200311133016000411_01.xml	11/03/2020 1:30:26 PM
EOARG202002102AR	BDPARBUE_20200311133027000412_01.xml	11/03/2020 1:30:37 PM
EOARG202001083AR	BDPARBUE_20200311133038000413_01.xml	11/03/2020 1:30:47 PM
EMARG202003043AR	BDPARBUE_20200311133048000414_01.xml	11/03/2020 1:31:00 PM
IMARG201912071AR	BDPARBUE_20200311133102000415_01.xml	11/03/2020 1:31:13 PM
IMARG202002057AR	BDPARBUE_20200311133114000416_01.xml	11/03/2020 1:31:26 PM
EMARG202001017AR	BDPARBUE_20200311133127000417_01.xml	11/03/2020 1:31:37 PM
EOARG202003086AR	BDPARBUE_20200311133138000418_01.xml	11/03/2020 1:31:48 PM
EOUNI202002037AR	BDPARBUE_20200311133149000419_01.xml	11/03/2020 1:31:58 PM
EMARG202003016AR	BDPARBUE_20200311133159000420_01.xml	11/03/2020 1:32:11 PM
IMARG202001101AR	BDPARBUE_20200311133212000421_01.xml	11/03/2020 1:32:26 PM
IMCHP202001003AR	BDPARBUE_20200311133227000422_01.xml	11/03/2020 1:32:38 PM
EOARG202002033AR	BDPARBUE_20200311133240000423_01.xml	11/03/2020 1:32:49 PM
EOARG202002161AR	BDPARBUE_20200311133250000424_01.xml	11/03/2020 1:32:59 PM
IMCHP202002006AR	BDPARBUE_20200311133300000425_01.xml	11/03/2020 1:33:12 PM
EOARG202002172AR	BDPARBUE_20200311133313000426_01.xml	11/03/2020 1:33:22 PM
IMARG202002023AR	BDPARBUE_20200311133323000427_01.xml	11/03/2020 1:33:35 PM
EMARG202002008AR	BDPARBUE_20200311133336000428_01.xml	11/03/2020 1:33:53 PM
EOARG202001079AR	BDPARBUE_20200311133354000429_01.xml	11/03/2020 1:34:03 PM
EMARG202001335AR	BDPARBUE_20200311133404000430_01.xml	11/03/2020 1:34:15 PM
EOARG202001124AR	BDPARBUE_20200311133416000431_01.xml	11/03/2020 1:34:26 PM
EOARG202001236AR	BDPARBUE_20200311133427000432_01.xml	11/03/2020 1:34:36 PM
EOARG202001195AR	BDPARBUE_20200311133437000433_01.xml	11/03/2020 1:34:48 PM
EOARG202001214AR	BDPARBUE_20200311133449000434_01.xml	11/03/2020 1:34:58 PM
EMARG202002122AR	BDPARBUE_20200311133459000435_01.xml	11/03/2020 1:35:13 PM
EMARG202002142AR	BDPARBUE_20200311133514000436_01.xml	11/03/2020 1:35:24 PM
EOARG202002208AR	BDPARBUE_20200311133526000437_01.xml	11/03/2020 1:35:35 PM
EMARG202002152AR	BDPARBUE_20200311133536000438_01.xml	11/03/2020 1:35:50 PM
EOARG202003087AR	BDPARBUE_20200311133551000439_01.xml	11/03/2020 1:36:01 PM
IOCHP202001002AR	BDPARBUE_20200311133602000440_01.xml	11/03/2020 1:36:16 PM
EOARG202002099AR	BDPARBUE_20200311133617000441_01.xml	11/03/2020 1:36:27 PM
EMARG202001016AR	BDPARBUE_20200311133628000442_01.xml	11/03/2020 1:36:39 PM
EOARG202002111AR	BDPARBUE_20200311133640000443_01.xml	11/03/2020 1:36:49 PM
EMARG202002190AR	BDPARBUE_20200311133650000444_01.xml	11/03/2020 1:37:04 PM
EOARG202002011AR	BDPARBUE_20200311133705000445_01.xml	11/03/2020 1:37:14 PM
EMARG202001208AR	BDPARBUE_20200311133715000446_01.xml	11/03/2020 1:37:26 PM
EMARG202002200AR	BDPARBUE_20200311133727000447_01.xml	11/03/2020 1:37:40 PM
EOARG202002155AR	BDPARBUE_20200311133741000448_01.xml	11/03/2020 1:37:50 PM
EOARG202001139AR	BDPARBUE_20200311133751000449_01.xml	11/03/2020 1:38:01 PM
IMROA202001036AR	BDPARBUE_20200311133802000450_01.xml	11/03/2020 1:38:14 PM
EOUNI202001021AR	BDPARBUE_20200311133815000451_01.xml	11/03/2020 1:38:24 PM
IMROA201912001AR	BDPARBUE_20200311133825000452_01.xml	11/03/2020 1:38:38 PM
EMARG202002225AR	BDPARBUE_20200311133839000453_01.xml	11/03/2020 1:38:52 PM
IMROA202001013AR	BDPARBUE_20200311133853000454_01.xml	11/03/2020 1:39:05 PM
EMARG202001261AR	BDPARBUE_20200311133906000455_01.xml	11/03/2020 1:39:17 PM
IMROA202002017AR	BDPARBUE_20200311133918000456_01.xml	11/03/2020 1:39:30 PM
EOARG202001043AR	BDPARBUE_20200311133931000457_01.xml	11/03/2020 1:39:42 PM
EMARG201912238AR	BDPARBUE_20200311133943000458_01.xml	11/03/2020 1:39:54 PM
EOARG202001222AR	BDPARBUE_20200311133956000459_01.xml	11/03/2020 1:40:06 PM
IAARG202001008AR	BDPARBUE_20200311134007000460_01.xml	11/03/2020 1:40:16 PM
IMARG202003067AR	BDPARBUE_20200311134017000461_01.xml	11/03/2020 1:40:28 PM
EMARG202003112AR	BDPARBUE_20200311134029000462_01.xml	11/03/2020 1:40:39 PM
EMARG202001025AR	BDPARBUE_20200311134040000463_01.xml	11/03/2020 1:40:50 PM
EMARG202001059AR	BDPARBUE_20200311134052000464_01.xml	11/03/2020 1:41:02 PM
EMARG202002224AR	BDPARBUE_20200311134103000465_01.xml	11/03/2020 1:41:16 PM
IMROA202001030AR	BDPARBUE_20200311134117000466_01.xml	11/03/2020 1:41:29 PM
EOARG202001192AR	BDPARBUE_20200311134130000467_01.xml	11/03/2020 1:41:40 PM
IMROA202002012AR	BDPARBUE_20200311134141000468_01.xml	11/03/2020 1:41:54 PM
EMARG202001257AR	BDPARBUE_20200311134155000469_01.xml	11/03/2020 1:42:06 PM
EOUNI202002045AR	BDPARBUE_20200311134207000470_01.xml	11/03/2020 1:42:16 PM
IMROA201911041AR	BDPARBUE_20200311134217000471_01.xml	11/03/2020 1:42:29 PM
IMCHP202002009AR	BDPARBUE_20200311134230000472_01.xml	11/03/2020 1:42:42 PM
EOARG202001066AR	BDPARBUE_20200311134243000473_01.xml	11/03/2020 1:42:53 PM
EMARG202001330AR	BDPARBUE_20200311134254000474_01.xml	11/03/2020 1:43:06 PM
IMPME202002006AR	BDPARBUE_20200311134307000475_01.xml	11/03/2020 1:43:18 PM
EOARG202002209AR	BDPARBUE_20200311134319000476_01.xml	11/03/2020 1:43:28 PM
EMARG202001242AR	BDPARBUE_20200311134329000477_01.xml	11/03/2020 1:43:40 PM
EOUNI202002039AR	BDPARBUE_20200311134341000478_01.xml	11/03/2020 1:43:51 PM
EOARG202002248AR	BDPARBUE_20200311134352000479_01.xml	11/03/2020 1:44:02 PM
EMARG202001170AR	BDPARBUE_20200311134403000480_01.xml	11/03/2020 1:44:13 PM
EOARG202001216AR	BDPARBUE_20200311134414000481_01.xml	11/03/2020 1:44:25 PM
IMROA202001054AR	BDPARBUE_20200311134426000482_01.xml	11/03/2020 1:44:37 PM
EOARG202003088AR	BDPARBUE_20200311134439000483_01.xml	11/03/2020 1:44:48 PM
EOARG202001161AR	BDPARBUE_20200311134449000484_01.xml	11/03/2020 1:44:58 PM
EMARG202001196AR	BDPARBUE_20200311134500000485_01.xml	11/03/2020 1:45:10 PM
EOARG202002040AR	BDPARBUE_20200311134511000486_01.xml	11/03/2020 1:45:20 PM
EMARG202003113AR	BDPARBUE_20200311134521000487_01.xml	11/03/2020 1:45:31 PM
EOARG202003004AR	BDPARBUE_20200311134532000488_01.xml	11/03/2020 1:45:42 PM
EMARG202002252AR	BDPARBUE_20200311134543000489_01.xml	11/03/2020 1:45:55 PM
EMARG202001180AR	BDPARBUE_20200311134557000490_01.xml	11/03/2020 1:46:10 PM
IOARG202001003AR	BDPARBUE_20200311134611000491_01.xml	11/03/2020 1:46:21 PM
IACHP202002001AR	BDPARBUE_20200311134622000492_01.xml	11/03/2020 1:46:31 PM
EMARG202001306AR	BDPARBUE_20200311134632000493_01.xml	11/03/2020 1:46:45 PM
EOARG202002061AR	BDPARBUE_20200311134646000494_01.xml	11/03/2020 1:46:55 PM
IMARG202001014AR	BDPARBUE_20200311134657000495_01.xml	11/03/2020 1:47:05 PM
EMARG202003041AR	BDPARBUE_20200311134706000496_01.xml	11/03/2020 1:47:16 PM
IMCHP202002002AR	BDPARBUE_20200311134717000497_01.xml	11/03/2020 1:47:28 PM
EOUNI202001024AR	BDPARBUE_20200311134729000498_01.xml	11/03/2020 1:47:39 PM
EOARG202001067AR	BDPARBUE_20200311134740000499_01.xml	11/03/2020 1:47:50 PM
EOARG202002183AR	BDPARBUE_20200311134751000500_01.xml	11/03/2020 1:48:02 PM
EMARG202002172AR	BDPARBUE_20200311134803000501_01.xml	11/03/2020 1:48:15 PM
IMROA202001040AR	BDPARBUE_20200311134816000502_01.xml	11/03/2020 1:48:28 PM
EMARG202001198AR	BDPARBUE_20200311134829000503_01.xml	11/03/2020 1:48:39 PM
EOARG202001254AR	BDPARBUE_20200311134840000504_01.xml	11/03/2020 1:48:50 PM
EMARG202003052AR	BDPARBUE_20200311134851000505_01.xml	11/03/2020 1:49:01 PM
EOARG202003041AR	BDPARBUE_20200311134902000506_01.xml	11/03/2020 1:49:11 PM
EMARG202002158AR	BDPARBUE_20200311134912000507_01.xml	11/03/2020 1:49:25 PM
EMARG202001315AR	BDPARBUE_20200311134926000508_01.xml	11/03/2020 1:49:39 PM
EMARG202001018AR	BDPARBUE_20200311134940000509_01.xml	11/03/2020 1:49:50 PM
EMARG202002155AR	BDPARBUE_20200311134952000510_01.xml	11/03/2020 1:50:04 PM
EMARG201912242AR	BDPARBUE_20200311135005000511_01.xml	11/03/2020 1:50:12 PM
EMARG202001239AR	BDPARBUE_20200311135013000512_01.xml	11/03/2020 1:50:24 PM
EMARG202002092AR	BDPARBUE_20200311135025000513_01.xml	11/03/2020 1:50:35 PM
EMARG202001326AR	BDPARBUE_20200311135036000514_01.xml	11/03/2020 1:50:49 PM
EOARG202002162AR	BDPARBUE_20200311135051000515_01.xml	11/03/2020 1:51:00 PM
EMARG202002186AR	BDPARBUE_20200311135101000516_01.xml	11/03/2020 1:51:12 PM
EOARG202003060AR	BDPARBUE_20200311135113000517_01.xml	11/03/2020 1:51:23 PM
EOARG202002232AR	BDPARBUE_20200311135124000518_01.xml	11/03/2020 1:51:33 PM
EOUNI202001017AR	BDPARBUE_20200311135135000519_01.xml	11/03/2020 1:51:45 PM
IMROA202001022AR	BDPARBUE_20200311135146000520_01.xml	11/03/2020 1:52:00 PM
EMARG202003081AR	BDPARBUE_20200311135201000521_01.xml	11/03/2020 1:52:14 PM
EMARG202002204AR	BDPARBUE_20200311135215000522_01.xml	11/03/2020 1:52:25 PM
EMARG202002253AR	BDPARBUE_20200311135226000523_01.xml	11/03/2020 1:52:39 PM
IMARG202002088AR	BDPARBUE_20200311135240000524_01.xml	11/03/2020 1:52:52 PM
EMARG202001318AR	BDPARBUE_20200311135253000525_01.xml	11/03/2020 1:53:04 PM
EMARG202003046AR	BDPARBUE_20200311135305000526_01.xml	11/03/2020 1:53:17 PM
IMROA202002007AR	BDPARBUE_20200311135318000527_01.xml	11/03/2020 1:53:29 PM
EOARG202003089AR	BDPARBUE_20200311135330000528_01.xml	11/03/2020 1:53:39 PM
EMARG202003114AR	BDPARBUE_20200311135340000529_01.xml	11/03/2020 1:53:50 PM
IMROA202002015AR	BDPARBUE_20200311135351000530_01.xml	11/03/2020 1:54:02 PM
EMARG202001291AR	BDPARBUE_20200311135403000531_01.xml	11/03/2020 1:54:13 PM
EMARG202001137AR	BDPARBUE_20200311135414000532_01.xml	11/03/2020 1:54:24 PM
EOARG202002103AR	BDPARBUE_20200311135426000533_01.xml	11/03/2020 1:54:35 PM
EMARG202003080AR	BDPARBUE_20200311135436000534_01.xml	11/03/2020 1:54:48 PM
EOARG202001191AR	BDPARBUE_20200311135449000535_01.xml	11/03/2020 1:54:58 PM
EOUNI202002029AR	BDPARBUE_20200311135459000536_01.xml	11/03/2020 1:55:08 PM
EMARG202003002AR	BDPARBUE_20200311135509000537_01.xml	11/03/2020 1:55:22 PM
EOARG202001106AR	BDPARBUE_20200311135523000538_01.xml	11/03/2020 1:55:32 PM
EMARG202001272AR	BDPARBUE_20200311135533000539_01.xml	11/03/2020 1:55:44 PM
EMARG202001088AR	BDPARBUE_20200311135545000540_01.xml	11/03/2020 1:55:55 PM
EMARG202002041AR	BDPARBUE_20200311135556000541_01.xml	11/03/2020 1:56:09 PM
EMARG202003047AR	BDPARBUE_20200311135610000542_01.xml	11/03/2020 1:56:20 PM
EMARG202002232AR	BDPARBUE_20200311135621000543_01.xml	11/03/2020 1:56:34 PM
EMARG202001099AR	BDPARBUE_20200311135635000544_01.xml	11/03/2020 1:56:45 PM
EOARG202003030AR	BDPARBUE_20200311135646000545_01.xml	11/03/2020 1:56:56 PM
IMARG202003068AR	BDPARBUE_20200311135658000546_01.xml	11/03/2020 1:57:10 PM
EOARG202001240AR	BDPARBUE_20200311135711000547_01.xml	11/03/2020 1:57:20 PM
EMARG202001165AR	BDPARBUE_20200311135721000548_01.xml	11/03/2020 1:57:31 PM
IMROA202002006AR	BDPARBUE_20200311135732000549_01.xml	11/03/2020 1:57:43 PM
IMROA202001060AR	BDPARBUE_20200311135745000550_01.xml	11/03/2020 1:57:56 PM
EMARG202001020AR	BDPARBUE_20200311135757000551_01.xml	11/03/2020 1:58:07 PM
EMARG202002069AR	BDPARBUE_20200311135808000552_01.xml	11/03/2020 1:58:21 PM
EOARG202001028AR	BDPARBUE_20200311135822000553_01.xml	11/03/2020 1:58:32 PM
EOARG202002229AR	BDPARBUE_20200311135833000554_01.xml	11/03/2020 1:58:42 PM
EMARG202002021AR	BDPARBUE_20200311135843000555_01.xml	11/03/2020 1:58:55 PM
EMARG202001080AR	BDPARBUE_20200311135856000556_01.xml	11/03/2020 1:59:06 PM
EOARG202002186AR	BDPARBUE_20200311135908000557_01.xml	11/03/2020 1:59:17 PM
IMROA202002009AR	BDPARBUE_20200311135918000558_01.xml	11/03/2020 1:59:29 PM
IMROA202001068AR	BDPARBUE_20200311135930000559_01.xml	11/03/2020 1:59:42 PM
EMARG202001297AR	BDPARBUE_20200311135943000560_01.xml	11/03/2020 1:59:54 PM
EOARG202002158AR	BDPARBUE_20200311135955000561_01.xml	11/03/2020 2:00:05 PM
EOARG202002060AR	BDPARBUE_20200311140006000562_01.xml	11/03/2020 2:00:17 PM
EOUNI202002006AR	BDPARBUE_20200311140018000563_01.xml	11/03/2020 2:00:29 PM
EMARG202002103AR	BDPARBUE_20200311140030000564_01.xml	11/03/2020 2:00:45 PM
EMARG202001347AR	BDPARBUE_20200311140047000565_01.xml	11/03/2020 2:00:58 PM
IAARG202002004AR	BDPARBUE_20200311140059000566_01.xml	11/03/2020 2:01:09 PM
EMARG202001189AR	BDPARBUE_20200311140110000567_01.xml	11/03/2020 2:01:23 PM
IMARG201911045AR	BDPARBUE_20200311140124000568_01.xml	11/03/2020 2:01:37 PM
IMROA202001037AR	BDPARBUE_20200311140138000569_01.xml	11/03/2020 2:01:53 PM
EOARG202001166AR	BDPARBUE_20200311140154000570_01.xml	11/03/2020 2:02:06 PM
EOARG202002075AR	BDPARBUE_20200311140207000571_01.xml	11/03/2020 2:02:18 PM
IMARG202002012AR	BDPARBUE_20200311140219000572_01.xml	11/03/2020 2:02:33 PM
EMARG202001068AR	BDPARBUE_20200311140234000573_01.xml	11/03/2020 2:02:46 PM
EMARG202001301AR	BDPARBUE_20200311140247000574_01.xml	11/03/2020 2:03:00 PM
EOARG202002079AR	BDPARBUE_20200311140301000575_01.xml	11/03/2020 2:03:14 PM
IMARG202001134AR	BDPARBUE_20200311140315000576_01.xml	11/03/2020 2:03:28 PM
EMARG202003039AR	BDPARBUE_20200311140329000577_01.xml	11/03/2020 2:03:44 PM
EOARG202003061AR	BDPARBUE_20200311140345000578_01.xml	11/03/2020 2:03:57 PM
EOARG202002193AR	BDPARBUE_20200311140358000579_01.xml	11/03/2020 2:04:09 PM
IMARG202001095AR	BDPARBUE_20200311140410000580_01.xml	11/03/2020 2:04:24 PM
EOARG202001003AR	BDPARBUE_20200311140426000581_01.xml	11/03/2020 2:04:38 PM
EOARG202002070AR	BDPARBUE_20200311140439000582_01.xml	11/03/2020 2:04:52 PM
EMARG202002197AR	BDPARBUE_20200311140453000583_01.xml	11/03/2020 2:05:07 PM
IMARG202001081AR	BDPARBUE_20200311140508000584_01.xml	11/03/2020 2:05:23 PM
IAFLT202002006AR	BDPARBUE_20200311140524000585_01.xml	11/03/2020 2:05:30 PM
EMARG202002070AR	BDPARBUE_20200311140531000586_01.xml	11/03/2020 2:05:45 PM
EMARG202003082AR	BDPARBUE_20200311140547000587_01.xml	11/03/2020 2:06:01 PM
IMARG201911094AR	BDPARBUE_20200311140602000588_01.xml	11/03/2020 2:06:15 PM
EOARG202002058AR	BDPARBUE_20200311140617000589_01.xml	11/03/2020 2:06:26 PM
EMARG202002057AR	BDPARBUE_20200311140627000590_01.xml	11/03/2020 2:06:39 PM
EOROA202002007AR	BDPARBUE_20200311140640000591_01.xml	11/03/2020 2:06:49 PM
EMARG202001313AR	BDPARBUE_20200311140650000592_01.xml	11/03/2020 2:07:00 PM
EMARG202001303AR	BDPARBUE_20200311140701000593_01.xml	11/03/2020 2:07:11 PM
EMARG202002182AR	BDPARBUE_20200311140712000594_01.xml	11/03/2020 2:07:22 PM
IMFLT202002024AR	BDPARBUE_20200311140723000595_01.xml	11/03/2020 2:07:28 PM
IMFLT202003010AR	BDPARBUE_20200311140729000596_01.xml	11/03/2020 2:07:35 PM
EOUNI202002046AR	BDPARBUE_20200311140737000597_01.xml	11/03/2020 2:07:45 PM
IMARG202001156AR	BDPARBUE_20200311140746000598_01.xml	11/03/2020 2:08:06 PM
EOARG202002242AR	BDPARBUE_20200311140807000599_01.xml	11/03/2020 2:08:16 PM
EMARG202001267AR	BDPARBUE_20200311140817000600_01.xml	11/03/2020 2:08:27 PM
EOARG202002177AR	BDPARBUE_20200311140828000601_01.xml	11/03/2020 2:08:38 PM
EOARG202002095AR	BDPARBUE_20200311140839000602_01.xml	11/03/2020 2:08:49 PM
IAARG202002010AR	BDPARBUE_20200311140850000603_01.xml	11/03/2020 2:08:58 PM
EOARG202002189AR	BDPARBUE_20200311140859000604_01.xml	11/03/2020 2:09:09 PM
EMARG202001086AR	BDPARBUE_20200311140910000605_01.xml	11/03/2020 2:09:20 PM
EOARG202001007AR	BDPARBUE_20200311140921000606_01.xml	11/03/2020 2:09:31 PM
EMARG202001307AR	BDPARBUE_20200311140932000607_01.xml	11/03/2020 2:09:44 PM
IOARG202002006AR	BDPARBUE_20200311140945000608_01.xml	11/03/2020 2:09:56 PM
EOUNI202001013AR	BDPARBUE_20200311140957000609_01.xml	11/03/2020 2:10:06 PM
EMARG202001111AR	BDPARBUE_20200311141007000610_01.xml	11/03/2020 2:10:17 PM
IMARG202001044AR	BDPARBUE_20200311141018000611_01.xml	11/03/2020 2:10:29 PM
EOARG202002214AR	BDPARBUE_20200311141031000612_01.xml	11/03/2020 2:10:40 PM
EOARG202001116AR	BDPARBUE_20200311141041000613_01.xml	11/03/2020 2:10:51 PM
IMARG202001153AR	BDPARBUE_20200311141052000614_01.xml	11/03/2020 2:11:03 PM
EMARG202001139AR	BDPARBUE_20200311141104000615_01.xml	11/03/2020 2:11:14 PM
EOARG202002119AR	BDPARBUE_20200311141115000616_01.xml	11/03/2020 2:11:25 PM
EOARG202001235AR	BDPARBUE_20200311141126000617_01.xml	11/03/2020 2:11:35 PM
IMROA202001034AR	BDPARBUE_20200311141136000618_01.xml	11/03/2020 2:11:48 PM
IMROA202001027AR	BDPARBUE_20200311141149000619_01.xml	11/03/2020 2:12:00 PM
EMARG202002231AR	BDPARBUE_20200311141201000620_01.xml	11/03/2020 2:12:14 PM
IMARG202002009AR	BDPARBUE_20200311141215000621_01.xml	11/03/2020 2:12:28 PM
EMARG202001047AR	BDPARBUE_20200311141229000622_01.xml	11/03/2020 2:12:39 PM
EOARG202001147AR	BDPARBUE_20200311141240000623_01.xml	11/03/2020 2:12:49 PM
EMARG202002162AR	BDPARBUE_20200311141250000624_01.xml	11/03/2020 2:13:03 PM
EMARG202002226AR	BDPARBUE_20200311141304000625_01.xml	11/03/2020 2:13:16 PM
EMARG202002115AR	BDPARBUE_20200311141317000626_01.xml	11/03/2020 2:13:29 PM
EMARG202001169AR	BDPARBUE_20200311141330000627_01.xml	11/03/2020 2:13:40 PM
EMARG202002131AR	BDPARBUE_20200311141341000628_01.xml	11/03/2020 2:13:53 PM
EOARG202002112AR	BDPARBUE_20200311141354000629_01.xml	11/03/2020 2:14:03 PM
IMROA202001033AR	BDPARBUE_20200311141404000630_01.xml	11/03/2020 2:14:15 PM
EMARG202002141AR	BDPARBUE_20200311141416000631_01.xml	11/03/2020 2:14:26 PM
EOUNI202001031AR	BDPARBUE_20200311141427000632_01.xml	11/03/2020 2:14:38 PM
Start Program	11/03/2020 2:15:38 PM
Start Program	11/03/2020 2:19:45 PM
Start Program	11/03/2020 2:46:11 PM
EOARG202001165AR	BDPARBUE_20200311144620000002_01.xml	11/03/2020 2:46:29 PM
IMARG202001037AR	BDPARBUE_20200311144946000003_01.xml	11/03/2020 2:49:59 PM
