EMCTV202003002BR	BDPBRSAO_20200409235943001624_01.xml	4/10/2020 12:00:24 AM
IMSLA202003031BR	BDPBRSAO_20200410000028001625_01.xml	4/10/2020 12:00:57 AM
IMSOL202003155BR	BDPBRSAO_20200410000059001626_01.xml	4/10/2020 12:01:27 AM
IMSLA202003033BR	BDPBRSAO_20200410000129001627_01.xml	4/10/2020 12:01:57 AM
IMSOL202003050BR	BDPBRSAO_20200410000159001628_01.xml	4/10/2020 12:02:24 AM
IMSOL202002139BR	BDPBRSAO_20200410000227001629_01.xml	4/10/2020 12:02:56 AM
EORHO202002032BR	BDPBRSAO_20200410000259001630_01.xml	4/10/2020 12:03:25 AM
EORHO202003035BR	BDPBRSAO_20200410000328001631_01.xml	4/10/2020 12:03:51 AM
EORHO202003036BR	BDPBRSAO_20200410000353001632_01.xml	4/10/2020 12:04:18 AM
IMSLA202003037BR	BDPBRSAO_20200410000420001633_01.xml	4/10/2020 12:05:40 AM
IMSLA202003041BR	BDPBRSAO_20200410000543001634_01.xml	4/10/2020 12:06:12 AM
IMSLA202003042BR	BDPBRSAO_20200410000615001635_01.xml	4/10/2020 12:06:44 AM
IMSWB202002051BR	BDPBRSAO_20200410000646001636_01.xml	4/10/2020 12:07:11 AM
IMSWB202001060BR	BDPBRSAO_20200410000714001637_01.xml	4/10/2020 12:07:39 AM
IMSWB202003058BR	BDPBRSAO_20200410000742001638_01.xml	4/10/2020 12:08:06 AM
IMSWB202002015BR	BDPBRSAO_20200410000808001639_01.xml	4/10/2020 12:08:32 AM
IMSWB201910154BR	BDPBRSAO_20200410000834001640_01.xml	4/10/2020 12:09:03 AM
IMSWB202001016BR	BDPBRSAO_20200410000905001641_01.xml	4/10/2020 12:09:39 AM
IMSWB202002031BR	BDPBRSAO_20200410000943001642_01.xml	4/10/2020 12:10:16 AM
IMSWB202003048BR	BDPBRSAO_20200410001020001643_01.xml	4/10/2020 12:10:48 AM
IMSWB202002024BR	BDPBRSAO_20200410001050001644_01.xml	4/10/2020 12:11:17 AM
IMCSR202003290BR	BDPBRSAO_20200410001120001645_01.xml	4/10/2020 12:11:51 AM
IMSWB202002016BR	BDPBRSAO_20200410001154001646_01.xml	4/10/2020 12:12:21 AM
IMSWB202002076BR	BDPBRSAO_20200410001224001647_01.xml	4/10/2020 12:12:53 AM
IMCSR202003176BR	BDPBRSAO_20200410001255001648_01.xml	4/10/2020 12:13:23 AM
IMSWB202001050BR	BDPBRSAO_20200410001326001649_01.xml	4/10/2020 12:13:53 AM
EMOXT202004036BR	BDPBRSAO_20200410001356001650_01.xml	4/10/2020 12:14:23 AM
EMOXT202004026BR	BDPBRSAO_20200410001425001651_01.xml	4/10/2020 12:14:51 AM
EMARC202003007BR	BDPBRSAO_20200410001454001652_01.xml	4/10/2020 12:15:41 AM
IOSWB202003004BR	BDPBRSAO_20200410001544001653_01.xml	4/10/2020 12:15:58 AM
EMOXT202002094BR	BDPBRSAO_20200410001601001654_01.xml	4/10/2020 12:16:28 AM
EMOXT202003122BR	BDPBRSAO_20200410001631001655_01.xml	4/10/2020 12:16:56 AM
EMOXT202003104BR	BDPBRSAO_20200410001658001656_01.xml	4/10/2020 12:17:24 AM
EMOXT202004046BR	BDPBRSAO_20200410001727001657_01.xml	4/10/2020 12:17:53 AM
EMOXT202003056BR	BDPBRSAO_20200410001755001658_01.xml	4/10/2020 12:18:20 AM
EMOXT202003059BR	BDPBRSAO_20200410001822001659_01.xml	4/10/2020 12:18:49 AM
EMOXT202003058BR	BDPBRSAO_20200410001851001660_01.xml	4/10/2020 12:19:18 AM
EMOXT202004025BR	BDPBRSAO_20200410001921001661_01.xml	4/10/2020 12:19:47 AM
EMOXT202003061BR	BDPBRSAO_20200410001949001662_01.xml	4/10/2020 12:20:16 AM
EMOXT202003060BR	BDPBRSAO_20200410002018001663_01.xml	4/10/2020 12:20:47 AM
EMOXT202003055BR	BDPBRSAO_20200410002050001664_01.xml	4/10/2020 12:21:13 AM
IOSWB202004003BR	BDPBRSAO_20200410002117001665_01.xml	4/10/2020 12:21:29 AM
IMCSR202002315BR	BDPBRSAO_20200410002131001666_01.xml	4/10/2020 12:21:59 AM
IMCSR202002317BR	BDPBRSAO_20200410002202001667_01.xml	4/10/2020 12:22:28 AM
IMCSR202002326BR	BDPBRSAO_20200410002230001668_01.xml	4/10/2020 12:23:00 AM
IMCSR202003425BR	BDPBRSAO_20200410002302001669_01.xml	4/10/2020 12:23:32 AM
IMCSR202003452BR	BDPBRSAO_20200410002334001670_01.xml	4/10/2020 12:23:58 AM
IMCSR202003458BR	BDPBRSAO_20200410002400001671_01.xml	4/10/2020 12:24:24 AM
IMCSR202003501BR	BDPBRSAO_20200410002427001672_01.xml	4/10/2020 12:24:52 AM
IMCSR202003508BR	BDPBRSAO_20200410002455001673_01.xml	4/10/2020 12:25:25 AM
IMCSR202003509BR	BDPBRSAO_20200410002528001674_01.xml	4/10/2020 12:25:53 AM
IMCSR202003512BR	BDPBRSAO_20200410002555001675_01.xml	4/10/2020 12:26:21 AM
EMARC202003008BR	BDPBRSAO_20200410002623001676_01.xml	4/10/2020 12:26:51 AM
IMCSR202003548BR	BDPBRSAO_20200410002653001677_01.xml	4/10/2020 12:27:17 AM
IMCSR202003534BR	BDPBRSAO_20200410002719001678_01.xml	4/10/2020 12:27:42 AM
IMCSR202003546BR	BDPBRSAO_20200410002744001679_01.xml	4/10/2020 12:28:12 AM
IMCSR202003550BR	BDPBRSAO_20200410002814001680_01.xml	4/10/2020 12:28:39 AM
IMCSR202003610BR	BDPBRSAO_20200410002843001681_01.xml	4/10/2020 12:29:10 AM
IMCSR202003611BR	BDPBRSAO_20200410002912001682_01.xml	4/10/2020 12:29:37 AM
IMCSR202004005BR	BDPBRSAO_20200410002939001683_01.xml	4/10/2020 12:30:05 AM
IMCSR202004022BR	BDPBRSAO_20200410003008001684_01.xml	4/10/2020 12:30:41 AM
IMCTV202001037BR	BDPBRSAO_20200410003043001685_01.xml	4/10/2020 12:31:12 AM
IMCTV202001036BR	BDPBRSAO_20200410003115001686_01.xml	4/10/2020 12:31:47 AM
IMCTV202002037BR	BDPBRSAO_20200410003150001687_01.xml	4/10/2020 12:32:17 AM
IMCTV202001059BR	BDPBRSAO_20200410003219001688_01.xml	4/10/2020 12:32:47 AM
IMCTV202002027BR	BDPBRSAO_20200410003251001689_01.xml	4/10/2020 12:33:23 AM
IMDPT201911011BR	BDPBRSAO_20200410003326001690_01.xml	4/10/2020 12:33:54 AM
IMCTV202003012BR	BDPBRSAO_20200410003357001691_01.xml	4/10/2020 12:34:30 AM
IMCTV202003010BR	BDPBRSAO_20200410003432001692_01.xml	4/10/2020 12:35:04 AM
IMCTV202003011BR	BDPBRSAO_20200410003507001693_01.xml	4/10/2020 12:35:42 AM
IMCTV202002034BR	BDPBRSAO_20200410003545001694_01.xml	4/10/2020 12:36:11 AM
IAMTE202003021BR	BDPBRSAO_20200410003613001695_01.xml	4/10/2020 12:36:27 AM
EMOXT202003083BR	BDPBRSAO_20200410003630001696_01.xml	4/10/2020 12:36:54 AM
IMSWB202003050BR	BDPBRSAO_20200410003657001697_01.xml	4/10/2020 12:37:24 AM
IMOCV202003006BR	BDPBRSAO_20200410003727001698_01.xml	4/10/2020 12:37:52 AM
EMARC202003011BR	BDPBRSAO_20200410003755001699_01.xml	4/10/2020 12:38:37 AM
IMCSR202003330BR	BDPBRSAO_20200410003839001700_01.xml	4/10/2020 12:39:07 AM
IMMAU202003009BR	BDPBRSAO_20200410003910001701_01.xml	4/10/2020 12:39:44 AM
IMSPC202004012BR	BDPBRSAO_20200410003947001702_01.xml	4/10/2020 12:40:02 AM
EMOXT202003191BR	BDPBRSAO_20200410004005001703_01.xml	4/10/2020 12:40:31 AM
EMOXT202002030BR	BDPBRSAO_20200410004033001704_01.xml	4/10/2020 12:40:58 AM
IMSPC202003027BR	BDPBRSAO_20200410004101001705_01.xml	4/10/2020 12:41:27 AM
EMCSR202003106BR	BDPBRSAO_20200410004130001706_01.xml	4/10/2020 12:41:48 AM
IMSPC202003028BR	BDPBRSAO_20200410004151001707_01.xml	4/10/2020 12:42:16 AM
IMCTV202003077BR	BDPBRSAO_20200410004219001708_01.xml	4/10/2020 12:42:44 AM
IAOCV202003001BR	BDPBRSAO_20200410004247001709_01.xml	4/10/2020 12:43:12 AM
EMOXT202003023BR	BDPBRSAO_20200410004315001710_01.xml	4/10/2020 12:43:40 AM
EMOXT202003088BR	BDPBRSAO_20200410004343001711_01.xml	4/10/2020 12:44:08 AM
EMOXT202003024BR	BDPBRSAO_20200410004410001712_01.xml	4/10/2020 12:44:34 AM
EMOXT202001129BR	BDPBRSAO_20200410004436001713_01.xml	4/10/2020 12:44:59 AM
EMOXT202003086BR	BDPBRSAO_20200410004501001714_01.xml	4/10/2020 12:45:27 AM
EMOXT202003066BR	BDPBRSAO_20200410004529001715_01.xml	4/10/2020 12:45:55 AM
IAATL202003032BR	BDPBRSAO_20200410004558001716_01.xml	4/10/2020 12:46:16 AM
EMOXT202003043BR	BDPBRSAO_20200410004618001717_01.xml	4/10/2020 12:46:43 AM
EMCSR202003109BR	BDPBRSAO_20200410004645001718_01.xml	4/10/2020 12:47:04 AM
EMOXT202004045BR	BDPBRSAO_20200410004707001719_01.xml	4/10/2020 12:47:29 AM
EMOXT202003137BR	BDPBRSAO_20200410004731001720_01.xml	4/10/2020 12:48:05 AM
EMOXT202003141BR	BDPBRSAO_20200410004807001721_01.xml	4/10/2020 12:48:38 AM
IMCBT202001016BR	BDPBRSAO_20200410004841001722_01.xml	4/10/2020 12:49:20 AM
IMSPC202002031BR	BDPBRSAO_20200410004923001723_01.xml	4/10/2020 12:49:52 AM
EMCSR202003110BR	BDPBRSAO_20200410004955001724_01.xml	4/10/2020 12:50:28 AM
IMCBT201911008BR	BDPBRSAO_20200410005031001725_01.xml	4/10/2020 12:50:58 AM
IMCBT202001019BR	BDPBRSAO_20200410005100001726_01.xml	4/10/2020 12:52:06 AM
EMCSR202003133BR	BDPBRSAO_20200410005208001727_01.xml	4/10/2020 12:52:29 AM
IMSWB202001116BR	BDPBRSAO_20200410005231001728_01.xml	4/10/2020 12:52:56 AM
IOOXT202004001BR	BDPBRSAO_20200410005258001729_01.xml	4/10/2020 12:53:24 AM
IMSWB202002079BR	BDPBRSAO_20200410005326001730_01.xml	4/10/2020 12:53:51 AM
EMOXT202003018BR	BDPBRSAO_20200410005353001731_01.xml	4/10/2020 12:54:19 AM
EMOXT202003020BR	BDPBRSAO_20200410005421001732_01.xml	4/10/2020 12:54:48 AM
EMOXT202003075BR	BDPBRSAO_20200410005451001733_01.xml	4/10/2020 12:55:24 AM
IMCTV202002039BR	BDPBRSAO_20200410005526001734_01.xml	4/10/2020 12:55:54 AM
IMCTV202002031BR	BDPBRSAO_20200410005557001735_01.xml	4/10/2020 12:56:23 AM
EMOXT202003143BR	BDPBRSAO_20200410005626001736_01.xml	4/10/2020 12:56:52 AM
EMOXT202003146BR	BDPBRSAO_20200410005654001737_01.xml	4/10/2020 12:57:21 AM
EMOXT202003153BR	BDPBRSAO_20200410005724001738_01.xml	4/10/2020 12:57:51 AM
IMCSR202004028BR	BDPBRSAO_20200410005753001739_01.xml	4/10/2020 12:58:21 AM
IMCTV202002043BR	BDPBRSAO_20200410005823001740_01.xml	4/10/2020 12:58:52 AM
Program has been finished		4/10/2020 12:58:54 AM
Start Program	4/10/2020 10:57:55 AM
EMOXT202003193BR	BDPBRSAO_20200410105800000002_01.xml	4/10/2020 10:58:32 AM
IMCTV202001030BR	BDPBRSAO_20200410105834000003_01.xml	4/10/2020 10:59:02 AM
IMCSR202003223BR	BDPBRSAO_20200410105905000004_01.xml	4/10/2020 10:59:31 AM
IMCBT202003008BR	BDPBRSAO_20200410105934000005_01.xml	4/10/2020 11:00:02 AM
EMOXT202003109BR	BDPBRSAO_20200410110008000006_01.xml	4/10/2020 11:00:40 AM
EMOXT202003120BR	BDPBRSAO_20200410110044000007_01.xml	4/10/2020 11:01:21 AM
IMCSR202003226BR	BDPBRSAO_20200410110124000008_01.xml	4/10/2020 11:01:53 AM
IMCSR202003412BR	BDPBRSAO_20200410110156000009_01.xml	4/10/2020 11:02:27 AM
IMCSR202004103BR	BDPBRSAO_20200410110230000010_01.xml	4/10/2020 11:03:04 AM
EMOXT202003158BR	BDPBRSAO_20200410110307000011_01.xml	4/10/2020 11:03:46 AM
EMOXT202003159BR	BDPBRSAO_20200410110349000012_01.xml	4/10/2020 11:04:23 AM
IMSLA202003034BR	BDPBRSAO_20200410110426000013_01.xml	4/10/2020 11:04:56 AM
EMOXT202004028BR	BDPBRSAO_20200410110459000014_01.xml	4/10/2020 11:05:27 AM
IMCTV202001035BR	BDPBRSAO_20200410110529000015_01.xml	4/10/2020 11:05:59 AM
EMARC202003019BR	BDPBRSAO_20200410110603000016_01.xml	4/10/2020 11:06:32 AM
EMARC202003022BR	BDPBRSAO_20200410110635000017_01.xml	4/10/2020 11:07:04 AM
EMARC202003034BR	BDPBRSAO_20200410110707000018_01.xml	4/10/2020 11:07:45 AM
IMUPM202004001BR	BDPBRSAO_20200410110749000019_01.xml	4/10/2020 11:08:23 AM
EMARC202004001BR	BDPBRSAO_20200410110826000020_01.xml	4/10/2020 11:09:00 AM
IMSLA202004009BR	BDPBRSAO_20200410110903000021_01.xml	4/10/2020 11:11:19 AM
IMATN202004005BR	BDPBRSAO_20200410111121000022_01.xml	4/10/2020 11:11:54 AM
IMATN202004008BR	BDPBRSAO_20200410111157000023_01.xml	4/10/2020 11:12:26 AM
EMCSR202003078BR	BDPBRSAO_20200410111229000024_01.xml	4/10/2020 11:12:53 AM
EMSOL202003023BR	BDPBRSAO_20200410111255000025_01.xml	4/10/2020 11:13:25 AM
EMSOL202003024BR	BDPBRSAO_20200410111328000026_01.xml	4/10/2020 11:13:58 AM
IMATN202004009BR	BDPBRSAO_20200410111401000027_01.xml	4/10/2020 11:14:34 AM
EMARC202003036BR	BDPBRSAO_20200410111436000028_01.xml	4/10/2020 11:15:08 AM
EMATL202003023BR	BDPBRSAO_20200410111512000029_01.xml	4/10/2020 11:15:31 AM
EMATL202003038BR	BDPBRSAO_20200410111535000030_01.xml	4/10/2020 11:15:57 AM
EMCSR202002107BR	BDPBRSAO_20200410111601000031_01.xml	4/10/2020 11:16:29 AM
EMCSR202003059BR	BDPBRSAO_20200410111633000032_01.xml	4/10/2020 11:16:57 AM
EMCSR202003060BR	BDPBRSAO_20200410111701000033_01.xml	4/10/2020 11:17:22 AM
EMCSR202003061BR	BDPBRSAO_20200410111725000034_01.xml	4/10/2020 11:17:46 AM
EMSOL202003017BR	BDPBRSAO_20200410111749000035_01.xml	4/10/2020 11:18:34 AM
EMSOL202003020BR	BDPBRSAO_20200410111836000036_01.xml	4/10/2020 11:19:00 AM
IMATN202004010BR	BDPBRSAO_20200410111902000037_01.xml	4/10/2020 11:19:32 AM
EMSOL202003022BR	BDPBRSAO_20200410111935000038_01.xml	4/10/2020 11:20:03 AM
IMTAM202003013BR	BDPBRSAO_20200410112007000039_01.xml	4/10/2020 11:20:39 AM
EMARC202003009BR	BDPBRSAO_20200410112043000040_01.xml	4/10/2020 11:21:34 AM
EMARC202003026BR	BDPBRSAO_20200410112137000041_01.xml	4/10/2020 11:22:38 AM
EMATL202003026BR	BDPBRSAO_20200410112240000042_01.xml	4/10/2020 11:22:59 AM
EMATL202003027BR	BDPBRSAO_20200410112303000043_01.xml	4/10/2020 11:23:22 AM
EMCSR202004005BR	BDPBRSAO_20200410112325000044_01.xml	4/10/2020 11:23:46 AM
IMSWB202003066BR	BDPBRSAO_20200410112348000045_01.xml	4/10/2020 11:24:16 AM
IMIFB202002006BR	BDPBRSAO_20200410112419000046_01.xml	4/10/2020 11:24:50 AM
IMIFB202002008BR	BDPBRSAO_20200410112453000047_01.xml	4/10/2020 11:25:26 AM
IMOCV202003013BR	BDPBRSAO_20200410112529000048_01.xml	4/10/2020 11:25:59 AM
EMOXT202004056BR	BDPBRSAO_20200410112603000049_01.xml	4/10/2020 11:26:29 AM
IMIFB202002040BR	BDPBRSAO_20200410112632000050_01.xml	4/10/2020 11:26:59 AM
IMCSR202003401BR	BDPBRSAO_20200410112702000051_01.xml	4/10/2020 11:27:31 AM
IMEXO202002035BR	BDPBRSAO_20200410112734000052_01.xml	4/10/2020 11:28:07 AM
IMCTV202002025BR	BDPBRSAO_20200410112809000053_01.xml	4/10/2020 11:28:40 AM
IMCTV202002026BR	BDPBRSAO_20200410112843000054_01.xml	4/10/2020 11:29:12 AM
IMEXO202003040BR	BDPBRSAO_20200410112915000055_01.xml	4/10/2020 11:29:53 AM
IMMAU202004003BR	BDPBRSAO_20200410112956000056_01.xml	4/10/2020 11:30:29 AM
IMEXO202002028BR	BDPBRSAO_20200410113032000057_01.xml	4/10/2020 11:31:02 AM
IOOXT202003025BR	BDPBRSAO_20200410113105000058_01.xml	4/10/2020 11:31:31 AM
EMOXT202002018BR	BDPBRSAO_20200410113134000059_01.xml	4/10/2020 11:32:03 AM
EMATL202004024BR	BDPBRSAO_20200410113206000060_01.xml	4/10/2020 11:32:24 AM
IMTAM202003022BR	BDPBRSAO_20200410113226000061_01.xml	4/10/2020 11:33:13 AM
IMEXO202001043BR	BDPBRSAO_20200410113316000062_01.xml	4/10/2020 11:33:45 AM
EMSLA202003005BR	BDPBRSAO_20200410113348000063_01.xml	4/10/2020 11:34:18 AM
EMATL202004001BR	BDPBRSAO_20200410113420000064_01.xml	4/10/2020 11:34:40 AM
EMCTV202003005BR	BDPBRSAO_20200410113443000065_01.xml	4/10/2020 11:35:13 AM
EMOXT202003128BR	BDPBRSAO_20200410113516000066_01.xml	4/10/2020 11:35:45 AM
EMOXT202003174BR	BDPBRSAO_20200410113549000067_01.xml	4/10/2020 11:36:15 AM
IMCTV202002040BR	BDPBRSAO_20200410113619000068_01.xml	4/10/2020 11:36:46 AM
IMCTV202002038BR	BDPBRSAO_20200410113649000069_01.xml	4/10/2020 11:37:18 AM
IMSOL202003012BR	BDPBRSAO_20200410113721000070_01.xml	4/10/2020 11:37:42 AM
IMCBT202002004BR	BDPBRSAO_20200410113745000071_01.xml	4/10/2020 11:38:11 AM
IASOL202004004BR	BDPBRSAO_20200410113813000072_01.xml	4/10/2020 11:38:36 AM
IMCBT202003010BR	BDPBRSAO_20200410113838000073_01.xml	4/10/2020 11:39:05 AM
IMLYB202001016BR	BDPBRSAO_20200410113907000074_01.xml	4/10/2020 11:39:36 AM
IMATL202002085BR	BDPBRSAO_20200410113940000075_01.xml	4/10/2020 11:39:56 AM
IMCSR202001484BR	BDPBRSAO_20200410113959000076_01.xml	4/10/2020 11:40:42 AM
IMSWB202004035BR	BDPBRSAO_20200410114045000077_01.xml	4/10/2020 11:41:15 AM
IMSOL202001075BR	BDPBRSAO_20200410114119000078_01.xml	4/10/2020 11:41:49 AM
EMCSR202003070BR	BDPBRSAO_20200410114151000079_01.xml	4/10/2020 11:42:14 AM
IMLYB202001018BR	BDPBRSAO_20200410114216000080_01.xml	4/10/2020 11:42:42 AM
IACTV202001019BR	BDPBRSAO_20200410114245000081_01.xml	4/10/2020 11:43:10 AM
EMOXT202004055BR	BDPBRSAO_20200410114313000082_01.xml	4/10/2020 11:43:37 AM
IOOXT202004002BR	BDPBRSAO_20200410114340000083_01.xml	4/10/2020 11:44:04 AM
EMOXT202004090BR	BDPBRSAO_20200410114407000084_01.xml	4/10/2020 11:44:38 AM
IMCBT202003031BR	BDPBRSAO_20200410114440000085_01.xml	4/10/2020 11:45:07 AM
IMCSR202003303BR	BDPBRSAO_20200410114511000086_01.xml	4/10/2020 11:45:40 AM
IMBCB202003003BR	BDPBRSAO_20200410114543000087_01.xml	4/10/2020 11:46:13 AM
IMSOL202001076BR	BDPBRSAO_20200410114615000088_01.xml	4/10/2020 11:46:49 AM
IMCBT201911020BR	BDPBRSAO_20200410114652000089_01.xml	4/10/2020 11:47:26 AM
IMSWB202001048BR	BDPBRSAO_20200410114728000090_01.xml	4/10/2020 11:47:59 AM
IMIFB202002041BR	BDPBRSAO_20200410114802000091_01.xml	4/10/2020 11:48:32 AM
IMLYB202003002BR	BDPBRSAO_20200410114835000092_01.xml	4/10/2020 11:49:07 AM
IMATL202004026BR	BDPBRSAO_20200410114910000093_01.xml	4/10/2020 11:49:27 AM
IMSOL201908034BR	BDPBRSAO_20200410114928000094_01.xml	4/10/2020 11:49:58 AM
IMCBT202002002BR	BDPBRSAO_20200410115000000095_01.xml	4/10/2020 11:50:40 AM
IMSOL202001013BR	BDPBRSAO_20200410115042000096_01.xml	4/10/2020 11:51:16 AM
IMSOL202001020BR	BDPBRSAO_20200410115119000097_01.xml	4/10/2020 11:51:49 AM
IMSOL202001063BR	BDPBRSAO_20200410115152000098_01.xml	4/10/2020 11:52:21 AM
IMSOL202001109BR	BDPBRSAO_20200410115224000099_01.xml	4/10/2020 11:52:53 AM
IMSOL202002017BR	BDPBRSAO_20200410115256000100_01.xml	4/10/2020 11:53:24 AM
IMSOL202002018BR	BDPBRSAO_20200410115326000101_01.xml	4/10/2020 11:53:55 AM
IMSOL202002020BR	BDPBRSAO_20200410115358000102_01.xml	4/10/2020 11:54:29 AM
IMSOL202002021BR	BDPBRSAO_20200410115432000103_01.xml	4/10/2020 11:55:08 AM
IMATL202003083BR	BDPBRSAO_20200410115512000104_01.xml	4/10/2020 11:55:43 AM
IMSOL202002059BR	BDPBRSAO_20200410115545000105_01.xml	4/10/2020 11:56:20 AM
IMSOL202002112BR	BDPBRSAO_20200410115623000106_01.xml	4/10/2020 11:56:50 AM
IMSOL202002135BR	BDPBRSAO_20200410115653000107_01.xml	4/10/2020 11:57:23 AM
IMSOL202002140BR	BDPBRSAO_20200410115726000108_01.xml	4/10/2020 11:58:00 AM
IMSOL202002144BR	BDPBRSAO_20200410115803000109_01.xml	4/10/2020 11:58:34 AM
IMSPC202001029BR	BDPBRSAO_20200410115836000110_01.xml	4/10/2020 11:59:07 AM
IMCSR202003190BR	BDPBRSAO_20200410115909000111_01.xml	4/10/2020 11:59:38 AM
EMOXT202003189BR	BDPBRSAO_20200410115941000112_01.xml	4/10/2020 12:00:13 PM
IMEXO202003028BR	BDPBRSAO_20200410120018000113_01.xml	4/10/2020 12:01:00 PM
IMCSR202003191BR	BDPBRSAO_20200410120103000114_01.xml	4/10/2020 12:01:37 PM
IMEXO202003022BR	BDPBRSAO_20200410120140000115_01.xml	4/10/2020 12:02:53 PM
IMCBT202002003BR	BDPBRSAO_20200410120255000116_01.xml	4/10/2020 12:03:26 PM
IMEXO202003021BR	BDPBRSAO_20200410120329000117_01.xml	4/10/2020 12:04:13 PM
EMOXT202003126BR	BDPBRSAO_20200410120416000118_01.xml	4/10/2020 12:04:56 PM
IMEXO202003029BR	BDPBRSAO_20200410120459000119_01.xml	4/10/2020 12:05:46 PM
IMUPM202003004BR	BDPBRSAO_20200410120549000120_01.xml	4/10/2020 12:06:42 PM
IMEXO202003017BR	BDPBRSAO_20200410120645000121_01.xml	4/10/2020 12:07:28 PM
IMEXO202003024BR	BDPBRSAO_20200410120731000122_01.xml	4/10/2020 12:08:50 PM
IMEXO202003030BR	BDPBRSAO_20200410120853000123_01.xml	4/10/2020 12:09:31 PM
IMCBT202003006BR	BDPBRSAO_20200410120935000124_01.xml	4/10/2020 12:10:09 PM
IMCSR202001170BR	BDPBRSAO_20200410121012000125_01.xml	4/10/2020 12:10:48 PM
IMCSR202001188BR	BDPBRSAO_20200410121051000126_01.xml	4/10/2020 12:11:27 PM
EMOXT202003127BR	BDPBRSAO_20200410121130000127_01.xml	4/10/2020 12:11:59 PM
IMCSR202001488BR	BDPBRSAO_20200410121202000128_01.xml	4/10/2020 12:12:35 PM
IMCSR202001494BR	BDPBRSAO_20200410121238000129_01.xml	4/10/2020 12:13:14 PM
IMSWB202004036BR	BDPBRSAO_20200410121317000130_01.xml	4/10/2020 12:13:47 PM
IMCSR202001537BR	BDPBRSAO_20200410121350000131_01.xml	4/10/2020 12:14:23 PM
IMCSR202001552BR	BDPBRSAO_20200410121426000132_01.xml	4/10/2020 12:14:58 PM
IMCSR202001581BR	BDPBRSAO_20200410121502000133_01.xml	4/10/2020 12:15:38 PM
IMCSR202001627BR	BDPBRSAO_20200410121542000134_01.xml	4/10/2020 12:16:12 PM
IMCSR202001638BR	BDPBRSAO_20200410121615000135_01.xml	4/10/2020 12:16:57 PM
IMCSR202001639BR	BDPBRSAO_20200410121659000136_01.xml	4/10/2020 12:17:30 PM
IMCSR202002111BR	BDPBRSAO_20200410121733000137_01.xml	4/10/2020 12:18:09 PM
IMCBT202003009BR	BDPBRSAO_20200410121812000138_01.xml	4/10/2020 12:18:40 PM
IMEXO202003014BR	BDPBRSAO_20200410121843000139_01.xml	4/10/2020 12:19:42 PM
IMSOL202001107BR	BDPBRSAO_20200410121945000140_01.xml	4/10/2020 12:20:14 PM
IMCSR202002196BR	BDPBRSAO_20200410122017000141_01.xml	4/10/2020 12:20:48 PM
IMCSR202002199BR	BDPBRSAO_20200410122051000142_01.xml	4/10/2020 12:21:20 PM
IMCSR202002410BR	BDPBRSAO_20200410122123000143_01.xml	4/10/2020 12:21:49 PM
IMCSR202002436BR	BDPBRSAO_20200410122151000144_01.xml	4/10/2020 12:22:22 PM
IMCSR202003084BR	BDPBRSAO_20200410122224000145_01.xml	4/10/2020 12:22:56 PM
IMCSR202003086BR	BDPBRSAO_20200410122258000146_01.xml	4/10/2020 12:23:26 PM
IMEXO202003019BR	BDPBRSAO_20200410122329000147_01.xml	4/10/2020 12:23:52 PM
IMCSR202003092BR	BDPBRSAO_20200410122355000148_01.xml	4/10/2020 12:24:26 PM
IMCSR202003103BR	BDPBRSAO_20200410122429000149_01.xml	4/10/2020 12:24:57 PM
IMCSR202003165BR	BDPBRSAO_20200410122501000150_01.xml	4/10/2020 12:25:32 PM
IMCSR202003295BR	BDPBRSAO_20200410122534000151_01.xml	4/10/2020 12:26:00 PM
IMCSR202003318BR	BDPBRSAO_20200410122603000152_01.xml	4/10/2020 12:26:33 PM
IMCSR202003319BR	BDPBRSAO_20200410122635000153_01.xml	4/10/2020 12:27:04 PM
IAMTE202003019BR	BDPBRSAO_20200410122706000154_01.xml	4/10/2020 12:27:20 PM
IMCSR202003322BR	BDPBRSAO_20200410122722000155_01.xml	4/10/2020 12:27:50 PM
IMOCV202003007BR	BDPBRSAO_20200410122752000156_01.xml	4/10/2020 12:28:15 PM
IMCSR202003350BR	BDPBRSAO_20200410122818000157_01.xml	4/10/2020 12:28:50 PM
IMCSR202003352BR	BDPBRSAO_20200410122852000158_01.xml	4/10/2020 12:29:21 PM
IMATN202004007BR	BDPBRSAO_20200410122923000159_01.xml	4/10/2020 12:29:53 PM
IMCSR202003353BR	BDPBRSAO_20200410122956000160_01.xml	4/10/2020 12:30:31 PM
IMCSR202003354BR	BDPBRSAO_20200410123035000161_01.xml	4/10/2020 12:31:10 PM
IMCSR202003358BR	BDPBRSAO_20200410123113000162_01.xml	4/10/2020 12:31:48 PM
IMCSR202003527BR	BDPBRSAO_20200410123150000163_01.xml	4/10/2020 12:32:25 PM
IMCSR202003578BR	BDPBRSAO_20200410123228000164_01.xml	4/10/2020 12:33:00 PM
IMCSR202003587BR	BDPBRSAO_20200410123303000165_01.xml	4/10/2020 12:33:33 PM
IACBT202003009BR	BDPBRSAO_20200410123336000166_01.xml	4/10/2020 12:34:04 PM
IMCSR202003589BR	BDPBRSAO_20200410123406000167_01.xml	4/10/2020 12:34:34 PM
IMCSR202004011BR	BDPBRSAO_20200410123436000168_01.xml	4/10/2020 12:35:05 PM
IMCSR202004013BR	BDPBRSAO_20200410123507000169_01.xml	4/10/2020 12:35:38 PM
IMCSR202004041BR	BDPBRSAO_20200410123540000170_01.xml	4/10/2020 12:36:07 PM
IMEXO202002001BR	BDPBRSAO_20200410123609000171_01.xml	4/10/2020 12:36:49 PM
IMEXO202002021BR	BDPBRSAO_20200410123651000172_01.xml	4/10/2020 12:37:27 PM
IMEXO202003035BR	BDPBRSAO_20200410123729000173_01.xml	4/10/2020 12:38:32 PM
IMEXO202003036BR	BDPBRSAO_20200410123835000174_01.xml	4/10/2020 12:39:39 PM
IMEXO202003037BR	BDPBRSAO_20200410123942000175_01.xml	4/10/2020 12:40:31 PM
IMEXO202003041BR	BDPBRSAO_20200410124035000176_01.xml	4/10/2020 12:41:43 PM
IMATL202003141BR	BDPBRSAO_20200410124145000177_01.xml	4/10/2020 12:42:03 PM
IOCTV201911015BR	BDPBRSAO_20200410124206000178_01.xml	4/10/2020 12:42:35 PM
IMATL202004014BR	BDPBRSAO_20200410124237000179_01.xml	4/10/2020 12:42:55 PM
IOOXT202004006BR	BDPBRSAO_20200410124257000180_01.xml	4/10/2020 12:43:20 PM
IAATN202004002BR	BDPBRSAO_20200410124323000181_01.xml	4/10/2020 12:43:48 PM
IACSR202003020BR	BDPBRSAO_20200410124350000182_01.xml	4/10/2020 12:44:14 PM
IACTV202002007BR	BDPBRSAO_20200410124416000183_01.xml	4/10/2020 12:44:40 PM
IMATN202004006BR	BDPBRSAO_20200410124442000184_01.xml	4/10/2020 12:45:15 PM
IMCTV202002006BR	BDPBRSAO_20200410124517000185_01.xml	4/10/2020 12:45:45 PM
IMCSR202003612BR	BDPBRSAO_20200410124547000186_01.xml	4/10/2020 12:46:19 PM
IMIFB202001066BR	BDPBRSAO_20200410124621000187_01.xml	4/10/2020 12:46:49 PM
IMIFB202001070BR	BDPBRSAO_20200410124651000188_01.xml	4/10/2020 12:47:20 PM
IMIFB202001071BR	BDPBRSAO_20200410124722000189_01.xml	4/10/2020 12:47:50 PM
IMIFB202001076BR	BDPBRSAO_20200410124752000190_01.xml	4/10/2020 12:48:19 PM
IMIFB202002009BR	BDPBRSAO_20200410124821000191_01.xml	4/10/2020 12:48:49 PM
IMMAU202003016BR	BDPBRSAO_20200410124851000192_01.xml	4/10/2020 12:49:19 PM
IMCSR202003505BR	BDPBRSAO_20200410124922000193_01.xml	4/10/2020 12:49:55 PM
EMOXT202004011BR	BDPBRSAO_20200410124957000194_01.xml	4/10/2020 12:50:28 PM
IMSOL202001032BR	BDPBRSAO_20200410125031000195_01.xml	4/10/2020 12:51:02 PM
EMCSR202003108BR	BDPBRSAO_20200410125104000196_01.xml	4/10/2020 12:51:25 PM
IMSOL202002122BR	BDPBRSAO_20200410125127000197_01.xml	4/10/2020 12:51:55 PM
IMBCB202003002BR	BDPBRSAO_20200410125157000198_01.xml	4/10/2020 12:52:25 PM
IMCSR202003189BR	BDPBRSAO_20200410125227000199_01.xml	4/10/2020 12:52:57 PM
IMSPC202003063BR	BDPBRSAO_20200410125259000200_01.xml	4/10/2020 12:53:26 PM
IMSWB201912041BR	BDPBRSAO_20200410125328000201_01.xml	4/10/2020 12:53:59 PM
IMSWB201912105BR	BDPBRSAO_20200410125401000202_01.xml	4/10/2020 12:54:36 PM
IMSWB202001018BR	BDPBRSAO_20200410125439000203_01.xml	4/10/2020 12:55:12 PM
IMSWB202001040BR	BDPBRSAO_20200410125515000204_01.xml	4/10/2020 12:55:46 PM
IMSWB202001044BR	BDPBRSAO_20200410125549000205_01.xml	4/10/2020 12:56:18 PM
IMSWB202002012BR	BDPBRSAO_20200410125621000206_01.xml	4/10/2020 12:56:49 PM
IOCBT202003004BR	BDPBRSAO_20200410125652000207_01.xml	4/10/2020 12:57:19 PM
IOCBT202003005BR	BDPBRSAO_20200410125721000208_01.xml	4/10/2020 12:57:48 PM
IOCBT202003008BR	BDPBRSAO_20200410125751000209_01.xml	4/10/2020 12:58:19 PM
EMOXT202004091BR	BDPBRSAO_20200410125821000210_01.xml	4/10/2020 12:58:51 PM
IMSLA202003035BR	BDPBRSAO_20200410125853000211_01.xml	4/10/2020 12:59:21 PM
EMARC202003017BR	BDPBRSAO_20200410125924000212_01.xml	4/10/2020 12:59:54 PM
IOCBT202002023BR	BDPBRSAO_20200410125957000213_01.xml	4/10/2020 1:00:26 PM
IMSWB201912072BR	BDPBRSAO_20200410130028000214_01.xml	4/10/2020 1:00:59 PM
EMARC202003018BR	BDPBRSAO_20200410130101000215_01.xml	4/10/2020 1:01:28 PM
IOCBT202003009BR	BDPBRSAO_20200410130130000216_01.xml	4/10/2020 1:01:56 PM
IOCBT202003010BR	BDPBRSAO_20200410130159000217_01.xml	4/10/2020 1:02:23 PM
IMOXT202004032BR	BDPBRSAO_20200410130226000218_01.xml	4/10/2020 1:02:51 PM
IMEXO202003011BR	BDPBRSAO_20200410130254000219_01.xml	4/10/2020 1:03:19 PM
EAMTE202004001BR	BDPBRSAO_20200410130321000220_01.xml	4/10/2020 1:03:34 PM
EMOXT202003186BR	BDPBRSAO_20200410130336000221_01.xml	4/10/2020 1:04:02 PM
IMSLA202003039BR	BDPBRSAO_20200410130404000222_01.xml	4/10/2020 1:04:31 PM
IMOXT202004033BR	BDPBRSAO_20200410130433000223_01.xml	4/10/2020 1:04:57 PM
IMSOL202001084BR	BDPBRSAO_20200410130500000224_01.xml	4/10/2020 1:05:26 PM
EMOXT202004092BR	BDPBRSAO_20200410130529000225_01.xml	4/10/2020 1:05:53 PM
EMOXT202003184BR	BDPBRSAO_20200410130555000226_01.xml	4/10/2020 1:06:27 PM
IMSOL202002001BR	BDPBRSAO_20200410130629000227_01.xml	4/10/2020 1:06:55 PM
IMSWB201912097BR	BDPBRSAO_20200410130657000228_01.xml	4/10/2020 1:07:25 PM
IMCTV202002059BR	BDPBRSAO_20200410130727000229_01.xml	4/10/2020 1:07:52 PM
IMSLA202003044BR	BDPBRSAO_20200410130755000230_01.xml	4/10/2020 1:08:22 PM
IABCB202003001BR	BDPBRSAO_20200410130824000231_01.xml	4/10/2020 1:08:50 PM
IACSR202003012BR	BDPBRSAO_20200410130852000232_01.xml	4/10/2020 1:09:16 PM
IAOCV202003007BR	BDPBRSAO_20200410130919000233_01.xml	4/10/2020 1:09:42 PM
IMCBT202003037BR	BDPBRSAO_20200410130944000234_01.xml	4/10/2020 1:10:09 PM
IMCSR201912099BR	BDPBRSAO_20200410131012000235_01.xml	4/10/2020 1:10:41 PM
IMCSR202002291BR	BDPBRSAO_20200410131044000236_01.xml	4/10/2020 1:11:10 PM
IMCSR202002293BR	BDPBRSAO_20200410131114000237_01.xml	4/10/2020 1:11:41 PM
IMCSR202003183BR	BDPBRSAO_20200410131143000238_01.xml	4/10/2020 1:12:10 PM
IMCSR202003196BR	BDPBRSAO_20200410131212000239_01.xml	4/10/2020 1:12:40 PM
IMCTV202001061BR	BDPBRSAO_20200410131242000240_01.xml	4/10/2020 1:13:07 PM
IMCTV202002060BR	BDPBRSAO_20200410131310000241_01.xml	4/10/2020 1:13:34 PM
IMSOL202002123BR	BDPBRSAO_20200410131337000242_01.xml	4/10/2020 1:14:01 PM
IMCSR202003395BR	BDPBRSAO_20200410131403000243_01.xml	4/10/2020 1:14:29 PM
IMCSR202003400BR	BDPBRSAO_20200410131432000244_01.xml	4/10/2020 1:15:01 PM
IMCSR202003456BR	BDPBRSAO_20200410131504000245_01.xml	4/10/2020 1:15:32 PM
EMARC202004003BR	BDPBRSAO_20200410131534000246_01.xml	4/10/2020 1:16:05 PM
IMSPC202004019BR	BDPBRSAO_20200410131608000247_01.xml	4/10/2020 1:16:37 PM
IMOXT202004034BR	BDPBRSAO_20200410131639000248_01.xml	4/10/2020 1:17:08 PM
IMCTV202002042BR	BDPBRSAO_20200410131711000249_01.xml	4/10/2020 1:17:40 PM
IMEAS202003007BR	BDPBRSAO_20200410131742000250_01.xml	4/10/2020 1:18:24 PM
IMEAS202003009BR	BDPBRSAO_20200410131826000251_01.xml	4/10/2020 1:18:55 PM
EMOXT201912142BR	BDPBRSAO_20200410131858000252_01.xml	4/10/2020 1:19:27 PM
EMOXT202001027BR	BDPBRSAO_20200410131929000253_01.xml	4/10/2020 1:20:06 PM
EMOXT202002110BR	BDPBRSAO_20200410132010000254_01.xml	4/10/2020 1:20:43 PM
EMOXT202001214BR	BDPBRSAO_20200410132045000255_01.xml	4/10/2020 1:21:14 PM
EMOXT202002109BR	BDPBRSAO_20200410132117000256_01.xml	4/10/2020 1:21:48 PM
EMOXT202002113BR	BDPBRSAO_20200410132150000257_01.xml	4/10/2020 1:22:23 PM
EMOXT202002112BR	BDPBRSAO_20200410132226000258_01.xml	4/10/2020 1:22:50 PM
EMOXT202001064BR	BDPBRSAO_20200410132252000259_01.xml	4/10/2020 1:23:18 PM
EMOXT202002121BR	BDPBRSAO_20200410132320000260_01.xml	4/10/2020 1:23:46 PM
EMOXT202002053BR	BDPBRSAO_20200410132349000261_01.xml	4/10/2020 1:24:16 PM
EMOXT202002072BR	BDPBRSAO_20200410132419000262_01.xml	4/10/2020 1:25:01 PM
EMOXT202002194BR	BDPBRSAO_20200410132504000263_01.xml	4/10/2020 1:25:31 PM
EMOXT202002233BR	BDPBRSAO_20200410132534000264_01.xml	4/10/2020 1:26:05 PM
EMOXT202003054BR	BDPBRSAO_20200410132608000265_01.xml	4/10/2020 1:26:37 PM
EMOXT202003007BR	BDPBRSAO_20200410132640000266_01.xml	4/10/2020 1:27:14 PM
EMOXT202003012BR	BDPBRSAO_20200410132716000267_01.xml	4/10/2020 1:27:44 PM
EMOXT202002232BR	BDPBRSAO_20200410132747000268_01.xml	4/10/2020 1:28:14 PM
EMOXT202003008BR	BDPBRSAO_20200410132816000269_01.xml	4/10/2020 1:28:41 PM
EMOXT202003011BR	BDPBRSAO_20200410132844000270_01.xml	4/10/2020 1:29:13 PM
EMOXT202003027BR	BDPBRSAO_20200410132915000271_01.xml	4/10/2020 1:29:46 PM
EMOXT202003029BR	BDPBRSAO_20200410132948000272_01.xml	4/10/2020 1:30:18 PM
EMOXT202002214BR	BDPBRSAO_20200410133020000273_01.xml	4/10/2020 1:31:05 PM
EMOXT202002218BR	BDPBRSAO_20200410133108000274_01.xml	4/10/2020 1:31:36 PM
EMOXT202002181BR	BDPBRSAO_20200410133138000275_01.xml	4/10/2020 1:32:21 PM
EMOXT202001026BR	BDPBRSAO_20200410133224000276_01.xml	4/10/2020 1:33:00 PM
EMOXT202003051BR	BDPBRSAO_20200410133303000277_01.xml	4/10/2020 1:33:33 PM
EMOXT202003050BR	BDPBRSAO_20200410133335000278_01.xml	4/10/2020 1:34:03 PM
EMOXT202002111BR	BDPBRSAO_20200410133405000279_01.xml	4/10/2020 1:34:33 PM
EMOXT202001217BR	BDPBRSAO_20200410133435000280_01.xml	4/10/2020 1:35:03 PM
EMOXT202002012BR	BDPBRSAO_20200410133505000281_01.xml	4/10/2020 1:35:37 PM
EMOXT202003076BR	BDPBRSAO_20200410133540000282_01.xml	4/10/2020 1:36:29 PM
EMOXT202003044BR	BDPBRSAO_20200410133632000283_01.xml	4/10/2020 1:37:02 PM
EMOXT202001228BR	BDPBRSAO_20200410133705000284_01.xml	4/10/2020 1:37:37 PM
EMOXT202002025BR	BDPBRSAO_20200410133740000285_01.xml	4/10/2020 1:38:13 PM
EMOXT202002195BR	BDPBRSAO_20200410133815000286_01.xml	4/10/2020 1:38:44 PM
EMOXT202002196BR	BDPBRSAO_20200410133847000287_01.xml	4/10/2020 1:39:15 PM
EMOXT202003084BR	BDPBRSAO_20200410133918000288_01.xml	4/10/2020 1:39:52 PM
EMOXT202002156BR	BDPBRSAO_20200410133954000289_01.xml	4/10/2020 1:40:23 PM
EMOXT202003099BR	BDPBRSAO_20200410134026000290_01.xml	4/10/2020 1:40:53 PM
EMOXT202002182BR	BDPBRSAO_20200410134056000291_01.xml	4/10/2020 1:41:39 PM
EMOXT202002183BR	BDPBRSAO_20200410134142000292_01.xml	4/10/2020 1:42:12 PM
EMOXT202003068BR	BDPBRSAO_20200410134215000293_01.xml	4/10/2020 1:42:49 PM
EMOXT202003079BR	BDPBRSAO_20200410134251000294_01.xml	4/10/2020 1:43:20 PM
EMOXT202003098BR	BDPBRSAO_20200410134322000295_01.xml	4/10/2020 1:43:49 PM
EMOXT202003096BR	BDPBRSAO_20200410134352000296_01.xml	4/10/2020 1:44:29 PM
EMOXT202003090BR	BDPBRSAO_20200410134431000297_01.xml	4/10/2020 1:45:02 PM
EMOXT202003091BR	BDPBRSAO_20200410134505000298_01.xml	4/10/2020 1:45:36 PM
EMOXT202001155BR	BDPBRSAO_20200410134539000299_01.xml	4/10/2020 1:46:13 PM
EMOXT202002073BR	BDPBRSAO_20200410134616000300_01.xml	4/10/2020 1:46:57 PM
EMOXT202002157BR	BDPBRSAO_20200410134659000301_01.xml	4/10/2020 1:47:28 PM
EMOXT202003069BR	BDPBRSAO_20200410134730000302_01.xml	4/10/2020 1:47:57 PM
EMOXT202003134BR	BDPBRSAO_20200410134759000303_01.xml	4/10/2020 1:48:25 PM
EMOXT202003144BR	BDPBRSAO_20200410134828000304_01.xml	4/10/2020 1:48:59 PM
EMOXT202002161BR	BDPBRSAO_20200410134902000305_01.xml	4/10/2020 1:49:33 PM
EMOXT202003067BR	BDPBRSAO_20200410134935000306_01.xml	4/10/2020 1:50:08 PM
EMOXT202003080BR	BDPBRSAO_20200410135011000307_01.xml	4/10/2020 1:50:41 PM
EMOXT202003133BR	BDPBRSAO_20200410135044000308_01.xml	4/10/2020 1:51:11 PM
EMOXT202003135BR	BDPBRSAO_20200410135114000309_01.xml	4/10/2020 1:51:37 PM
EMOXT202003148BR	BDPBRSAO_20200410135139000310_01.xml	4/10/2020 1:52:07 PM
EMOXT202003155BR	BDPBRSAO_20200410135210000311_01.xml	4/10/2020 1:52:32 PM
EMOXT202003161BR	BDPBRSAO_20200410135234000312_01.xml	4/10/2020 1:53:02 PM
EMOXT202003136BR	BDPBRSAO_20200410135304000313_01.xml	4/10/2020 1:53:31 PM
EMOXT202003164BR	BDPBRSAO_20200410135334000314_01.xml	4/10/2020 1:54:01 PM
EMOXT202003169BR	BDPBRSAO_20200410135404000315_01.xml	4/10/2020 1:54:30 PM
EMOXT202003175BR	BDPBRSAO_20200410135433000316_01.xml	4/10/2020 1:55:02 PM
EMOXT202003162BR	BDPBRSAO_20200410135506000317_01.xml	4/10/2020 1:55:33 PM
EMOXT202003163BR	BDPBRSAO_20200410135536000318_01.xml	4/10/2020 1:56:04 PM
EMOXT202003177BR	BDPBRSAO_20200410135607000319_01.xml	4/10/2020 1:56:33 PM
EMOXT202003179BR	BDPBRSAO_20200410135636000320_01.xml	4/10/2020 1:57:15 PM
EMOXT202003170BR	BDPBRSAO_20200410135717000321_01.xml	4/10/2020 1:57:43 PM
EMOXT202003185BR	BDPBRSAO_20200410135745000322_01.xml	4/10/2020 1:58:11 PM
EMOXT202003183BR	BDPBRSAO_20200410135813000323_01.xml	4/10/2020 1:58:42 PM
EMOXT202003198BR	BDPBRSAO_20200410135846000324_01.xml	4/10/2020 1:59:16 PM
IMIFB202001030BR	BDPBRSAO_20200410135918000325_01.xml	4/10/2020 1:59:50 PM
EMOXT202004093BR	BDPBRSAO_20200410135952000326_01.xml	4/10/2020 2:00:19 PM
EMARC202003040BR	BDPBRSAO_20200410140022000327_01.xml	4/10/2020 2:00:56 PM
IMOXT202004035BR	BDPBRSAO_20200410140100000328_01.xml	4/10/2020 2:01:27 PM
IMSPC202003062BR	BDPBRSAO_20200410140130000329_01.xml	4/10/2020 2:02:00 PM
IMSOL202003076BR	BDPBRSAO_20200410140203000330_01.xml	4/10/2020 2:02:32 PM
IMSPC202003065BR	BDPBRSAO_20200410140235000331_01.xml	4/10/2020 2:03:05 PM
IMSWB201910013BR	BDPBRSAO_20200410140308000332_01.xml	4/10/2020 2:03:41 PM
IMSWB201912107BR	BDPBRSAO_20200410140344000333_01.xml	4/10/2020 2:04:15 PM
IMSPC202003060BR	BDPBRSAO_20200410140417000334_01.xml	4/10/2020 2:04:49 PM
IMCSR202003244BR	BDPBRSAO_20200410140452000335_01.xml	4/10/2020 2:05:24 PM
IMSPC202003064BR	BDPBRSAO_20200410140527000336_01.xml	4/10/2020 2:05:56 PM
IMSWB202001077BR	BDPBRSAO_20200410140558000337_01.xml	4/10/2020 2:06:29 PM
IMSWB202002003BR	BDPBRSAO_20200410140632000338_01.xml	4/10/2020 2:07:03 PM
IMSWB202002034BR	BDPBRSAO_20200410140706000339_01.xml	4/10/2020 2:07:45 PM
IMSWB202002057BR	BDPBRSAO_20200410140748000340_01.xml	4/10/2020 2:08:17 PM
IMSWB202002082BR	BDPBRSAO_20200410140820000341_01.xml	4/10/2020 2:08:52 PM
IMSWB202003053BR	BDPBRSAO_20200410140855000342_01.xml	4/10/2020 2:10:07 PM
EMCSR202003020BR	BDPBRSAO_20200410141010000343_01.xml	4/10/2020 2:10:34 PM
IMUPL201701051BR	BDPBRSAO_20200410141037000344_01.xml	4/10/2020 2:11:50 PM
IMCSR202003212BR	BDPBRSAO_20200410141153000345_01.xml	4/10/2020 2:12:26 PM
IMOXT202004036BR	BDPBRSAO_20200410141228000346_01.xml	4/10/2020 2:12:57 PM
IMSPC202004015BR	BDPBRSAO_20200410141259000347_01.xml	4/10/2020 2:13:28 PM
IMOXT201802062BR	BDPBRSAO_20200410141330000348_01.xml	4/10/2020 2:14:05 PM
IMOXT201911009BR	BDPBRSAO_20200410141408000349_01.xml	4/10/2020 2:14:43 PM
IMOXT201910034BR	BDPBRSAO_20200410141446000350_01.xml	4/10/2020 2:15:30 PM
EMCSR202004023BR	BDPBRSAO_20200410141533000351_01.xml	4/10/2020 2:15:55 PM
IMOXT202002008BR	BDPBRSAO_20200410141558000352_01.xml	4/10/2020 2:16:31 PM
IMEXO202003043BR	BDPBRSAO_20200410141634000353_01.xml	4/10/2020 2:17:06 PM
IMCSR202003558BR	BDPBRSAO_20200410141709000354_01.xml	4/10/2020 2:17:37 PM
IMOXT201812013BR	BDPBRSAO_20200410141739000355_01.xml	4/10/2020 2:18:12 PM
IMEXO202002023BR	BDPBRSAO_20200410141815000356_01.xml	4/10/2020 2:18:51 PM
IMEXO202003002BR	BDPBRSAO_20200410141853000357_01.xml	4/10/2020 2:19:27 PM
IMEXO202003004BR	BDPBRSAO_20200410141930000358_01.xml	4/10/2020 2:20:33 PM
IMCSR202003213BR	BDPBRSAO_20200410142036000359_01.xml	4/10/2020 2:21:07 PM
IMOXT201902036BR	BDPBRSAO_20200410142111000360_01.xml	4/10/2020 2:21:51 PM
IMOXT201810018BR	BDPBRSAO_20200410142154000361_01.xml	4/10/2020 2:22:30 PM
IMOXT201909036BR	BDPBRSAO_20200410142233000362_01.xml	4/10/2020 2:23:07 PM
IMOXT201908026BR	BDPBRSAO_20200410142309000363_01.xml	4/10/2020 2:23:42 PM
IOOXT202003011BR	BDPBRSAO_20200410142345000364_01.xml	4/10/2020 2:24:12 PM
IASWB202003015BR	BDPBRSAO_20200410142415000365_01.xml	4/10/2020 2:24:46 PM
IMOXT201901003BR	BDPBRSAO_20200410142449000366_01.xml	4/10/2020 2:25:21 PM
IMOXT201901028BR	BDPBRSAO_20200410142524000367_01.xml	4/10/2020 2:26:02 PM
IMOXT201812001BR	BDPBRSAO_20200410142605000368_01.xml	4/10/2020 2:26:37 PM
IMOXT202001055BR	BDPBRSAO_20200410142640000369_01.xml	4/10/2020 2:27:17 PM
IMOXT201902006BR	BDPBRSAO_20200410142719000370_01.xml	4/10/2020 2:27:50 PM
IMOXT201911024BR	BDPBRSAO_20200410142753000371_01.xml	4/10/2020 2:28:24 PM
IMOXT202004037BR	BDPBRSAO_20200410142826000372_01.xml	4/10/2020 2:28:57 PM
IMOXT201907008BR	BDPBRSAO_20200410142900000373_01.xml	4/10/2020 2:29:33 PM
IMOXT201806006BR	BDPBRSAO_20200410142935000374_01.xml	4/10/2020 2:30:16 PM
IMSPC202004016BR	BDPBRSAO_20200410143021000375_01.xml	4/10/2020 2:30:52 PM
IMOXT201907044BR	BDPBRSAO_20200410143055000376_01.xml	4/10/2020 2:31:32 PM
IMOXT201908025BR	BDPBRSAO_20200410143135000377_01.xml	4/10/2020 2:32:10 PM
IMOXT201803003BR	BDPBRSAO_20200410143213000378_01.xml	4/10/2020 2:32:41 PM
IMOXT201907048BR	BDPBRSAO_20200410143245000379_01.xml	4/10/2020 2:33:22 PM
IMOXT202002025BR	BDPBRSAO_20200410143325000380_01.xml	4/10/2020 2:33:55 PM
EMOXT202004023BR	BDPBRSAO_20200410143357000381_01.xml	4/10/2020 2:34:37 PM
EAATL202004001BR	BDPBRSAO_20200410143440000382_01.xml	4/10/2020 2:34:55 PM
EMOXT202004057BR	BDPBRSAO_20200410143457000383_01.xml	4/10/2020 2:35:23 PM
IMCTV202003070BR	BDPBRSAO_20200410143527000384_01.xml	4/10/2020 2:35:53 PM
IMCTV202003059BR	BDPBRSAO_20200410143556000385_01.xml	4/10/2020 2:36:26 PM
IMCSR202003199BR	BDPBRSAO_20200410143628000386_01.xml	4/10/2020 2:36:55 PM
IMCBT202004002BR	BDPBRSAO_20200410143657000387_01.xml	4/10/2020 2:37:21 PM
IMATL202004027BR	BDPBRSAO_20200410143724000388_01.xml	4/10/2020 2:37:38 PM
EMATL202003019BR	BDPBRSAO_20200410143741000389_01.xml	4/10/2020 2:37:58 PM
IMOXT202001027BR	BDPBRSAO_20200410143800000390_01.xml	4/10/2020 2:38:24 PM
IMCTV202002004BR	BDPBRSAO_20200410143827000391_01.xml	4/10/2020 2:38:53 PM
EMATL201909041BR	BDPBRSAO_20200410143855000392_01.xml	4/10/2020 2:39:27 PM
IAMAU202003001BR	BDPBRSAO_20200410143930000393_01.xml	4/10/2020 2:39:57 PM
IASOL202003005BR	BDPBRSAO_20200410144000000394_01.xml	4/10/2020 2:40:26 PM
IMATN202003004BR	BDPBRSAO_20200410144029000395_01.xml	4/10/2020 2:41:04 PM
IMBCB202002002BR	BDPBRSAO_20200410144107000396_01.xml	4/10/2020 2:41:34 PM
IMBCB202003005BR	BDPBRSAO_20200410144136000397_01.xml	4/10/2020 2:42:02 PM
IMCBT202003028BR	BDPBRSAO_20200410144204000398_01.xml	4/10/2020 2:42:29 PM
EMCSR202004024BR	BDPBRSAO_20200410144232000399_01.xml	4/10/2020 2:42:48 PM
IASWB202004004BR	BDPBRSAO_20200410144251000400_01.xml	4/10/2020 2:43:12 PM
IMCSR202003198BR	BDPBRSAO_20200410144314000401_01.xml	4/10/2020 2:43:39 PM
EMARC202002033BR	BDPBRSAO_20200410144341000402_01.xml	4/10/2020 2:44:07 PM
IMCSR202003391BR	BDPBRSAO_20200410144410000403_01.xml	4/10/2020 2:44:35 PM
IMCTV202001002BR	BDPBRSAO_20200410144438000404_01.xml	4/10/2020 2:45:08 PM
IMCTV202001021BR	BDPBRSAO_20200410144512000405_01.xml	4/10/2020 2:45:41 PM
IMEXO202001035BR	BDPBRSAO_20200410144543000406_01.xml	4/10/2020 2:46:09 PM
IMEXO202001038BR	BDPBRSAO_20200410144612000407_01.xml	4/10/2020 2:46:36 PM
EMOXT202003085BR	BDPBRSAO_20200410144639000408_01.xml	4/10/2020 2:47:06 PM
IMIFB202002050BR	BDPBRSAO_20200410144709000409_01.xml	4/10/2020 2:47:37 PM
IMMAU202003005BR	BDPBRSAO_20200410144739000410_01.xml	4/10/2020 2:48:03 PM
IMMAU202003012BR	BDPBRSAO_20200410144805000411_01.xml	4/10/2020 2:48:35 PM
EMATL202004025BR	BDPBRSAO_20200410144837000412_01.xml	4/10/2020 2:48:55 PM
EMOXT202003113BR	BDPBRSAO_20200410144857000413_01.xml	4/10/2020 2:49:29 PM
IMSOL202002031BR	BDPBRSAO_20200410144932000414_01.xml	4/10/2020 2:49:58 PM
IMSOL202002044BR	BDPBRSAO_20200410145001000415_01.xml	4/10/2020 2:50:28 PM
IMSOL202002109BR	BDPBRSAO_20200410145031000416_01.xml	4/10/2020 2:50:58 PM
IMSWB202003091BR	BDPBRSAO_20200410145100000417_01.xml	4/10/2020 2:51:29 PM
EMCSR202003058BR	BDPBRSAO_20200410145131000418_01.xml	4/10/2020 2:51:50 PM
IMCTV202001026BR	BDPBRSAO_20200410145151000419_01.xml	4/10/2020 2:52:34 PM
IMCBT202004003BR	BDPBRSAO_20200410145236000420_01.xml	4/10/2020 2:53:10 PM
IMCTV201911028BR	BDPBRSAO_20200410145313000421_01.xml	4/10/2020 2:53:42 PM
IMCTV202002001BR	BDPBRSAO_20200410145344000422_01.xml	4/10/2020 2:54:09 PM
EMOXT202003123BR	BDPBRSAO_20200410145412000423_01.xml	4/10/2020 2:54:43 PM
IMCTV202001039BR	BDPBRSAO_20200410145445000424_01.xml	4/10/2020 2:55:16 PM
EMCSR202004025BR	BDPBRSAO_20200410145519000425_01.xml	4/10/2020 2:55:52 PM
IMCSR202002355BR	BDPBRSAO_20200410145555000426_01.xml	4/10/2020 2:56:26 PM
EMATL202004015BR	BDPBRSAO_20200410145628000427_01.xml	4/10/2020 2:56:42 PM
IMCTV202001038BR	BDPBRSAO_20200410145644000428_01.xml	4/10/2020 2:57:12 PM
EMOXT202003167BR	BDPBRSAO_20200410145714000429_01.xml	4/10/2020 2:57:44 PM
IMEXO202002033BR	BDPBRSAO_20200410145746000430_01.xml	4/10/2020 2:58:55 PM
IMEXO202003015BR	BDPBRSAO_20200410145858000431_01.xml	4/10/2020 2:59:26 PM
EORHO202003046BR	BDPBRSAO_20200410145929000432_01.xml	4/10/2020 2:59:53 PM
IMCBT202004004BR	BDPBRSAO_20200410145955000433_01.xml	4/10/2020 3:00:29 PM
IMEXO202001040BR	BDPBRSAO_20200410150031000434_01.xml	4/10/2020 3:01:00 PM
EMOXT202004005BR	BDPBRSAO_20200410150103000435_01.xml	4/10/2020 3:01:37 PM
IMCSR202003377BR	BDPBRSAO_20200410150140000436_01.xml	4/10/2020 3:02:10 PM
EMOXT202003115BR	BDPBRSAO_20200410150212000437_01.xml	4/10/2020 3:02:43 PM
IMTAM202003019BR	BDPBRSAO_20200410150246000438_01.xml	4/10/2020 3:03:17 PM
IASPC202003004BR	BDPBRSAO_20200410150319000439_01.xml	4/10/2020 3:04:10 PM
EACTV202003001BR	BDPBRSAO_20200410150413000440_01.xml	4/10/2020 3:04:36 PM
IMCTV202001041BR	BDPBRSAO_20200410150438000441_01.xml	4/10/2020 3:05:07 PM
EMOXT202003195BR	BDPBRSAO_20200410150509000442_01.xml	4/10/2020 3:05:40 PM
IMCSR202003201BR	BDPBRSAO_20200410150543000443_01.xml	4/10/2020 3:06:13 PM
IMCSR202003237BR	BDPBRSAO_20200410150616000444_01.xml	4/10/2020 3:06:46 PM
IMEXO202003044BR	BDPBRSAO_20200410150648000445_01.xml	4/10/2020 3:07:56 PM
IAOCV202003003BR	BDPBRSAO_20200410150759000446_01.xml	4/10/2020 3:08:29 PM
EMOXT202003160BR	BDPBRSAO_20200410150831000447_01.xml	4/10/2020 3:09:03 PM
IMCSR202002228BR	BDPBRSAO_20200410150905000448_01.xml	4/10/2020 3:09:35 PM
IMSOL202002125BR	BDPBRSAO_20200410150937000449_01.xml	4/10/2020 3:10:06 PM
IMCSR202003252BR	BDPBRSAO_20200410151009000450_01.xml	4/10/2020 3:10:40 PM
IMCSR202003264BR	BDPBRSAO_20200410151043000451_01.xml	4/10/2020 3:11:25 PM
IMCSR202003276BR	BDPBRSAO_20200410151128000452_01.xml	4/10/2020 3:11:58 PM
IMCSR202003390BR	BDPBRSAO_20200410151202000453_01.xml	4/10/2020 3:12:33 PM
IMCTV202001040BR	BDPBRSAO_20200410151235000454_01.xml	4/10/2020 3:13:05 PM
IMCSR202003392BR	BDPBRSAO_20200410151307000455_01.xml	4/10/2020 3:13:36 PM
EMOXT202003111BR	BDPBRSAO_20200410151338000456_01.xml	4/10/2020 3:14:08 PM
IMCSR202003394BR	BDPBRSAO_20200410151411000457_01.xml	4/10/2020 3:14:38 PM
IAATL202004012BR	BDPBRSAO_20200410151441000458_01.xml	4/10/2020 3:14:57 PM
IMOXT202004038BR	BDPBRSAO_20200410151459000459_01.xml	4/10/2020 3:15:28 PM
IMIFB201909005BR	BDPBRSAO_20200410151530000460_01.xml	4/10/2020 3:15:59 PM
IMIFB202001028BR	BDPBRSAO_20200410151601000461_01.xml	4/10/2020 3:16:28 PM
IMIFB202001029BR	BDPBRSAO_20200410151630000462_01.xml	4/10/2020 3:16:53 PM
IMSOL202001034BR	BDPBRSAO_20200410151655000463_01.xml	4/10/2020 3:17:18 PM
IMOXT201910038BR	BDPBRSAO_20200410151720000464_01.xml	4/10/2020 3:17:45 PM
IMOXT202001037BR	BDPBRSAO_20200410151747000465_01.xml	4/10/2020 3:18:09 PM
IMCSR202002242BR	BDPBRSAO_20200410151811000466_01.xml	4/10/2020 3:18:38 PM
IMSPC202002048BR	BDPBRSAO_20200410151840000467_01.xml	4/10/2020 3:19:06 PM
Start Program	4/10/2020 5:04:03 PM
