Start Qty: 24 Date: 17/03/2023 12:14:10
17/03/2023 12:14:15 - IMBSF202212003BR
17/03/2023 12:16:37 - IMBSF202212004BR
17/03/2023 12:17:27 - IMBSF202212013BR
17/03/2023 12:18:11 - IMBSF202212014BR
17/03/2023 12:18:44 - IMBSF202212017BR
17/03/2023 12:19:15 - IMBSF202212018BR
17/03/2023 12:19:51 - IMBSF202301001BR
17/03/2023 12:20:22 - IMBSF202301002BR
17/03/2023 12:20:53 - IMBSF202301003BR
17/03/2023 12:21:23 - IMATL202302001BR
17/03/2023 12:21:57 - IAATL202302002BR
17/03/2023 12:22:41 - EAATL202302001BR
17/03/2023 12:23:06 - IAATL202302003BR
17/03/2023 12:23:30 - IMATL202302002BR
17/03/2023 12:23:54 - IAATL202302004BR
17/03/2023 12:24:20 - IMATL202303001BR
17/03/2023 12:24:51 - IAATL202303001BR
17/03/2023 12:25:18 - IAATL202303002BR
17/03/2023 12:25:45 - IAATL202303003BR
17/03/2023 12:26:11 - IMATL202303002BR
17/03/2023 12:26:43 - IAATL202303004BR
17/03/2023 12:27:09 - IMLVS202303001BR
17/03/2023 12:27:49 - IMLVS202303002BR
17/03/2023 12:28:27 - IMLVS202303003BR
False
Start Qty: 0 Date: 17/03/2023 12:29:14
False
