Start Qty: 464 Date: 20/07/2023 10:35:10
20/07/2023 10:35:16 - IMBCB202306034BR
20/07/2023 10:36:10 - IMBCB202306049BR
20/07/2023 10:37:00 - IMCBT202305010BR
20/07/2023 10:37:48 - EMCSR202306100BR
20/07/2023 10:38:29 - EMCSR202306104BR
20/07/2023 10:39:08 - EMCSR202306103BR
20/07/2023 10:39:47 - IMCBT202305014BR
20/07/2023 10:40:48 - IMCSR202303017BR
20/07/2023 10:41:43 - IMSWB202306047BR
20/07/2023 10:42:32 - IMCSR202303147BR
20/07/2023 10:43:41 - IMCSR202305069BR
20/07/2023 10:44:34 - IOCSR202307020BR
20/07/2023 10:46:23 - IMCSR202305072BR
20/07/2023 10:47:16 - IMCSR202305188BR
20/07/2023 10:48:05 - IMCSR202305312BR
20/07/2023 10:49:02 - IMCSR202305319BR
20/07/2023 10:49:53 - IMCSR202305320BR
20/07/2023 10:50:45 - IMCSR202305327BR
20/07/2023 10:51:39 - IMCSR202305330BR
20/07/2023 10:52:29 - IMCSR202305350BR
20/07/2023 10:53:21 - IMCSR202305454BR
20/07/2023 10:54:16 - IACSR202307010BR
20/07/2023 10:54:45 - IMCSR202305464BR
20/07/2023 10:55:36 - IMCSR202306129BR
20/07/2023 10:56:26 - IMCSR202306133BR
20/07/2023 10:57:26 - IMCSR202306218BR
20/07/2023 10:58:18 - IMCSR202306224BR
20/07/2023 10:59:09 - IMCSR202306323BR
20/07/2023 11:00:00 - IMCSR202306334BR
20/07/2023 11:00:49 - IMCTV202302025BR
20/07/2023 11:01:40 - IMCTV202303053BR
20/07/2023 11:02:29 - IMCTV202303054BR
20/07/2023 11:03:18 - IMCTV202304002BR
20/07/2023 11:04:11 - IMCTV202304016BR
20/07/2023 11:04:59 - IMTAM202303028BR
20/07/2023 11:05:51 - IMCTV202304058BR
20/07/2023 11:06:42 - IMCTV202305113BR
20/07/2023 11:07:30 - IMCTV202305140BR
20/07/2023 11:08:19 - IMCTV202305114BR
20/07/2023 11:09:08 - IMCTV202305126BR
20/07/2023 11:10:00 - IMCTV202305127BR
20/07/2023 11:10:50 - IMCSR202306237BR
20/07/2023 11:11:40 - IMCTV202305146BR
20/07/2023 11:12:33 - IMEAS202209039BR
20/07/2023 11:13:22 - IMEAS202305005BR
20/07/2023 11:14:11 - IMEAS202305006BR
20/07/2023 11:15:00 - IMEAS202305007BR
20/07/2023 11:15:49 - IMEXO202304040BR
20/07/2023 11:16:36 - IMIFB202304023BR
20/07/2023 11:17:34 - IMIFB202305011BR
20/07/2023 11:18:28 - IMIFB202305024BR
20/07/2023 11:19:26 - IMIFB202305029BR
20/07/2023 11:20:21 - IMIFB202305030BR
20/07/2023 11:21:11 - IMIFB202305032BR
20/07/2023 11:21:59 - IMIFB202305036BR
20/07/2023 11:22:51 - IMIFB202305041BR
20/07/2023 11:23:43 - IMIFB202305044BR
20/07/2023 11:24:35 - IMIFB202305052BR
20/07/2023 11:25:28 - IMSWB202306074BR
20/07/2023 11:26:13 - IMLYB202304001BR
20/07/2023 11:27:02 - IMLYB202304008BR
20/07/2023 11:27:53 - IMNVA202305016BR
20/07/2023 11:28:41 - IMNVA202306021BR
20/07/2023 11:29:31 - IMNVA202306022BR
20/07/2023 11:30:23 - IMNVA202306023BR
20/07/2023 11:31:14 - IMNVA202306024BR
20/07/2023 11:32:04 - IMNVA202306040BR
20/07/2023 11:32:52 - IMSLA202306004BR
20/07/2023 11:33:42 - IMSOL202212078BR
20/07/2023 11:34:34 - IMSLA202306016BR
20/07/2023 11:35:23 - IMLAN202305043BR
20/07/2023 11:36:20 - IMSLA202306017BR
20/07/2023 11:37:11 - IMSLA202306019BR
20/07/2023 11:37:59 - IMSLA202306023BR
20/07/2023 11:38:48 - IMSOL202211111BR
20/07/2023 11:39:42 - IMSOL202302005BR
20/07/2023 11:40:33 - IMSOL202304006BR
20/07/2023 11:41:31 - IMSOL202304041BR
20/07/2023 11:42:20 - IMSOL202304060BR
20/07/2023 11:43:12 - IMSOL202304069BR
20/07/2023 11:44:06 - IMSOL202304073BR
20/07/2023 11:44:59 - IMSOL202305039BR
20/07/2023 11:45:59 - IMSOL202305050BR
20/07/2023 11:46:56 - IMSWB202301049BR
20/07/2023 11:47:46 - IMSWB202302060BR
20/07/2023 11:48:36 - IMSWB202302062BR
20/07/2023 11:49:27 - IMSWB202303021BR
20/07/2023 11:50:18 - IMSWB202304032BR
20/07/2023 11:51:19 - IMSWB202304053BR
20/07/2023 11:52:14 - IMSWB202305037BR
20/07/2023 11:53:18 - IMSOL202212051BR
20/07/2023 11:54:11 - IMSWB202302063BR
20/07/2023 11:54:56 - IMSOL202210168BR
20/07/2023 11:55:47 - IMSOL202306014BR
20/07/2023 11:56:33 - IMSWB202307051BR
20/07/2023 11:57:19 - IMBAS202306001BR
20/07/2023 11:57:52 - IMOXT202301018BR
20/07/2023 11:58:46 - IMSLA202210020BR
20/07/2023 11:59:36 - IMSOL202307132BR
20/07/2023 12:00:20 - EMCSR202307033BR
20/07/2023 12:00:59 - IMSOL202301011BR
20/07/2023 12:01:52 - IMCTV202304060BR
20/07/2023 12:02:39 - EMSAM202307064BR
20/07/2023 12:03:22 - IMLAN202303027BR
20/07/2023 12:04:16 - IMSWB202307055BR
20/07/2023 12:05:00 - IMSLA202210021BR
20/07/2023 12:05:48 - EMGYR202307004BR
20/07/2023 12:06:24 - IMCTV202304061BR
20/07/2023 12:07:14 - EMOXT202307043BR
20/07/2023 12:07:56 - EMOXT202307047BR
20/07/2023 12:08:39 - EMOXT202307049BR
20/07/2023 12:09:23 - IMSOL202306056BR
20/07/2023 12:10:12 - EMPSP202306002BR
20/07/2023 12:10:49 - IMSOL202212059BR
20/07/2023 12:11:42 - IMCTV202305122BR
20/07/2023 12:12:31 - IMSOL202301012BR
20/07/2023 12:13:27 - IMSLA202307005BR
20/07/2023 12:14:18 - IMSOL202307133BR
