EMATL202306028BR	BDPBRSAO_20230718151506000002_01.xml	18/07/2023 15:15:33
18/07/2023 15:15:34 - Inserir Historico EMATL202306028BR
18/07/2023 15:15:35 - Insert with success EMATL202306028BR
EMOXT202306125BR	BDPBRSAO_20230718151537000003_01.xml	18/07/2023 15:16:20
18/07/2023 15:16:20 - Inserir Historico EMOXT202306125BR
18/07/2023 15:16:22 - Insert with success EMOXT202306125BR
IMSOL202306076BR	BDPBRSAO_20230718151624000004_01.xml	18/07/2023 15:17:13
18/07/2023 15:17:13 - Inserir Historico IMSOL202306076BR
18/07/2023 15:17:15 - Insert with success IMSOL202306076BR
IMSOL202306077BR	BDPBRSAO_20230718151718000005_01.xml	18/07/2023 15:18:02
18/07/2023 15:18:02 - Inserir Historico IMSOL202306077BR
18/07/2023 15:18:03 - Insert with success IMSOL202306077BR
IMSOL202306047BR	BDPBRSAO_20230718151806000006_01.xml	18/07/2023 15:18:52
18/07/2023 15:18:53 - Inserir Historico IMSOL202306047BR
18/07/2023 15:18:54 - Insert with success IMSOL202306047BR
IMTAM202307017BR	BDPBRSAO_20230718151856000007_01.xml	18/07/2023 15:19:37
18/07/2023 15:19:37 - Inserir Historico IMTAM202307017BR
18/07/2023 15:19:38 - Insert with success IMTAM202307017BR
IMSWB202304149BR	BDPBRSAO_20230718151941000008_01.xml	18/07/2023 15:20:24
18/07/2023 15:20:24 - Inserir Historico IMSWB202304149BR
18/07/2023 15:20:26 - Insert with success IMSWB202304149BR
EMOXT202307002BR	BDPBRSAO_20230718152028000009_01.xml	18/07/2023 15:21:10
18/07/2023 15:21:10 - Inserir Historico EMOXT202307002BR
18/07/2023 15:21:12 - Insert with success EMOXT202307002BR
IMEXO202306021BR	BDPBRSAO_20230718152115000010_01.xml	18/07/2023 15:22:12
18/07/2023 15:22:12 - Inserir Historico IMEXO202306021BR
18/07/2023 15:22:13 - Insert with success IMEXO202306021BR
IMSOL202306078BR	BDPBRSAO_20230718152215000011_01.xml	18/07/2023 15:22:59
18/07/2023 15:22:59 - Inserir Historico IMSOL202306078BR
18/07/2023 15:23:01 - Insert with success IMSOL202306078BR
IMNVA202306029BR	BDPBRSAO_20230718152303000012_01.xml	18/07/2023 15:23:46
18/07/2023 15:23:46 - Inserir Historico IMNVA202306029BR
18/07/2023 15:23:48 - Insert with success IMNVA202306029BR
EMLAN202307004BR	BDPBRSAO_20230718152350000013_01.xml	18/07/2023 15:24:33
18/07/2023 15:24:33 - Inserir Historico EMLAN202307004BR
18/07/2023 15:24:34 - Insert with success EMLAN202307004BR
EMLAN202307005BR	BDPBRSAO_20230718152436000014_01.xml	18/07/2023 15:25:19
18/07/2023 15:25:19 - Inserir Historico EMLAN202307005BR
18/07/2023 15:25:21 - Insert with success EMLAN202307005BR
