EMCSR202103140BR	BDPBRSAO_20210405104632000002_01.xml	05/04/2021 10:47:14
05/04/2021 10:47:14 - Inserir Historico EMCSR202103140BR
05/04/2021 10:47:14 - Insert with success EMCSR202103140BR
EMCSR202103146BR	BDPBRSAO_20210405104717000003_01.xml	05/04/2021 10:47:56
05/04/2021 10:47:57 - Inserir Historico EMCSR202103146BR
05/04/2021 10:47:57 - Insert with success EMCSR202103146BR
EMCSR202103150BR	BDPBRSAO_20210405104800000004_01.xml	05/04/2021 10:48:33
05/04/2021 10:48:33 - Inserir Historico EMCSR202103150BR
05/04/2021 10:48:33 - Insert with success EMCSR202103150BR
EMCSR202103151BR	BDPBRSAO_20210405104836000005_01.xml	05/04/2021 10:50:08
05/04/2021 10:50:09 - Inserir Historico EMCSR202103151BR
05/04/2021 10:50:11 - Insert with success EMCSR202103151BR
EMCSR202103152BR	BDPBRSAO_20210405105014000006_01.xml	05/04/2021 10:51:46
05/04/2021 10:51:46 - Inserir Historico EMCSR202103152BR
05/04/2021 10:51:47 - Insert with success EMCSR202103152BR
EMCSR202103159BR	BDPBRSAO_20210405105149000007_01.xml	05/04/2021 10:53:19
05/04/2021 10:53:19 - Inserir Historico EMCSR202103159BR
05/04/2021 10:53:20 - Insert with success EMCSR202103159BR
EMCSR202103160BR	BDPBRSAO_20210405105323000008_01.xml	05/04/2021 10:53:55
05/04/2021 10:53:55 - Inserir Historico EMCSR202103160BR
05/04/2021 10:53:56 - Insert with success EMCSR202103160BR
EMCSR202104001BR	BDPBRSAO_20210405105358000009_01.xml	05/04/2021 10:54:30
05/04/2021 10:54:30 - Inserir Historico EMCSR202104001BR
05/04/2021 10:54:31 - Insert with success EMCSR202104001BR
EMCSR202104002BR	BDPBRSAO_20210405105433000010_01.xml	05/04/2021 10:55:05
05/04/2021 10:55:05 - Inserir Historico EMCSR202104002BR
05/04/2021 10:55:06 - Insert with success EMCSR202104002BR
EMCSR202104003BR	BDPBRSAO_20210405105508000011_01.xml	05/04/2021 10:55:52
05/04/2021 10:55:52 - Inserir Historico EMCSR202104003BR
05/04/2021 10:55:52 - Insert with success EMCSR202104003BR
EMCSR202104004BR	BDPBRSAO_20210405105555000012_01.xml	05/04/2021 10:56:27
05/04/2021 10:56:27 - Inserir Historico EMCSR202104004BR
05/04/2021 10:56:27 - Insert with success EMCSR202104004BR
EMCSR202104005BR	BDPBRSAO_20210405105630000013_01.xml	05/04/2021 10:57:02
05/04/2021 10:57:02 - Inserir Historico EMCSR202104005BR
05/04/2021 10:57:03 - Insert with success EMCSR202104005BR
EMCSR202104007BR	BDPBRSAO_20210405105705000014_01.xml	05/04/2021 10:57:37
05/04/2021 10:57:38 - Inserir Historico EMCSR202104007BR
05/04/2021 10:57:39 - Insert with success EMCSR202104007BR
EMCSR202104008BR	BDPBRSAO_20210405105741000015_01.xml	05/04/2021 10:58:12
05/04/2021 10:58:12 - Inserir Historico EMCSR202104008BR
05/04/2021 10:58:13 - Insert with success EMCSR202104008BR
EMCSR202104010BR	BDPBRSAO_20210405105815000016_01.xml	05/04/2021 10:58:47
05/04/2021 10:58:47 - Inserir Historico EMCSR202104010BR
05/04/2021 10:58:48 - Insert with success EMCSR202104010BR
EMCSR202104011BR	BDPBRSAO_20210405105851000017_01.xml	05/04/2021 10:59:22
05/04/2021 10:59:22 - Inserir Historico EMCSR202104011BR
05/04/2021 10:59:23 - Insert with success EMCSR202104011BR
EMCSR202104013BR	BDPBRSAO_20210405105926000018_01.xml	05/04/2021 10:59:57
05/04/2021 10:59:58 - Inserir Historico EMCSR202104013BR
05/04/2021 10:59:58 - Insert with success EMCSR202104013BR
EMCSR202104014BR	BDPBRSAO_20210405110001000019_01.xml	05/04/2021 11:00:34
05/04/2021 11:00:34 - Inserir Historico EMCSR202104014BR
05/04/2021 11:00:35 - Insert with success EMCSR202104014BR
EMCSR202104015BR	BDPBRSAO_20210405110038000020_01.xml	05/04/2021 11:01:12
05/04/2021 11:01:12 - Inserir Historico EMCSR202104015BR
05/04/2021 11:01:13 - Insert with success EMCSR202104015BR
EMCSR202104016BR	BDPBRSAO_20210405110115000021_01.xml	05/04/2021 11:01:48
05/04/2021 11:01:48 - Inserir Historico EMCSR202104016BR
05/04/2021 11:01:51 - Insert with success EMCSR202104016BR
EMCSR202104017BR	BDPBRSAO_20210405110153000022_01.xml	05/04/2021 11:02:27
05/04/2021 11:02:27 - Inserir Historico EMCSR202104017BR
05/04/2021 11:02:28 - Insert with success EMCSR202104017BR
EMCSR202104018BR	BDPBRSAO_20210405110231000023_01.xml	05/04/2021 11:03:04
05/04/2021 11:03:04 - Inserir Historico EMCSR202104018BR
05/04/2021 11:03:05 - Insert with success EMCSR202104018BR
EMCSR202104019BR	BDPBRSAO_20210405110307000024_01.xml	05/04/2021 11:03:39
05/04/2021 11:03:39 - Inserir Historico EMCSR202104019BR
05/04/2021 11:03:40 - Insert with success EMCSR202104019BR
EMCSR202104021BR	BDPBRSAO_20210405110343000025_01.xml	05/04/2021 11:04:16
05/04/2021 11:04:16 - Inserir Historico EMCSR202104021BR
05/04/2021 11:04:17 - Insert with success EMCSR202104021BR
EMCSR202104022BR	BDPBRSAO_20210405110420000026_01.xml	05/04/2021 11:04:53
05/04/2021 11:04:53 - Inserir Historico EMCSR202104022BR
05/04/2021 11:04:53 - Insert with success EMCSR202104022BR
EOCSR202103028BR	BDPBRSAO_20210405110455000027_01.xml	05/04/2021 11:05:26
05/04/2021 11:05:26 - Inserir Historico EOCSR202103028BR
05/04/2021 11:05:27 - Insert with success EOCSR202103028BR
EOCSR202103029BR	BDPBRSAO_20210405110529000028_01.xml	05/04/2021 11:06:01
05/04/2021 11:06:01 - Inserir Historico EOCSR202103029BR
05/04/2021 11:06:02 - Insert with success EOCSR202103029BR
EOCSR202103030BR	BDPBRSAO_20210405110605000029_01.xml	05/04/2021 11:06:36
05/04/2021 11:06:36 - Inserir Historico EOCSR202103030BR
05/04/2021 11:06:37 - Insert with success EOCSR202103030BR
EOCSR202104001BR	BDPBRSAO_20210405110639000030_01.xml	05/04/2021 11:07:09
05/04/2021 11:07:09 - Inserir Historico EOCSR202104001BR
05/04/2021 11:07:10 - Insert with success EOCSR202104001BR
EONBS202103003BR	BDPBRSAO_20210405110712000031_01.xml	05/04/2021 11:07:50
05/04/2021 11:07:51 - Inserir Historico EONBS202103003BR
05/04/2021 11:07:51 - Insert with success EONBS202103003BR
EMARG202103078AR	BDPARBUE_20210405110906000002_01.xml	05/04/2021 11:11:17
05/04/2021 11:11:17 - Inserir Historico EMARG202103078AR
05/04/2021 11:11:17 - Insert with success EMARG202103078AR
EMARG202103079AR	BDPARBUE_20210405111121000003_01.xml	05/04/2021 11:13:57
05/04/2021 11:13:57 - Inserir Historico EMARG202103079AR
05/04/2021 11:13:57 - Insert with success EMARG202103079AR
EMARG202103080AR	BDPARBUE_20210405111401000004_01.xml	05/04/2021 11:15:51
05/04/2021 11:15:51 - Inserir Historico EMARG202103080AR
05/04/2021 11:15:52 - Insert with success EMARG202103080AR
EMARG202103081AR	BDPARBUE_20210405111556000005_01.xml	05/04/2021 11:17:09
05/04/2021 11:17:09 - Inserir Historico EMARG202103081AR
05/04/2021 11:17:09 - Insert with success EMARG202103081AR
EMARG202103082AR	BDPARBUE_20210405111713000006_01.xml	05/04/2021 11:18:25
05/04/2021 11:18:25 - Inserir Historico EMARG202103082AR
05/04/2021 11:18:26 - Insert with success EMARG202103082AR
EMARG202103083AR	BDPARBUE_20210405111830000007_01.xml	05/04/2021 11:20:05
05/04/2021 11:20:05 - Inserir Historico EMARG202103083AR
05/04/2021 11:20:05 - Insert with success EMARG202103083AR
EMARG202103084AR	BDPARBUE_20210405112009000008_01.xml	05/04/2021 11:21:21
05/04/2021 11:21:21 - Inserir Historico EMARG202103084AR
05/04/2021 11:21:22 - Insert with success EMARG202103084AR
EMARG202103085AR	BDPARBUE_20210405112126000009_01.xml	05/04/2021 11:22:39
05/04/2021 11:22:39 - Inserir Historico EMARG202103085AR
05/04/2021 11:22:39 - Insert with success EMARG202103085AR
EMARG202103086AR	BDPARBUE_20210405112243000010_01.xml	05/04/2021 11:24:00
05/04/2021 11:24:00 - Inserir Historico EMARG202103086AR
05/04/2021 11:24:00 - Insert with success EMARG202103086AR
EMARG202103087AR	BDPARBUE_20210405112404000011_01.xml	05/04/2021 11:25:29
05/04/2021 11:25:29 - Inserir Historico EMARG202103087AR
05/04/2021 11:25:30 - Insert with success EMARG202103087AR
EMARG202103088AR	BDPARBUE_20210405112533000012_01.xml	05/04/2021 11:27:03
05/04/2021 11:27:03 - Inserir Historico EMARG202103088AR
05/04/2021 11:27:04 - Insert with success EMARG202103088AR
EMARG202103089AR	BDPARBUE_20210405112707000013_01.xml	05/04/2021 11:29:13
05/04/2021 11:29:13 - Inserir Historico EMARG202103089AR
05/04/2021 11:29:13 - Insert with success EMARG202103089AR
EMARG202103090AR	BDPARBUE_20210405112917000014_01.xml	05/04/2021 11:31:18
05/04/2021 11:31:18 - Inserir Historico EMARG202103090AR
05/04/2021 11:31:18 - Insert with success EMARG202103090AR
EMARG202103091AR	BDPARBUE_20210405113122000015_01.xml	05/04/2021 11:32:59
05/04/2021 11:33:06 - Inserir Historico EMARG202103091AR
05/04/2021 11:33:07 - Insert with success EMARG202103091AR
EMARG202103092AR	BDPARBUE_20210405113311000016_01.xml	05/04/2021 11:34:51
05/04/2021 11:34:52 - Inserir Historico EMARG202103092AR
05/04/2021 11:34:52 - Insert with success EMARG202103092AR
EMARG202103093AR	BDPARBUE_20210405113456000017_01.xml	05/04/2021 11:36:51
05/04/2021 11:36:51 - Inserir Historico EMARG202103093AR
05/04/2021 11:36:52 - Insert with success EMARG202103093AR
EMARG202103094AR	BDPARBUE_20210405113656000018_01.xml	05/04/2021 11:38:07
05/04/2021 11:38:07 - Inserir Historico EMARG202103094AR
05/04/2021 11:38:08 - Insert with success EMARG202103094AR
EMARG202103095AR	BDPARBUE_20210405113811000019_01.xml	05/04/2021 11:39:23
05/04/2021 11:39:23 - Inserir Historico EMARG202103095AR
05/04/2021 11:39:24 - Insert with success EMARG202103095AR
EMARG202103096AR	BDPARBUE_20210405113928000020_01.xml	05/04/2021 11:40:52
05/04/2021 11:40:52 - Inserir Historico EMARG202103096AR
05/04/2021 11:40:52 - Insert with success EMARG202103096AR
EMARG202103097AR	BDPARBUE_20210405114056000021_01.xml	05/04/2021 11:42:08
05/04/2021 11:42:08 - Inserir Historico EMARG202103097AR
05/04/2021 11:42:08 - Insert with success EMARG202103097AR
EMARG202103098AR	BDPARBUE_20210405114212000022_01.xml	05/04/2021 11:43:25
05/04/2021 11:43:25 - Inserir Historico EMARG202103098AR
05/04/2021 11:43:25 - Insert with success EMARG202103098AR
EMARG202103099AR	BDPARBUE_20210405114329000023_01.xml	05/04/2021 11:44:45
05/04/2021 11:44:45 - Inserir Historico EMARG202103099AR
05/04/2021 11:44:45 - Insert with success EMARG202103099AR
EMARG202103100AR	BDPARBUE_20210405114449000024_01.xml	05/04/2021 11:45:59
05/04/2021 11:45:59 - Inserir Historico EMARG202103100AR
05/04/2021 11:45:59 - Insert with success EMARG202103100AR
EMARG202103101AR	BDPARBUE_20210405114603000025_01.xml	05/04/2021 11:47:15
05/04/2021 11:47:15 - Inserir Historico EMARG202103101AR
05/04/2021 11:47:15 - Insert with success EMARG202103101AR
EMARG202103102AR	BDPARBUE_20210405114719000026_01.xml	05/04/2021 11:48:35
05/04/2021 11:48:35 - Inserir Historico EMARG202103102AR
05/04/2021 11:48:35 - Insert with success EMARG202103102AR
EMARG202103103AR	BDPARBUE_20210405114839000027_01.xml	05/04/2021 11:49:48
05/04/2021 11:49:50 - Inserir Historico EMARG202103103AR
05/04/2021 11:49:50 - Insert with success EMARG202103103AR
EMARG202103104AR	BDPARBUE_20210405114954000028_01.xml	05/04/2021 11:51:05
05/04/2021 11:51:05 - Inserir Historico EMARG202103104AR
05/04/2021 11:51:05 - Insert with success EMARG202103104AR
EMARG202103105AR	BDPARBUE_20210405115109000029_01.xml	05/04/2021 11:52:19
05/04/2021 11:52:19 - Inserir Historico EMARG202103105AR
05/04/2021 11:52:20 - Insert with success EMARG202103105AR
EMARG202103106AR	BDPARBUE_20210405115223000030_01.xml	05/04/2021 11:53:38
05/04/2021 11:53:38 - Inserir Historico EMARG202103106AR
05/04/2021 11:53:38 - Insert with success EMARG202103106AR
EMARG202103107AR	BDPARBUE_20210405115342000031_01.xml	05/04/2021 11:54:57
05/04/2021 11:54:57 - Inserir Historico EMARG202103107AR
05/04/2021 11:54:58 - Insert with success EMARG202103107AR
EMARG202103108AR	BDPARBUE_20210405115502000032_01.xml	05/04/2021 11:56:12
05/04/2021 11:56:12 - Inserir Historico EMARG202103108AR
05/04/2021 11:56:13 - Insert with success EMARG202103108AR
EMARG202103109AR	BDPARBUE_20210405115617000033_01.xml	05/04/2021 11:57:26
05/04/2021 11:57:26 - Inserir Historico EMARG202103109AR
05/04/2021 11:57:26 - Insert with success EMARG202103109AR
EMARG202103110AR	BDPARBUE_20210405115730000034_01.xml	05/04/2021 11:58:45
05/04/2021 11:58:45 - Inserir Historico EMARG202103110AR
05/04/2021 11:58:46 - Insert with success EMARG202103110AR
EMARG202103111AR	BDPARBUE_20210405115849000035_01.xml	05/04/2021 12:00:12
05/04/2021 12:00:12 - Inserir Historico EMARG202103111AR
05/04/2021 12:00:12 - Insert with success EMARG202103111AR
EMARG202103112AR	BDPARBUE_20210405120016000036_01.xml	05/04/2021 12:01:27
05/04/2021 12:01:27 - Inserir Historico EMARG202103112AR
05/04/2021 12:01:27 - Insert with success EMARG202103112AR
EMARG202103113AR	BDPARBUE_20210405120131000037_01.xml	05/04/2021 12:02:42
05/04/2021 12:02:42 - Inserir Historico EMARG202103113AR
05/04/2021 12:02:43 - Insert with success EMARG202103113AR
EMARG202103114AR	BDPARBUE_20210405120247000038_01.xml	05/04/2021 12:03:59
05/04/2021 12:03:59 - Inserir Historico EMARG202103114AR
05/04/2021 12:03:59 - Insert with success EMARG202103114AR
EMARG202103115AR	BDPARBUE_20210405120403000039_01.xml	05/04/2021 12:05:14
05/04/2021 12:05:15 - Inserir Historico EMARG202103115AR
05/04/2021 12:05:15 - Insert with success EMARG202103115AR
EMARG202103116AR	BDPARBUE_20210405120519000040_01.xml	05/04/2021 12:06:33
05/04/2021 12:06:33 - Inserir Historico EMARG202103116AR
05/04/2021 12:06:33 - Insert with success EMARG202103116AR
EMARG202103117AR	BDPARBUE_20210405120637000041_01.xml	05/04/2021 12:07:48
05/04/2021 12:07:48 - Inserir Historico EMARG202103117AR
05/04/2021 12:07:48 - Insert with success EMARG202103117AR
EMARG202103118AR	BDPARBUE_20210405120752000042_01.xml	05/04/2021 12:09:03
05/04/2021 12:09:03 - Inserir Historico EMARG202103118AR
05/04/2021 12:09:04 - Insert with success EMARG202103118AR
EMARG202103119AR	BDPARBUE_20210405120908000043_01.xml	05/04/2021 12:10:19
05/04/2021 12:10:19 - Inserir Historico EMARG202103119AR
05/04/2021 12:10:20 - Insert with success EMARG202103119AR
EMARG202103120AR	BDPARBUE_20210405121023000044_01.xml	05/04/2021 12:11:33
05/04/2021 12:11:35 - Inserir Historico EMARG202103120AR
05/04/2021 12:11:35 - Insert with success EMARG202103120AR
EMARG202103121AR	BDPARBUE_20210405121139000045_01.xml	05/04/2021 12:12:49
05/04/2021 12:12:49 - Inserir Historico EMARG202103121AR
05/04/2021 12:12:49 - Insert with success EMARG202103121AR
EMARG202103122AR	BDPARBUE_20210405121253000046_01.xml	05/04/2021 12:14:03
05/04/2021 12:14:03 - Inserir Historico EMARG202103122AR
05/04/2021 12:14:03 - Insert with success EMARG202103122AR
EMARG202103123AR	BDPARBUE_20210405121407000047_01.xml	05/04/2021 12:15:19
05/04/2021 12:15:19 - Inserir Historico EMARG202103123AR
05/04/2021 12:15:20 - Insert with success EMARG202103123AR
EMARG202103124AR	BDPARBUE_20210405121523000048_01.xml	05/04/2021 12:16:35
05/04/2021 12:16:35 - Inserir Historico EMARG202103124AR
05/04/2021 12:16:35 - Insert with success EMARG202103124AR
EMARG202103125AR	BDPARBUE_20210405121639000049_01.xml	05/04/2021 12:17:49
05/04/2021 12:17:51 - Inserir Historico EMARG202103125AR
05/04/2021 12:17:51 - Insert with success EMARG202103125AR
EMARG202103126AR	BDPARBUE_20210405121755000050_01.xml	05/04/2021 12:19:10
05/04/2021 12:19:10 - Inserir Historico EMARG202103126AR
05/04/2021 12:19:10 - Insert with success EMARG202103126AR
EMARG202103127AR	BDPARBUE_20210405121914000051_01.xml	05/04/2021 12:20:23
05/04/2021 12:20:23 - Inserir Historico EMARG202103127AR
05/04/2021 12:20:24 - Insert with success EMARG202103127AR
EMARG202103128AR	BDPARBUE_20210405122028000052_01.xml	05/04/2021 12:21:39
05/04/2021 12:21:39 - Inserir Historico EMARG202103128AR
05/04/2021 12:21:39 - Insert with success EMARG202103128AR
EMARG202103129AR	BDPARBUE_20210405122143000053_01.xml	05/04/2021 12:22:57
05/04/2021 12:22:57 - Inserir Historico EMARG202103129AR
05/04/2021 12:22:57 - Insert with success EMARG202103129AR
EMARG202103130AR	BDPARBUE_20210405122301000054_01.xml	05/04/2021 12:24:11
05/04/2021 12:24:13 - Inserir Historico EMARG202103130AR
05/04/2021 12:24:13 - Insert with success EMARG202103130AR
EMARG202103131AR	BDPARBUE_20210405122417000055_01.xml	05/04/2021 12:25:26
05/04/2021 12:25:26 - Inserir Historico EMARG202103131AR
05/04/2021 12:25:27 - Insert with success EMARG202103131AR
EMARG202103132AR	BDPARBUE_20210405122531000056_01.xml	05/04/2021 12:26:41
05/04/2021 12:26:41 - Inserir Historico EMARG202103132AR
05/04/2021 12:26:42 - Insert with success EMARG202103132AR
EMARG202103133AR	BDPARBUE_20210405122646000057_01.xml	05/04/2021 12:27:56
05/04/2021 12:27:56 - Inserir Historico EMARG202103133AR
05/04/2021 12:27:56 - Insert with success EMARG202103133AR
EMARG202103134AR	BDPARBUE_20210405122800000058_01.xml	05/04/2021 12:29:11
05/04/2021 12:29:11 - Inserir Historico EMARG202103134AR
05/04/2021 12:29:11 - Insert with success EMARG202103134AR
EMARG202103135AR	BDPARBUE_20210405122916000059_01.xml	05/04/2021 12:30:27
05/04/2021 12:30:29 - Inserir Historico EMARG202103135AR
05/04/2021 12:30:29 - Insert with success EMARG202103135AR
EMARG202103136AR	BDPARBUE_20210405123033000060_01.xml	05/04/2021 12:31:45
05/04/2021 12:31:45 - Inserir Historico EMARG202103136AR
05/04/2021 12:31:46 - Insert with success EMARG202103136AR
EOARG202103174AR	BDPARBUE_20210405123150000061_01.xml	05/04/2021 12:33:06
05/04/2021 12:33:06 - Inserir Historico EOARG202103174AR
05/04/2021 12:33:06 - Insert with success EOARG202103174AR
EOARG202103203AR	BDPARBUE_20210405123310000062_01.xml	05/04/2021 12:34:20
05/04/2021 12:34:20 - Inserir Historico EOARG202103203AR
05/04/2021 12:34:21 - Insert with success EOARG202103203AR
EOARG202103208AR	BDPARBUE_20210405123425000063_01.xml	05/04/2021 12:35:33
05/04/2021 12:35:33 - Inserir Historico EOARG202103208AR
05/04/2021 12:35:33 - Insert with success EOARG202103208AR
EOARG202103209AR	BDPARBUE_20210405123537000064_01.xml	05/04/2021 12:36:44
05/04/2021 12:36:46 - Inserir Historico EOARG202103209AR
05/04/2021 12:36:46 - Insert with success EOARG202103209AR
EOARG202103210AR	BDPARBUE_20210405123650000065_01.xml	05/04/2021 12:37:58
05/04/2021 12:37:58 - Inserir Historico EOARG202103210AR
05/04/2021 12:37:58 - Insert with success EOARG202103210AR
EOARG202103211AR	BDPARBUE_20210405123802000066_01.xml	05/04/2021 12:39:18
05/04/2021 12:39:18 - Inserir Historico EOARG202103211AR
05/04/2021 12:39:19 - Insert with success EOARG202103211AR
EOARG202103212AR	BDPARBUE_20210405123922000067_01.xml	05/04/2021 12:40:29
05/04/2021 12:40:29 - Inserir Historico EOARG202103212AR
05/04/2021 12:40:29 - Insert with success EOARG202103212AR
EOARG202103213AR	BDPARBUE_20210405124033000068_01.xml	05/04/2021 12:41:50
05/04/2021 12:41:50 - Inserir Historico EOARG202103213AR
05/04/2021 12:41:50 - Insert with success EOARG202103213AR
EOARG202103214AR	BDPARBUE_20210405124154000069_01.xml	05/04/2021 12:43:15
05/04/2021 12:43:15 - Inserir Historico EOARG202103214AR
05/04/2021 12:43:16 - Insert with success EOARG202103214AR
EOARG202103215AR	BDPARBUE_20210405124320000070_01.xml	05/04/2021 12:44:29
05/04/2021 12:44:29 - Inserir Historico EOARG202103215AR
05/04/2021 12:44:30 - Insert with success EOARG202103215AR
EOARG202103216AR	BDPARBUE_20210405124433000071_01.xml	05/04/2021 12:45:40
05/04/2021 12:45:41 - Inserir Historico EOARG202103216AR
05/04/2021 12:45:41 - Insert with success EOARG202103216AR
EOARG202103219AR	BDPARBUE_20210405124545000072_01.xml	05/04/2021 12:46:52
05/04/2021 12:46:52 - Inserir Historico EOARG202103219AR
05/04/2021 12:46:52 - Insert with success EOARG202103219AR
EOARG202103220AR	BDPARBUE_20210405124656000073_01.xml	05/04/2021 12:48:05
05/04/2021 12:48:05 - Inserir Historico EOARG202103220AR
05/04/2021 12:48:05 - Insert with success EOARG202103220AR
EOARG202103222AR	BDPARBUE_20210405124809000074_01.xml	05/04/2021 12:49:16
05/04/2021 12:49:16 - Inserir Historico EOARG202103222AR
05/04/2021 12:49:16 - Insert with success EOARG202103222AR
EOARG202103226AR	BDPARBUE_20210405124920000075_01.xml	05/04/2021 12:50:39
05/04/2021 12:50:39 - Inserir Historico EOARG202103226AR
05/04/2021 12:50:40 - Insert with success EOARG202103226AR
EOARG202103227AR	BDPARBUE_20210405125044000076_01.xml	05/04/2021 12:52:03
05/04/2021 12:52:03 - Inserir Historico EOARG202103227AR
05/04/2021 12:52:04 - Insert with success EOARG202103227AR
EOARG202103230AR	BDPARBUE_20210405125208000077_01.xml	05/04/2021 12:53:18
05/04/2021 12:53:18 - Inserir Historico EOARG202103230AR
05/04/2021 12:53:18 - Insert with success EOARG202103230AR
EOARG202103231AR	BDPARBUE_20210405125322000078_01.xml	05/04/2021 12:54:29
05/04/2021 12:54:29 - Inserir Historico EOARG202103231AR
05/04/2021 12:54:30 - Insert with success EOARG202103231AR
EOARG202103232AR	BDPARBUE_20210405125434000079_01.xml	05/04/2021 12:55:40
05/04/2021 12:55:41 - Inserir Historico EOARG202103232AR
05/04/2021 12:55:42 - Insert with success EOARG202103232AR
EOARG202103233AR	BDPARBUE_20210405125546000080_01.xml	05/04/2021 12:57:03
05/04/2021 12:57:03 - Inserir Historico EOARG202103233AR
05/04/2021 12:57:03 - Insert with success EOARG202103233AR
EOARG202103234AR	BDPARBUE_20210405125707000081_01.xml	05/04/2021 12:58:13
05/04/2021 12:58:13 - Inserir Historico EOARG202103234AR
05/04/2021 12:58:13 - Insert with success EOARG202103234AR
EOARG202103237AR	BDPARBUE_20210405125817000082_01.xml	05/04/2021 12:59:25
05/04/2021 12:59:25 - Inserir Historico EOARG202103237AR
05/04/2021 12:59:25 - Insert with success EOARG202103237AR
EOARG202103238AR	BDPARBUE_20210405125929000083_01.xml	05/04/2021 13:00:38
05/04/2021 13:00:38 - Inserir Historico EOARG202103238AR
05/04/2021 13:00:38 - Insert with success EOARG202103238AR
EOARG202103239AR	BDPARBUE_20210405130042000084_01.xml	05/04/2021 13:01:57
05/04/2021 13:01:57 - Inserir Historico EOARG202103239AR
05/04/2021 13:01:58 - Insert with success EOARG202103239AR
EOARG202103240AR	BDPARBUE_20210405130201000085_01.xml	05/04/2021 13:03:15
05/04/2021 13:03:15 - Inserir Historico EOARG202103240AR
05/04/2021 13:03:15 - Insert with success EOARG202103240AR
EOARG202103241AR	BDPARBUE_20210405130319000086_01.xml	05/04/2021 13:04:33
05/04/2021 13:04:33 - Inserir Historico EOARG202103241AR
05/04/2021 13:04:33 - Insert with success EOARG202103241AR
EOARG202103242AR	BDPARBUE_20210405130437000087_01.xml	05/04/2021 13:05:48
05/04/2021 13:05:49 - Inserir Historico EOARG202103242AR
05/04/2021 13:05:49 - Insert with success EOARG202103242AR
