IMBCB202306034BR	BDPBRSAO_20230720103519000002_01.xml	20/07/2023 10:36:06
20/07/2023 10:36:07 - Inserir Historico IMBCB202306034BR
20/07/2023 10:36:10 - Insert with success IMBCB202306034BR
IMBCB202306049BR	BDPBRSAO_20230720103613000003_01.xml	20/07/2023 10:36:58
20/07/2023 10:36:58 - Inserir Historico IMBCB202306049BR
20/07/2023 10:37:00 - Insert with success IMBCB202306049BR
IMCBT202305010BR	BDPBRSAO_20230720103702000004_01.xml	20/07/2023 10:37:47
20/07/2023 10:37:47 - Inserir Historico IMCBT202305010BR
20/07/2023 10:37:48 - Insert with success IMCBT202305010BR
EMCSR202306100BR	BDPBRSAO_20230720103750000005_01.xml	20/07/2023 10:38:27
20/07/2023 10:38:27 - Inserir Historico EMCSR202306100BR
20/07/2023 10:38:29 - Insert with success EMCSR202306100BR
EMCSR202306104BR	BDPBRSAO_20230720103831000006_01.xml	20/07/2023 10:39:07
20/07/2023 10:39:07 - Inserir Historico EMCSR202306104BR
20/07/2023 10:39:08 - Insert with success EMCSR202306104BR
EMCSR202306103BR	BDPBRSAO_20230720103911000007_01.xml	20/07/2023 10:39:46
20/07/2023 10:39:46 - Inserir Historico EMCSR202306103BR
20/07/2023 10:39:47 - Insert with success EMCSR202306103BR
IMCBT202305014BR	BDPBRSAO_20230720103950000008_01.xml	20/07/2023 10:40:46
20/07/2023 10:40:47 - Inserir Historico IMCBT202305014BR
20/07/2023 10:40:48 - Insert with success IMCBT202305014BR
IMCSR202303017BR	BDPBRSAO_20230720104051000009_01.xml	20/07/2023 10:41:41
20/07/2023 10:41:41 - Inserir Historico IMCSR202303017BR
20/07/2023 10:41:43 - Insert with success IMCSR202303017BR
IMSWB202306047BR	BDPBRSAO_20230720104146000010_01.xml	20/07/2023 10:42:30
20/07/2023 10:42:30 - Inserir Historico IMSWB202306047BR
20/07/2023 10:42:32 - Insert with success IMSWB202306047BR
IMCSR202303147BR	BDPBRSAO_20230720104234000011_01.xml	20/07/2023 10:43:36
20/07/2023 10:43:37 - Inserir Historico IMCSR202303147BR
20/07/2023 10:43:41 - Insert with success IMCSR202303147BR
IMCSR202305069BR	BDPBRSAO_20230720104344000012_01.xml	20/07/2023 10:44:32
20/07/2023 10:44:32 - Inserir Historico IMCSR202305069BR
20/07/2023 10:44:34 - Insert with success IMCSR202305069BR
IOCSR202307020BR	BDPBRSAO_20230720104436000013_01.xml	20/07/2023 10:46:21
20/07/2023 10:46:21 - Inserir Historico IOCSR202307020BR
20/07/2023 10:46:23 - Insert with success IOCSR202307020BR
IMCSR202305072BR	BDPBRSAO_20230720104626000014_01.xml	20/07/2023 10:47:14
20/07/2023 10:47:14 - Inserir Historico IMCSR202305072BR
20/07/2023 10:47:16 - Insert with success IMCSR202305072BR
IMCSR202305188BR	BDPBRSAO_20230720104719000015_01.xml	20/07/2023 10:48:04
20/07/2023 10:48:04 - Inserir Historico IMCSR202305188BR
20/07/2023 10:48:05 - Insert with success IMCSR202305188BR
IMCSR202305312BR	BDPBRSAO_20230720104808000016_01.xml	20/07/2023 10:49:00
20/07/2023 10:49:00 - Inserir Historico IMCSR202305312BR
20/07/2023 10:49:02 - Insert with success IMCSR202305312BR
IMCSR202305319BR	BDPBRSAO_20230720104905000017_01.xml	20/07/2023 10:49:52
20/07/2023 10:49:52 - Inserir Historico IMCSR202305319BR
20/07/2023 10:49:53 - Insert with success IMCSR202305319BR
IMCSR202305320BR	BDPBRSAO_20230720104956000018_01.xml	20/07/2023 10:50:44
20/07/2023 10:50:44 - Inserir Historico IMCSR202305320BR
20/07/2023 10:50:45 - Insert with success IMCSR202305320BR
IMCSR202305327BR	BDPBRSAO_20230720105048000019_01.xml	20/07/2023 10:51:38
20/07/2023 10:51:38 - Inserir Historico IMCSR202305327BR
20/07/2023 10:51:39 - Insert with success IMCSR202305327BR
IMCSR202305330BR	BDPBRSAO_20230720105141000020_01.xml	20/07/2023 10:52:27
20/07/2023 10:52:27 - Inserir Historico IMCSR202305330BR
20/07/2023 10:52:29 - Insert with success IMCSR202305330BR
IMCSR202305350BR	BDPBRSAO_20230720105232000021_01.xml	20/07/2023 10:53:19
20/07/2023 10:53:19 - Inserir Historico IMCSR202305350BR
20/07/2023 10:53:21 - Insert with success IMCSR202305350BR
IMCSR202305454BR	BDPBRSAO_20230720105324000022_01.xml	20/07/2023 10:54:14
20/07/2023 10:54:14 - Inserir Historico IMCSR202305454BR
20/07/2023 10:54:16 - Insert with success IMCSR202305454BR
IACSR202307010BR	BDPBRSAO_20230720105419000023_01.xml	20/07/2023 10:54:43
20/07/2023 10:54:43 - Inserir Historico IACSR202307010BR
20/07/2023 10:54:45 - Insert with success IACSR202307010BR
IMCSR202305464BR	BDPBRSAO_20230720105447000024_01.xml	20/07/2023 10:55:35
20/07/2023 10:55:35 - Inserir Historico IMCSR202305464BR
20/07/2023 10:55:36 - Insert with success IMCSR202305464BR
IMCSR202306129BR	BDPBRSAO_20230720105539000025_01.xml	20/07/2023 10:56:24
20/07/2023 10:56:24 - Inserir Historico IMCSR202306129BR
20/07/2023 10:56:26 - Insert with success IMCSR202306129BR
IMCSR202306133BR	BDPBRSAO_20230720105628000026_01.xml	20/07/2023 10:57:25
20/07/2023 10:57:25 - Inserir Historico IMCSR202306133BR
20/07/2023 10:57:26 - Insert with success IMCSR202306133BR
IMCSR202306218BR	BDPBRSAO_20230720105728000027_01.xml	20/07/2023 10:58:15
20/07/2023 10:58:15 - Inserir Historico IMCSR202306218BR
20/07/2023 10:58:18 - Insert with success IMCSR202306218BR
IMCSR202306224BR	BDPBRSAO_20230720105820000028_01.xml	20/07/2023 10:59:08
20/07/2023 10:59:08 - Inserir Historico IMCSR202306224BR
20/07/2023 10:59:09 - Insert with success IMCSR202306224BR
IMCSR202306323BR	BDPBRSAO_20230720105912000029_01.xml	20/07/2023 10:59:58
20/07/2023 10:59:58 - Inserir Historico IMCSR202306323BR
20/07/2023 11:00:00 - Insert with success IMCSR202306323BR
IMCSR202306334BR	BDPBRSAO_20230720110003000030_01.xml	20/07/2023 11:00:47
20/07/2023 11:00:47 - Inserir Historico IMCSR202306334BR
20/07/2023 11:00:49 - Insert with success IMCSR202306334BR
IMCTV202302025BR	BDPBRSAO_20230720110052000031_01.xml	20/07/2023 11:01:38
20/07/2023 11:01:38 - Inserir Historico IMCTV202302025BR
20/07/2023 11:01:40 - Insert with success IMCTV202302025BR
IMCTV202303053BR	BDPBRSAO_20230720110142000032_01.xml	20/07/2023 11:02:27
20/07/2023 11:02:27 - Inserir Historico IMCTV202303053BR
20/07/2023 11:02:29 - Insert with success IMCTV202303053BR
IMCTV202303054BR	BDPBRSAO_20230720110232000033_01.xml	20/07/2023 11:03:16
20/07/2023 11:03:16 - Inserir Historico IMCTV202303054BR
20/07/2023 11:03:18 - Insert with success IMCTV202303054BR
IMCTV202304002BR	BDPBRSAO_20230720110321000034_01.xml	20/07/2023 11:04:10
20/07/2023 11:04:10 - Inserir Historico IMCTV202304002BR
20/07/2023 11:04:11 - Insert with success IMCTV202304002BR
IMCTV202304016BR	BDPBRSAO_20230720110413000035_01.xml	20/07/2023 11:04:58
20/07/2023 11:04:58 - Inserir Historico IMCTV202304016BR
20/07/2023 11:04:59 - Insert with success IMCTV202304016BR
IMTAM202303028BR	BDPBRSAO_20230720110502000036_01.xml	20/07/2023 11:05:48
20/07/2023 11:05:48 - Inserir Historico IMTAM202303028BR
20/07/2023 11:05:51 - Insert with success IMTAM202303028BR
IMCTV202304058BR	BDPBRSAO_20230720110554000037_01.xml	20/07/2023 11:06:39
20/07/2023 11:06:39 - Inserir Historico IMCTV202304058BR
20/07/2023 11:06:42 - Insert with success IMCTV202304058BR
IMCTV202305113BR	BDPBRSAO_20230720110644000038_01.xml	20/07/2023 11:07:29
20/07/2023 11:07:29 - Inserir Historico IMCTV202305113BR
20/07/2023 11:07:30 - Insert with success IMCTV202305113BR
IMCTV202305140BR	BDPBRSAO_20230720110733000039_01.xml	20/07/2023 11:08:17
20/07/2023 11:08:17 - Inserir Historico IMCTV202305140BR
20/07/2023 11:08:19 - Insert with success IMCTV202305140BR
IMCTV202305114BR	BDPBRSAO_20230720110822000040_01.xml	20/07/2023 11:09:07
20/07/2023 11:09:07 - Inserir Historico IMCTV202305114BR
20/07/2023 11:09:08 - Insert with success IMCTV202305114BR
IMCTV202305126BR	BDPBRSAO_20230720110910000041_01.xml	20/07/2023 11:09:56
20/07/2023 11:09:56 - Inserir Historico IMCTV202305126BR
20/07/2023 11:10:00 - Insert with success IMCTV202305126BR
IMCTV202305127BR	BDPBRSAO_20230720111002000042_01.xml	20/07/2023 11:10:47
20/07/2023 11:10:47 - Inserir Historico IMCTV202305127BR
20/07/2023 11:10:50 - Insert with success IMCTV202305127BR
IMCSR202306237BR	BDPBRSAO_20230720111052000043_01.xml	20/07/2023 11:11:38
20/07/2023 11:11:38 - Inserir Historico IMCSR202306237BR
20/07/2023 11:11:40 - Insert with success IMCSR202306237BR
IMCTV202305146BR	BDPBRSAO_20230720111142000044_01.xml	20/07/2023 11:12:31
20/07/2023 11:12:31 - Inserir Historico IMCTV202305146BR
20/07/2023 11:12:33 - Insert with success IMCTV202305146BR
IMEAS202209039BR	BDPBRSAO_20230720111235000045_01.xml	20/07/2023 11:13:21
20/07/2023 11:13:21 - Inserir Historico IMEAS202209039BR
20/07/2023 11:13:22 - Insert with success IMEAS202209039BR
IMEAS202305005BR	BDPBRSAO_20230720111325000046_01.xml	20/07/2023 11:14:09
20/07/2023 11:14:09 - Inserir Historico IMEAS202305005BR
20/07/2023 11:14:11 - Insert with success IMEAS202305005BR
IMEAS202305006BR	BDPBRSAO_20230720111413000047_01.xml	20/07/2023 11:14:59
20/07/2023 11:14:59 - Inserir Historico IMEAS202305006BR
20/07/2023 11:15:00 - Insert with success IMEAS202305006BR
IMEAS202305007BR	BDPBRSAO_20230720111503000048_01.xml	20/07/2023 11:15:48
20/07/2023 11:15:48 - Inserir Historico IMEAS202305007BR
20/07/2023 11:15:49 - Insert with success IMEAS202305007BR
IMEXO202304040BR	BDPBRSAO_20230720111552000049_01.xml	20/07/2023 11:16:34
20/07/2023 11:16:34 - Inserir Historico IMEXO202304040BR
20/07/2023 11:16:36 - Insert with success IMEXO202304040BR
IMIFB202304023BR	BDPBRSAO_20230720111639000050_01.xml	20/07/2023 11:17:33
20/07/2023 11:17:33 - Inserir Historico IMIFB202304023BR
20/07/2023 11:17:34 - Insert with success IMIFB202304023BR
IMIFB202305011BR	BDPBRSAO_20230720111736000051_01.xml	20/07/2023 11:18:27
20/07/2023 11:18:27 - Inserir Historico IMIFB202305011BR
20/07/2023 11:18:28 - Insert with success IMIFB202305011BR
IMIFB202305024BR	BDPBRSAO_20230720111831000052_01.xml	20/07/2023 11:19:21
20/07/2023 11:19:21 - Inserir Historico IMIFB202305024BR
20/07/2023 11:19:26 - Insert with success IMIFB202305024BR
IMIFB202305029BR	BDPBRSAO_20230720111929000053_01.xml	20/07/2023 11:20:18
20/07/2023 11:20:18 - Inserir Historico IMIFB202305029BR
20/07/2023 11:20:21 - Insert with success IMIFB202305029BR
IMIFB202305030BR	BDPBRSAO_20230720112023000054_01.xml	20/07/2023 11:21:09
20/07/2023 11:21:09 - Inserir Historico IMIFB202305030BR
20/07/2023 11:21:11 - Insert with success IMIFB202305030BR
IMIFB202305032BR	BDPBRSAO_20230720112114000055_01.xml	20/07/2023 11:21:59
20/07/2023 11:21:59 - Inserir Historico IMIFB202305032BR
20/07/2023 11:21:59 - Insert with success IMIFB202305032BR
IMIFB202305036BR	BDPBRSAO_20230720112202000056_01.xml	20/07/2023 11:22:50
20/07/2023 11:22:50 - Inserir Historico IMIFB202305036BR
20/07/2023 11:22:51 - Insert with success IMIFB202305036BR
IMIFB202305041BR	BDPBRSAO_20230720112253000057_01.xml	20/07/2023 11:23:42
20/07/2023 11:23:42 - Inserir Historico IMIFB202305041BR
20/07/2023 11:23:43 - Insert with success IMIFB202305041BR
IMIFB202305044BR	BDPBRSAO_20230720112346000058_01.xml	20/07/2023 11:24:33
20/07/2023 11:24:33 - Inserir Historico IMIFB202305044BR
20/07/2023 11:24:35 - Insert with success IMIFB202305044BR
IMIFB202305052BR	BDPBRSAO_20230720112437000059_01.xml	20/07/2023 11:25:25
20/07/2023 11:25:25 - Inserir Historico IMIFB202305052BR
20/07/2023 11:25:28 - Insert with success IMIFB202305052BR
IMSWB202306074BR	BDPBRSAO_20230720112530000060_01.xml	20/07/2023 11:26:11
20/07/2023 11:26:11 - Inserir Historico IMSWB202306074BR
20/07/2023 11:26:13 - Insert with success IMSWB202306074BR
IMLYB202304001BR	BDPBRSAO_20230720112615000061_01.xml	20/07/2023 11:26:59
20/07/2023 11:26:59 - Inserir Historico IMLYB202304001BR
20/07/2023 11:27:02 - Insert with success IMLYB202304001BR
IMLYB202304008BR	BDPBRSAO_20230720112704000062_01.xml	20/07/2023 11:27:51
20/07/2023 11:27:51 - Inserir Historico IMLYB202304008BR
20/07/2023 11:27:53 - Insert with success IMLYB202304008BR
IMNVA202305016BR	BDPBRSAO_20230720112755000063_01.xml	20/07/2023 11:28:39
20/07/2023 11:28:39 - Inserir Historico IMNVA202305016BR
20/07/2023 11:28:41 - Insert with success IMNVA202305016BR
IMNVA202306021BR	BDPBRSAO_20230720112843000064_01.xml	20/07/2023 11:29:29
20/07/2023 11:29:29 - Inserir Historico IMNVA202306021BR
20/07/2023 11:29:31 - Insert with success IMNVA202306021BR
IMNVA202306022BR	BDPBRSAO_20230720112934000065_01.xml	20/07/2023 11:30:21
20/07/2023 11:30:21 - Inserir Historico IMNVA202306022BR
20/07/2023 11:30:23 - Insert with success IMNVA202306022BR
IMNVA202306023BR	BDPBRSAO_20230720113025000066_01.xml	20/07/2023 11:31:12
20/07/2023 11:31:12 - Inserir Historico IMNVA202306023BR
20/07/2023 11:31:14 - Insert with success IMNVA202306023BR
IMNVA202306024BR	BDPBRSAO_20230720113116000067_01.xml	20/07/2023 11:32:02
20/07/2023 11:32:02 - Inserir Historico IMNVA202306024BR
20/07/2023 11:32:04 - Insert with success IMNVA202306024BR
IMNVA202306040BR	BDPBRSAO_20230720113206000068_01.xml	20/07/2023 11:32:51
20/07/2023 11:32:51 - Inserir Historico IMNVA202306040BR
20/07/2023 11:32:52 - Insert with success IMNVA202306040BR
IMSLA202306004BR	BDPBRSAO_20230720113254000069_01.xml	20/07/2023 11:33:41
20/07/2023 11:33:41 - Inserir Historico IMSLA202306004BR
20/07/2023 11:33:42 - Insert with success IMSLA202306004BR
IMSOL202212078BR	BDPBRSAO_20230720113345000070_01.xml	20/07/2023 11:34:33
20/07/2023 11:34:33 - Inserir Historico IMSOL202212078BR
20/07/2023 11:34:34 - Insert with success IMSOL202212078BR
IMSLA202306016BR	BDPBRSAO_20230720113436000071_01.xml	20/07/2023 11:35:21
20/07/2023 11:35:21 - Inserir Historico IMSLA202306016BR
20/07/2023 11:35:23 - Insert with success IMSLA202306016BR
IMLAN202305043BR	BDPBRSAO_20230720113526000072_01.xml	20/07/2023 11:36:18
20/07/2023 11:36:18 - Inserir Historico IMLAN202305043BR
20/07/2023 11:36:20 - Insert with success IMLAN202305043BR
IMSLA202306017BR	BDPBRSAO_20230720113623000073_01.xml	20/07/2023 11:37:08
20/07/2023 11:37:08 - Inserir Historico IMSLA202306017BR
20/07/2023 11:37:11 - Insert with success IMSLA202306017BR
IMSLA202306019BR	BDPBRSAO_20230720113713000074_01.xml	20/07/2023 11:37:58
20/07/2023 11:37:58 - Inserir Historico IMSLA202306019BR
20/07/2023 11:37:59 - Insert with success IMSLA202306019BR
IMSLA202306023BR	BDPBRSAO_20230720113802000075_01.xml	20/07/2023 11:38:46
20/07/2023 11:38:46 - Inserir Historico IMSLA202306023BR
20/07/2023 11:38:48 - Insert with success IMSLA202306023BR
IMSOL202211111BR	BDPBRSAO_20230720113850000076_01.xml	20/07/2023 11:39:40
20/07/2023 11:39:40 - Inserir Historico IMSOL202211111BR
20/07/2023 11:39:42 - Insert with success IMSOL202211111BR
IMSOL202302005BR	BDPBRSAO_20230720113945000077_01.xml	20/07/2023 11:40:31
20/07/2023 11:40:31 - Inserir Historico IMSOL202302005BR
20/07/2023 11:40:33 - Insert with success IMSOL202302005BR
IMSOL202304006BR	BDPBRSAO_20230720114036000078_01.xml	20/07/2023 11:41:29
20/07/2023 11:41:29 - Inserir Historico IMSOL202304006BR
20/07/2023 11:41:31 - Insert with success IMSOL202304006BR
IMSOL202304041BR	BDPBRSAO_20230720114133000079_01.xml	20/07/2023 11:42:19
20/07/2023 11:42:19 - Inserir Historico IMSOL202304041BR
20/07/2023 11:42:20 - Insert with success IMSOL202304041BR
IMSOL202304060BR	BDPBRSAO_20230720114223000080_01.xml	20/07/2023 11:43:10
20/07/2023 11:43:10 - Inserir Historico IMSOL202304060BR
20/07/2023 11:43:12 - Insert with success IMSOL202304060BR
IMSOL202304069BR	BDPBRSAO_20230720114315000081_01.xml	20/07/2023 11:44:05
20/07/2023 11:44:05 - Inserir Historico IMSOL202304069BR
20/07/2023 11:44:06 - Insert with success IMSOL202304069BR
IMSOL202304073BR	BDPBRSAO_20230720114409000082_01.xml	20/07/2023 11:44:57
20/07/2023 11:44:57 - Inserir Historico IMSOL202304073BR
20/07/2023 11:44:59 - Insert with success IMSOL202304073BR
IMSOL202305039BR	BDPBRSAO_20230720114501000083_01.xml	20/07/2023 11:45:54
20/07/2023 11:45:54 - Inserir Historico IMSOL202305039BR
20/07/2023 11:45:59 - Insert with success IMSOL202305039BR
IMSOL202305050BR	BDPBRSAO_20230720114602000084_01.xml	20/07/2023 11:46:54
20/07/2023 11:46:54 - Inserir Historico IMSOL202305050BR
20/07/2023 11:46:56 - Insert with success IMSOL202305050BR
IMSWB202301049BR	BDPBRSAO_20230720114659000085_01.xml	20/07/2023 11:47:44
20/07/2023 11:47:44 - Inserir Historico IMSWB202301049BR
20/07/2023 11:47:46 - Insert with success IMSWB202301049BR
IMSWB202302060BR	BDPBRSAO_20230720114749000086_01.xml	20/07/2023 11:48:35
20/07/2023 11:48:35 - Inserir Historico IMSWB202302060BR
20/07/2023 11:48:36 - Insert with success IMSWB202302060BR
IMSWB202302062BR	BDPBRSAO_20230720114839000087_01.xml	20/07/2023 11:49:25
20/07/2023 11:49:25 - Inserir Historico IMSWB202302062BR
20/07/2023 11:49:27 - Insert with success IMSWB202302062BR
IMSWB202303021BR	BDPBRSAO_20230720114929000088_01.xml	20/07/2023 11:50:16
20/07/2023 11:50:16 - Inserir Historico IMSWB202303021BR
20/07/2023 11:50:18 - Insert with success IMSWB202303021BR
IMSWB202304032BR	BDPBRSAO_20230720115021000089_01.xml	20/07/2023 11:51:17
20/07/2023 11:51:17 - Inserir Historico IMSWB202304032BR
20/07/2023 11:51:19 - Insert with success IMSWB202304032BR
IMSWB202304053BR	BDPBRSAO_20230720115122000090_01.xml	20/07/2023 11:52:11
20/07/2023 11:52:11 - Inserir Historico IMSWB202304053BR
20/07/2023 11:52:14 - Insert with success IMSWB202304053BR
IMSWB202305037BR	BDPBRSAO_20230720115216000091_01.xml	20/07/2023 11:53:16
20/07/2023 11:53:16 - Inserir Historico IMSWB202305037BR
20/07/2023 11:53:18 - Insert with success IMSWB202305037BR
IMSOL202212051BR	BDPBRSAO_20230720115321000092_01.xml	20/07/2023 11:54:10
20/07/2023 11:54:10 - Inserir Historico IMSOL202212051BR
20/07/2023 11:54:11 - Insert with success IMSOL202212051BR
IMSWB202302063BR	BDPBRSAO_20230720115414000093_01.xml	20/07/2023 11:54:55
20/07/2023 11:54:55 - Inserir Historico IMSWB202302063BR
20/07/2023 11:54:56 - Insert with success IMSWB202302063BR
IMSOL202210168BR	BDPBRSAO_20230720115458000094_01.xml	20/07/2023 11:55:46
20/07/2023 11:55:46 - Inserir Historico IMSOL202210168BR
20/07/2023 11:55:47 - Insert with success IMSOL202210168BR
IMSOL202306014BR	BDPBRSAO_20230720115550000095_01.xml	20/07/2023 11:56:32
20/07/2023 11:56:32 - Inserir Historico IMSOL202306014BR
20/07/2023 11:56:33 - Insert with success IMSOL202306014BR
IMSWB202307051BR	BDPBRSAO_20230720115635000096_01.xml	20/07/2023 11:57:17
20/07/2023 11:57:17 - Inserir Historico IMSWB202307051BR
20/07/2023 11:57:19 - Insert with success IMSWB202307051BR
IMBAS202306001BR	BDPBRSAO_20230720115722000097_01.xml	20/07/2023 11:57:51
20/07/2023 11:57:51 - Inserir Historico IMBAS202306001BR
20/07/2023 11:57:52 - Insert with success IMBAS202306001BR
IMOXT202301018BR	BDPBRSAO_20230720115754000098_01.xml	20/07/2023 11:58:43
20/07/2023 11:58:43 - Inserir Historico IMOXT202301018BR
20/07/2023 11:58:46 - Insert with success IMOXT202301018BR
IMSLA202210020BR	BDPBRSAO_20230720115848000099_01.xml	20/07/2023 11:59:35
20/07/2023 11:59:35 - Inserir Historico IMSLA202210020BR
20/07/2023 11:59:36 - Insert with success IMSLA202210020BR
IMSOL202307132BR	BDPBRSAO_20230720115938000100_01.xml	20/07/2023 12:00:19
20/07/2023 12:00:19 - Inserir Historico IMSOL202307132BR
20/07/2023 12:00:20 - Insert with success IMSOL202307132BR
EMCSR202307033BR	BDPBRSAO_20230720120023000101_01.xml	20/07/2023 12:00:57
20/07/2023 12:00:57 - Inserir Historico EMCSR202307033BR
20/07/2023 12:00:59 - Insert with success EMCSR202307033BR
IMSOL202301011BR	BDPBRSAO_20230720120102000102_01.xml	20/07/2023 12:01:50
20/07/2023 12:01:50 - Inserir Historico IMSOL202301011BR
20/07/2023 12:01:52 - Insert with success IMSOL202301011BR
IMCTV202304060BR	BDPBRSAO_20230720120154000103_01.xml	20/07/2023 12:02:38
20/07/2023 12:02:38 - Inserir Historico IMCTV202304060BR
20/07/2023 12:02:39 - Insert with success IMCTV202304060BR
EMSAM202307064BR	BDPBRSAO_20230720120242000104_01.xml	20/07/2023 12:03:21
20/07/2023 12:03:21 - Inserir Historico EMSAM202307064BR
20/07/2023 12:03:22 - Insert with success EMSAM202307064BR
IMLAN202303027BR	BDPBRSAO_20230720120325000105_01.xml	20/07/2023 12:04:14
20/07/2023 12:04:14 - Inserir Historico IMLAN202303027BR
20/07/2023 12:04:16 - Insert with success IMLAN202303027BR
IMSWB202307055BR	BDPBRSAO_20230720120418000106_01.xml	20/07/2023 12:04:59
20/07/2023 12:04:59 - Inserir Historico IMSWB202307055BR
20/07/2023 12:05:00 - Insert with success IMSWB202307055BR
IMSLA202210021BR	BDPBRSAO_20230720120502000107_01.xml	20/07/2023 12:05:47
20/07/2023 12:05:47 - Inserir Historico IMSLA202210021BR
20/07/2023 12:05:48 - Insert with success IMSLA202210021BR
EMGYR202307004BR	BDPBRSAO_20230720120551000108_01.xml	20/07/2023 12:06:23
20/07/2023 12:06:23 - Inserir Historico EMGYR202307004BR
20/07/2023 12:06:24 - Insert with success EMGYR202307004BR
IMCTV202304061BR	BDPBRSAO_20230720120626000109_01.xml	20/07/2023 12:07:13
20/07/2023 12:07:13 - Inserir Historico IMCTV202304061BR
20/07/2023 12:07:14 - Insert with success IMCTV202304061BR
EMOXT202307043BR	BDPBRSAO_20230720120716000110_01.xml	20/07/2023 12:07:55
20/07/2023 12:07:55 - Inserir Historico EMOXT202307043BR
20/07/2023 12:07:56 - Insert with success EMOXT202307043BR
EMOXT202307047BR	BDPBRSAO_20230720120758000111_01.xml	20/07/2023 12:08:38
20/07/2023 12:08:38 - Inserir Historico EMOXT202307047BR
20/07/2023 12:08:39 - Insert with success EMOXT202307047BR
EMOXT202307049BR	BDPBRSAO_20230720120841000112_01.xml	20/07/2023 12:09:21
20/07/2023 12:09:21 - Inserir Historico EMOXT202307049BR
20/07/2023 12:09:23 - Insert with success EMOXT202307049BR
IMSOL202306056BR	BDPBRSAO_20230720120926000113_01.xml	20/07/2023 12:10:08
20/07/2023 12:10:08 - Inserir Historico IMSOL202306056BR
20/07/2023 12:10:12 - Insert with success IMSOL202306056BR
EMPSP202306002BR	BDPBRSAO_20230720121014000114_01.xml	20/07/2023 12:10:47
20/07/2023 12:10:47 - Inserir Historico EMPSP202306002BR
20/07/2023 12:10:49 - Insert with success EMPSP202306002BR
IMSOL202212059BR	BDPBRSAO_20230720121051000115_01.xml	20/07/2023 12:11:40
20/07/2023 12:11:40 - Inserir Historico IMSOL202212059BR
20/07/2023 12:11:42 - Insert with success IMSOL202212059BR
IMCTV202305122BR	BDPBRSAO_20230720121144000116_01.xml	20/07/2023 12:12:30
20/07/2023 12:12:30 - Inserir Historico IMCTV202305122BR
20/07/2023 12:12:31 - Insert with success IMCTV202305122BR
IMSOL202301012BR	BDPBRSAO_20230720121234000117_01.xml	20/07/2023 12:13:25
20/07/2023 12:13:25 - Inserir Historico IMSOL202301012BR
20/07/2023 12:13:27 - Insert with success IMSOL202301012BR
IMSLA202307005BR	BDPBRSAO_20230720121329000118_01.xml	20/07/2023 12:14:16
20/07/2023 12:14:16 - Inserir Historico IMSLA202307005BR
20/07/2023 12:14:18 - Insert with success IMSLA202307005BR
