EMCSR202302102BR	BDPBRSAO_20230503122753000002_01.xml	03/05/2023 12:31:14
03/05/2023 12:31:14 - Inserir Historico EMCSR202302102BR
03/05/2023 12:31:15 - Insert with success EMCSR202302102BR
EMCSR202302103BR	BDPBRSAO_20230503123117000003_01.xml	03/05/2023 12:32:06
03/05/2023 12:32:07 - Inserir Historico EMCSR202302103BR
03/05/2023 12:32:09 - Insert with success EMCSR202302103BR
EMCSR202302104BR	BDPBRSAO_20230503123211000004_01.xml	03/05/2023 12:32:52
03/05/2023 12:32:52 - Inserir Historico EMCSR202302104BR
03/05/2023 12:32:54 - Insert with success EMCSR202302104BR
EMCSR202304010BR	BDPBRSAO_20230503123758000002_01.xml	03/05/2023 12:39:51
03/05/2023 12:39:51 - Inserir Historico EMCSR202304010BR
03/05/2023 12:39:52 - Insert with success EMCSR202304010BR
IMCSR202303191BR	BDPBRSAO_20230503172834000002_01.xml	5/3/2023 5:29:45 PM
5/3/2023 5:29:45 PM - Inserir Historico IMCSR202303191BR
5/3/2023 5:29:47 PM - Insert with success IMCSR202303191BR
IMCSR202305003BR	BDPBRSAO_20230503172949000003_01.xml	5/3/2023 5:31:19 PM
5/3/2023 5:31:19 PM - Inserir Historico IMCSR202305003BR
5/3/2023 5:31:20 PM - Insert with success IMCSR202305003BR
IMCSR202304023BR	BDPBRSAO_20230503173123000004_01.xml	5/3/2023 5:32:20 PM
5/3/2023 5:32:20 PM - Inserir Historico IMCSR202304023BR
5/3/2023 5:32:21 PM - Insert with success IMCSR202304023BR
