Start Qty: 1 Date: 06/09/2021 09:55:21
06/09/2021 09:55:21 - IMSPC202104001BR
Start Qty: 1 Date: 06/09/2021 10:22:05
06/09/2021 10:22:05 - IMSPC202104001BR
Start Qty: 1 Date: 06/09/2021 10:27:01
06/09/2021 10:27:01 - IMSPC202104001BR
Start Qty: 1 Date: 06/09/2021 10:31:58
06/09/2021 10:31:58 - IMSPC202104001BR
Start Qty: 1 Date: 06/09/2021 10:37:02
06/09/2021 10:37:02 - IMSPC202104001BR
False
Start Qty: 925 Date: 06/09/2021 10:52:28
06/09/2021 10:52:28 - IMSWB202108014BR
06/09/2021 10:53:26 - IMSWB202105052BR
06/09/2021 10:59:13 - IMSWB202106096BR
06/09/2021 11:00:09 - IMOXT202010035BR
06/09/2021 11:01:09 - IMTAM202106018BR
06/09/2021 11:02:05 - IMTAM202106020BR
06/09/2021 11:03:23 - IMTAM202107006BR
06/09/2021 11:04:39 - IMTAM202107007BR
06/09/2021 11:05:55 - IMTAM202108012BR
06/09/2021 11:06:59 - IMOXT201911007BR
06/09/2021 11:08:01 - IMOXT202101035BR
06/09/2021 11:08:53 - IMOXT202004035BR
06/09/2021 11:09:54 - IMOXT201912010BR
06/09/2021 11:10:50 - IMOXT201901004BR
06/09/2021 11:11:41 - IMOXT201904017BR
06/09/2021 11:12:34 - IMOXT201905022BR
Start Qty: 1 Date: 06/09/2021 11:24:54
06/09/2021 11:24:54 - IMSPC202104001BR
Start Qty: 1 Date: 06/09/2021 11:31:35
06/09/2021 11:31:35 - IMSPC202104001BR
