Start Qty: 1 Date: 07/09/2021 10:14:11
07/09/2021 10:14:11 - IMSPC202104001BR
Start Qty: 1 Date: 07/09/2021 10:18:00
07/09/2021 10:18:00 - IMSPC202104001BR
Start Qty: 1 Date: 07/09/2021 10:28:16
07/09/2021 10:28:16 - IMSPC202104001BR
Start Qty: 1 Date: 07/09/2021 10:30:24
07/09/2021 10:30:24 - IMSPC202104001BR
Start Qty: 1 Date: 07/09/2021 10:34:22
07/09/2021 10:34:22 - IMSPC202104001BR
Start Qty: 1 Date: 07/09/2021 10:36:12
07/09/2021 10:36:12 - IMSPC202104001BR
Start Qty: 1 Date: 07/09/2021 10:38:02
07/09/2021 10:38:02 - IMSPC202104001BR
Start Qty: 1 Date: 07/09/2021 10:43:05
07/09/2021 10:43:05 - IMSPC202104001BR
Start Qty: 1 Date: 07/09/2021 10:45:47
07/09/2021 10:45:47 - IMSPC202104001BR
False
Start Qty: 615 Date: 07/09/2021 10:49:51
07/09/2021 10:49:51 - IMSWB202108014BR
07/09/2021 10:50:10 - IMIFB202106054BR
07/09/2021 10:51:06 - IMIFB202106056BR
07/09/2021 10:52:09 - IMIFB202106075BR
07/09/2021 10:52:52 - IMIFB202106076BR
07/09/2021 10:53:51 - IMIFB202106079BR
Start Qty: 54 Date: 07/09/2021 11:05:21
07/09/2021 11:05:21 - IMSPC202107003BR
