IMATL202107003BR	BDPBRSAO_20240524103104000002_01.xml	5/24/2024 10:43:48 AM
5/24/2024 10:43:49 AM - Inserir Historico IMATL202107003BR
5/24/2024 10:43:50 AM - Insert with success IMATL202107003BR
IMBSF202107019BR	BDPBRSAO_20240524104355000003_01.xml	5/24/2024 10:45:25 AM
5/24/2024 10:45:25 AM - Inserir Historico IMBSF202107019BR
5/24/2024 10:45:26 AM - Insert with success IMBSF202107019BR
IMATL202108002BR	BDPBRSAO_20240524104529000004_01.xml	5/24/2024 10:46:38 AM
5/24/2024 10:46:38 AM - Inserir Historico IMATL202108002BR
5/24/2024 10:46:39 AM - Insert with success IMATL202108002BR
IMBSF202108005BR	BDPBRSAO_20240524104641000005_01.xml	5/24/2024 10:47:16 AM
5/24/2024 10:47:16 AM - Inserir Historico IMBSF202108005BR
5/24/2024 10:47:17 AM - Insert with success IMBSF202108005BR
IMBSF202108009BR	BDPBRSAO_20240524104719000006_01.xml	5/24/2024 10:47:55 AM
5/24/2024 10:47:55 AM - Inserir Historico IMBSF202108009BR
5/24/2024 10:47:56 AM - Insert with success IMBSF202108009BR
EMOXT202109001BR	BDPBRSAO_20240524104758000007_01.xml	5/24/2024 10:48:40 AM
5/24/2024 10:48:40 AM - Inserir Historico EMOXT202109001BR
5/24/2024 10:48:40 AM - Insert with success EMOXT202109001BR
IMATL202109001BR	BDPBRSAO_20240524104843000008_01.xml	5/24/2024 10:49:23 AM
5/24/2024 10:49:23 AM - Inserir Historico IMATL202109001BR
5/24/2024 10:49:24 AM - Insert with success IMATL202109001BR
IMBSF202109002BR	BDPBRSAO_20240524104927000009_01.xml	5/24/2024 10:50:02 AM
5/24/2024 10:50:02 AM - Inserir Historico IMBSF202109002BR
5/24/2024 10:50:03 AM - Insert with success IMBSF202109002BR
IMBSF202109003BR	BDPBRSAO_20240524105005000010_01.xml	5/24/2024 10:50:39 AM
5/24/2024 10:50:39 AM - Inserir Historico IMBSF202109003BR
5/24/2024 10:50:40 AM - Insert with success IMBSF202109003BR
IMBSF202109004BR	BDPBRSAO_20240524105042000011_01.xml	5/24/2024 10:51:17 AM
5/24/2024 10:51:17 AM - Inserir Historico IMBSF202109004BR
5/24/2024 10:51:17 AM - Insert with success IMBSF202109004BR
IMBSF202109005BR	BDPBRSAO_20240524105120000012_01.xml	5/24/2024 10:51:54 AM
5/24/2024 10:51:54 AM - Inserir Historico IMBSF202109005BR
5/24/2024 10:51:55 AM - Insert with success IMBSF202109005BR
IMBSF202109006BR	BDPBRSAO_20240524105157000013_01.xml	5/24/2024 10:52:30 AM
5/24/2024 10:52:30 AM - Inserir Historico IMBSF202109006BR
5/24/2024 10:52:31 AM - Insert with success IMBSF202109006BR
IMBSF202109007BR	BDPBRSAO_20240524105233000014_01.xml	5/24/2024 10:53:06 AM
5/24/2024 10:53:06 AM - Inserir Historico IMBSF202109007BR
5/24/2024 10:53:07 AM - Insert with success IMBSF202109007BR
IMATL202109002BR	BDPBRSAO_20240524105310000015_01.xml	5/24/2024 10:53:43 AM
5/24/2024 10:53:43 AM - Inserir Historico IMATL202109002BR
5/24/2024 10:53:43 AM - Insert with success IMATL202109002BR
IMBSF202109008BR	BDPBRSAO_20240524105346000016_01.xml	5/24/2024 10:54:20 AM
5/24/2024 10:54:20 AM - Inserir Historico IMBSF202109008BR
5/24/2024 10:54:20 AM - Insert with success IMBSF202109008BR
IMBSF202109009BR	BDPBRSAO_20240524105423000017_01.xml	5/24/2024 10:54:56 AM
5/24/2024 10:54:56 AM - Inserir Historico IMBSF202109009BR
5/24/2024 10:54:57 AM - Insert with success IMBSF202109009BR
IMBSF202109010BR	BDPBRSAO_20240524105459000018_01.xml	5/24/2024 10:55:32 AM
5/24/2024 10:55:32 AM - Inserir Historico IMBSF202109010BR
5/24/2024 10:55:33 AM - Insert with success IMBSF202109010BR
IMATL202109004BR	BDPBRSAO_20240524105535000019_01.xml	5/24/2024 10:56:07 AM
5/24/2024 10:56:07 AM - Inserir Historico IMATL202109004BR
5/24/2024 10:56:07 AM - Insert with success IMATL202109004BR
IMBSF202109011BR	BDPBRSAO_20240524105610000020_01.xml	5/24/2024 10:56:48 AM
5/24/2024 10:56:48 AM - Inserir Historico IMBSF202109011BR
5/24/2024 10:56:48 AM - Insert with success IMBSF202109011BR
IMBSF202109012BR	BDPBRSAO_20240524105650000021_01.xml	5/24/2024 10:57:24 AM
5/24/2024 10:57:24 AM - Inserir Historico IMBSF202109012BR
5/24/2024 10:57:25 AM - Insert with success IMBSF202109012BR
IMBSF202109013BR	BDPBRSAO_20240524105728000022_01.xml	5/24/2024 10:58:02 AM
5/24/2024 10:58:02 AM - Inserir Historico IMBSF202109013BR
5/24/2024 10:58:02 AM - Insert with success IMBSF202109013BR
IMBSF202109014BR	BDPBRSAO_20240524105805000023_01.xml	5/24/2024 10:58:39 AM
5/24/2024 10:58:39 AM - Inserir Historico IMBSF202109014BR
5/24/2024 10:58:39 AM - Insert with success IMBSF202109014BR
IMATL202109005BR	BDPBRSAO_20240524105842000024_01.xml	5/24/2024 10:59:24 AM
5/24/2024 10:59:24 AM - Inserir Historico IMATL202109005BR
5/24/2024 10:59:24 AM - Insert with success IMATL202109005BR
IMATL202109006BR	BDPBRSAO_20240524105927000025_01.xml	5/24/2024 11:00:05 AM
5/24/2024 11:00:05 AM - Inserir Historico IMATL202109006BR
5/24/2024 11:00:06 AM - Insert with success IMATL202109006BR
IMBSF202109015BR	BDPBRSAO_20240524110009000026_01.xml	5/24/2024 11:00:45 AM
5/24/2024 11:00:45 AM - Inserir Historico IMBSF202109015BR
5/24/2024 11:00:46 AM - Insert with success IMBSF202109015BR
IMATL202109007BR	BDPBRSAO_20240524110048000027_01.xml	5/24/2024 11:01:22 AM
5/24/2024 11:01:22 AM - Inserir Historico IMATL202109007BR
5/24/2024 11:01:22 AM - Insert with success IMATL202109007BR
IMBSF202109016BR	BDPBRSAO_20240524110125000028_01.xml	5/24/2024 11:02:01 AM
5/24/2024 11:02:01 AM - Inserir Historico IMBSF202109016BR
5/24/2024 11:02:02 AM - Insert with success IMBSF202109016BR
IMEVO202109002BR	BDPBRSAO_20240524110204000029_01.xml	5/24/2024 11:02:37 AM
5/24/2024 11:02:37 AM - Inserir Historico IMEVO202109002BR
5/24/2024 11:02:37 AM - Insert with success IMEVO202109002BR
IMBSF202110001BR	BDPBRSAO_20240524110240000030_01.xml	5/24/2024 11:03:17 AM
5/24/2024 11:03:17 AM - Inserir Historico IMBSF202110001BR
5/24/2024 11:03:17 AM - Insert with success IMBSF202110001BR
IMBSF202110002BR	BDPBRSAO_20240524110320000031_01.xml	5/24/2024 11:03:54 AM
5/24/2024 11:03:54 AM - Inserir Historico IMBSF202110002BR
5/24/2024 11:03:54 AM - Insert with success IMBSF202110002BR
EMARC202110001BR	BDPBRSAO_20240524110357000032_01.xml	5/24/2024 11:04:24 AM
5/24/2024 11:04:24 AM - Inserir Historico EMARC202110001BR
5/24/2024 11:04:25 AM - Insert with success EMARC202110001BR
IMBSF202110003BR	BDPBRSAO_20240524110427000033_01.xml	5/24/2024 11:05:01 AM
5/24/2024 11:05:01 AM - Inserir Historico IMBSF202110003BR
5/24/2024 11:05:02 AM - Insert with success IMBSF202110003BR
IMBSF202110004BR	BDPBRSAO_20240524110505000034_01.xml	5/24/2024 11:05:41 AM
5/24/2024 11:05:41 AM - Inserir Historico IMBSF202110004BR
5/24/2024 11:05:41 AM - Insert with success IMBSF202110004BR
IMBSF202110005BR	BDPBRSAO_20240524110544000035_01.xml	5/24/2024 11:06:20 AM
5/24/2024 11:06:20 AM - Inserir Historico IMBSF202110005BR
5/24/2024 11:06:21 AM - Insert with success IMBSF202110005BR
IMBSF202110006BR	BDPBRSAO_20240524110623000036_01.xml	5/24/2024 11:06:58 AM
5/24/2024 11:06:58 AM - Inserir Historico IMBSF202110006BR
5/24/2024 11:06:59 AM - Insert with success IMBSF202110006BR
IMATL202110001BR	BDPBRSAO_20240524110701000037_01.xml	5/24/2024 11:07:38 AM
5/24/2024 11:07:38 AM - Inserir Historico IMATL202110001BR
5/24/2024 11:07:39 AM - Insert with success IMATL202110001BR
IMATL202110002BR	BDPBRSAO_20240524110742000038_01.xml	5/24/2024 11:08:18 AM
5/24/2024 11:08:18 AM - Inserir Historico IMATL202110002BR
5/24/2024 11:08:19 AM - Insert with success IMATL202110002BR
EMARC202110002BR	BDPBRSAO_20240524110821000039_01.xml	5/24/2024 11:08:49 AM
5/24/2024 11:08:49 AM - Inserir Historico EMARC202110002BR
5/24/2024 11:08:50 AM - Insert with success EMARC202110002BR
EMARC202110003BR	BDPBRSAO_20240524110852000040_01.xml	5/24/2024 11:09:22 AM
5/24/2024 11:09:22 AM - Inserir Historico EMARC202110003BR
5/24/2024 11:09:23 AM - Insert with success EMARC202110003BR
IMEVO202110002BR	BDPBRSAO_20240524110925000041_01.xml	5/24/2024 11:09:56 AM
5/24/2024 11:09:56 AM - Inserir Historico IMEVO202110002BR
5/24/2024 11:09:57 AM - Insert with success IMEVO202110002BR
IMBSF202110007BR	BDPBRSAO_20240524111000000042_01.xml	5/24/2024 11:10:38 AM
5/24/2024 11:10:38 AM - Inserir Historico IMBSF202110007BR
5/24/2024 11:10:38 AM - Insert with success IMBSF202110007BR
IMBSF202110008BR	BDPBRSAO_20240524111040000043_01.xml	5/24/2024 11:11:17 AM
5/24/2024 11:11:17 AM - Inserir Historico IMBSF202110008BR
5/24/2024 11:11:17 AM - Insert with success IMBSF202110008BR
IMBSF202110009BR	BDPBRSAO_20240524111120000044_01.xml	5/24/2024 11:11:56 AM
5/24/2024 11:11:56 AM - Inserir Historico IMBSF202110009BR
5/24/2024 11:11:57 AM - Insert with success IMBSF202110009BR
IMBSF202110010BR	BDPBRSAO_20240524111159000045_01.xml	5/24/2024 11:12:35 AM
5/24/2024 11:12:35 AM - Inserir Historico IMBSF202110010BR
5/24/2024 11:12:35 AM - Insert with success IMBSF202110010BR
IMBSF202110011BR	BDPBRSAO_20240524111237000046_01.xml	5/24/2024 11:13:13 AM
5/24/2024 11:13:13 AM - Inserir Historico IMBSF202110011BR
5/24/2024 11:13:14 AM - Insert with success IMBSF202110011BR
IMATL202110003BR	BDPBRSAO_20240524111316000047_01.xml	5/24/2024 11:13:50 AM
5/24/2024 11:13:50 AM - Inserir Historico IMATL202110003BR
5/24/2024 11:13:51 AM - Insert with success IMATL202110003BR
IAATL202110009BR	BDPBRSAO_20240524111353000048_01.xml	5/24/2024 11:14:22 AM
5/24/2024 11:14:22 AM - Inserir Historico IAATL202110009BR
5/24/2024 11:14:23 AM - Insert with success IAATL202110009BR
IAATL202110010BR	BDPBRSAO_20240524111425000049_01.xml	5/24/2024 11:14:58 AM
5/24/2024 11:14:58 AM - Inserir Historico IAATL202110010BR
5/24/2024 11:14:58 AM - Insert with success IAATL202110010BR
IAATL202110011BR	BDPBRSAO_20240524111501000050_01.xml	5/24/2024 11:15:34 AM
5/24/2024 11:15:34 AM - Inserir Historico IAATL202110011BR
5/24/2024 11:15:35 AM - Insert with success IAATL202110011BR
IMBSF202110012BR	BDPBRSAO_20240524111537000051_01.xml	5/24/2024 11:16:11 AM
5/24/2024 11:16:11 AM - Inserir Historico IMBSF202110012BR
5/24/2024 11:16:11 AM - Insert with success IMBSF202110012BR
IMBSF202110013BR	BDPBRSAO_20240524111614000052_01.xml	5/24/2024 11:16:49 AM
5/24/2024 11:16:49 AM - Inserir Historico IMBSF202110013BR
5/24/2024 11:16:49 AM - Insert with success IMBSF202110013BR
IMBSF202110014BR	BDPBRSAO_20240524111652000053_01.xml	5/24/2024 11:17:24 AM
5/24/2024 11:17:24 AM - Inserir Historico IMBSF202110014BR
5/24/2024 11:17:25 AM - Insert with success IMBSF202110014BR
IMBSF202110015BR	BDPBRSAO_20240524111727000054_01.xml	5/24/2024 11:18:00 AM
5/24/2024 11:18:00 AM - Inserir Historico IMBSF202110015BR
5/24/2024 11:18:01 AM - Insert with success IMBSF202110015BR
IMBSF202110016BR	BDPBRSAO_20240524111804000055_01.xml	5/24/2024 11:18:38 AM
5/24/2024 11:18:38 AM - Inserir Historico IMBSF202110016BR
5/24/2024 11:18:38 AM - Insert with success IMBSF202110016BR
IMBSF202110017BR	BDPBRSAO_20240524111841000056_01.xml	5/24/2024 11:19:14 AM
5/24/2024 11:19:14 AM - Inserir Historico IMBSF202110017BR
5/24/2024 11:19:15 AM - Insert with success IMBSF202110017BR
IMBSF202110018BR	BDPBRSAO_20240524111917000057_01.xml	5/24/2024 11:19:50 AM
5/24/2024 11:19:50 AM - Inserir Historico IMBSF202110018BR
5/24/2024 11:19:51 AM - Insert with success IMBSF202110018BR
IMBSF202110019BR	BDPBRSAO_20240524111953000058_01.xml	5/24/2024 11:20:27 AM
5/24/2024 11:20:27 AM - Inserir Historico IMBSF202110019BR
5/24/2024 11:20:28 AM - Insert with success IMBSF202110019BR
IMBSF202110020BR	BDPBRSAO_20240524112030000059_01.xml	5/24/2024 11:21:04 AM
5/24/2024 11:21:04 AM - Inserir Historico IMBSF202110020BR
5/24/2024 11:21:04 AM - Insert with success IMBSF202110020BR
IMBSF202110021BR	BDPBRSAO_20240524112107000060_01.xml	5/24/2024 11:21:41 AM
5/24/2024 11:21:41 AM - Inserir Historico IMBSF202110021BR
5/24/2024 11:21:41 AM - Insert with success IMBSF202110021BR
IMBSF202110022BR	BDPBRSAO_20240524112144000061_01.xml	5/24/2024 11:22:18 AM
5/24/2024 11:22:18 AM - Inserir Historico IMBSF202110022BR
5/24/2024 11:22:18 AM - Insert with success IMBSF202110022BR
IMBSF202110023BR	BDPBRSAO_20240524112221000062_01.xml	5/24/2024 11:22:53 AM
5/24/2024 11:22:53 AM - Inserir Historico IMBSF202110023BR
5/24/2024 11:22:54 AM - Insert with success IMBSF202110023BR
IMBSF202110024BR	BDPBRSAO_20240524112256000063_01.xml	5/24/2024 11:23:31 AM
5/24/2024 11:23:31 AM - Inserir Historico IMBSF202110024BR
5/24/2024 11:23:31 AM - Insert with success IMBSF202110024BR
IMBSF202110025BR	BDPBRSAO_20240524112334000064_01.xml	5/24/2024 11:24:10 AM
5/24/2024 11:24:10 AM - Inserir Historico IMBSF202110025BR
5/24/2024 11:24:11 AM - Insert with success IMBSF202110025BR
IAATL202111001BR	BDPBRSAO_20240524112412000065_01.xml	5/24/2024 11:24:41 AM
5/24/2024 11:24:41 AM - Inserir Historico IAATL202111001BR
5/24/2024 11:24:42 AM - Insert with success IAATL202111001BR
IMBSF202111001BR	BDPBRSAO_20240524112444000066_01.xml	5/24/2024 11:25:16 AM
5/24/2024 11:25:16 AM - Inserir Historico IMBSF202111001BR
5/24/2024 11:25:17 AM - Insert with success IMBSF202111001BR
IMMTE202111001BR	BDPBRSAO_20240524112519000067_01.xml	5/24/2024 11:26:14 AM
5/24/2024 11:26:14 AM - Inserir Historico IMMTE202111001BR
5/24/2024 11:26:15 AM - Insert with success IMMTE202111001BR
IMBSF202111002BR	BDPBRSAO_20240524112617000068_01.xml	5/24/2024 11:26:53 AM
5/24/2024 11:26:53 AM - Inserir Historico IMBSF202111002BR
5/24/2024 11:26:54 AM - Insert with success IMBSF202111002BR
IAATL202111002BR	BDPBRSAO_20240524112655000069_01.xml	5/24/2024 11:27:25 AM
5/24/2024 11:27:25 AM - Inserir Historico IAATL202111002BR
5/24/2024 11:27:26 AM - Insert with success IAATL202111002BR
IAATL202111003BR	BDPBRSAO_20240524112728000070_01.xml	5/24/2024 11:28:02 AM
5/24/2024 11:28:02 AM - Inserir Historico IAATL202111003BR
5/24/2024 11:28:02 AM - Insert with success IAATL202111003BR
IMATL202111001BR	BDPBRSAO_20240524112805000071_01.xml	5/24/2024 11:28:36 AM
5/24/2024 11:28:36 AM - Inserir Historico IMATL202111001BR
5/24/2024 11:28:37 AM - Insert with success IMATL202111001BR
EMARC202111001BR	BDPBRSAO_20240524112839000072_01.xml	5/24/2024 11:29:03 AM
5/24/2024 11:29:03 AM - Inserir Historico EMARC202111001BR
5/24/2024 11:29:04 AM - Insert with success EMARC202111001BR
IMMTE202111002BR	BDPBRSAO_20240524112906000073_01.xml	5/24/2024 11:30:02 AM
5/24/2024 11:30:02 AM - Inserir Historico IMMTE202111002BR
5/24/2024 11:30:02 AM - Insert with success IMMTE202111002BR
IAMTE202111001BR	BDPBRSAO_20240524113004000074_01.xml	5/24/2024 11:30:34 AM
5/24/2024 11:30:34 AM - Inserir Historico IAMTE202111001BR
5/24/2024 11:30:35 AM - Insert with success IAMTE202111001BR
IAMTE202111002BR	BDPBRSAO_20240524113037000075_01.xml	5/24/2024 11:31:06 AM
5/24/2024 11:31:06 AM - Inserir Historico IAMTE202111002BR
5/24/2024 11:31:07 AM - Insert with success IAMTE202111002BR
IAATL202111004BR	BDPBRSAO_20240524113109000076_01.xml	5/24/2024 11:31:47 AM
5/24/2024 11:31:47 AM - Inserir Historico IAATL202111004BR
5/24/2024 11:31:48 AM - Insert with success IAATL202111004BR
IMATL202111002BR	BDPBRSAO_20240524113151000077_01.xml	5/24/2024 11:32:24 AM
5/24/2024 11:32:24 AM - Inserir Historico IMATL202111002BR
5/24/2024 11:32:25 AM - Insert with success IMATL202111002BR
IAMTE202111003BR	BDPBRSAO_20240524113227000078_01.xml	5/24/2024 11:32:57 AM
5/24/2024 11:32:57 AM - Inserir Historico IAMTE202111003BR
5/24/2024 11:32:57 AM - Insert with success IAMTE202111003BR
IMBSF202111003BR	BDPBRSAO_20240524113259000079_01.xml	5/24/2024 11:33:35 AM
5/24/2024 11:33:35 AM - Inserir Historico IMBSF202111003BR
5/24/2024 11:33:35 AM - Insert with success IMBSF202111003BR
IASOL202111001BR	BDPBRSAO_20240524113338000080_01.xml	5/24/2024 11:34:02 AM
5/24/2024 11:34:02 AM - Inserir Historico IASOL202111001BR
5/24/2024 11:34:02 AM - Insert with success IASOL202111001BR
IAATL202111005BR	BDPBRSAO_20240524113405000081_01.xml	5/24/2024 11:34:37 AM
5/24/2024 11:34:37 AM - Inserir Historico IAATL202111005BR
5/24/2024 11:34:38 AM - Insert with success IAATL202111005BR
IMATL202111003BR	BDPBRSAO_20240524113440000082_01.xml	5/24/2024 11:35:05 AM
5/24/2024 11:35:05 AM - Inserir Historico IMATL202111003BR
5/24/2024 11:35:05 AM - Insert with success IMATL202111003BR
IMATL202111004BR	BDPBRSAO_20240524113508000083_01.xml	5/24/2024 11:35:41 AM
5/24/2024 11:35:41 AM - Inserir Historico IMATL202111004BR
5/24/2024 11:35:42 AM - Insert with success IMATL202111004BR
IMBSF202111004BR	BDPBRSAO_20240524113543000084_01.xml	5/24/2024 11:36:16 AM
5/24/2024 11:36:16 AM - Inserir Historico IMBSF202111004BR
5/24/2024 11:36:16 AM - Insert with success IMBSF202111004BR
IMBSF202111005BR	BDPBRSAO_20240524113619000085_01.xml	5/24/2024 11:36:54 AM
5/24/2024 11:36:54 AM - Inserir Historico IMBSF202111005BR
5/24/2024 11:36:54 AM - Insert with success IMBSF202111005BR
IAATL202111006BR	BDPBRSAO_20240524113657000086_01.xml	5/24/2024 11:37:29 AM
5/24/2024 11:37:29 AM - Inserir Historico IAATL202111006BR
5/24/2024 11:37:29 AM - Insert with success IAATL202111006BR
IAATL202112001BR	BDPBRSAO_20240524113732000087_01.xml	5/24/2024 11:38:04 AM
5/24/2024 11:38:04 AM - Inserir Historico IAATL202112001BR
5/24/2024 11:38:05 AM - Insert with success IAATL202112001BR
IAMTE202112001BR	BDPBRSAO_20240524113806000088_01.xml	5/24/2024 11:38:35 AM
5/24/2024 11:38:35 AM - Inserir Historico IAMTE202112001BR
5/24/2024 11:38:36 AM - Insert with success IAMTE202112001BR
IMBSF202112001BR	BDPBRSAO_20240524113838000089_01.xml	5/24/2024 11:39:11 AM
5/24/2024 11:39:11 AM - Inserir Historico IMBSF202112001BR
5/24/2024 11:39:11 AM - Insert with success IMBSF202112001BR
IMBSF202112002BR	BDPBRSAO_20240524113914000090_01.xml	5/24/2024 11:39:46 AM
5/24/2024 11:39:46 AM - Inserir Historico IMBSF202112002BR
5/24/2024 11:39:47 AM - Insert with success IMBSF202112002BR
IMBSF202112003BR	BDPBRSAO_20240524113949000091_01.xml	5/24/2024 11:40:22 AM
5/24/2024 11:40:22 AM - Inserir Historico IMBSF202112003BR
5/24/2024 11:40:23 AM - Insert with success IMBSF202112003BR
IMBSF202112004BR	BDPBRSAO_20240524114025000092_01.xml	5/24/2024 11:40:58 AM
5/24/2024 11:40:59 AM - Inserir Historico IMBSF202112004BR
5/24/2024 11:40:59 AM - Insert with success IMBSF202112004BR
IMBSF202112005BR	BDPBRSAO_20240524114101000093_01.xml	5/24/2024 11:41:35 AM
5/24/2024 11:41:35 AM - Inserir Historico IMBSF202112005BR
5/24/2024 11:41:35 AM - Insert with success IMBSF202112005BR
IMBSF202112006BR	BDPBRSAO_20240524114137000094_01.xml	5/24/2024 11:42:11 AM
5/24/2024 11:42:11 AM - Inserir Historico IMBSF202112006BR
5/24/2024 11:42:11 AM - Insert with success IMBSF202112006BR
IMBSF202112007BR	BDPBRSAO_20240524114214000095_01.xml	5/24/2024 11:42:48 AM
5/24/2024 11:42:48 AM - Inserir Historico IMBSF202112007BR
5/24/2024 11:42:48 AM - Insert with success IMBSF202112007BR
IMBSF202112008BR	BDPBRSAO_20240524114251000096_01.xml	5/24/2024 11:43:30 AM
5/24/2024 11:43:30 AM - Inserir Historico IMBSF202112008BR
5/24/2024 11:43:31 AM - Insert with success IMBSF202112008BR
IAATL202112002BR	BDPBRSAO_20240524114333000097_01.xml	5/24/2024 11:44:07 AM
5/24/2024 11:44:07 AM - Inserir Historico IAATL202112002BR
5/24/2024 11:44:08 AM - Insert with success IAATL202112002BR
IMBSF202112009BR	BDPBRSAO_20240524114410000098_01.xml	5/24/2024 11:44:46 AM
5/24/2024 11:44:46 AM - Inserir Historico IMBSF202112009BR
5/24/2024 11:44:47 AM - Insert with success IMBSF202112009BR
IMBSF202112010BR	BDPBRSAO_20240524114449000099_01.xml	5/24/2024 11:45:21 AM
5/24/2024 11:45:21 AM - Inserir Historico IMBSF202112010BR
5/24/2024 11:45:22 AM - Insert with success IMBSF202112010BR
IMBSF202112011BR	BDPBRSAO_20240524114524000100_01.xml	5/24/2024 11:45:57 AM
5/24/2024 11:45:57 AM - Inserir Historico IMBSF202112011BR
5/24/2024 11:45:58 AM - Insert with success IMBSF202112011BR
IMBSF202112012BR	BDPBRSAO_20240524114600000101_01.xml	5/24/2024 11:46:35 AM
5/24/2024 11:46:35 AM - Inserir Historico IMBSF202112012BR
5/24/2024 11:46:35 AM - Insert with success IMBSF202112012BR
IMEVO202112001BR	BDPBRSAO_20240524114637000102_01.xml	5/24/2024 11:47:11 AM
5/24/2024 11:47:11 AM - Inserir Historico IMEVO202112001BR
5/24/2024 11:47:11 AM - Insert with success IMEVO202112001BR
IMBSF202112013BR	BDPBRSAO_20240524114713000103_01.xml	5/24/2024 11:47:50 AM
5/24/2024 11:47:50 AM - Inserir Historico IMBSF202112013BR
5/24/2024 11:47:50 AM - Insert with success IMBSF202112013BR
IMBSF202112014BR	BDPBRSAO_20240524114753000104_01.xml	5/24/2024 11:48:27 AM
5/24/2024 11:48:27 AM - Inserir Historico IMBSF202112014BR
5/24/2024 11:48:27 AM - Insert with success IMBSF202112014BR
IMBSF202112015BR	BDPBRSAO_20240524114830000105_01.xml	5/24/2024 11:49:05 AM
5/24/2024 11:49:05 AM - Inserir Historico IMBSF202112015BR
5/24/2024 11:49:06 AM - Insert with success IMBSF202112015BR
IAATL202112003BR	BDPBRSAO_20240524114908000106_01.xml	5/24/2024 11:49:42 AM
5/24/2024 11:49:42 AM - Inserir Historico IAATL202112003BR
5/24/2024 11:49:42 AM - Insert with success IAATL202112003BR
IAATL202112004BR	BDPBRSAO_20240524114945000107_01.xml	5/24/2024 11:50:17 AM
5/24/2024 11:50:17 AM - Inserir Historico IAATL202112004BR
5/24/2024 11:50:18 AM - Insert with success IAATL202112004BR
IMBSF202112016BR	BDPBRSAO_20240524115021000108_01.xml	5/24/2024 11:50:58 AM
5/24/2024 11:50:58 AM - Inserir Historico IMBSF202112016BR
5/24/2024 11:50:59 AM - Insert with success IMBSF202112016BR
IAATL202112005BR	BDPBRSAO_20240524115101000109_01.xml	5/24/2024 11:51:34 AM
5/24/2024 11:51:34 AM - Inserir Historico IAATL202112005BR
5/24/2024 11:51:35 AM - Insert with success IAATL202112005BR
IMATL202112001BR	BDPBRSAO_20240524115137000110_01.xml	5/24/2024 11:52:04 AM
5/24/2024 11:52:04 AM - Inserir Historico IMATL202112001BR
5/24/2024 11:52:05 AM - Insert with success IMATL202112001BR
IMATL202112002BR	BDPBRSAO_20240524115207000111_01.xml	5/24/2024 11:52:42 AM
5/24/2024 11:52:42 AM - Inserir Historico IMATL202112002BR
5/24/2024 11:52:43 AM - Insert with success IMATL202112002BR
IMBSF202112017BR	BDPBRSAO_20240524115245000112_01.xml	5/24/2024 11:53:17 AM
5/24/2024 11:53:17 AM - Inserir Historico IMBSF202112017BR
5/24/2024 11:53:18 AM - Insert with success IMBSF202112017BR
IMBSF202112018BR	BDPBRSAO_20240524115320000113_01.xml	5/24/2024 11:53:56 AM
5/24/2024 11:53:56 AM - Inserir Historico IMBSF202112018BR
5/24/2024 11:53:57 AM - Insert with success IMBSF202112018BR
IAMTE202112002BR	BDPBRSAO_20240524115359000114_01.xml	5/24/2024 11:54:24 AM
5/24/2024 11:54:24 AM - Inserir Historico IAMTE202112002BR
5/24/2024 11:54:24 AM - Insert with success IAMTE202112002BR
IMBSF202112019BR	BDPBRSAO_20240524115427000115_01.xml	5/24/2024 11:55:00 AM
5/24/2024 11:55:00 AM - Inserir Historico IMBSF202112019BR
5/24/2024 11:55:00 AM - Insert with success IMBSF202112019BR
IAAPB202112001BR	BDPBRSAO_20240524115502000116_01.xml	5/24/2024 11:55:36 AM
5/24/2024 11:55:36 AM - Inserir Historico IAAPB202112001BR
5/24/2024 11:55:37 AM - Insert with success IAAPB202112001BR
IAAPB202112002BR	BDPBRSAO_20240524115539000117_01.xml	5/24/2024 11:56:11 AM
5/24/2024 11:56:11 AM - Inserir Historico IAAPB202112002BR
5/24/2024 11:56:12 AM - Insert with success IAAPB202112002BR
IAATL202112006BR	BDPBRSAO_20240524115614000118_01.xml	5/24/2024 11:56:47 AM
5/24/2024 11:56:47 AM - Inserir Historico IAATL202112006BR
5/24/2024 11:56:48 AM - Insert with success IAATL202112006BR
IAATL202112007BR	BDPBRSAO_20240524115650000119_01.xml	5/24/2024 11:57:23 AM
5/24/2024 11:57:23 AM - Inserir Historico IAATL202112007BR
5/24/2024 11:57:23 AM - Insert with success IAATL202112007BR
IAATL202112008BR	BDPBRSAO_20240524115725000120_01.xml	5/24/2024 11:57:58 AM
5/24/2024 11:57:58 AM - Inserir Historico IAATL202112008BR
5/24/2024 11:57:59 AM - Insert with success IAATL202112008BR
IAIFB202112001BR	BDPBRSAO_20240524115801000121_01.xml	5/24/2024 11:58:34 AM
5/24/2024 11:58:34 AM - Inserir Historico IAIFB202112001BR
5/24/2024 11:58:34 AM - Insert with success IAIFB202112001BR
IAMTE202112003BR	BDPBRSAO_20240524115836000122_01.xml	5/24/2024 11:59:08 AM
5/24/2024 11:59:08 AM - Inserir Historico IAMTE202112003BR
5/24/2024 11:59:09 AM - Insert with success IAMTE202112003BR
IASTE202112001BR	BDPBRSAO_20240524115911000123_01.xml	5/24/2024 11:59:44 AM
5/24/2024 11:59:44 AM - Inserir Historico IASTE202112001BR
5/24/2024 11:59:44 AM - Insert with success IASTE202112001BR
IAATL202112009BR	BDPBRSAO_20240524115947000124_01.xml	5/24/2024 12:00:19 PM
5/24/2024 12:00:19 PM - Inserir Historico IAATL202112009BR
5/24/2024 12:00:19 PM - Insert with success IAATL202112009BR
IAATL202112010BR	BDPBRSAO_20240524120021000125_01.xml	5/24/2024 12:00:52 PM
5/24/2024 12:00:52 PM - Inserir Historico IAATL202112010BR
5/24/2024 12:00:53 PM - Insert with success IAATL202112010BR
IMBSF202112020BR	BDPBRSAO_20240524120055000126_01.xml	5/24/2024 12:01:29 PM
5/24/2024 12:01:29 PM - Inserir Historico IMBSF202112020BR
5/24/2024 12:01:30 PM - Insert with success IMBSF202112020BR
IMBSF202112021BR	BDPBRSAO_20240524120132000127_01.xml	5/24/2024 12:02:05 PM
5/24/2024 12:02:05 PM - Inserir Historico IMBSF202112021BR
5/24/2024 12:02:06 PM - Insert with success IMBSF202112021BR
IMBSF202112022BR	BDPBRSAO_20240524120208000128_01.xml	5/24/2024 12:02:50 PM
5/24/2024 12:02:50 PM - Inserir Historico IMBSF202112022BR
5/24/2024 12:02:51 PM - Insert with success IMBSF202112022BR
IMBSF202112023BR	BDPBRSAO_20240524120253000129_01.xml	5/24/2024 12:03:28 PM
5/24/2024 12:03:28 PM - Inserir Historico IMBSF202112023BR
5/24/2024 12:03:29 PM - Insert with success IMBSF202112023BR
IAATL202112011BR	BDPBRSAO_20240524120331000130_01.xml	5/24/2024 12:04:04 PM
5/24/2024 12:04:04 PM - Inserir Historico IAATL202112011BR
5/24/2024 12:04:04 PM - Insert with success IAATL202112011BR
IMBSF202112024BR	BDPBRSAO_20240524120407000131_01.xml	5/24/2024 12:04:39 PM
5/24/2024 12:04:39 PM - Inserir Historico IMBSF202112024BR
5/24/2024 12:04:40 PM - Insert with success IMBSF202112024BR
IMBSF202112025BR	BDPBRSAO_20240524120442000132_01.xml	5/24/2024 12:05:16 PM
5/24/2024 12:05:16 PM - Inserir Historico IMBSF202112025BR
5/24/2024 12:05:17 PM - Insert with success IMBSF202112025BR
IMBSF202201001BR	BDPBRSAO_20240524120519000133_01.xml	5/24/2024 12:05:51 PM
5/24/2024 12:05:51 PM - Inserir Historico IMBSF202201001BR
5/24/2024 12:05:52 PM - Insert with success IMBSF202201001BR
IMBSF202201002BR	BDPBRSAO_20240524120554000134_01.xml	5/24/2024 12:06:28 PM
5/24/2024 12:06:28 PM - Inserir Historico IMBSF202201002BR
5/24/2024 12:06:28 PM - Insert with success IMBSF202201002BR
IAATL202201001BR	BDPBRSAO_20240524120630000135_01.xml	5/24/2024 12:07:02 PM
5/24/2024 12:07:02 PM - Inserir Historico IAATL202201001BR
5/24/2024 12:07:03 PM - Insert with success IAATL202201001BR
IAATL202201002BR	BDPBRSAO_20240524120705000136_01.xml	5/24/2024 12:07:36 PM
5/24/2024 12:07:36 PM - Inserir Historico IAATL202201002BR
5/24/2024 12:07:37 PM - Insert with success IAATL202201002BR
IMBSF202201003BR	BDPBRSAO_20240524120739000137_01.xml	5/24/2024 12:08:12 PM
5/24/2024 12:08:12 PM - Inserir Historico IMBSF202201003BR
5/24/2024 12:08:12 PM - Insert with success IMBSF202201003BR
IAATL202201003BR	BDPBRSAO_20240524120814000138_01.xml	5/24/2024 12:08:47 PM
5/24/2024 12:08:47 PM - Inserir Historico IAATL202201003BR
5/24/2024 12:08:48 PM - Insert with success IAATL202201003BR
