Start Qty: 1017 - Date: 28/01/2021 10:43:34
28/01/2021 10:43:34 - IMSOL202101158BR
28/01/2021 10:43:34 - IMCSR202012282BR
28/01/2021 10:44:25 - IMCSR202012283BR
28/01/2021 10:45:14 - IMCSR202012285BR
28/01/2021 10:45:55 - IMCSR202012455BR
28/01/2021 10:46:37 - IMCSR202012457BR
28/01/2021 10:47:17 - IMCSR202012459BR
28/01/2021 10:47:57 - IMCSR202012460BR
28/01/2021 10:48:39 - IMCSR202012462BR
28/01/2021 10:49:19 - IMCSR202012463BR
28/01/2021 10:50:00 - IMCSR202012521BR
28/01/2021 10:50:44 - IMCTV202011061BR
28/01/2021 10:51:30 - IMCTV202101003BR
28/01/2021 10:52:12 - IMCTV202012008BR
28/01/2021 10:52:53 - EMSAM202012048BR
28/01/2021 10:53:46 - IASLA202101012BR
28/01/2021 10:54:38 - IMCTV202101001BR
28/01/2021 10:55:19 - IMCTV202012073BR
28/01/2021 10:55:56 - IMARC202101002BR
28/01/2021 10:56:21 - EMOXT202101171BR
28/01/2021 10:56:56 - IMATN202101014BR
28/01/2021 10:57:44 - IMSOL202011113BR
28/01/2021 10:58:20 - IMSLA202101058BR
28/01/2021 10:58:58 - IMCTV202011132BR
28/01/2021 10:59:44 - IMSLA202101059BR
28/01/2021 11:00:26 - EMSAM202012049BR
28/01/2021 11:01:19 - IMCSR202101271BR
28/01/2021 11:01:53 - IMCSR202101443BR
28/01/2021 11:02:33 - EMSAM202012050BR
28/01/2021 11:03:12 - EMARC202101034BR
28/01/2021 11:04:15 - EMSAM202012051BR
28/01/2021 11:05:01 - IMCSR202011576BR
28/01/2021 11:05:48 - IMCSR202101276BR
28/01/2021 11:06:24 - EMSAM202012052BR
28/01/2021 11:07:05 - IMATL202012129BR
28/01/2021 11:07:31 - IAOXT202012006BR
28/01/2021 11:10:36 - EMSAM202012055BR
28/01/2021 11:11:27 - IMCSR202009790BR
28/01/2021 11:12:14 - EMSAM202012056BR
28/01/2021 11:12:59 - IMSLA202101057BR
28/01/2021 11:13:26 - EMSAM202012067BR
28/01/2021 11:14:18 - IMEAS202101010BR
28/01/2021 11:14:56 - IMEAS202101044BR
28/01/2021 11:15:23 - IMCSR202011574BR
28/01/2021 11:16:05 - EMSAM202012068BR
28/01/2021 11:16:49 - IMEAS202101042BR
