IOOXT220900001BR	BDPBRSAO_20230922121437000002_01.xml	22/09/2023 12:15:20
22/09/2023 12:15:20 - Inserir Historico IOOXT220900001BR
22/09/2023 12:15:21 - Insert with success IOOXT220900001BR
IAOXT202209001BR	BDPBRSAO_20230922121530000003_01.xml	22/09/2023 12:16:12
22/09/2023 12:16:12 - Inserir Historico IAOXT202209001BR
22/09/2023 12:16:13 - Insert with success IAOXT202209001BR
IMOXT202209004BR	BDPBRSAO_20230922121615000004_01.xml	22/09/2023 12:17:58
22/09/2023 12:17:58 - Inserir Historico IMOXT202209004BR
22/09/2023 12:17:58 - Insert with success IMOXT202209004BR
IMOXT202209005BR	BDPBRSAO_20230922121801000005_01.xml	22/09/2023 12:19:00
22/09/2023 12:19:00 - Inserir Historico IMOXT202209005BR
22/09/2023 12:19:00 - Insert with success IMOXT202209005BR
IMATL202209001BR	BDPBRSAO_20230922121902000006_01.xml	22/09/2023 12:19:33
22/09/2023 12:19:33 - Inserir Historico IMATL202209001BR
22/09/2023 12:19:33 - Insert with success IMATL202209001BR
IMATL202209003BR	BDPBRSAO_20230922121935000007_01.xml	22/09/2023 12:20:06
22/09/2023 12:20:06 - Inserir Historico IMATL202209003BR
22/09/2023 12:20:06 - Insert with success IMATL202209003BR
IMBSF202209007BR	BDPBRSAO_20230922122009000008_01.xml	22/09/2023 12:20:39
22/09/2023 12:20:39 - Inserir Historico IMBSF202209007BR
22/09/2023 12:20:40 - Insert with success IMBSF202209007BR
IMATL202209004BR	BDPBRSAO_20230922122041000009_01.xml	22/09/2023 12:21:14
22/09/2023 12:21:14 - Inserir Historico IMATL202209004BR
22/09/2023 12:21:14 - Insert with success IMATL202209004BR
EMCSR202209001BR	BDPBRSAO_20230922122117000010_01.xml	22/09/2023 12:21:41
22/09/2023 12:21:41 - Inserir Historico EMCSR202209001BR
22/09/2023 12:21:41 - Insert with success EMCSR202209001BR
IMBSF202209008BR	BDPBRSAO_20230922122143000011_01.xml	22/09/2023 12:22:16
22/09/2023 12:22:16 - Inserir Historico IMBSF202209008BR
22/09/2023 12:22:16 - Insert with success IMBSF202209008BR
IMBSF202209009BR	BDPBRSAO_20230922122218000012_01.xml	22/09/2023 12:22:50
22/09/2023 12:22:50 - Inserir Historico IMBSF202209009BR
22/09/2023 12:22:51 - Insert with success IMBSF202209009BR
IMBSF202209010BR	BDPBRSAO_20230922122253000013_01.xml	22/09/2023 12:23:21
22/09/2023 12:23:21 - Inserir Historico IMBSF202209010BR
22/09/2023 12:23:21 - Insert with success IMBSF202209010BR
IMBSF202209011BR	BDPBRSAO_20230922122323000014_01.xml	22/09/2023 12:23:55
22/09/2023 12:23:55 - Inserir Historico IMBSF202209011BR
22/09/2023 12:23:56 - Insert with success IMBSF202209011BR
IMBSF202209012BR	BDPBRSAO_20230922122358000015_01.xml	22/09/2023 12:24:30
22/09/2023 12:24:30 - Inserir Historico IMBSF202209012BR
22/09/2023 12:24:30 - Insert with success IMBSF202209012BR
IMBSF202209013BR	BDPBRSAO_20230922122432000016_01.xml	22/09/2023 12:25:04
22/09/2023 12:25:04 - Inserir Historico IMBSF202209013BR
22/09/2023 12:25:04 - Insert with success IMBSF202209013BR
IAATL202209006BR	BDPBRSAO_20230922122506000017_01.xml	22/09/2023 12:25:35
22/09/2023 12:25:35 - Inserir Historico IAATL202209006BR
22/09/2023 12:25:35 - Insert with success IAATL202209006BR
IMBSF202210001BR	BDPBRSAO_20230922122538000018_01.xml	22/09/2023 12:26:08
22/09/2023 12:26:08 - Inserir Historico IMBSF202210001BR
22/09/2023 12:26:08 - Insert with success IMBSF202210001BR
IMBSF202210002BR	BDPBRSAO_20230922122610000019_01.xml	22/09/2023 12:26:44
22/09/2023 12:26:44 - Inserir Historico IMBSF202210002BR
22/09/2023 12:26:44 - Insert with success IMBSF202210002BR
EMATL202210001BR	BDPBRSAO_20230922122646000020_01.xml	22/09/2023 12:27:12
22/09/2023 12:27:12 - Inserir Historico EMATL202210001BR
22/09/2023 12:27:12 - Insert with success EMATL202210001BR
EMATL202210002BR	BDPBRSAO_20230922122714000021_01.xml	22/09/2023 12:27:39
22/09/2023 12:27:39 - Inserir Historico EMATL202210002BR
22/09/2023 12:27:40 - Insert with success EMATL202210002BR
IAATL202210001BR	BDPBRSAO_20230922122741000022_01.xml	22/09/2023 12:28:08
22/09/2023 12:28:08 - Inserir Historico IAATL202210001BR
22/09/2023 12:28:08 - Insert with success IAATL202210001BR
EMCSR202210001BR	BDPBRSAO_20230922122811000023_01.xml	22/09/2023 12:28:36
22/09/2023 12:28:36 - Inserir Historico EMCSR202210001BR
22/09/2023 12:28:36 - Insert with success EMCSR202210001BR
EMOXT202210003BR	BDPBRSAO_20230922122838000024_01.xml	22/09/2023 12:29:20
22/09/2023 12:29:20 - Inserir Historico EMOXT202210003BR
22/09/2023 12:29:20 - Insert with success EMOXT202210003BR
