IAATL202306013BR	BDPBRSAO_20230627112731000002_01.xml	27/06/2023 11:29:02
27/06/2023 11:29:02 - Inserir Historico IAATL202306013BR
27/06/2023 11:29:03 - Insert with success IAATL202306013BR
IAMAU202306001BR	BDPBRSAO_20230627112905000003_01.xml	27/06/2023 11:29:38
27/06/2023 11:29:38 - Inserir Historico IAMAU202306001BR
27/06/2023 11:29:39 - Insert with success IAMAU202306001BR
IAATL202306014BR	BDPBRSAO_20230627112941000004_01.xml	27/06/2023 11:30:08
27/06/2023 11:30:08 - Inserir Historico IAATL202306014BR
27/06/2023 11:30:08 - Insert with success IAATL202306014BR
IAATL202306006BR	BDPBRSAO_20230627113010000005_01.xml	27/06/2023 11:30:43
27/06/2023 11:30:43 - Inserir Historico IAATL202306006BR
27/06/2023 11:30:44 - Insert with success IAATL202306006BR
IAATL202306015BR	BDPBRSAO_20230627113046000006_01.xml	27/06/2023 11:31:17
27/06/2023 11:31:17 - Inserir Historico IAATL202306015BR
27/06/2023 11:31:18 - Insert with success IAATL202306015BR
IAATL202306007BR	BDPBRSAO_20230627113120000007_01.xml	27/06/2023 11:32:54
27/06/2023 11:32:54 - Inserir Historico IAATL202306007BR
27/06/2023 11:32:55 - Insert with success IAATL202306007BR
EMARC202306002BR	BDPBRSAO_20230627114811000002_01.xml	27/06/2023 11:48:57
27/06/2023 11:48:58 - Inserir Historico EMARC202306002BR
27/06/2023 11:48:58 - Insert with success EMARC202306002BR
EMATL202306001BR	BDPBRSAO_20230627114901000003_01.xml	27/06/2023 11:49:37
27/06/2023 11:49:37 - Inserir Historico EMATL202306001BR
27/06/2023 11:49:38 - Insert with success EMATL202306001BR
EMCSR202306011BR	BDPBRSAO_20230627115049000002_01.xml	27/06/2023 11:56:46
27/06/2023 11:56:46 - Inserir Historico EMCSR202306011BR
27/06/2023 11:56:47 - Insert with success EMCSR202306011BR
