Start Qty: 97 Date: 21/09/2023 18:01:27
21/09/2023 18:01:29 - EMOXT202207001BR
21/09/2023 18:07:44 - EMOXT202207002BR
21/09/2023 18:08:42 - EMOXT202207003BR
21/09/2023 18:09:36 - EMOXT202207004BR
21/09/2023 18:10:17 - EMOXT202207005BR
21/09/2023 18:10:57 - EMOXT202207006BR
21/09/2023 18:11:22 - IMBSF202207012BR
21/09/2023 18:11:56 - IMBSF202207015BR
21/09/2023 18:12:33 - IMBSF202208001BR
21/09/2023 18:13:12 - IMATL202208002BR
21/09/2023 18:13:44 - IMBSF202208007BR
21/09/2023 18:14:20 - EMOXT202208009BR
21/09/2023 18:15:00 - IMBSF202208009BR
21/09/2023 18:15:34 - IMBSF202208010BR
21/09/2023 18:16:10 - IMBSF202208011BR
21/09/2023 18:16:42 - EMATL202208001BR
21/09/2023 18:17:07 - IMBSF202208012BR
21/09/2023 18:17:41 - EMATL202208002BR
21/09/2023 18:18:09 - EMARC202208001BR
21/09/2023 18:18:37 - IMBSF202209001BR
21/09/2023 18:19:14 - EAOXT202209001BR
