IMOXT202306017BR	BDPBRSAO_20230825161807000002_01.xml	25/08/2023 16:19:12
25/08/2023 16:19:13 - Inserir Historico IMOXT202306017BR
25/08/2023 16:19:14 - Insert with success IMOXT202306017BR
EMOXT202308114BR	BDPBRSAO_20230825161916000003_01.xml	25/08/2023 16:19:53
25/08/2023 16:19:53 - Inserir Historico EMOXT202308114BR
25/08/2023 16:19:54 - Insert with success EMOXT202308114BR
EOOXT202308019BR	BDPBRSAO_20230825161956000004_01.xml	25/08/2023 16:20:32
25/08/2023 16:20:32 - Inserir Historico EOOXT202308019BR
25/08/2023 16:20:34 - Insert with success EOOXT202308019BR
EMCSR202306101BR	BDPBRSAO_20230825162036000005_01.xml	25/08/2023 16:21:11
25/08/2023 16:21:11 - Inserir Historico EMCSR202306101BR
25/08/2023 16:21:13 - Insert with success EMCSR202306101BR
IMLYB202307002BR	BDPBRSAO_20230825162115000006_01.xml	25/08/2023 16:21:55
25/08/2023 16:21:55 - Inserir Historico IMLYB202307002BR
25/08/2023 16:21:56 - Insert with success IMLYB202307002BR
IMCSR202306007BR	BDPBRSAO_20230825162159000007_01.xml	25/08/2023 16:22:41
25/08/2023 16:22:41 - Inserir Historico IMCSR202306007BR
25/08/2023 16:22:42 - Insert with success IMCSR202306007BR
IMCSR202306012BR	BDPBRSAO_20230825162244000008_01.xml	25/08/2023 16:23:26
25/08/2023 16:23:26 - Inserir Historico IMCSR202306012BR
25/08/2023 16:23:27 - Insert with success IMCSR202306012BR
IMCSR202306015BR	BDPBRSAO_20230825162329000009_01.xml	25/08/2023 16:24:12
25/08/2023 16:24:12 - Inserir Historico IMCSR202306015BR
25/08/2023 16:24:13 - Insert with success IMCSR202306015BR
IMCSR202306268BR	BDPBRSAO_20230825162415000010_01.xml	25/08/2023 16:24:59
25/08/2023 16:24:59 - Inserir Historico IMCSR202306268BR
25/08/2023 16:25:01 - Insert with success IMCSR202306268BR
IMCSR202308159BR	BDPBRSAO_20230825162504000011_01.xml	25/08/2023 16:25:48
25/08/2023 16:25:48 - Inserir Historico IMCSR202308159BR
25/08/2023 16:25:51 - Insert with success IMCSR202308159BR
IMCSR202308160BR	BDPBRSAO_20230825162553000012_01.xml	25/08/2023 16:26:36
25/08/2023 16:26:36 - Inserir Historico IMCSR202308160BR
25/08/2023 16:26:37 - Insert with success IMCSR202308160BR
IMOXT202308043BR	BDPBRSAO_20230825162639000013_01.xml	25/08/2023 16:27:19
25/08/2023 16:27:19 - Inserir Historico IMOXT202308043BR
25/08/2023 16:27:20 - Insert with success IMOXT202308043BR
IMCSR202308350BR	BDPBRSAO_20230825162722000014_01.xml	25/08/2023 16:28:07
25/08/2023 16:28:07 - Inserir Historico IMCSR202308350BR
25/08/2023 16:28:08 - Insert with success IMCSR202308350BR
IMCSR202308352BR	BDPBRSAO_20230825162810000015_01.xml	25/08/2023 16:28:53
25/08/2023 16:28:53 - Inserir Historico IMCSR202308352BR
25/08/2023 16:28:55 - Insert with success IMCSR202308352BR
IMCSR202308356BR	BDPBRSAO_20230825162857000016_01.xml	25/08/2023 16:29:40
25/08/2023 16:29:40 - Inserir Historico IMCSR202308356BR
25/08/2023 16:29:42 - Insert with success IMCSR202308356BR
IMCSR202308357BR	BDPBRSAO_20230825162944000017_01.xml	25/08/2023 16:30:28
25/08/2023 16:30:28 - Inserir Historico IMCSR202308357BR
25/08/2023 16:30:29 - Insert with success IMCSR202308357BR
IMCSR202308360BR	BDPBRSAO_20230825163031000018_01.xml	25/08/2023 16:31:16
25/08/2023 16:31:16 - Inserir Historico IMCSR202308360BR
25/08/2023 16:31:17 - Insert with success IMCSR202308360BR
EMOXT202307092BR	BDPBRSAO_20230825163120000019_01.xml	25/08/2023 16:32:04
25/08/2023 16:32:04 - Inserir Historico EMOXT202307092BR
25/08/2023 16:32:06 - Insert with success EMOXT202307092BR
EMOXT202307051BR	BDPBRSAO_20230825163208000020_01.xml	25/08/2023 16:32:50
25/08/2023 16:32:50 - Inserir Historico EMOXT202307051BR
25/08/2023 16:32:51 - Insert with success EMOXT202307051BR
IMCSR202308008BR	BDPBRSAO_20230825163254000021_01.xml	25/08/2023 16:33:38
25/08/2023 16:33:38 - Inserir Historico IMCSR202308008BR
25/08/2023 16:33:38 - Insert with success IMCSR202308008BR
IACTV202306075BR	BDPBRSAO_20230825163341000022_01.xml	25/08/2023 16:35:11
25/08/2023 16:35:11 - Inserir Historico IACTV202306075BR
25/08/2023 16:35:12 - Insert with success IACTV202306075BR
IACBT202308003BR	BDPBRSAO_20230825163514000023_01.xml	25/08/2023 16:35:54
25/08/2023 16:35:54 - Inserir Historico IACBT202308003BR
25/08/2023 16:35:56 - Insert with success IACBT202308003BR
IACSR202308009BR	BDPBRSAO_20230825163558000024_01.xml	25/08/2023 16:36:42
25/08/2023 16:36:42 - Inserir Historico IACSR202308009BR
25/08/2023 16:36:43 - Insert with success IACSR202308009BR
IACSR202308010BR	BDPBRSAO_20230825163645000025_01.xml	25/08/2023 16:37:28
25/08/2023 16:37:28 - Inserir Historico IACSR202308010BR
25/08/2023 16:37:30 - Insert with success IACSR202308010BR
IACSR202308011BR	BDPBRSAO_20230825163732000026_01.xml	25/08/2023 16:38:18
25/08/2023 16:38:18 - Inserir Historico IACSR202308011BR
25/08/2023 16:38:20 - Insert with success IACSR202308011BR
IACSR202308013BR	BDPBRSAO_20230825163822000027_01.xml	25/08/2023 16:39:02
25/08/2023 16:39:02 - Inserir Historico IACSR202308013BR
25/08/2023 16:39:03 - Insert with success IACSR202308013BR
IACSR202308016BR	BDPBRSAO_20230825163905000028_01.xml	25/08/2023 16:39:46
25/08/2023 16:39:46 - Inserir Historico IACSR202308016BR
25/08/2023 16:39:48 - Insert with success IACSR202308016BR
IASOL202306001BR	BDPBRSAO_20230825163950000029_01.xml	25/08/2023 16:40:29
25/08/2023 16:40:29 - Inserir Historico IASOL202306001BR
25/08/2023 16:40:31 - Insert with success IASOL202306001BR
EMCSR202308054BR	BDPBRSAO_20230825164033000030_01.xml	25/08/2023 16:41:52
25/08/2023 16:41:52 - Inserir Historico EMCSR202308054BR
25/08/2023 16:41:54 - Insert with success EMCSR202308054BR
IASWB202307016BR	BDPBRSAO_20230825164156000031_01.xml	25/08/2023 16:42:37
25/08/2023 16:42:37 - Inserir Historico IASWB202307016BR
25/08/2023 16:42:39 - Insert with success IASWB202307016BR
IMATN202307013BR	BDPBRSAO_20230825164241000032_01.xml	25/08/2023 16:43:44
25/08/2023 16:43:44 - Inserir Historico IMATN202307013BR
25/08/2023 16:43:46 - Insert with success IMATN202307013BR
IMATN202307022BR	BDPBRSAO_20230825164348000033_01.xml	25/08/2023 16:44:30
25/08/2023 16:44:30 - Inserir Historico IMATN202307022BR
25/08/2023 16:44:31 - Insert with success IMATN202307022BR
IMATN202307027BR	BDPBRSAO_20230825164434000034_01.xml	25/08/2023 16:45:18
25/08/2023 16:45:18 - Inserir Historico IMATN202307027BR
25/08/2023 16:45:20 - Insert with success IMATN202307027BR
IMATN202307044BR	BDPBRSAO_20230825164522000035_01.xml	25/08/2023 16:46:05
25/08/2023 16:46:05 - Inserir Historico IMATN202307044BR
25/08/2023 16:46:07 - Insert with success IMATN202307044BR
IMBCB202307008BR	BDPBRSAO_20230825164609000036_01.xml	25/08/2023 16:47:02
25/08/2023 16:47:02 - Inserir Historico IMBCB202307008BR
25/08/2023 16:47:04 - Insert with success IMBCB202307008BR
IMBCB202308004BR	BDPBRSAO_20230825164706000037_01.xml	25/08/2023 16:47:47
25/08/2023 16:47:47 - Inserir Historico IMBCB202308004BR
25/08/2023 16:47:48 - Insert with success IMBCB202308004BR
IMCBT202301008BR	BDPBRSAO_20230825164751000038_01.xml	25/08/2023 16:48:45
25/08/2023 16:48:45 - Inserir Historico IMCBT202301008BR
25/08/2023 16:48:47 - Insert with success IMCBT202301008BR
IMCBT202307026BR	BDPBRSAO_20230825164850000039_01.xml	25/08/2023 16:50:03
25/08/2023 16:50:03 - Inserir Historico IMCBT202307026BR
25/08/2023 16:50:05 - Insert with success IMCBT202307026BR
IMCBT202307029BR	BDPBRSAO_20230825165008000040_01.xml	25/08/2023 16:51:15
25/08/2023 16:51:15 - Inserir Historico IMCBT202307029BR
25/08/2023 16:51:17 - Insert with success IMCBT202307029BR
IMCSR202304063BR	BDPBRSAO_20230825165119000041_01.xml	25/08/2023 16:52:04
25/08/2023 16:52:04 - Inserir Historico IMCSR202304063BR
25/08/2023 16:52:06 - Insert with success IMCSR202304063BR
IMCSR202305305BR	BDPBRSAO_20230825165208000042_01.xml	25/08/2023 16:52:52
25/08/2023 16:52:52 - Inserir Historico IMCSR202305305BR
25/08/2023 16:52:54 - Insert with success IMCSR202305305BR
IMCSR202305328BR	BDPBRSAO_20230825165256000043_01.xml	25/08/2023 16:53:40
25/08/2023 16:53:40 - Inserir Historico IMCSR202305328BR
25/08/2023 16:53:41 - Insert with success IMCSR202305328BR
IMCSR202307044BR	BDPBRSAO_20230825165344000044_01.xml	25/08/2023 16:54:28
25/08/2023 16:54:28 - Inserir Historico IMCSR202307044BR
25/08/2023 16:54:29 - Insert with success IMCSR202307044BR
IMCSR202307056BR	BDPBRSAO_20230825165431000045_01.xml	25/08/2023 16:55:21
25/08/2023 16:55:21 - Inserir Historico IMCSR202307056BR
25/08/2023 16:55:22 - Insert with success IMCSR202307056BR
EMOXT202308106BR	BDPBRSAO_20230825165524000046_01.xml	25/08/2023 16:56:01
25/08/2023 16:56:01 - Inserir Historico EMOXT202308106BR
25/08/2023 16:56:03 - Insert with success EMOXT202308106BR
IMCSR202307122BR	BDPBRSAO_20230825165605000047_01.xml	25/08/2023 16:56:56
25/08/2023 16:56:56 - Inserir Historico IMCSR202307122BR
25/08/2023 16:56:57 - Insert with success IMCSR202307122BR
IMCSR202307191BR	BDPBRSAO_20230825165700000048_01.xml	25/08/2023 16:57:45
25/08/2023 16:57:45 - Inserir Historico IMCSR202307191BR
25/08/2023 16:57:45 - Insert with success IMCSR202307191BR
IACTV202306075BR	BDPBRSAO_20230825170228000002_01.xml	25/08/2023 17:03:52
25/08/2023 17:03:53 - Inserir Historico IACTV202306075BR
25/08/2023 17:03:55 - Insert with success IACTV202306075BR
IMCSR202307230BR	BDPBRSAO_20230825170836000002_01.xml	25/08/2023 17:11:09
25/08/2023 17:11:09 - Inserir Historico IMCSR202307230BR
25/08/2023 17:11:11 - Insert with success IMCSR202307230BR
IMCSR202307242BR	BDPBRSAO_20230825171113000003_01.xml	25/08/2023 17:13:48
25/08/2023 17:13:49 - Inserir Historico IMCSR202307242BR
25/08/2023 17:13:51 - Insert with success IMCSR202307242BR
IMCSR202307243BR	BDPBRSAO_20230825171354000004_01.xml	25/08/2023 17:16:24
25/08/2023 17:16:24 - Inserir Historico IMCSR202307243BR
25/08/2023 17:16:25 - Insert with success IMCSR202307243BR
