IAATL202306006BR	BDPBRSAO_20230615183840000002_01.xml	15/06/2023 18:39:39
15/06/2023 18:39:39 - Inserir Historico IAATL202306006BR
15/06/2023 18:39:40 - Insert with success IAATL202306006BR
IAATL202306007BR	BDPBRSAO_20230615184008000003_01.xml	15/06/2023 18:40:33
15/06/2023 18:40:33 - Inserir Historico IAATL202306007BR
15/06/2023 18:40:33 - Insert with success IAATL202306007BR
IASUN202306001BR	BDPBRSAO_20230615184114000004_01.xml	15/06/2023 18:41:36
15/06/2023 18:41:36 - Inserir Historico IASUN202306001BR
15/06/2023 18:41:36 - Insert with success IASUN202306001BR
EMOXT202305001BR	BDPBRSAO_20230615184138000005_01.xml	15/06/2023 18:42:23
15/06/2023 18:42:23 - Inserir Historico EMOXT202305001BR
15/06/2023 18:42:24 - Insert with success EMOXT202305001BR
EMCSR202306001BR	BDPBRSAO_20230615184226000006_01.xml	15/06/2023 18:42:55
15/06/2023 18:42:55 - Inserir Historico EMCSR202306001BR
15/06/2023 18:42:56 - Insert with success EMCSR202306001BR
EMCSR202306002BR	BDPBRSAO_20230615184258000007_01.xml	15/06/2023 18:43:28
15/06/2023 18:43:28 - Inserir Historico EMCSR202306002BR
15/06/2023 18:43:29 - Insert with success EMCSR202306002BR
EMCSR202306003BR	BDPBRSAO_20230615184331000008_01.xml	15/06/2023 18:44:00
15/06/2023 18:44:00 - Inserir Historico EMCSR202306003BR
15/06/2023 18:44:01 - Insert with success EMCSR202306003BR
EMCSR202306004BR	BDPBRSAO_20230615184403000009_01.xml	15/06/2023 18:44:32
15/06/2023 18:44:32 - Inserir Historico EMCSR202306004BR
15/06/2023 18:44:33 - Insert with success EMCSR202306004BR
EMCSR202306005BR	BDPBRSAO_20230615184435000010_01.xml	15/06/2023 18:45:04
15/06/2023 18:45:04 - Inserir Historico EMCSR202306005BR
15/06/2023 18:45:05 - Insert with success EMCSR202306005BR
EMCSR202306006BR	BDPBRSAO_20230615184507000011_01.xml	15/06/2023 18:45:37
15/06/2023 18:45:37 - Inserir Historico EMCSR202306006BR
15/06/2023 18:45:38 - Insert with success EMCSR202306006BR
EMCSR202306007BR	BDPBRSAO_20230615184540000012_01.xml	15/06/2023 18:46:10
15/06/2023 18:46:10 - Inserir Historico EMCSR202306007BR
15/06/2023 18:46:10 - Insert with success EMCSR202306007BR
EMCSR202306008BR	BDPBRSAO_20230615184612000013_01.xml	15/06/2023 18:46:42
15/06/2023 18:46:42 - Inserir Historico EMCSR202306008BR
15/06/2023 18:46:43 - Insert with success EMCSR202306008BR
EMCSR202306009BR	BDPBRSAO_20230615184645000014_01.xml	15/06/2023 18:47:15
15/06/2023 18:47:15 - Inserir Historico EMCSR202306009BR
15/06/2023 18:47:16 - Insert with success EMCSR202306009BR
EMCSR202306010BR	BDPBRSAO_20230615184718000015_01.xml	15/06/2023 18:47:47
15/06/2023 18:47:47 - Inserir Historico EMCSR202306010BR
15/06/2023 18:47:48 - Insert with success EMCSR202306010BR
EMCSR202306011BR	BDPBRSAO_20230615184750000016_01.xml	15/06/2023 18:48:36
15/06/2023 18:48:36 - Inserir Historico EMCSR202306011BR
15/06/2023 18:48:36 - Insert with success EMCSR202306011BR
EMCSR202306012BR	BDPBRSAO_20230615184839000017_01.xml	15/06/2023 18:49:08
15/06/2023 18:49:08 - Inserir Historico EMCSR202306012BR
15/06/2023 18:49:08 - Insert with success EMCSR202306012BR
EMCSR202306013BR	BDPBRSAO_20230615184910000018_01.xml	15/06/2023 18:49:39
15/06/2023 18:49:39 - Inserir Historico EMCSR202306013BR
15/06/2023 18:49:40 - Insert with success EMCSR202306013BR
EMCSR202306014BR	BDPBRSAO_20230615184942000019_01.xml	15/06/2023 18:50:12
15/06/2023 18:50:12 - Inserir Historico EMCSR202306014BR
15/06/2023 18:50:12 - Insert with success EMCSR202306014BR
EMCSR202306015BR	BDPBRSAO_20230615185015000020_01.xml	15/06/2023 18:50:46
15/06/2023 18:50:46 - Inserir Historico EMCSR202306015BR
15/06/2023 18:50:46 - Insert with success EMCSR202306015BR
EMCSR202306016BR	BDPBRSAO_20230615185048000021_01.xml	15/06/2023 18:51:18
15/06/2023 18:51:18 - Inserir Historico EMCSR202306016BR
15/06/2023 18:51:18 - Insert with success EMCSR202306016BR
EMCSR202306017BR	BDPBRSAO_20230615185120000022_01.xml	15/06/2023 18:51:50
15/06/2023 18:51:50 - Inserir Historico EMCSR202306017BR
15/06/2023 18:51:50 - Insert with success EMCSR202306017BR
EMCSR202306018BR	BDPBRSAO_20230615185152000023_01.xml	15/06/2023 18:52:23
15/06/2023 18:52:23 - Inserir Historico EMCSR202306018BR
15/06/2023 18:52:23 - Insert with success EMCSR202306018BR
EMCSR202306019BR	BDPBRSAO_20230615185225000024_01.xml	15/06/2023 18:52:55
15/06/2023 18:52:55 - Inserir Historico EMCSR202306019BR
15/06/2023 18:52:55 - Insert with success EMCSR202306019BR
