EMFLT202102016AR	BDPARBUE_20210226115405000002_01.xml	26/02/2021 11:56:09
26/02/2021 11:56:13 - Inserir Historico EMFLT202102016AR
26/02/2021 11:56:13 - Insert with success EMFLT202102016AR
IMFLT202102048AR	BDPARBUE_20210226115619000003_01.xml	26/02/2021 11:59:07
26/02/2021 11:59:13 - Inserir Historico IMFLT202102048AR
26/02/2021 11:59:13 - Insert with success IMFLT202102048AR
IMNOV202102007AR	BDPARBUE_20210226115920000004_01.xml	26/02/2021 12:00:55
26/02/2021 12:00:55 - Inserir Historico IMNOV202102007AR
26/02/2021 12:00:56 - Insert with success IMNOV202102007AR
EMURU202102001AR	BDPARBUE_20210226120100000005_01.xml	26/02/2021 12:01:49
26/02/2021 12:01:49 - Inserir Historico EMURU202102001AR
26/02/2021 12:01:49 - Insert with success EMURU202102001AR
IMNOV202102006AR	BDPARBUE_20210226120153000006_01.xml	26/02/2021 12:02:53
26/02/2021 12:02:53 - Inserir Historico IMNOV202102006AR
26/02/2021 12:02:54 - Insert with success IMNOV202102006AR
IMFLT202102044AR	BDPARBUE_20210226120258000007_01.xml	26/02/2021 12:10:37
26/02/2021 12:10:38 - Inserir Historico IMFLT202102044AR
26/02/2021 12:10:39 - Insert with success IMFLT202102044AR
IMFLT202102032AR	BDPARBUE_20210226121043000008_01.xml	26/02/2021 12:12:31
26/02/2021 12:12:31 - Inserir Historico IMFLT202102032AR
26/02/2021 12:12:32 - Insert with success IMFLT202102032AR
IMFLT202102052AR	BDPARBUE_20210226121236000009_01.xml	26/02/2021 12:15:11
26/02/2021 12:15:11 - Inserir Historico IMFLT202102052AR
26/02/2021 12:15:11 - Insert with success IMFLT202102052AR
IMFLT202102053AR	BDPARBUE_20210226121515000010_01.xml	26/02/2021 12:19:55
26/02/2021 12:19:55 - Inserir Historico IMFLT202102053AR
26/02/2021 12:19:55 - Insert with success IMFLT202102053AR
EMSCH202101001AR	BDPARBUE_20210226122654000002_01.xml	26/02/2021 12:27:41
26/02/2021 12:27:42 - Inserir Historico EMSCH202101001AR
26/02/2021 12:27:43 - Insert with success EMSCH202101001AR
