IMLYB202301010BR	BDPBRSAO_20240618145240000002_01.xml	6/18/2024 3:21:44 PM
6/18/2024 3:21:44 PM - Inserir Historico IMLYB202301010BR
6/18/2024 3:21:44 PM - Insert with success IMLYB202301010BR
IMLYB202303001BR	BDPBRSAO_20240618152150000003_01.xml	6/18/2024 3:28:55 PM
6/18/2024 3:28:55 PM - Inserir Historico IMLYB202303001BR
6/18/2024 3:28:55 PM - Insert with success IMLYB202303001BR
IMLYB202305002BR	BDPBRSAO_20240618152858000004_01.xml	6/18/2024 3:35:04 PM
6/18/2024 3:35:04 PM - Inserir Historico IMLYB202305002BR
6/18/2024 3:35:04 PM - Insert with success IMLYB202305002BR
IMLYB202309001BR	BDPBRSAO_20240618153506000005_01.xml	6/18/2024 3:42:10 PM
6/18/2024 3:42:10 PM - Inserir Historico IMLYB202309001BR
6/18/2024 3:42:10 PM - Insert with success IMLYB202309001BR
IMLYB202310001BR	BDPBRSAO_20240618154213000006_01.xml	6/18/2024 3:48:44 PM
6/18/2024 3:48:44 PM - Inserir Historico IMLYB202310001BR
6/18/2024 3:48:44 PM - Insert with success IMLYB202310001BR
IMLYB202312001BR	BDPBRSAO_20240618154846000007_01.xml	6/18/2024 4:00:46 PM
6/18/2024 4:00:46 PM - Inserir Historico IMLYB202312001BR
6/18/2024 4:00:46 PM - Insert with success IMLYB202312001BR
IMLYB202403002BR	BDPBRSAO_20240618160049000008_01.xml	6/18/2024 4:07:03 PM
6/18/2024 4:07:03 PM - Inserir Historico IMLYB202403002BR
6/18/2024 4:07:03 PM - Insert with success IMLYB202403002BR
IMLYB202403002BR	BDPBRSAO_20240618161044000002_01.xml	6/18/2024 4:17:30 PM
6/18/2024 4:17:30 PM - Inserir Historico IMLYB202403002BR
6/18/2024 4:17:31 PM - Insert with success IMLYB202403002BR
IMOXT202312001BR	BDPBRSAO_20240618162418000002_01.xml	6/18/2024 4:25:45 PM
6/18/2024 4:25:45 PM - Inserir Historico IMOXT202312001BR
6/18/2024 4:25:45 PM - Insert with success IMOXT202312001BR
IAATL202309033BR	BDPBRSAO_20240618162548000003_01.xml	6/18/2024 4:26:10 PM
6/18/2024 4:26:10 PM - Inserir Historico IAATL202309033BR
6/18/2024 4:26:10 PM - Insert with success IAATL202309033BR
EMBCB202309001BR	BDPBRSAO_20240618162612000004_01.xml	6/18/2024 4:26:54 PM
6/18/2024 4:26:54 PM - Inserir Historico EMBCB202309001BR
6/18/2024 4:26:54 PM - Insert with success EMBCB202309001BR
EMCSR202301097BR	BDPBRSAO_20240618162656000005_01.xml	6/18/2024 4:27:28 PM
6/18/2024 4:27:28 PM - Inserir Historico EMCSR202301097BR
6/18/2024 4:27:29 PM - Insert with success EMCSR202301097BR
EMCSR202302006BR	BDPBRSAO_20240618162731000006_01.xml	6/18/2024 4:28:03 PM
6/18/2024 4:28:03 PM - Inserir Historico EMCSR202302006BR
6/18/2024 4:28:03 PM - Insert with success EMCSR202302006BR
EMCSR202304010BR	BDPBRSAO_20240618162806000007_01.xml	6/18/2024 4:28:41 PM
6/18/2024 4:28:41 PM - Inserir Historico EMCSR202304010BR
6/18/2024 4:28:41 PM - Insert with success EMCSR202304010BR
EMCSR202304051BR	BDPBRSAO_20240618162843000008_01.xml	6/18/2024 4:29:20 PM
6/18/2024 4:29:20 PM - Inserir Historico EMCSR202304051BR
6/18/2024 4:29:20 PM - Insert with success EMCSR202304051BR
