IAATL202306008BR	BDPBRSAO_20230619105935000002_01.xml	19/06/2023 10:59:59
19/06/2023 11:00:00 - Inserir Historico IAATL202306008BR
19/06/2023 11:00:01 - Insert with success IAATL202306008BR
IACSR202306001BR	BDPBRSAO_20230619110034000003_01.xml	19/06/2023 11:00:58
19/06/2023 11:00:58 - Inserir Historico IACSR202306001BR
19/06/2023 11:00:59 - Insert with success IACSR202306001BR
IACSR202306002BR	BDPBRSAO_20230619110124000004_01.xml	19/06/2023 11:01:47
19/06/2023 11:01:47 - Inserir Historico IACSR202306002BR
19/06/2023 11:01:48 - Insert with success IACSR202306002BR
IACSR202306003BR	BDPBRSAO_20230619110240000005_01.xml	19/06/2023 11:03:03
19/06/2023 11:03:03 - Inserir Historico IACSR202306003BR
19/06/2023 11:03:04 - Insert with success IACSR202306003BR
IACSR202306004BR	BDPBRSAO_20230619110306000006_01.xml	19/06/2023 11:03:29
19/06/2023 11:03:29 - Inserir Historico IACSR202306004BR
19/06/2023 11:03:29 - Insert with success IACSR202306004BR
IACSR202306005BR	BDPBRSAO_20230619110331000007_01.xml	19/06/2023 11:03:55
19/06/2023 11:03:55 - Inserir Historico IACSR202306005BR
19/06/2023 11:03:55 - Insert with success IACSR202306005BR
IAATL202306009BR	BDPBRSAO_20230619110357000008_01.xml	19/06/2023 11:04:19
19/06/2023 11:04:19 - Inserir Historico IAATL202306009BR
19/06/2023 11:04:20 - Insert with success IAATL202306009BR
EMCSR202306001BR	BDPBRSAO_20230619110422000009_01.xml	19/06/2023 11:04:53
19/06/2023 11:04:53 - Inserir Historico EMCSR202306001BR
19/06/2023 11:04:54 - Insert with success EMCSR202306001BR
EMCSR202306002BR	BDPBRSAO_20230619110456000010_01.xml	19/06/2023 11:05:27
19/06/2023 11:05:27 - Inserir Historico EMCSR202306002BR
19/06/2023 11:05:28 - Insert with success EMCSR202306002BR
EMCSR202306003BR	BDPBRSAO_20230619110530000011_01.xml	19/06/2023 11:06:00
19/06/2023 11:06:00 - Inserir Historico EMCSR202306003BR
19/06/2023 11:06:01 - Insert with success EMCSR202306003BR
EMCSR202306004BR	BDPBRSAO_20230619110603000012_01.xml	19/06/2023 11:06:33
19/06/2023 11:06:33 - Inserir Historico EMCSR202306004BR
19/06/2023 11:06:34 - Insert with success EMCSR202306004BR
EMCSR202306005BR	BDPBRSAO_20230619110636000013_01.xml	19/06/2023 11:07:08
19/06/2023 11:07:08 - Inserir Historico EMCSR202306005BR
19/06/2023 11:07:09 - Insert with success EMCSR202306005BR
EMCSR202306006BR	BDPBRSAO_20230619110711000014_01.xml	19/06/2023 11:07:41
19/06/2023 11:07:41 - Inserir Historico EMCSR202306006BR
19/06/2023 11:07:42 - Insert with success EMCSR202306006BR
EMCSR202306007BR	BDPBRSAO_20230619110744000015_01.xml	19/06/2023 11:08:15
19/06/2023 11:08:15 - Inserir Historico EMCSR202306007BR
19/06/2023 11:08:15 - Insert with success EMCSR202306007BR
EMCSR202306008BR	BDPBRSAO_20230619110817000016_01.xml	19/06/2023 11:08:48
19/06/2023 11:08:48 - Inserir Historico EMCSR202306008BR
19/06/2023 11:08:48 - Insert with success EMCSR202306008BR
EMCSR202306009BR	BDPBRSAO_20230619110850000017_01.xml	19/06/2023 11:09:20
19/06/2023 11:09:20 - Inserir Historico EMCSR202306009BR
19/06/2023 11:09:20 - Insert with success EMCSR202306009BR
EMCSR202306010BR	BDPBRSAO_20230619110923000018_01.xml	19/06/2023 11:09:53
19/06/2023 11:09:53 - Inserir Historico EMCSR202306010BR
19/06/2023 11:09:53 - Insert with success EMCSR202306010BR
EMCSR202306011BR	BDPBRSAO_20230619110955000019_01.xml	19/06/2023 11:10:43
19/06/2023 11:10:43 - Inserir Historico EMCSR202306011BR
19/06/2023 11:10:44 - Insert with success EMCSR202306011BR
EMCSR202306012BR	BDPBRSAO_20230619111046000020_01.xml	19/06/2023 11:11:16
19/06/2023 11:11:16 - Inserir Historico EMCSR202306012BR
19/06/2023 11:11:17 - Insert with success EMCSR202306012BR
EMCSR202306013BR	BDPBRSAO_20230619111119000021_01.xml	19/06/2023 11:12:00
19/06/2023 11:12:00 - Inserir Historico EMCSR202306013BR
19/06/2023 11:12:01 - Insert with success EMCSR202306013BR
EMCSR202306014BR	BDPBRSAO_20230619111203000022_01.xml	19/06/2023 11:12:35
19/06/2023 11:12:35 - Inserir Historico EMCSR202306014BR
19/06/2023 11:12:35 - Insert with success EMCSR202306014BR
EMCSR202306015BR	BDPBRSAO_20230619111238000023_01.xml	19/06/2023 11:13:08
19/06/2023 11:13:08 - Inserir Historico EMCSR202306015BR
19/06/2023 11:13:08 - Insert with success EMCSR202306015BR
EMCSR202306016BR	BDPBRSAO_20230619111310000024_01.xml	19/06/2023 11:13:41
19/06/2023 11:13:41 - Inserir Historico EMCSR202306016BR
19/06/2023 11:13:41 - Insert with success EMCSR202306016BR
EMCSR202306017BR	BDPBRSAO_20230619111343000025_01.xml	19/06/2023 11:14:13
19/06/2023 11:14:13 - Inserir Historico EMCSR202306017BR
19/06/2023 11:14:13 - Insert with success EMCSR202306017BR
EMCSR202306018BR	BDPBRSAO_20230619111415000026_01.xml	19/06/2023 11:14:44
19/06/2023 11:14:44 - Inserir Historico EMCSR202306018BR
19/06/2023 11:14:44 - Insert with success EMCSR202306018BR
EMCSR202306019BR	BDPBRSAO_20230619111447000027_01.xml	19/06/2023 11:15:18
19/06/2023 11:15:18 - Inserir Historico EMCSR202306019BR
19/06/2023 11:15:19 - Insert with success EMCSR202306019BR
EMCSR202306020BR	BDPBRSAO_20230619111521000028_01.xml	19/06/2023 11:15:52
19/06/2023 11:15:52 - Inserir Historico EMCSR202306020BR
19/06/2023 11:15:52 - Insert with success EMCSR202306020BR
