IMCTV202107054BR	BDPBRSAO_20211108133125000002_01.xml	08/11/2021 13:36:47
08/11/2021 13:36:47 - Inserir Historico IMCTV202107054BR
08/11/2021 13:36:47 - Insert with success IMCTV202107054BR
IMCTV202109012BR	BDPBRSAO_20211108133656000003_01.xml	08/11/2021 13:39:20
08/11/2021 13:39:20 - Inserir Historico IMCTV202109012BR
08/11/2021 13:39:20 - Insert with success IMCTV202109012BR
IMEAS202108031BR	BDPBRSAO_20211108133923000004_01.xml	08/11/2021 13:40:02
08/11/2021 13:40:02 - Inserir Historico IMEAS202108031BR
08/11/2021 13:40:03 - Insert with success IMEAS202108031BR
IMLYB202107001BR	BDPBRSAO_20211108134005000005_01.xml	08/11/2021 13:40:44
08/11/2021 13:40:44 - Inserir Historico IMLYB202107001BR
08/11/2021 13:40:45 - Insert with success IMLYB202107001BR
IMNBS202110006BR	BDPBRSAO_20211108134047000006_01.xml	08/11/2021 13:41:26
08/11/2021 13:41:26 - Inserir Historico IMNBS202110006BR
08/11/2021 13:41:26 - Insert with success IMNBS202110006BR
IMNBS202110007BR	BDPBRSAO_20211108134129000007_01.xml	08/11/2021 13:42:07
08/11/2021 13:42:07 - Inserir Historico IMNBS202110007BR
08/11/2021 13:42:07 - Insert with success IMNBS202110007BR
IMSLA202107076BR	BDPBRSAO_20211108134210000008_01.xml	08/11/2021 13:42:49
08/11/2021 13:42:49 - Inserir Historico IMSLA202107076BR
08/11/2021 13:42:50 - Insert with success IMSLA202107076BR
IMSLA202107077BR	BDPBRSAO_20211108134252000009_01.xml	08/11/2021 13:43:31
08/11/2021 13:43:31 - Inserir Historico IMSLA202107077BR
08/11/2021 13:43:32 - Insert with success IMSLA202107077BR
IMSLA202107080BR	BDPBRSAO_20211108134334000010_01.xml	08/11/2021 13:44:13
08/11/2021 13:44:13 - Inserir Historico IMSLA202107080BR
08/11/2021 13:44:14 - Insert with success IMSLA202107080BR
IMSLA202107085BR	BDPBRSAO_20211108134416000011_01.xml	08/11/2021 13:44:54
08/11/2021 13:44:54 - Inserir Historico IMSLA202107085BR
08/11/2021 13:44:55 - Insert with success IMSLA202107085BR
IMSLA202107086BR	BDPBRSAO_20211108134457000012_01.xml	08/11/2021 13:45:36
08/11/2021 13:45:36 - Inserir Historico IMSLA202107086BR
08/11/2021 13:45:36 - Insert with success IMSLA202107086BR
IMSLA202107087BR	BDPBRSAO_20211108134538000013_01.xml	08/11/2021 13:46:17
08/11/2021 13:46:17 - Inserir Historico IMSLA202107087BR
08/11/2021 13:46:17 - Insert with success IMSLA202107087BR
IMSLA202108007BR	BDPBRSAO_20211108134619000014_01.xml	08/11/2021 13:46:57
08/11/2021 13:46:57 - Inserir Historico IMSLA202108007BR
08/11/2021 13:46:58 - Insert with success IMSLA202108007BR
IMSLA202108008BR	BDPBRSAO_20211108134700000015_01.xml	08/11/2021 13:47:38
08/11/2021 13:47:38 - Inserir Historico IMSLA202108008BR
08/11/2021 13:47:39 - Insert with success IMSLA202108008BR
IMCBT202104006BR	BDPBRSAO_20211108134741000016_01.xml	08/11/2021 13:48:21
08/11/2021 13:48:21 - Inserir Historico IMCBT202104006BR
08/11/2021 13:48:21 - Insert with success IMCBT202104006BR
IMSLA202110026BR	BDPBRSAO_20211108134823000017_01.xml	08/11/2021 13:49:20
08/11/2021 13:49:20 - Inserir Historico IMSLA202110026BR
08/11/2021 13:49:21 - Insert with success IMSLA202110026BR
IMSOL202108006BR	BDPBRSAO_20211108134923000018_01.xml	08/11/2021 13:50:02
08/11/2021 13:50:02 - Inserir Historico IMSOL202108006BR
08/11/2021 13:50:03 - Insert with success IMSOL202108006BR
IMSPC202106007BR	BDPBRSAO_20211108135005000019_01.xml	08/11/2021 13:50:43
08/11/2021 13:50:43 - Inserir Historico IMSPC202106007BR
08/11/2021 13:50:44 - Insert with success IMSPC202106007BR
IMSPC202110001BR	BDPBRSAO_20211108135046000020_01.xml	08/11/2021 13:51:57
08/11/2021 13:51:57 - Inserir Historico IMSPC202110001BR
08/11/2021 13:51:57 - Insert with success IMSPC202110001BR
IMCBT202105010BR	BDPBRSAO_20211108135159000021_01.xml	08/11/2021 13:52:38
08/11/2021 13:52:38 - Inserir Historico IMCBT202105010BR
08/11/2021 13:52:39 - Insert with success IMCBT202105010BR
IMSPC202110004BR	BDPBRSAO_20211108135241000022_01.xml	08/11/2021 13:53:18
08/11/2021 13:53:18 - Inserir Historico IMSPC202110004BR
08/11/2021 13:53:19 - Insert with success IMSPC202110004BR
IMSPC202110020BR	BDPBRSAO_20211108135321000023_01.xml	08/11/2021 13:54:03
08/11/2021 13:54:03 - Inserir Historico IMSPC202110020BR
08/11/2021 13:54:04 - Insert with success IMSPC202110020BR
IMSWB202107005BR	BDPBRSAO_20211108135406000024_01.xml	08/11/2021 13:54:43
08/11/2021 13:54:43 - Inserir Historico IMSWB202107005BR
08/11/2021 13:54:44 - Insert with success IMSWB202107005BR
IMCBT202107005BR	BDPBRSAO_20211108135446000025_01.xml	08/11/2021 13:55:29
08/11/2021 13:55:29 - Inserir Historico IMCBT202107005BR
08/11/2021 13:55:30 - Insert with success IMCBT202107005BR
IMCTV202105238BR	BDPBRSAO_20211108135532000026_01.xml	08/11/2021 13:56:12
08/11/2021 13:56:13 - Inserir Historico IMCTV202105238BR
08/11/2021 13:56:13 - Insert with success IMCTV202105238BR
IMSWB202107122BR	BDPBRSAO_20211108135615000027_01.xml	08/11/2021 13:56:53
08/11/2021 13:56:53 - Inserir Historico IMSWB202107122BR
08/11/2021 13:56:53 - Insert with success IMSWB202107122BR
IMSWB202108005BR	BDPBRSAO_20211108135656000028_01.xml	08/11/2021 13:57:57
08/11/2021 13:57:57 - Inserir Historico IMSWB202108005BR
08/11/2021 13:57:58 - Insert with success IMSWB202108005BR
IMSWB202108041BR	BDPBRSAO_20211108135800000029_01.xml	08/11/2021 13:58:39
08/11/2021 13:58:39 - Inserir Historico IMSWB202108041BR
08/11/2021 13:58:39 - Insert with success IMSWB202108041BR
IMCBT202106016BR	BDPBRSAO_20211108140651000030_01.xml	08/11/2021 14:07:35
08/11/2021 14:07:35 - Inserir Historico IMCBT202106016BR
08/11/2021 14:07:35 - Insert with success IMCBT202106016BR
IMSWB202109022BR	BDPBRSAO_20211108140738000031_01.xml	08/11/2021 14:08:19
08/11/2021 14:08:19 - Inserir Historico IMSWB202109022BR
08/11/2021 14:08:19 - Insert with success IMSWB202109022BR
IMUPL201701051BR	BDPBRSAO_20211108140821000032_01.xml	08/11/2021 14:10:03
08/11/2021 14:10:03 - Inserir Historico IMUPL201701051BR
08/11/2021 14:10:04 - Insert with success IMUPL201701051BR
IMCBT202106019BR	BDPBRSAO_20211108141006000033_01.xml	08/11/2021 14:10:48
08/11/2021 14:10:48 - Inserir Historico IMCBT202106019BR
08/11/2021 14:10:49 - Insert with success IMCBT202106019BR
IMCBT202106033BR	BDPBRSAO_20211108141051000034_01.xml	08/11/2021 14:11:48
08/11/2021 14:11:48 - Inserir Historico IMCBT202106033BR
08/11/2021 14:11:49 - Insert with success IMCBT202106033BR
IMCBT202107001BR	BDPBRSAO_20211108141151000035_01.xml	08/11/2021 14:14:24
08/11/2021 14:14:24 - Inserir Historico IMCBT202107001BR
08/11/2021 14:14:25 - Insert with success IMCBT202107001BR
IMCBT202107006BR	BDPBRSAO_20211108141427000036_01.xml	08/11/2021 14:15:50
08/11/2021 14:15:50 - Inserir Historico IMCBT202107006BR
08/11/2021 14:15:51 - Insert with success IMCBT202107006BR
IMCBT202107015BR	BDPBRSAO_20211108141553000037_01.xml	08/11/2021 14:16:35
08/11/2021 14:16:35 - Inserir Historico IMCBT202107015BR
08/11/2021 14:16:35 - Insert with success IMCBT202107015BR
IMSWB202107089BR	BDPBRSAO_20211108141638000038_01.xml	08/11/2021 14:17:19
08/11/2021 14:17:19 - Inserir Historico IMSWB202107089BR
08/11/2021 14:17:20 - Insert with success IMSWB202107089BR
IMCBT202107022BR	BDPBRSAO_20211108141722000039_01.xml	08/11/2021 14:18:03
08/11/2021 14:18:03 - Inserir Historico IMCBT202107022BR
08/11/2021 14:18:04 - Insert with success IMCBT202107022BR
EMSOL202109015BR	BDPBRSAO_20211108141806000040_01.xml	08/11/2021 14:18:47
08/11/2021 14:18:47 - Inserir Historico EMSOL202109015BR
08/11/2021 14:18:47 - Insert with success EMSOL202109015BR
IMCBT202107016BR	BDPBRSAO_20211108141849000041_01.xml	08/11/2021 14:19:32
08/11/2021 14:19:32 - Inserir Historico IMCBT202107016BR
08/11/2021 14:19:32 - Insert with success IMCBT202107016BR
EMSOL202109016BR	BDPBRSAO_20211108141935000042_01.xml	08/11/2021 14:20:15
08/11/2021 14:20:15 - Inserir Historico EMSOL202109016BR
08/11/2021 14:20:16 - Insert with success EMSOL202109016BR
IMCBT202107021BR	BDPBRSAO_20211108142018000043_01.xml	08/11/2021 14:20:58
08/11/2021 14:20:58 - Inserir Historico IMCBT202107021BR
08/11/2021 14:20:59 - Insert with success IMCBT202107021BR
IMCBT202107024BR	BDPBRSAO_20211108142101000044_01.xml	08/11/2021 14:21:44
08/11/2021 14:21:44 - Inserir Historico IMCBT202107024BR
08/11/2021 14:21:44 - Insert with success IMCBT202107024BR
IMSWB202108170BR	BDPBRSAO_20211108142148000045_01.xml	08/11/2021 14:22:29
08/11/2021 14:22:29 - Inserir Historico IMSWB202108170BR
08/11/2021 14:22:29 - Insert with success IMSWB202108170BR
EMCBE202108001BR	BDPBRSAO_20211108142232000046_01.xml	08/11/2021 14:23:14
08/11/2021 14:23:14 - Inserir Historico EMCBE202108001BR
08/11/2021 14:23:14 - Insert with success EMCBE202108001BR
EMSOL202109019BR	BDPBRSAO_20211108142316000047_01.xml	08/11/2021 14:24:14
08/11/2021 14:24:14 - Inserir Historico EMSOL202109019BR
08/11/2021 14:24:15 - Insert with success EMSOL202109019BR
EMSOL202110001BR	BDPBRSAO_20211108142417000048_01.xml	08/11/2021 14:25:00
08/11/2021 14:25:00 - Inserir Historico EMSOL202110001BR
08/11/2021 14:25:01 - Insert with success EMSOL202110001BR
EOSOL202111004BR	BDPBRSAO_20211108142503000049_01.xml	08/11/2021 14:25:53
08/11/2021 14:25:53 - Inserir Historico EOSOL202111004BR
08/11/2021 14:25:54 - Insert with success EOSOL202111004BR
IMCTV202104177BR	BDPBRSAO_20211108142556000050_01.xml	08/11/2021 14:26:39
08/11/2021 14:26:39 - Inserir Historico IMCTV202104177BR
08/11/2021 14:26:39 - Insert with success IMCTV202104177BR
IMSWB202109046BR	BDPBRSAO_20211108142642000051_01.xml	08/11/2021 14:27:21
08/11/2021 14:27:21 - Inserir Historico IMSWB202109046BR
08/11/2021 14:27:22 - Insert with success IMSWB202109046BR
EONBS202111001BR	BDPBRSAO_20211108142725000052_01.xml	08/11/2021 14:28:00
08/11/2021 14:28:00 - Inserir Historico EONBS202111001BR
08/11/2021 14:28:00 - Insert with success EONBS202111001BR
IMSWB202104124BR	BDPBRSAO_20211108142803000053_01.xml	08/11/2021 14:28:45
08/11/2021 14:28:45 - Inserir Historico IMSWB202104124BR
08/11/2021 14:28:46 - Insert with success IMSWB202104124BR
IMATN202111006BR	BDPBRSAO_20211108142849000054_01.xml	08/11/2021 14:29:41
08/11/2021 14:29:41 - Inserir Historico IMATN202111006BR
08/11/2021 14:29:42 - Insert with success IMATN202111006BR
IACBT202110003BR	BDPBRSAO_20211108142944000055_01.xml	08/11/2021 15:02:27
08/11/2021 15:02:27 - Inserir Historico IACBT202110003BR
08/11/2021 15:02:28 - Insert with success IACBT202110003BR
IACSR202110011BR	BDPBRSAO_20211108150230000056_01.xml	08/11/2021 15:03:09
08/11/2021 15:03:09 - Inserir Historico IACSR202110011BR
08/11/2021 15:03:09 - Insert with success IACSR202110011BR
