EMARG202102019AR	BDPARBUE_20210406112208000002_01.xml	06/04/2021 11:29:33
06/04/2021 11:29:33 - Inserir Historico EMARG202102019AR
06/04/2021 11:29:33 - Insert with success EMARG202102019AR
EMARG202103045AR	BDPARBUE_20210406112950000003_01.xml	06/04/2021 11:31:59
06/04/2021 11:31:59 - Inserir Historico EMARG202103045AR
06/04/2021 11:31:59 - Insert with success EMARG202103045AR
EMARG202103010AR	BDPARBUE_20210406113203000004_01.xml	06/04/2021 11:33:35
06/04/2021 11:33:35 - Inserir Historico EMARG202103010AR
06/04/2021 11:33:36 - Insert with success EMARG202103010AR
EMARG202103123AR	BDPARBUE_20210406113340000005_01.xml	06/04/2021 11:36:30
06/04/2021 11:36:30 - Inserir Historico EMARG202103123AR
06/04/2021 11:36:30 - Insert with success EMARG202103123AR
EMCSR202102073BR	BDPBRSAO_20210406121300000002_01.xml	06/04/2021 12:14:26
06/04/2021 12:14:26 - Inserir Historico EMCSR202102073BR
06/04/2021 12:14:28 - Insert with success EMCSR202102073BR
EMCSR202103100BR	BDPBRSAO_20210406121430000003_01.xml	06/04/2021 12:15:14
06/04/2021 12:15:14 - Inserir Historico EMCSR202103100BR
06/04/2021 12:15:16 - Insert with success EMCSR202103100BR
EMCSR202102073BR	BDPBRSAO_20210406122149000002_01.xml	06/04/2021 12:22:40
06/04/2021 12:22:40 - Inserir Historico EMCSR202102073BR
06/04/2021 12:22:43 - Insert with success EMCSR202102073BR
EMCSR202103100BR	BDPBRSAO_20210406122246000003_01.xml	06/04/2021 12:23:41
06/04/2021 12:23:42 - Inserir Historico EMCSR202103100BR
06/04/2021 12:23:44 - Insert with success EMCSR202103100BR
EMCSR202103152BR	BDPBRSAO_20210406122348000004_01.xml	06/04/2021 12:25:37
06/04/2021 12:25:38 - Inserir Historico EMCSR202103152BR
06/04/2021 12:25:56 - Insert with success EMCSR202103152BR
EMCSR202101093BR	BDPBRSAO_20210406122558000005_01.xml	06/04/2021 12:27:06
06/04/2021 12:27:06 - Inserir Historico EMCSR202101093BR
06/04/2021 12:27:08 - Insert with success EMCSR202101093BR
EMCSR202103131BR	BDPBRSAO_20210406122711000006_01.xml	06/04/2021 12:27:38
06/04/2021 12:27:38 - Inserir Historico EMCSR202103131BR
06/04/2021 12:27:39 - Insert with success EMCSR202103131BR
EMCSR202012010BR	BDPBRSAO_20210406122742000007_01.xml	06/04/2021 12:28:19
06/04/2021 12:28:19 - Inserir Historico EMCSR202012010BR
06/04/2021 12:28:20 - Insert with success EMCSR202012010BR
EMCSR202101033BR	BDPBRSAO_20210406122823000008_01.xml	06/04/2021 12:29:02
06/04/2021 12:29:02 - Inserir Historico EMCSR202101033BR
06/04/2021 12:29:03 - Insert with success EMCSR202101033BR
EMCSR202102011BR	BDPBRSAO_20210406122906000009_01.xml	06/04/2021 12:30:42
06/04/2021 12:30:42 - Inserir Historico EMCSR202102011BR
06/04/2021 12:30:44 - Insert with success EMCSR202102011BR
EMCSR202102074BR	BDPBRSAO_20210406123047000010_01.xml	06/04/2021 12:31:33
06/04/2021 12:31:33 - Inserir Historico EMCSR202102074BR
06/04/2021 12:31:36 - Insert with success EMCSR202102074BR
EMCSR202102100BR	BDPBRSAO_20210406123138000011_01.xml	06/04/2021 12:32:58
06/04/2021 12:32:58 - Inserir Historico EMCSR202102100BR
06/04/2021 12:33:01 - Insert with success EMCSR202102100BR
EMCSR202102067BR	BDPBRSAO_20210406123303000012_01.xml	06/04/2021 12:33:46
06/04/2021 12:33:46 - Inserir Historico EMCSR202102067BR
06/04/2021 12:33:47 - Insert with success EMCSR202102067BR
EMCSR202103128BR	BDPBRSAO_20210406123350000013_01.xml	06/04/2021 12:34:31
06/04/2021 12:34:31 - Inserir Historico EMCSR202103128BR
06/04/2021 12:34:32 - Insert with success EMCSR202103128BR
EMCSR202103158BR	BDPBRSAO_20210406123435000014_01.xml	06/04/2021 12:35:12
06/04/2021 12:35:12 - Inserir Historico EMCSR202103158BR
06/04/2021 12:35:16 - Insert with success EMCSR202103158BR
EMCSR202012055BR	BDPBRSAO_20210406123520000015_01.xml	06/04/2021 12:37:56
06/04/2021 12:37:56 - Inserir Historico EMCSR202012055BR
06/04/2021 12:37:57 - Insert with success EMCSR202012055BR
EMCSR202103156BR	BDPBRSAO_20210406123800000016_01.xml	06/04/2021 12:38:35
06/04/2021 12:38:35 - Inserir Historico EMCSR202103156BR
06/04/2021 12:38:36 - Insert with success EMCSR202103156BR
EMCSR202104002BR	BDPBRSAO_20210406123839000017_01.xml	06/04/2021 12:39:17
06/04/2021 12:39:17 - Inserir Historico EMCSR202104002BR
06/04/2021 12:39:19 - Insert with success EMCSR202104002BR
EMCSR202012073BR	BDPBRSAO_20210406123921000018_01.xml	06/04/2021 12:42:58
06/04/2021 12:42:58 - Inserir Historico EMCSR202012073BR
06/04/2021 12:43:00 - Insert with success EMCSR202012073BR
EMCSR202103147BR	BDPBRSAO_20210406124302000019_01.xml	06/04/2021 12:43:33
06/04/2021 12:43:33 - Inserir Historico EMCSR202103147BR
06/04/2021 12:44:21 - Insert with success EMCSR202103147BR
EMCSR202011067BR	BDPBRSAO_20210406124423000020_01.xml	06/04/2021 12:46:37
06/04/2021 12:46:38 - Inserir Historico EMCSR202011067BR
06/04/2021 12:46:40 - Insert with success EMCSR202011067BR
EMCSR202102051BR	BDPBRSAO_20210406124642000021_01.xml	06/04/2021 12:47:25
06/04/2021 12:47:25 - Inserir Historico EMCSR202102051BR
06/04/2021 12:47:27 - Insert with success EMCSR202102051BR
EMCSR202103031BR	BDPBRSAO_20210406124730000022_01.xml	06/04/2021 12:48:01
06/04/2021 12:48:01 - Inserir Historico EMCSR202103031BR
06/04/2021 12:48:03 - Insert with success EMCSR202103031BR
EMCSR202103141BR	BDPBRSAO_20210406124805000023_01.xml	06/04/2021 12:48:45
06/04/2021 12:48:45 - Inserir Historico EMCSR202103141BR
06/04/2021 12:48:47 - Insert with success EMCSR202103141BR
EMCSR202101153BR	BDPBRSAO_20210406124849000024_01.xml	06/04/2021 12:49:31
06/04/2021 12:49:31 - Inserir Historico EMCSR202101153BR
06/04/2021 12:49:35 - Insert with success EMCSR202101153BR
EMCSR202102019BR	BDPBRSAO_20210406124937000025_01.xml	06/04/2021 12:50:20
06/04/2021 12:50:20 - Inserir Historico EMCSR202102019BR
06/04/2021 12:50:22 - Insert with success EMCSR202102019BR
EMCSR202103014BR	BDPBRSAO_20210406125025000026_01.xml	06/04/2021 12:51:06
06/04/2021 12:51:06 - Inserir Historico EMCSR202103014BR
06/04/2021 12:51:09 - Insert with success EMCSR202103014BR
EMCSR202102086BR	BDPBRSAO_20210406125112000027_01.xml	06/04/2021 12:51:58
06/04/2021 12:51:58 - Inserir Historico EMCSR202102086BR
06/04/2021 12:52:02 - Insert with success EMCSR202102086BR
EMCSR202103051BR	BDPBRSAO_20210406125205000028_01.xml	06/04/2021 12:54:00
06/04/2021 12:54:00 - Inserir Historico EMCSR202103051BR
06/04/2021 12:54:02 - Insert with success EMCSR202103051BR
EMCSR202012061BR	BDPBRSAO_20210406125404000029_01.xml	06/04/2021 12:56:43
06/04/2021 12:56:43 - Inserir Historico EMCSR202012061BR
06/04/2021 12:56:46 - Insert with success EMCSR202012061BR
EMCSR202103041BR	BDPBRSAO_20210406125649000030_01.xml	06/04/2021 12:58:42
06/04/2021 12:58:42 - Inserir Historico EMCSR202103041BR
06/04/2021 12:58:43 - Insert with success EMCSR202103041BR
EMCSR202102022BR	BDPBRSAO_20210406125846000031_01.xml	06/04/2021 12:59:27
06/04/2021 12:59:27 - Inserir Historico EMCSR202102022BR
06/04/2021 12:59:29 - Insert with success EMCSR202102022BR
EMCSR202103109BR	BDPBRSAO_20210406125933000032_01.xml	06/04/2021 13:00:23
06/04/2021 13:00:23 - Inserir Historico EMCSR202103109BR
06/04/2021 13:00:26 - Insert with success EMCSR202103109BR
EMCSR202104022BR	BDPBRSAO_20210406130029000033_01.xml	06/04/2021 13:01:07
06/04/2021 13:01:08 - Inserir Historico EMCSR202104022BR
06/04/2021 13:01:10 - Insert with success EMCSR202104022BR
EMCSR202102049BR	BDPBRSAO_20210406130112000034_01.xml	06/04/2021 13:02:45
06/04/2021 13:02:45 - Inserir Historico EMCSR202102049BR
06/04/2021 13:02:48 - Insert with success EMCSR202102049BR
EMCSR202103102BR	BDPBRSAO_20210406130250000035_01.xml	06/04/2021 13:03:27
06/04/2021 13:03:27 - Inserir Historico EMCSR202103102BR
06/04/2021 13:03:29 - Insert with success EMCSR202103102BR
EMCSR202103018BR	BDPBRSAO_20210406130332000036_01.xml	06/04/2021 13:04:11
06/04/2021 13:04:11 - Inserir Historico EMCSR202103018BR
06/04/2021 13:04:13 - Insert with success EMCSR202103018BR
EMCSR202102075BR	BDPBRSAO_20210406130416000037_01.xml	06/04/2021 13:04:56
06/04/2021 13:04:56 - Inserir Historico EMCSR202102075BR
06/04/2021 13:04:59 - Insert with success EMCSR202102075BR
EMCSR202102047BR	BDPBRSAO_20210406130501000038_01.xml	06/04/2021 13:07:20
06/04/2021 13:07:20 - Inserir Historico EMCSR202102047BR
06/04/2021 13:07:22 - Insert with success EMCSR202102047BR
EMCSR202103006BR	BDPBRSAO_20210406130724000039_01.xml	06/04/2021 13:08:06
06/04/2021 13:08:06 - Inserir Historico EMCSR202103006BR
06/04/2021 13:08:08 - Insert with success EMCSR202103006BR
EMCSR202101162BR	BDPBRSAO_20210406130810000040_01.xml	06/04/2021 13:08:49
06/04/2021 13:08:49 - Inserir Historico EMCSR202101162BR
06/04/2021 13:08:50 - Insert with success EMCSR202101162BR
EMCSR202104014BR	BDPBRSAO_20210406130852000041_01.xml	06/04/2021 13:09:31
06/04/2021 13:09:31 - Inserir Historico EMCSR202104014BR
06/04/2021 13:09:33 - Insert with success EMCSR202104014BR
EMCSR202101160BR	BDPBRSAO_20210406130935000042_01.xml	06/04/2021 13:10:18
06/04/2021 13:10:18 - Inserir Historico EMCSR202101160BR
06/04/2021 13:10:20 - Insert with success EMCSR202101160BR
EMCSR202104020BR	BDPBRSAO_20210406131023000043_01.xml	06/04/2021 13:10:54
06/04/2021 13:10:54 - Inserir Historico EMCSR202104020BR
06/04/2021 13:10:56 - Insert with success EMCSR202104020BR
EMCSR202103154BR	BDPBRSAO_20210406131059000044_01.xml	06/04/2021 13:11:41
06/04/2021 13:11:41 - Inserir Historico EMCSR202103154BR
06/04/2021 13:11:43 - Insert with success EMCSR202103154BR
EMCSR202012014BR	BDPBRSAO_20210406131145000045_01.xml	06/04/2021 13:12:33
06/04/2021 13:12:33 - Inserir Historico EMCSR202012014BR
06/04/2021 13:12:37 - Insert with success EMCSR202012014BR
EMCSR202101103BR	BDPBRSAO_20210406131239000046_01.xml	06/04/2021 13:15:52
06/04/2021 13:15:52 - Inserir Historico EMCSR202101103BR
06/04/2021 13:15:53 - Insert with success EMCSR202101103BR
EMCSR202104021BR	BDPBRSAO_20210406131556000047_01.xml	06/04/2021 13:16:31
06/04/2021 13:16:31 - Inserir Historico EMCSR202104021BR
06/04/2021 13:16:33 - Insert with success EMCSR202104021BR
EMCSR202101001BR	BDPBRSAO_20210406131636000048_01.xml	06/04/2021 13:17:22
06/04/2021 13:17:22 - Inserir Historico EMCSR202101001BR
06/04/2021 13:17:24 - Insert with success EMCSR202101001BR
EMCSR202101086BR	BDPBRSAO_20210406131726000049_01.xml	06/04/2021 13:18:06
06/04/2021 13:18:06 - Inserir Historico EMCSR202101086BR
06/04/2021 13:18:07 - Insert with success EMCSR202101086BR
EMCSR202103025BR	BDPBRSAO_20210406131810000050_01.xml	06/04/2021 13:18:57
06/04/2021 13:18:57 - Inserir Historico EMCSR202103025BR
06/04/2021 13:18:58 - Insert with success EMCSR202103025BR
EMCSR202102016BR	BDPBRSAO_20210406131900000051_01.xml	06/04/2021 13:19:35
06/04/2021 13:19:35 - Inserir Historico EMCSR202102016BR
06/04/2021 13:19:36 - Insert with success EMCSR202102016BR
EMCSR202104009BR	BDPBRSAO_20210406131939000052_01.xml	06/04/2021 13:20:08
06/04/2021 13:20:08 - Inserir Historico EMCSR202104009BR
06/04/2021 13:20:10 - Insert with success EMCSR202104009BR
EMCSR202103129BR	BDPBRSAO_20210406132013000053_01.xml	06/04/2021 13:20:48
06/04/2021 13:20:48 - Inserir Historico EMCSR202103129BR
06/04/2021 13:20:51 - Insert with success EMCSR202103129BR
EMCSR202102059BR	BDPBRSAO_20210406132054000054_01.xml	06/04/2021 13:21:38
06/04/2021 13:21:38 - Inserir Historico EMCSR202102059BR
06/04/2021 13:21:40 - Insert with success EMCSR202102059BR
EMCSR202102066BR	BDPBRSAO_20210406132144000055_01.xml	06/04/2021 13:24:19
06/04/2021 13:24:19 - Inserir Historico EMCSR202102066BR
06/04/2021 13:24:20 - Insert with success EMCSR202102066BR
EMCSR202101114BR	BDPBRSAO_20210406132424000056_01.xml	06/04/2021 13:25:16
06/04/2021 13:25:16 - Inserir Historico EMCSR202101114BR
06/04/2021 13:25:19 - Insert with success EMCSR202101114BR
EMCSR202104023BR	BDPBRSAO_20210406132521000057_01.xml	06/04/2021 13:25:56
06/04/2021 13:25:56 - Inserir Historico EMCSR202104023BR
06/04/2021 13:26:13 - Insert with success EMCSR202104023BR
EMCSR202103146BR	BDPBRSAO_20210406132616000058_01.xml	06/04/2021 13:26:52
06/04/2021 13:26:52 - Inserir Historico EMCSR202103146BR
06/04/2021 13:26:54 - Insert with success EMCSR202103146BR
EMCSR202102098BR	BDPBRSAO_20210406132657000059_01.xml	06/04/2021 13:27:34
06/04/2021 13:27:34 - Inserir Historico EMCSR202102098BR
06/04/2021 13:27:35 - Insert with success EMCSR202102098BR
EMCSR202101111BR	BDPBRSAO_20210406132737000060_01.xml	06/04/2021 13:28:17
06/04/2021 13:28:17 - Inserir Historico EMCSR202101111BR
06/04/2021 13:28:18 - Insert with success EMCSR202101111BR
EMCSR202103111BR	BDPBRSAO_20210406132821000061_01.xml	06/04/2021 13:29:00
06/04/2021 13:29:00 - Inserir Historico EMCSR202103111BR
06/04/2021 13:29:01 - Insert with success EMCSR202103111BR
EMCSR202104013BR	BDPBRSAO_20210406132903000062_01.xml	06/04/2021 13:29:36
06/04/2021 13:29:36 - Inserir Historico EMCSR202104013BR
06/04/2021 13:29:45 - Insert with success EMCSR202104013BR
EMCSR202103107BR	BDPBRSAO_20210406132947000063_01.xml	06/04/2021 13:30:22
06/04/2021 13:30:23 - Inserir Historico EMCSR202103107BR
06/04/2021 13:30:25 - Insert with success EMCSR202103107BR
EMCSR202104018BR	BDPBRSAO_20210406133027000064_01.xml	06/04/2021 13:31:02
06/04/2021 13:31:02 - Inserir Historico EMCSR202104018BR
06/04/2021 13:31:03 - Insert with success EMCSR202104018BR
EMCSR202103120BR	BDPBRSAO_20210406133106000065_01.xml	06/04/2021 13:31:42
06/04/2021 13:31:42 - Inserir Historico EMCSR202103120BR
06/04/2021 13:31:43 - Insert with success EMCSR202103120BR
EMCSR202103072BR	BDPBRSAO_20210406133145000066_01.xml	06/04/2021 13:32:24
06/04/2021 13:32:24 - Inserir Historico EMCSR202103072BR
06/04/2021 13:32:25 - Insert with success EMCSR202103072BR
EMCSR202103140BR	BDPBRSAO_20210406133227000067_01.xml	06/04/2021 13:33:01
06/04/2021 13:33:01 - Inserir Historico EMCSR202103140BR
06/04/2021 13:33:02 - Insert with success EMCSR202103140BR
EMCSR202103067BR	BDPBRSAO_20210406133305000068_01.xml	06/04/2021 13:33:43
06/04/2021 13:33:43 - Inserir Historico EMCSR202103067BR
06/04/2021 13:33:44 - Insert with success EMCSR202103067BR
EMCSR202104015BR	BDPBRSAO_20210406133346000069_01.xml	06/04/2021 13:34:20
06/04/2021 13:34:20 - Inserir Historico EMCSR202104015BR
06/04/2021 13:34:22 - Insert with success EMCSR202104015BR
EMCSR202101101BR	BDPBRSAO_20210406133424000070_01.xml	06/04/2021 13:37:28
06/04/2021 13:37:28 - Inserir Historico EMCSR202101101BR
06/04/2021 13:37:30 - Insert with success EMCSR202101101BR
EMCSR202102034BR	BDPBRSAO_20210406133734000071_01.xml	06/04/2021 13:39:45
06/04/2021 13:39:45 - Inserir Historico EMCSR202102034BR
06/04/2021 13:39:46 - Insert with success EMCSR202102034BR
EMCSR202102057BR	BDPBRSAO_20210406133949000072_01.xml	06/04/2021 13:40:29
06/04/2021 13:40:29 - Inserir Historico EMCSR202102057BR
06/04/2021 13:40:31 - Insert with success EMCSR202102057BR
EMCSR202102099BR	BDPBRSAO_20210406134034000073_01.xml	06/04/2021 13:41:18
06/04/2021 13:41:18 - Inserir Historico EMCSR202102099BR
06/04/2021 13:41:20 - Insert with success EMCSR202102099BR
EMCSR202103001BR	BDPBRSAO_20210406134122000074_01.xml	06/04/2021 13:42:59
06/04/2021 13:42:59 - Inserir Historico EMCSR202103001BR
06/04/2021 13:43:00 - Insert with success EMCSR202103001BR
EMCSR202103079BR	BDPBRSAO_20210406134303000075_01.xml	06/04/2021 13:43:43
06/04/2021 13:43:43 - Inserir Historico EMCSR202103079BR
06/04/2021 13:43:45 - Insert with success EMCSR202103079BR
EMCSR202012011BR	BDPBRSAO_20210406134348000076_01.xml	06/04/2021 13:44:27
06/04/2021 13:44:27 - Inserir Historico EMCSR202012011BR
06/04/2021 13:44:29 - Insert with success EMCSR202012011BR
EMCSR202101115BR	BDPBRSAO_20210406134431000077_01.xml	06/04/2021 13:45:31
06/04/2021 13:45:31 - Inserir Historico EMCSR202101115BR
06/04/2021 13:45:33 - Insert with success EMCSR202101115BR
EMCSR202103010BR	BDPBRSAO_20210406134536000078_01.xml	06/04/2021 13:46:18
06/04/2021 13:46:18 - Inserir Historico EMCSR202103010BR
06/04/2021 13:46:21 - Insert with success EMCSR202103010BR
EMCSR202103104BR	BDPBRSAO_20210406134623000079_01.xml	06/04/2021 13:47:00
06/04/2021 13:47:00 - Inserir Historico EMCSR202103104BR
06/04/2021 13:47:01 - Insert with success EMCSR202103104BR
EMCSR202103071BR	BDPBRSAO_20210406134703000080_01.xml	06/04/2021 13:47:42
06/04/2021 13:47:42 - Inserir Historico EMCSR202103071BR
06/04/2021 13:47:44 - Insert with success EMCSR202103071BR
EMCSR202103028BR	BDPBRSAO_20210406134747000081_01.xml	06/04/2021 13:48:30
06/04/2021 13:48:30 - Inserir Historico EMCSR202103028BR
06/04/2021 13:48:31 - Insert with success EMCSR202103028BR
EMCSR202103124BR	BDPBRSAO_20210406134834000082_01.xml	06/04/2021 13:49:15
06/04/2021 13:49:15 - Inserir Historico EMCSR202103124BR
06/04/2021 13:49:17 - Insert with success EMCSR202103124BR
EMCSR202104005BR	BDPBRSAO_20210406134919000083_01.xml	06/04/2021 13:49:53
06/04/2021 13:49:53 - Inserir Historico EMCSR202104005BR
06/04/2021 13:49:55 - Insert with success EMCSR202104005BR
EMCSR202103121BR	BDPBRSAO_20210406134957000084_01.xml	06/04/2021 13:50:25
06/04/2021 13:50:25 - Inserir Historico EMCSR202103121BR
06/04/2021 13:50:27 - Insert with success EMCSR202103121BR
EMCSR202103160BR	BDPBRSAO_20210406135030000085_01.xml	06/04/2021 13:51:07
06/04/2021 13:51:07 - Inserir Historico EMCSR202103160BR
06/04/2021 13:51:09 - Insert with success EMCSR202103160BR
EMCSR202103122BR	BDPBRSAO_20210406135112000086_01.xml	06/04/2021 13:52:50
06/04/2021 13:52:50 - Inserir Historico EMCSR202103122BR
06/04/2021 13:52:52 - Insert with success EMCSR202103122BR
EMCSR202102002BR	BDPBRSAO_20210406135254000087_01.xml	06/04/2021 13:53:37
06/04/2021 13:53:37 - Inserir Historico EMCSR202102002BR
06/04/2021 13:53:39 - Insert with success EMCSR202102002BR
EMCSR202101045BR	BDPBRSAO_20210406135342000088_01.xml	06/04/2021 13:57:31
06/04/2021 13:57:31 - Inserir Historico EMCSR202101045BR
06/04/2021 13:57:32 - Insert with success EMCSR202101045BR
EMCSR202104008BR	BDPBRSAO_20210406135734000089_01.xml	06/04/2021 13:58:08
06/04/2021 13:58:08 - Inserir Historico EMCSR202104008BR
06/04/2021 13:58:09 - Insert with success EMCSR202104008BR
EMCSR202103039BR	BDPBRSAO_20210406135811000090_01.xml	06/04/2021 13:58:50
06/04/2021 13:58:50 - Inserir Historico EMCSR202103039BR
06/04/2021 13:58:52 - Insert with success EMCSR202103039BR
EMCSR202103015BR	BDPBRSAO_20210406135854000091_01.xml	06/04/2021 13:59:30
06/04/2021 13:59:30 - Inserir Historico EMCSR202103015BR
06/04/2021 13:59:31 - Insert with success EMCSR202103015BR
EMCSR202101135BR	BDPBRSAO_20210406135933000092_01.xml	06/04/2021 14:01:25
06/04/2021 14:01:25 - Inserir Historico EMCSR202101135BR
06/04/2021 14:01:26 - Insert with success EMCSR202101135BR
EMCSR202102035BR	BDPBRSAO_20210406140128000093_01.xml	06/04/2021 14:03:39
06/04/2021 14:03:39 - Inserir Historico EMCSR202102035BR
06/04/2021 14:03:41 - Insert with success EMCSR202102035BR
EMCSR202103017BR	BDPBRSAO_20210406140343000094_01.xml	06/04/2021 14:04:22
06/04/2021 14:04:23 - Inserir Historico EMCSR202103017BR
06/04/2021 14:04:25 - Insert with success EMCSR202103017BR
EMCSR202103022BR	BDPBRSAO_20210406140428000095_01.xml	06/04/2021 14:05:09
06/04/2021 14:05:09 - Inserir Historico EMCSR202103022BR
06/04/2021 14:05:12 - Insert with success EMCSR202103022BR
EMCSR202103021BR	BDPBRSAO_20210406140514000096_01.xml	06/04/2021 14:07:05
06/04/2021 14:07:05 - Inserir Historico EMCSR202103021BR
06/04/2021 14:07:08 - Insert with success EMCSR202103021BR
EMCSR202101092BR	BDPBRSAO_20210406140710000097_01.xml	06/04/2021 14:08:11
06/04/2021 14:08:11 - Inserir Historico EMCSR202101092BR
06/04/2021 14:08:13 - Insert with success EMCSR202101092BR
EMCSR202102021BR	BDPBRSAO_20210406140815000098_01.xml	06/04/2021 14:08:55
06/04/2021 14:08:55 - Inserir Historico EMCSR202102021BR
06/04/2021 14:08:56 - Insert with success EMCSR202102021BR
EMCSR202102077BR	BDPBRSAO_20210406140858000099_01.xml	06/04/2021 14:11:31
06/04/2021 14:11:31 - Inserir Historico EMCSR202102077BR
06/04/2021 14:11:32 - Insert with success EMCSR202102077BR
EMCSR202104001BR	BDPBRSAO_20210406141135000100_01.xml	06/04/2021 14:12:14
06/04/2021 14:12:14 - Inserir Historico EMCSR202104001BR
06/04/2021 14:12:15 - Insert with success EMCSR202104001BR
EMCSR202104003BR	BDPBRSAO_20210406141218000101_01.xml	06/04/2021 14:13:09
06/04/2021 14:13:09 - Inserir Historico EMCSR202104003BR
06/04/2021 14:13:11 - Insert with success EMCSR202104003BR
EMCSR202101117BR	BDPBRSAO_20210406141313000102_01.xml	06/04/2021 14:14:15
06/04/2021 14:14:15 - Inserir Historico EMCSR202101117BR
06/04/2021 14:14:17 - Insert with success EMCSR202101117BR
EMCSR202103148BR	BDPBRSAO_20210406141419000103_01.xml	06/04/2021 14:15:25
06/04/2021 14:15:25 - Inserir Historico EMCSR202103148BR
06/04/2021 14:15:27 - Insert with success EMCSR202103148BR
EMCSR202012089BR	BDPBRSAO_20210406141530000104_01.xml	06/04/2021 14:16:23
06/04/2021 14:16:23 - Inserir Historico EMCSR202012089BR
06/04/2021 14:16:25 - Insert with success EMCSR202012089BR
EMCSR202103070BR	BDPBRSAO_20210406141628000105_01.xml	06/04/2021 14:17:08
06/04/2021 14:17:08 - Inserir Historico EMCSR202103070BR
06/04/2021 14:17:10 - Insert with success EMCSR202103070BR
EMCSR202103125BR	BDPBRSAO_20210406141713000106_01.xml	06/04/2021 14:17:56
06/04/2021 14:17:56 - Inserir Historico EMCSR202103125BR
06/04/2021 14:17:57 - Insert with success EMCSR202103125BR
EMCSR202101139BR	BDPBRSAO_20210406141759000107_01.xml	06/04/2021 14:18:35
06/04/2021 14:18:35 - Inserir Historico EMCSR202101139BR
06/04/2021 14:18:37 - Insert with success EMCSR202101139BR
EMCSR202102053BR	BDPBRSAO_20210406141839000108_01.xml	06/04/2021 14:19:05
06/04/2021 14:19:05 - Inserir Historico EMCSR202102053BR
06/04/2021 14:19:06 - Insert with success EMCSR202102053BR
EMCSR202103060BR	BDPBRSAO_20210406141909000109_01.xml	06/04/2021 14:19:43
06/04/2021 14:19:43 - Inserir Historico EMCSR202103060BR
06/04/2021 14:19:45 - Insert with success EMCSR202103060BR
EMCSR202103029BR	BDPBRSAO_20210406141947000110_01.xml	06/04/2021 14:20:20
06/04/2021 14:20:20 - Inserir Historico EMCSR202103029BR
06/04/2021 14:20:22 - Insert with success EMCSR202103029BR
EMCSR202104011BR	BDPBRSAO_20210406142025000111_01.xml	06/04/2021 14:21:05
06/04/2021 14:21:05 - Inserir Historico EMCSR202104011BR
06/04/2021 14:21:08 - Insert with success EMCSR202104011BR
EMCSR202102071BR	BDPBRSAO_20210406142111000112_01.xml	06/04/2021 14:21:57
06/04/2021 14:21:57 - Inserir Historico EMCSR202102071BR
06/04/2021 14:21:59 - Insert with success EMCSR202102071BR
EMCSR202103034BR	BDPBRSAO_20210406142201000113_01.xml	06/04/2021 14:22:45
06/04/2021 14:22:45 - Inserir Historico EMCSR202103034BR
06/04/2021 14:22:47 - Insert with success EMCSR202103034BR
EMCSR202103069BR	BDPBRSAO_20210406142250000114_01.xml	06/04/2021 14:23:33
06/04/2021 14:23:33 - Inserir Historico EMCSR202103069BR
06/04/2021 14:23:35 - Insert with success EMCSR202103069BR
EMCSR202101048BR	BDPBRSAO_20210406142337000115_01.xml	06/04/2021 14:26:19
06/04/2021 14:26:19 - Inserir Historico EMCSR202101048BR
06/04/2021 14:26:22 - Insert with success EMCSR202101048BR
EMCSR202012076BR	BDPBRSAO_20210406142625000116_01.xml	06/04/2021 14:29:33
06/04/2021 14:29:33 - Inserir Historico EMCSR202012076BR
06/04/2021 14:29:33 - Insert with success EMCSR202012076BR
EMCSR202102045BR	BDPBRSAO_20210406142936000117_01.xml	06/04/2021 14:31:54
06/04/2021 14:31:54 - Inserir Historico EMCSR202102045BR
06/04/2021 14:31:55 - Insert with success EMCSR202102045BR
EMCSR202102079BR	BDPBRSAO_20210406143158000118_01.xml	06/04/2021 14:34:23
06/04/2021 14:34:23 - Inserir Historico EMCSR202102079BR
06/04/2021 14:34:24 - Insert with success EMCSR202102079BR
EMCSR202103105BR	BDPBRSAO_20210406143426000119_01.xml	06/04/2021 14:35:01
06/04/2021 14:35:01 - Inserir Historico EMCSR202103105BR
06/04/2021 14:35:02 - Insert with success EMCSR202103105BR
EMCSR202101057BR	BDPBRSAO_20210406143504000120_01.xml	06/04/2021 14:35:46
06/04/2021 14:35:46 - Inserir Historico EMCSR202101057BR
06/04/2021 14:35:47 - Insert with success EMCSR202101057BR
EMCSR202103139BR	BDPBRSAO_20210406143549000121_01.xml	06/04/2021 14:36:25
06/04/2021 14:36:25 - Inserir Historico EMCSR202103139BR
06/04/2021 14:36:27 - Insert with success EMCSR202103139BR
EMCSR202101110BR	BDPBRSAO_20210406143629000122_01.xml	06/04/2021 14:37:10
06/04/2021 14:37:10 - Inserir Historico EMCSR202101110BR
06/04/2021 14:37:11 - Insert with success EMCSR202101110BR
EMCSR202102088BR	BDPBRSAO_20210406143714000123_01.xml	06/04/2021 14:37:53
06/04/2021 14:37:53 - Inserir Historico EMCSR202102088BR
06/04/2021 14:37:56 - Insert with success EMCSR202102088BR
EMCSR202101150BR	BDPBRSAO_20210406143758000124_01.xml	06/04/2021 14:38:37
06/04/2021 14:38:37 - Inserir Historico EMCSR202101150BR
06/04/2021 14:38:38 - Insert with success EMCSR202101150BR
EMCSR202103030BR	BDPBRSAO_20210406143841000125_01.xml	06/04/2021 14:39:09
06/04/2021 14:39:09 - Inserir Historico EMCSR202103030BR
06/04/2021 14:39:10 - Insert with success EMCSR202103030BR
EMCSR202103138BR	BDPBRSAO_20210406143912000126_01.xml	06/04/2021 14:39:45
06/04/2021 14:39:45 - Inserir Historico EMCSR202103138BR
06/04/2021 14:39:46 - Insert with success EMCSR202103138BR
EMCSR202103151BR	BDPBRSAO_20210406143948000127_01.xml	06/04/2021 14:41:23
06/04/2021 14:41:23 - Inserir Historico EMCSR202103151BR
06/04/2021 14:41:25 - Insert with success EMCSR202103151BR
EMCSR202101100BR	BDPBRSAO_20210406144127000128_01.xml	06/04/2021 14:44:29
06/04/2021 14:44:29 - Inserir Historico EMCSR202101100BR
06/04/2021 14:44:31 - Insert with success EMCSR202101100BR
EMCSR202103026BR	BDPBRSAO_20210406144433000129_01.xml	06/04/2021 14:45:13
06/04/2021 14:45:14 - Inserir Historico EMCSR202103026BR
06/04/2021 14:45:17 - Insert with success EMCSR202103026BR
EMCSR202102050BR	BDPBRSAO_20210406144519000130_01.xml	06/04/2021 14:45:53
06/04/2021 14:45:53 - Inserir Historico EMCSR202102050BR
06/04/2021 14:45:55 - Insert with success EMCSR202102050BR
EMCSR202103011BR	BDPBRSAO_20210406144557000131_01.xml	06/04/2021 14:46:35
06/04/2021 14:46:35 - Inserir Historico EMCSR202103011BR
06/04/2021 14:46:36 - Insert with success EMCSR202103011BR
EMCSR202103144BR	BDPBRSAO_20210406144638000132_01.xml	06/04/2021 14:47:11
06/04/2021 14:47:11 - Inserir Historico EMCSR202103144BR
06/04/2021 14:47:12 - Insert with success EMCSR202103144BR
EMCSR202104006BR	BDPBRSAO_20210406144714000133_01.xml	06/04/2021 14:47:39
06/04/2021 14:47:40 - Inserir Historico EMCSR202104006BR
06/04/2021 14:47:41 - Insert with success EMCSR202104006BR
EMCSR202103099BR	BDPBRSAO_20210406144743000134_01.xml	06/04/2021 14:48:16
06/04/2021 14:48:16 - Inserir Historico EMCSR202103099BR
06/04/2021 14:48:16 - Insert with success EMCSR202103099BR
EMCSR202102082BR	BDPBRSAO_20210406144819000135_01.xml	06/04/2021 14:48:55
06/04/2021 14:48:55 - Inserir Historico EMCSR202102082BR
06/04/2021 14:48:56 - Insert with success EMCSR202102082BR
EMCSR202012077BR	BDPBRSAO_20210406144858000136_01.xml	06/04/2021 14:52:22
06/04/2021 14:52:22 - Inserir Historico EMCSR202012077BR
06/04/2021 14:52:23 - Insert with success EMCSR202012077BR
EMCSR202102070BR	BDPBRSAO_20210406145225000137_01.xml	06/04/2021 14:53:03
06/04/2021 14:53:03 - Inserir Historico EMCSR202102070BR
06/04/2021 14:53:04 - Insert with success EMCSR202102070BR
EMCSR202103044BR	BDPBRSAO_20210406145306000138_01.xml	06/04/2021 14:53:41
06/04/2021 14:53:41 - Inserir Historico EMCSR202103044BR
06/04/2021 14:53:43 - Insert with success EMCSR202103044BR
EMCSR202103076BR	BDPBRSAO_20210406145345000139_01.xml	06/04/2021 14:54:18
06/04/2021 14:54:18 - Inserir Historico EMCSR202103076BR
06/04/2021 14:54:19 - Insert with success EMCSR202103076BR
EMCSR202103127BR	BDPBRSAO_20210406145421000140_01.xml	06/04/2021 14:54:56
06/04/2021 14:54:56 - Inserir Historico EMCSR202103127BR
06/04/2021 14:54:57 - Insert with success EMCSR202103127BR
EMCSR202103066BR	BDPBRSAO_20210406145459000141_01.xml	06/04/2021 14:55:36
06/04/2021 14:55:36 - Inserir Historico EMCSR202103066BR
06/04/2021 14:55:37 - Insert with success EMCSR202103066BR
EMCSR202103103BR	BDPBRSAO_20210406145540000142_01.xml	06/04/2021 14:56:18
06/04/2021 14:56:18 - Inserir Historico EMCSR202103103BR
06/04/2021 14:56:19 - Insert with success EMCSR202103103BR
EMCSR202103126BR	BDPBRSAO_20210406145622000143_01.xml	06/04/2021 14:56:55
06/04/2021 14:56:55 - Inserir Historico EMCSR202103126BR
06/04/2021 14:56:56 - Insert with success EMCSR202103126BR
EMCSR202103157BR	BDPBRSAO_20210406145658000144_01.xml	06/04/2021 14:57:30
06/04/2021 14:57:30 - Inserir Historico EMCSR202103157BR
06/04/2021 14:57:31 - Insert with success EMCSR202103157BR
EMCSR202103135BR	BDPBRSAO_20210406145734000145_01.xml	06/04/2021 14:58:06
06/04/2021 14:58:06 - Inserir Historico EMCSR202103135BR
06/04/2021 14:58:07 - Insert with success EMCSR202103135BR
EMCSR202103078BR	BDPBRSAO_20210406145809000146_01.xml	06/04/2021 14:58:45
06/04/2021 14:58:45 - Inserir Historico EMCSR202103078BR
06/04/2021 14:58:47 - Insert with success EMCSR202103078BR
EMCSR202103115BR	BDPBRSAO_20210406145849000147_01.xml	06/04/2021 14:59:23
06/04/2021 14:59:23 - Inserir Historico EMCSR202103115BR
06/04/2021 14:59:23 - Insert with success EMCSR202103115BR
EMCSR202101076BR	BDPBRSAO_20210406145926000148_01.xml	06/04/2021 15:00:05
06/04/2021 15:00:05 - Inserir Historico EMCSR202101076BR
06/04/2021 15:00:07 - Insert with success EMCSR202101076BR
EMCSR202101072BR	BDPBRSAO_20210406150010000149_01.xml	06/04/2021 15:00:57
06/04/2021 15:00:57 - Inserir Historico EMCSR202101072BR
06/04/2021 15:01:01 - Insert with success EMCSR202101072BR
EMCSR202102043BR	BDPBRSAO_20210406150104000150_01.xml	06/04/2021 15:02:57
06/04/2021 15:02:58 - Inserir Historico EMCSR202102043BR
06/04/2021 15:02:59 - Insert with success EMCSR202102043BR
EMCSR202103057BR	BDPBRSAO_20210406150301000151_01.xml	06/04/2021 15:03:28
06/04/2021 15:03:29 - Inserir Historico EMCSR202103057BR
06/04/2021 15:03:30 - Insert with success EMCSR202103057BR
EMCSR202103052BR	BDPBRSAO_20210406150332000152_01.xml	06/04/2021 15:05:04
06/04/2021 15:05:04 - Inserir Historico EMCSR202103052BR
06/04/2021 15:05:06 - Insert with success EMCSR202103052BR
EMCSR202101104BR	BDPBRSAO_20210406150509000153_01.xml	06/04/2021 15:07:29
06/04/2021 15:07:29 - Inserir Historico EMCSR202101104BR
06/04/2021 15:07:30 - Insert with success EMCSR202101104BR
EMCSR202102064BR	BDPBRSAO_20210406150732000154_01.xml	06/04/2021 15:08:14
06/04/2021 15:08:14 - Inserir Historico EMCSR202102064BR
06/04/2021 15:08:16 - Insert with success EMCSR202102064BR
EMCSR202012088BR	BDPBRSAO_20210406150819000155_01.xml	06/04/2021 15:09:01
06/04/2021 15:09:01 - Inserir Historico EMCSR202012088BR
06/04/2021 15:09:02 - Insert with success EMCSR202012088BR
EMCSR202103012BR	BDPBRSAO_20210406150904000156_01.xml	06/04/2021 15:09:41
06/04/2021 15:09:41 - Inserir Historico EMCSR202103012BR
06/04/2021 15:09:43 - Insert with success EMCSR202103012BR
EMCSR202102014BR	BDPBRSAO_20210406150945000157_01.xml	06/04/2021 15:10:22
06/04/2021 15:10:22 - Inserir Historico EMCSR202102014BR
06/04/2021 15:10:33 - Insert with success EMCSR202102014BR
EMCSR202101003BR	BDPBRSAO_20210406151035000158_01.xml	06/04/2021 15:11:15
06/04/2021 15:11:15 - Inserir Historico EMCSR202101003BR
06/04/2021 15:11:16 - Insert with success EMCSR202101003BR
EMCSR202102083BR	BDPBRSAO_20210406151118000159_01.xml	06/04/2021 15:11:53
06/04/2021 15:11:53 - Inserir Historico EMCSR202102083BR
06/04/2021 15:11:54 - Insert with success EMCSR202102083BR
EMCSR202103040BR	BDPBRSAO_20210406151156000160_01.xml	06/04/2021 15:13:42
06/04/2021 15:13:42 - Inserir Historico EMCSR202103040BR
06/04/2021 15:13:43 - Insert with success EMCSR202103040BR
EMCSR202102042BR	BDPBRSAO_20210406151346000161_01.xml	06/04/2021 15:15:48
06/04/2021 15:15:48 - Inserir Historico EMCSR202102042BR
06/04/2021 15:15:50 - Insert with success EMCSR202102042BR
EMCSR202102068BR	BDPBRSAO_20210406151552000162_01.xml	06/04/2021 15:16:30
06/04/2021 15:16:31 - Inserir Historico EMCSR202102068BR
06/04/2021 15:16:32 - Insert with success EMCSR202102068BR
EMCSR202103068BR	BDPBRSAO_20210406151634000163_01.xml	06/04/2021 15:17:13
06/04/2021 15:17:13 - Inserir Historico EMCSR202103068BR
06/04/2021 15:17:14 - Insert with success EMCSR202103068BR
EMCSR202103075BR	BDPBRSAO_20210406151716000164_01.xml	06/04/2021 15:17:53
06/04/2021 15:17:53 - Inserir Historico EMCSR202103075BR
06/04/2021 15:17:55 - Insert with success EMCSR202103075BR
EMCSR202103150BR	BDPBRSAO_20210406151757000165_01.xml	06/04/2021 15:18:33
06/04/2021 15:18:33 - Inserir Historico EMCSR202103150BR
06/04/2021 15:18:34 - Insert with success EMCSR202103150BR
EMCSR202102036BR	BDPBRSAO_20210406151837000166_01.xml	06/04/2021 15:19:56
06/04/2021 15:19:56 - Inserir Historico EMCSR202102036BR
06/04/2021 15:19:57 - Insert with success EMCSR202102036BR
EMCSR202102020BR	BDPBRSAO_20210406151959000167_01.xml	06/04/2021 15:20:40
06/04/2021 15:20:40 - Inserir Historico EMCSR202102020BR
06/04/2021 15:20:41 - Insert with success EMCSR202102020BR
EMCSR202012075BR	BDPBRSAO_20210406152044000168_01.xml	06/04/2021 15:23:55
06/04/2021 15:23:55 - Inserir Historico EMCSR202012075BR
06/04/2021 15:23:56 - Insert with success EMCSR202012075BR
EMCSR202103074BR	BDPBRSAO_20210406152358000169_01.xml	06/04/2021 15:24:36
06/04/2021 15:24:36 - Inserir Historico EMCSR202103074BR
06/04/2021 15:24:38 - Insert with success EMCSR202103074BR
EMCSR202103149BR	BDPBRSAO_20210406152440000170_01.xml	06/04/2021 15:25:10
06/04/2021 15:25:10 - Inserir Historico EMCSR202103149BR
06/04/2021 15:25:12 - Insert with success EMCSR202103149BR
EMCSR202102038BR	BDPBRSAO_20210406152515000171_01.xml	06/04/2021 15:25:54
06/04/2021 15:25:54 - Inserir Historico EMCSR202102038BR
06/04/2021 15:25:55 - Insert with success EMCSR202102038BR
EMCSR202103116BR	BDPBRSAO_20210406152558000172_01.xml	06/04/2021 15:26:34
06/04/2021 15:26:34 - Inserir Historico EMCSR202103116BR
06/04/2021 15:26:36 - Insert with success EMCSR202103116BR
EMCSR202103035BR	BDPBRSAO_20210406152638000173_01.xml	06/04/2021 15:27:13
06/04/2021 15:27:13 - Inserir Historico EMCSR202103035BR
06/04/2021 15:27:14 - Insert with success EMCSR202103035BR
EMCSR202102006BR	BDPBRSAO_20210406152716000174_01.xml	06/04/2021 15:27:52
06/04/2021 15:27:52 - Inserir Historico EMCSR202102006BR
06/04/2021 15:27:53 - Insert with success EMCSR202102006BR
EMCSR202011031BR	BDPBRSAO_20210406152755000175_01.xml	06/04/2021 15:28:59
06/04/2021 15:28:59 - Inserir Historico EMCSR202011031BR
06/04/2021 15:29:00 - Insert with success EMCSR202011031BR
EMCSR202103133BR	BDPBRSAO_20210406152902000176_01.xml	06/04/2021 15:29:37
06/04/2021 15:29:38 - Inserir Historico EMCSR202103133BR
06/04/2021 15:29:40 - Insert with success EMCSR202103133BR
EMCSR202101059BR	BDPBRSAO_20210406152942000177_01.xml	06/04/2021 15:30:22
06/04/2021 15:30:22 - Inserir Historico EMCSR202101059BR
06/04/2021 15:30:25 - Insert with success EMCSR202101059BR
EMCSR202103003BR	BDPBRSAO_20210406153027000178_01.xml	06/04/2021 15:31:08
06/04/2021 15:31:08 - Inserir Historico EMCSR202103003BR
06/04/2021 15:31:10 - Insert with success EMCSR202103003BR
EMCSR202103059BR	BDPBRSAO_20210406153113000179_01.xml	06/04/2021 15:31:52
06/04/2021 15:31:52 - Inserir Historico EMCSR202103059BR
06/04/2021 15:31:53 - Insert with success EMCSR202103059BR
EMCSR202103002BR	BDPBRSAO_20210406153155000180_01.xml	06/04/2021 15:32:39
06/04/2021 15:32:39 - Inserir Historico EMCSR202103002BR
06/04/2021 15:32:42 - Insert with success EMCSR202103002BR
EMCSR202102060BR	BDPBRSAO_20210406153244000181_01.xml	06/04/2021 15:33:40
06/04/2021 15:33:40 - Inserir Historico EMCSR202102060BR
06/04/2021 15:33:41 - Insert with success EMCSR202102060BR
EMCSR202102085BR	BDPBRSAO_20210406153344000182_01.xml	06/04/2021 15:34:23
06/04/2021 15:34:23 - Inserir Historico EMCSR202102085BR
06/04/2021 15:34:24 - Insert with success EMCSR202102085BR
EMCSR202101161BR	BDPBRSAO_20210406153427000183_01.xml	06/04/2021 15:35:08
06/04/2021 15:35:08 - Inserir Historico EMCSR202101161BR
06/04/2021 15:35:09 - Insert with success EMCSR202101161BR
EMCSR202102084BR	BDPBRSAO_20210406153512000184_01.xml	06/04/2021 15:35:51
06/04/2021 15:35:51 - Inserir Historico EMCSR202102084BR
06/04/2021 15:35:52 - Insert with success EMCSR202102084BR
EMCSR202103008BR	BDPBRSAO_20210406153555000185_01.xml	06/04/2021 15:36:35
06/04/2021 15:36:35 - Inserir Historico EMCSR202103008BR
06/04/2021 15:36:37 - Insert with success EMCSR202103008BR
EMCSR202101097BR	BDPBRSAO_20210406153639000186_01.xml	06/04/2021 15:37:20
06/04/2021 15:37:21 - Inserir Historico EMCSR202101097BR
06/04/2021 15:37:22 - Insert with success EMCSR202101097BR
EMCSR202103106BR	BDPBRSAO_20210406153724000187_01.xml	06/04/2021 15:37:59
06/04/2021 15:37:59 - Inserir Historico EMCSR202103106BR
06/04/2021 15:38:00 - Insert with success EMCSR202103106BR
EMCSR202101109BR	BDPBRSAO_20210406153802000188_01.xml	06/04/2021 15:38:44
06/04/2021 15:38:44 - Inserir Historico EMCSR202101109BR
06/04/2021 15:38:46 - Insert with success EMCSR202101109BR
EMCSR202103058BR	BDPBRSAO_20210406153849000189_01.xml	06/04/2021 15:39:32
06/04/2021 15:39:32 - Inserir Historico EMCSR202103058BR
06/04/2021 15:39:34 - Insert with success EMCSR202103058BR
EMCSR202104016BR	BDPBRSAO_20210406153936000190_01.xml	06/04/2021 15:40:15
06/04/2021 15:40:15 - Inserir Historico EMCSR202104016BR
06/04/2021 15:40:17 - Insert with success EMCSR202104016BR
EMCSR202104012BR	BDPBRSAO_20210406154019000191_01.xml	06/04/2021 15:40:48
06/04/2021 15:40:49 - Inserir Historico EMCSR202104012BR
06/04/2021 15:40:51 - Insert with success EMCSR202104012BR
EMCSR202103134BR	BDPBRSAO_20210406154054000192_01.xml	06/04/2021 15:41:30
06/04/2021 15:41:30 - Inserir Historico EMCSR202103134BR
06/04/2021 15:41:33 - Insert with success EMCSR202103134BR
EMCSR202101069BR	BDPBRSAO_20210406154136000193_01.xml	06/04/2021 15:42:25
06/04/2021 15:42:25 - Inserir Historico EMCSR202101069BR
06/04/2021 15:42:28 - Insert with success EMCSR202101069BR
EMCSR202103145BR	BDPBRSAO_20210406154230000194_01.xml	06/04/2021 15:43:08
06/04/2021 15:43:08 - Inserir Historico EMCSR202103145BR
06/04/2021 15:43:11 - Insert with success EMCSR202103145BR
EMCSR202103004BR	BDPBRSAO_20210406154313000195_01.xml	06/04/2021 15:43:50
06/04/2021 15:43:50 - Inserir Historico EMCSR202103004BR
06/04/2021 15:43:52 - Insert with success EMCSR202103004BR
EMCSR202103024BR	BDPBRSAO_20210406154354000196_01.xml	06/04/2021 15:44:34
06/04/2021 15:44:34 - Inserir Historico EMCSR202103024BR
06/04/2021 15:44:36 - Insert with success EMCSR202103024BR
EMCSR202104010BR	BDPBRSAO_20210406154439000197_01.xml	06/04/2021 15:45:16
06/04/2021 15:45:16 - Inserir Historico EMCSR202104010BR
06/04/2021 15:45:18 - Insert with success EMCSR202104010BR
EMCSR202010016BR	BDPBRSAO_20210406154520000198_01.xml	06/04/2021 15:48:29
06/04/2021 15:48:29 - Inserir Historico EMCSR202010016BR
06/04/2021 15:48:30 - Insert with success EMCSR202010016BR
EMCSR202103118BR	BDPBRSAO_20210406154833000199_01.xml	06/04/2021 15:49:08
06/04/2021 15:49:08 - Inserir Historico EMCSR202103118BR
06/04/2021 15:49:09 - Insert with success EMCSR202103118BR
EMCSR202103142BR	BDPBRSAO_20210406154912000200_01.xml	06/04/2021 15:49:46
06/04/2021 15:49:46 - Inserir Historico EMCSR202103142BR
06/04/2021 15:49:47 - Insert with success EMCSR202103142BR
EMCSR202012056BR	BDPBRSAO_20210406154950000201_01.xml	06/04/2021 15:52:28
06/04/2021 15:52:28 - Inserir Historico EMCSR202012056BR
06/04/2021 15:52:29 - Insert with success EMCSR202012056BR
EMCSR202104004BR	BDPBRSAO_20210406155231000202_01.xml	06/04/2021 15:53:08
06/04/2021 15:53:08 - Inserir Historico EMCSR202104004BR
06/04/2021 15:53:09 - Insert with success EMCSR202104004BR
EMCSR202102003BR	BDPBRSAO_20210406155312000203_01.xml	06/04/2021 15:53:50
06/04/2021 15:53:50 - Inserir Historico EMCSR202102003BR
06/04/2021 15:53:52 - Insert with success EMCSR202102003BR
EMCSR202012057BR	BDPBRSAO_20210406155354000204_01.xml	06/04/2021 15:56:24
06/04/2021 15:56:24 - Inserir Historico EMCSR202012057BR
06/04/2021 15:56:25 - Insert with success EMCSR202012057BR
EMCSR202103048BR	BDPBRSAO_20210406155628000205_01.xml	06/04/2021 15:57:03
06/04/2021 15:57:03 - Inserir Historico EMCSR202103048BR
06/04/2021 15:57:04 - Insert with success EMCSR202103048BR
