Start Qty: 27 Date: 19/06/2023 10:59:31
19/06/2023 10:59:33 - IAATL202306008BR
19/06/2023 11:00:32 - IACSR202306001BR
19/06/2023 11:01:22 - IACSR202306002BR
19/06/2023 11:02:38 - IACSR202306003BR
19/06/2023 11:03:04 - IACSR202306004BR
19/06/2023 11:03:29 - IACSR202306005BR
19/06/2023 11:03:55 - IAATL202306009BR
19/06/2023 11:04:20 - EMCSR202306001BR
19/06/2023 11:04:54 - EMCSR202306002BR
19/06/2023 11:05:28 - EMCSR202306003BR
19/06/2023 11:06:01 - EMCSR202306004BR
19/06/2023 11:06:34 - EMCSR202306005BR
19/06/2023 11:07:09 - EMCSR202306006BR
19/06/2023 11:07:42 - EMCSR202306007BR
19/06/2023 11:08:15 - EMCSR202306008BR
19/06/2023 11:08:48 - EMCSR202306009BR
19/06/2023 11:09:20 - EMCSR202306010BR
19/06/2023 11:09:53 - EMCSR202306011BR
19/06/2023 11:10:44 - EMCSR202306012BR
19/06/2023 11:11:17 - EMCSR202306013BR
19/06/2023 11:12:01 - EMCSR202306014BR
19/06/2023 11:12:35 - EMCSR202306015BR
19/06/2023 11:13:08 - EMCSR202306016BR
19/06/2023 11:13:41 - EMCSR202306017BR
19/06/2023 11:14:13 - EMCSR202306018BR
19/06/2023 11:14:44 - EMCSR202306019BR
19/06/2023 11:15:19 - EMCSR202306020BR
False
Start Qty: 0 Date: 19/06/2023 11:17:19
False
