IMBSF202212003BR	BDPBRSAO_20230317121511000002_01.xml	17/03/2023 12:16:13
17/03/2023 12:16:23 - Inserir Historico IMBSF202212003BR
17/03/2023 12:16:34 - Insert with success IMBSF202212003BR
IMBSF202212004BR	BDPBRSAO_20230317121639000003_01.xml	17/03/2023 12:17:24
17/03/2023 12:17:27 - Inserir Historico IMBSF202212004BR
17/03/2023 12:17:27 - Insert with success IMBSF202212004BR
IMBSF202212013BR	BDPBRSAO_20230317121729000004_01.xml	17/03/2023 12:18:10
17/03/2023 12:18:10 - Inserir Historico IMBSF202212013BR
17/03/2023 12:18:11 - Insert with success IMBSF202212013BR
IMBSF202212014BR	BDPBRSAO_20230317121813000005_01.xml	17/03/2023 12:18:44
17/03/2023 12:18:44 - Inserir Historico IMBSF202212014BR
17/03/2023 12:18:44 - Insert with success IMBSF202212014BR
IMBSF202212017BR	BDPBRSAO_20230317121846000006_01.xml	17/03/2023 12:19:15
17/03/2023 12:19:15 - Inserir Historico IMBSF202212017BR
17/03/2023 12:19:15 - Insert with success IMBSF202212017BR
IMBSF202212018BR	BDPBRSAO_20230317121917000007_01.xml	17/03/2023 12:19:51
17/03/2023 12:19:51 - Inserir Historico IMBSF202212018BR
17/03/2023 12:19:51 - Insert with success IMBSF202212018BR
IMBSF202301001BR	BDPBRSAO_20230317121953000008_01.xml	17/03/2023 12:20:22
17/03/2023 12:20:22 - Inserir Historico IMBSF202301001BR
17/03/2023 12:20:22 - Insert with success IMBSF202301001BR
IMBSF202301002BR	BDPBRSAO_20230317122024000009_01.xml	17/03/2023 12:20:53
17/03/2023 12:20:53 - Inserir Historico IMBSF202301002BR
17/03/2023 12:20:53 - Insert with success IMBSF202301002BR
IMBSF202301003BR	BDPBRSAO_20230317122055000010_01.xml	17/03/2023 12:21:23
17/03/2023 12:21:23 - Inserir Historico IMBSF202301003BR
17/03/2023 12:21:23 - Insert with success IMBSF202301003BR
IMATL202302001BR	BDPBRSAO_20230317122125000011_01.xml	17/03/2023 12:21:56
17/03/2023 12:21:56 - Inserir Historico IMATL202302001BR
17/03/2023 12:21:57 - Insert with success IMATL202302001BR
IAATL202302002BR	BDPBRSAO_20230317122158000012_01.xml	17/03/2023 12:22:41
17/03/2023 12:22:41 - Inserir Historico IAATL202302002BR
17/03/2023 12:22:41 - Insert with success IAATL202302002BR
EAATL202302001BR	BDPBRSAO_20230317122244000013_01.xml	17/03/2023 12:23:05
17/03/2023 12:23:05 - Inserir Historico EAATL202302001BR
17/03/2023 12:23:06 - Insert with success EAATL202302001BR
IAATL202302003BR	BDPBRSAO_20230317122308000014_01.xml	17/03/2023 12:23:29
17/03/2023 12:23:29 - Inserir Historico IAATL202302003BR
17/03/2023 12:23:30 - Insert with success IAATL202302003BR
IMATL202302002BR	BDPBRSAO_20230317122332000015_01.xml	17/03/2023 12:23:54
17/03/2023 12:23:54 - Inserir Historico IMATL202302002BR
17/03/2023 12:23:54 - Insert with success IMATL202302002BR
IAATL202302004BR	BDPBRSAO_20230317122356000016_01.xml	17/03/2023 12:24:20
17/03/2023 12:24:20 - Inserir Historico IAATL202302004BR
17/03/2023 12:24:20 - Insert with success IAATL202302004BR
IMATL202303001BR	BDPBRSAO_20230317122423000017_01.xml	17/03/2023 12:24:51
17/03/2023 12:24:51 - Inserir Historico IMATL202303001BR
17/03/2023 12:24:51 - Insert with success IMATL202303001BR
IAATL202303001BR	BDPBRSAO_20230317122453000018_01.xml	17/03/2023 12:25:18
17/03/2023 12:25:18 - Inserir Historico IAATL202303001BR
17/03/2023 12:25:18 - Insert with success IAATL202303001BR
IAATL202303002BR	BDPBRSAO_20230317122520000019_01.xml	17/03/2023 12:25:44
17/03/2023 12:25:44 - Inserir Historico IAATL202303002BR
17/03/2023 12:25:45 - Insert with success IAATL202303002BR
IAATL202303003BR	BDPBRSAO_20230317122546000020_01.xml	17/03/2023 12:26:11
17/03/2023 12:26:11 - Inserir Historico IAATL202303003BR
17/03/2023 12:26:11 - Insert with success IAATL202303003BR
IMATL202303002BR	BDPBRSAO_20230317122613000021_01.xml	17/03/2023 12:26:43
17/03/2023 12:26:43 - Inserir Historico IMATL202303002BR
17/03/2023 12:26:43 - Insert with success IMATL202303002BR
IAATL202303004BR	BDPBRSAO_20230317122645000022_01.xml	17/03/2023 12:27:09
17/03/2023 12:27:09 - Inserir Historico IAATL202303004BR
17/03/2023 12:27:09 - Insert with success IAATL202303004BR
IMLVS202303001BR	BDPBRSAO_20230317122712000023_01.xml	17/03/2023 12:27:49
17/03/2023 12:27:49 - Inserir Historico IMLVS202303001BR
17/03/2023 12:27:49 - Insert with success IMLVS202303001BR
IMLVS202303002BR	BDPBRSAO_20230317122751000024_01.xml	17/03/2023 12:28:26
17/03/2023 12:28:26 - Inserir Historico IMLVS202303002BR
17/03/2023 12:28:27 - Insert with success IMLVS202303002BR
IMLVS202303003BR	BDPBRSAO_20230317122829000025_01.xml	17/03/2023 12:29:04
17/03/2023 12:29:04 - Inserir Historico IMLVS202303003BR
17/03/2023 12:29:04 - Insert with success IMLVS202303003BR
