IAFLT202301008AR	BDPARBUE_20230508120117000002_01.xml	08/05/2023 12:09:13
08/05/2023 12:09:13 - Inserir Historico IAFLT202301008AR
08/05/2023 12:09:14 - Insert with success IAFLT202301008AR
IAFLT202301009AR	BDPARBUE_20230508120923000003_01.xml	08/05/2023 12:34:39
08/05/2023 12:34:39 - Inserir Historico IAFLT202301009AR
08/05/2023 12:34:40 - Insert with success IAFLT202301009AR
IAFLT202301010AR	BDPARBUE_20230508123444000004_01.xml	08/05/2023 12:36:09
08/05/2023 12:36:09 - Inserir Historico IAFLT202301010AR
08/05/2023 12:36:09 - Insert with success IAFLT202301010AR
IAFLT202301012AR	BDPARBUE_20230508123613000005_01.xml	08/05/2023 12:52:24
08/05/2023 12:52:24 - Inserir Historico IAFLT202301012AR
08/05/2023 12:52:24 - Insert with success IAFLT202301012AR
IAFLT202301013AR	BDPARBUE_20230508125228000006_01.xml	08/05/2023 12:53:52
08/05/2023 12:53:52 - Inserir Historico IAFLT202301013AR
08/05/2023 12:53:52 - Insert with success IAFLT202301013AR
IAFLT202301017AR	BDPARBUE_20230508125356000007_01.xml	08/05/2023 12:56:00
08/05/2023 12:56:00 - Inserir Historico IAFLT202301017AR
08/05/2023 12:56:01 - Insert with success IAFLT202301017AR
IMFLT202211053AR	BDPARBUE_20230508182846000002_01.xml	08/05/2023 18:33:05
08/05/2023 18:33:05 - Inserir Historico IMFLT202211053AR
08/05/2023 18:33:05 - Insert with success IMFLT202211053AR
IMFLT202211094AR	BDPARBUE_20230508183309000003_01.xml	08/05/2023 18:34:11
08/05/2023 18:34:11 - Inserir Historico IMFLT202211094AR
08/05/2023 18:34:12 - Insert with success IMFLT202211094AR
IMFLT202211095AR	BDPARBUE_20230508183415000004_01.xml	08/05/2023 18:35:17
08/05/2023 18:35:17 - Inserir Historico IMFLT202211095AR
08/05/2023 18:35:17 - Insert with success IMFLT202211095AR
IMFLT202211104AR	BDPARBUE_20230508183521000005_01.xml	08/05/2023 18:36:23
08/05/2023 18:36:23 - Inserir Historico IMFLT202211104AR
08/05/2023 18:36:24 - Insert with success IMFLT202211104AR
IMFLT202212036AR	BDPARBUE_20230508183628000006_01.xml	08/05/2023 18:37:49
08/05/2023 18:37:50 - Inserir Historico IMFLT202212036AR
08/05/2023 18:37:50 - Insert with success IMFLT202212036AR
IMFLT202212037AR	BDPARBUE_20230508183754000007_01.xml	08/05/2023 18:40:40
08/05/2023 18:40:40 - Inserir Historico IMFLT202212037AR
08/05/2023 18:40:40 - Insert with success IMFLT202212037AR
IMFLT202212038AR	BDPARBUE_20230508184044000008_01.xml	08/05/2023 18:41:50
08/05/2023 18:41:50 - Inserir Historico IMFLT202212038AR
08/05/2023 18:41:51 - Insert with success IMFLT202212038AR
IMFLT202212083AR	BDPARBUE_20230508184155000009_01.xml	08/05/2023 18:42:57
08/05/2023 18:42:57 - Inserir Historico IMFLT202212083AR
08/05/2023 18:42:57 - Insert with success IMFLT202212083AR
