Start Qty: 584 Date: 5/24/2024 10:30:59 AM
5/24/2024 10:31:01 AM - IMATL202107003BR
5/24/2024 10:43:53 AM - IMBSF202107019BR
5/24/2024 10:45:26 AM - IMATL202108002BR
5/24/2024 10:46:39 AM - IMBSF202108005BR
5/24/2024 10:47:17 AM - IMBSF202108009BR
5/24/2024 10:47:56 AM - EMOXT202109001BR
5/24/2024 10:48:40 AM - IMATL202109001BR
5/24/2024 10:49:24 AM - IMBSF202109002BR
5/24/2024 10:50:03 AM - IMBSF202109003BR
5/24/2024 10:50:40 AM - IMBSF202109004BR
5/24/2024 10:51:17 AM - IMBSF202109005BR
5/24/2024 10:51:55 AM - IMBSF202109006BR
5/24/2024 10:52:31 AM - IMBSF202109007BR
5/24/2024 10:53:07 AM - IMATL202109002BR
5/24/2024 10:53:43 AM - IMBSF202109008BR
5/24/2024 10:54:20 AM - IMBSF202109009BR
5/24/2024 10:54:57 AM - IMBSF202109010BR
5/24/2024 10:55:33 AM - IMATL202109004BR
5/24/2024 10:56:07 AM - IMBSF202109011BR
5/24/2024 10:56:48 AM - IMBSF202109012BR
5/24/2024 10:57:25 AM - IMBSF202109013BR
5/24/2024 10:58:02 AM - IMBSF202109014BR
5/24/2024 10:58:39 AM - IMATL202109005BR
5/24/2024 10:59:24 AM - IMATL202109006BR
5/24/2024 11:00:06 AM - IMBSF202109015BR
5/24/2024 11:00:46 AM - IMATL202109007BR
5/24/2024 11:01:22 AM - IMBSF202109016BR
5/24/2024 11:02:02 AM - IMEVO202109002BR
5/24/2024 11:02:37 AM - IMBSF202110001BR
5/24/2024 11:03:17 AM - IMBSF202110002BR
5/24/2024 11:03:54 AM - EMARC202110001BR
5/24/2024 11:04:25 AM - IMBSF202110003BR
5/24/2024 11:05:02 AM - IMBSF202110004BR
5/24/2024 11:05:41 AM - IMBSF202110005BR
5/24/2024 11:06:21 AM - IMBSF202110006BR
5/24/2024 11:06:59 AM - IMATL202110001BR
5/24/2024 11:07:39 AM - IMATL202110002BR
5/24/2024 11:08:19 AM - EMARC202110002BR
5/24/2024 11:08:50 AM - EMARC202110003BR
5/24/2024 11:09:23 AM - IMEVO202110002BR
5/24/2024 11:09:57 AM - IMBSF202110007BR
5/24/2024 11:10:38 AM - IMBSF202110008BR
5/24/2024 11:11:17 AM - IMBSF202110009BR
5/24/2024 11:11:57 AM - IMBSF202110010BR
5/24/2024 11:12:35 AM - IMBSF202110011BR
5/24/2024 11:13:14 AM - IMATL202110003BR
5/24/2024 11:13:51 AM - IAATL202110009BR
5/24/2024 11:14:23 AM - IAATL202110010BR
5/24/2024 11:14:58 AM - IAATL202110011BR
5/24/2024 11:15:35 AM - IMBSF202110012BR
5/24/2024 11:16:11 AM - IMBSF202110013BR
5/24/2024 11:16:49 AM - IMBSF202110014BR
5/24/2024 11:17:25 AM - IMBSF202110015BR
5/24/2024 11:18:01 AM - IMBSF202110016BR
5/24/2024 11:18:38 AM - IMBSF202110017BR
5/24/2024 11:19:15 AM - IMBSF202110018BR
5/24/2024 11:19:51 AM - IMBSF202110019BR
5/24/2024 11:20:28 AM - IMBSF202110020BR
5/24/2024 11:21:04 AM - IMBSF202110021BR
5/24/2024 11:21:41 AM - IMBSF202110022BR
5/24/2024 11:22:18 AM - IMBSF202110023BR
5/24/2024 11:22:54 AM - IMBSF202110024BR
5/24/2024 11:23:31 AM - IMBSF202110025BR
5/24/2024 11:24:11 AM - IAATL202111001BR
5/24/2024 11:24:42 AM - IMBSF202111001BR
5/24/2024 11:25:17 AM - IMMTE202111001BR
5/24/2024 11:26:15 AM - IMBSF202111002BR
5/24/2024 11:26:54 AM - IAATL202111002BR
5/24/2024 11:27:26 AM - IAATL202111003BR
5/24/2024 11:28:02 AM - IMATL202111001BR
5/24/2024 11:28:37 AM - EMARC202111001BR
5/24/2024 11:29:04 AM - IMMTE202111002BR
5/24/2024 11:30:02 AM - IAMTE202111001BR
5/24/2024 11:30:35 AM - IAMTE202111002BR
5/24/2024 11:31:07 AM - IAATL202111004BR
5/24/2024 11:31:48 AM - IMATL202111002BR
5/24/2024 11:32:25 AM - IAMTE202111003BR
5/24/2024 11:32:57 AM - IMBSF202111003BR
5/24/2024 11:33:35 AM - IASOL202111001BR
5/24/2024 11:34:02 AM - IAATL202111005BR
5/24/2024 11:34:38 AM - IMATL202111003BR
5/24/2024 11:35:05 AM - IMATL202111004BR
5/24/2024 11:35:42 AM - IMBSF202111004BR
5/24/2024 11:36:16 AM - IMBSF202111005BR
5/24/2024 11:36:54 AM - IAATL202111006BR
5/24/2024 11:37:29 AM - IAATL202112001BR
5/24/2024 11:38:05 AM - IAMTE202112001BR
5/24/2024 11:38:36 AM - IMBSF202112001BR
5/24/2024 11:39:11 AM - IMBSF202112002BR
5/24/2024 11:39:47 AM - IMBSF202112003BR
5/24/2024 11:40:23 AM - IMBSF202112004BR
5/24/2024 11:40:59 AM - IMBSF202112005BR
5/24/2024 11:41:35 AM - IMBSF202112006BR
5/24/2024 11:42:11 AM - IMBSF202112007BR
5/24/2024 11:42:48 AM - IMBSF202112008BR
5/24/2024 11:43:31 AM - IAATL202112002BR
5/24/2024 11:44:08 AM - IMBSF202112009BR
5/24/2024 11:44:47 AM - IMBSF202112010BR
5/24/2024 11:45:22 AM - IMBSF202112011BR
5/24/2024 11:45:58 AM - IMBSF202112012BR
5/24/2024 11:46:35 AM - IMEVO202112001BR
5/24/2024 11:47:11 AM - IMBSF202112013BR
5/24/2024 11:47:50 AM - IMBSF202112014BR
5/24/2024 11:48:27 AM - IMBSF202112015BR
5/24/2024 11:49:06 AM - IAATL202112003BR
5/24/2024 11:49:42 AM - IAATL202112004BR
5/24/2024 11:50:18 AM - IMBSF202112016BR
5/24/2024 11:50:59 AM - IAATL202112005BR
5/24/2024 11:51:35 AM - IMATL202112001BR
5/24/2024 11:52:05 AM - IMATL202112002BR
5/24/2024 11:52:43 AM - IMBSF202112017BR
5/24/2024 11:53:18 AM - IMBSF202112018BR
5/24/2024 11:53:57 AM - IAMTE202112002BR
5/24/2024 11:54:24 AM - IMBSF202112019BR
5/24/2024 11:55:00 AM - IAAPB202112001BR
5/24/2024 11:55:37 AM - IAAPB202112002BR
5/24/2024 11:56:12 AM - IAATL202112006BR
5/24/2024 11:56:48 AM - IAATL202112007BR
5/24/2024 11:57:23 AM - IAATL202112008BR
5/24/2024 11:57:59 AM - IAIFB202112001BR
5/24/2024 11:58:34 AM - IAMTE202112003BR
5/24/2024 11:59:09 AM - IASTE202112001BR
5/24/2024 11:59:44 AM - IAATL202112009BR
5/24/2024 12:00:19 PM - IAATL202112010BR
5/24/2024 12:00:53 PM - IMBSF202112020BR
5/24/2024 12:01:30 PM - IMBSF202112021BR
5/24/2024 12:02:06 PM - IMBSF202112022BR
5/24/2024 12:02:51 PM - IMBSF202112023BR
5/24/2024 12:03:29 PM - IAATL202112011BR
5/24/2024 12:04:04 PM - IMBSF202112024BR
5/24/2024 12:04:40 PM - IMBSF202112025BR
5/24/2024 12:05:17 PM - IMBSF202201001BR
5/24/2024 12:05:52 PM - IMBSF202201002BR
5/24/2024 12:06:28 PM - IAATL202201001BR
5/24/2024 12:07:03 PM - IAATL202201002BR
5/24/2024 12:07:37 PM - IMBSF202201003BR
5/24/2024 12:08:12 PM - IAATL202201003BR
5/24/2024 12:08:48 PM - IAATL202201004BR
