IMLVS202305002BR	BDPBRSAO_20231025160115000002_01.xml	25/10/2023 16:03:09
25/10/2023 16:03:09 - Inserir Historico IMLVS202305002BR
25/10/2023 16:03:10 - Insert with success IMLVS202305002BR
EMCSR202310001BR	BDPBRSAO_20231025160951000002_01.xml	25/10/2023 16:13:40
25/10/2023 16:13:40 - Inserir Historico EMCSR202310001BR
25/10/2023 16:13:40 - Insert with success EMCSR202310001BR
EMCSR202310002BR	BDPBRSAO_20231025161346000003_01.xml	25/10/2023 16:15:12
25/10/2023 16:15:12 - Inserir Historico EMCSR202310002BR
25/10/2023 16:15:13 - Insert with success EMCSR202310002BR
IAATL202310002BR	BDPBRSAO_20231025161516000004_01.xml	25/10/2023 16:22:46
25/10/2023 16:22:46 - Inserir Historico IAATL202310002BR
25/10/2023 16:22:47 - Insert with success IAATL202310002BR
EAATL202302001BR	BDPBRSAO_20231025162249000005_01.xml	25/10/2023 16:28:27
25/10/2023 16:28:27 - Inserir Historico EAATL202302001BR
25/10/2023 16:28:28 - Insert with success EAATL202302001BR
IAATL202310003BR	BDPBRSAO_20231025162830000006_01.xml	25/10/2023 16:28:57
25/10/2023 16:28:57 - Inserir Historico IAATL202310003BR
25/10/2023 16:28:58 - Insert with success IAATL202310003BR
EMATL202307003BR	BDPBRSAO_20231025162900000007_01.xml	25/10/2023 16:29:55
25/10/2023 16:29:55 - Inserir Historico EMATL202307003BR
25/10/2023 16:29:55 - Insert with success EMATL202307003BR
