EMOXT202207001BR	BDPBRSAO_20230921180131000002_01.xml	21/09/2023 18:07:39
21/09/2023 18:07:39 - Inserir Historico EMOXT202207001BR
21/09/2023 18:07:39 - Insert with success EMOXT202207001BR
EMOXT202207002BR	BDPBRSAO_20230921180746000003_01.xml	21/09/2023 18:08:30
21/09/2023 18:08:30 - Inserir Historico EMOXT202207002BR
21/09/2023 18:08:30 - Insert with success EMOXT202207002BR
EMOXT202207003BR	BDPBRSAO_20230921180844000004_01.xml	21/09/2023 18:09:35
21/09/2023 18:09:36 - Inserir Historico EMOXT202207003BR
21/09/2023 18:09:36 - Insert with success EMOXT202207003BR
EMOXT202207004BR	BDPBRSAO_20230921180938000005_01.xml	21/09/2023 18:10:16
21/09/2023 18:10:16 - Inserir Historico EMOXT202207004BR
21/09/2023 18:10:17 - Insert with success EMOXT202207004BR
EMOXT202207005BR	BDPBRSAO_20230921181019000006_01.xml	21/09/2023 18:10:57
21/09/2023 18:10:57 - Inserir Historico EMOXT202207005BR
21/09/2023 18:10:57 - Insert with success EMOXT202207005BR
EMOXT202207006BR	BDPBRSAO_20230921181059000007_01.xml	21/09/2023 18:11:22
21/09/2023 18:11:22 - Inserir Historico EMOXT202207006BR
21/09/2023 18:11:22 - Insert with success EMOXT202207006BR
IMBSF202207012BR	BDPBRSAO_20230921181125000008_01.xml	21/09/2023 18:11:56
21/09/2023 18:11:56 - Inserir Historico IMBSF202207012BR
21/09/2023 18:11:56 - Insert with success IMBSF202207012BR
IMBSF202207015BR	BDPBRSAO_20230921181159000009_01.xml	21/09/2023 18:12:33
21/09/2023 18:12:33 - Inserir Historico IMBSF202207015BR
21/09/2023 18:12:33 - Insert with success IMBSF202207015BR
IMBSF202208001BR	BDPBRSAO_20230921181235000010_01.xml	21/09/2023 18:13:11
21/09/2023 18:13:11 - Inserir Historico IMBSF202208001BR
21/09/2023 18:13:12 - Insert with success IMBSF202208001BR
IMATL202208002BR	BDPBRSAO_20230921181313000011_01.xml	21/09/2023 18:13:44
21/09/2023 18:13:44 - Inserir Historico IMATL202208002BR
21/09/2023 18:13:44 - Insert with success IMATL202208002BR
IMBSF202208007BR	BDPBRSAO_20230921181346000012_01.xml	21/09/2023 18:14:20
21/09/2023 18:14:20 - Inserir Historico IMBSF202208007BR
21/09/2023 18:14:20 - Insert with success IMBSF202208007BR
EMOXT202208009BR	BDPBRSAO_20230921181422000013_01.xml	21/09/2023 18:15:00
21/09/2023 18:15:00 - Inserir Historico EMOXT202208009BR
21/09/2023 18:15:00 - Insert with success EMOXT202208009BR
IMBSF202208009BR	BDPBRSAO_20230921181503000014_01.xml	21/09/2023 18:15:33
21/09/2023 18:15:33 - Inserir Historico IMBSF202208009BR
21/09/2023 18:15:34 - Insert with success IMBSF202208009BR
IMBSF202208010BR	BDPBRSAO_20230921181536000015_01.xml	21/09/2023 18:16:10
21/09/2023 18:16:10 - Inserir Historico IMBSF202208010BR
21/09/2023 18:16:10 - Insert with success IMBSF202208010BR
IMBSF202208011BR	BDPBRSAO_20230921181612000016_01.xml	21/09/2023 18:16:41
21/09/2023 18:16:41 - Inserir Historico IMBSF202208011BR
21/09/2023 18:16:42 - Insert with success IMBSF202208011BR
EMATL202208001BR	BDPBRSAO_20230921181644000017_01.xml	21/09/2023 18:17:07
21/09/2023 18:17:07 - Inserir Historico EMATL202208001BR
21/09/2023 18:17:07 - Insert with success EMATL202208001BR
IMBSF202208012BR	BDPBRSAO_20230921181709000018_01.xml	21/09/2023 18:17:41
21/09/2023 18:17:41 - Inserir Historico IMBSF202208012BR
21/09/2023 18:17:41 - Insert with success IMBSF202208012BR
EMATL202208002BR	BDPBRSAO_20230921181743000019_01.xml	21/09/2023 18:18:09
21/09/2023 18:18:09 - Inserir Historico EMATL202208002BR
21/09/2023 18:18:09 - Insert with success EMATL202208002BR
EMARC202208001BR	BDPBRSAO_20230921181812000020_01.xml	21/09/2023 18:18:37
21/09/2023 18:18:37 - Inserir Historico EMARC202208001BR
21/09/2023 18:18:37 - Insert with success EMARC202208001BR
IMBSF202209001BR	BDPBRSAO_20230921181840000021_01.xml	21/09/2023 18:19:14
21/09/2023 18:19:14 - Inserir Historico IMBSF202209001BR
21/09/2023 18:19:14 - Insert with success IMBSF202209001BR
EAOXT202209001BR	BDPBRSAO_20230921181916000022_01.xml	21/09/2023 21:04:35
21/09/2023 21:04:35 - Inserir Historico EAOXT202209001BR
21/09/2023 21:04:36 - Insert with success EAOXT202209001BR
