IMCSR202012282BR	BDPBRSAO_20210128104337000002_01.xml	28/01/2021 10:44:22
28/01/2021 10:44:23 - Inserir Historico IMCSR202012282BR
28/01/2021 10:44:25 - Insert with success IMCSR202012282BR
IMCSR202012283BR	BDPBRSAO_20210128104427000003_01.xml	28/01/2021 10:45:10
28/01/2021 10:45:10 - Inserir Historico IMCSR202012283BR
28/01/2021 10:45:13 - Insert with success IMCSR202012283BR
IMCSR202012285BR	BDPBRSAO_20210128104516000004_01.xml	28/01/2021 10:45:54
28/01/2021 10:45:54 - Inserir Historico IMCSR202012285BR
28/01/2021 10:45:55 - Insert with success IMCSR202012285BR
IMCSR202012455BR	BDPBRSAO_20210128104558000005_01.xml	28/01/2021 10:46:35
28/01/2021 10:46:36 - Inserir Historico IMCSR202012455BR
28/01/2021 10:46:37 - Insert with success IMCSR202012455BR
IMCSR202012457BR	BDPBRSAO_20210128104639000006_01.xml	28/01/2021 10:47:16
28/01/2021 10:47:16 - Inserir Historico IMCSR202012457BR
28/01/2021 10:47:17 - Insert with success IMCSR202012457BR
IMCSR202012459BR	BDPBRSAO_20210128104719000007_01.xml	28/01/2021 10:47:56
28/01/2021 10:47:56 - Inserir Historico IMCSR202012459BR
28/01/2021 10:47:57 - Insert with success IMCSR202012459BR
IMCSR202012460BR	BDPBRSAO_20210128104759000008_01.xml	28/01/2021 10:48:36
28/01/2021 10:48:36 - Inserir Historico IMCSR202012460BR
28/01/2021 10:48:39 - Insert with success IMCSR202012460BR
IMCSR202012462BR	BDPBRSAO_20210128104841000009_01.xml	28/01/2021 10:49:18
28/01/2021 10:49:18 - Inserir Historico IMCSR202012462BR
28/01/2021 10:49:19 - Insert with success IMCSR202012462BR
IMCSR202012463BR	BDPBRSAO_20210128104921000010_01.xml	28/01/2021 10:49:59
28/01/2021 10:49:59 - Inserir Historico IMCSR202012463BR
28/01/2021 10:50:00 - Insert with success IMCSR202012463BR
IMCSR202012521BR	BDPBRSAO_20210128105002000011_01.xml	28/01/2021 10:50:41
28/01/2021 10:50:41 - Inserir Historico IMCSR202012521BR
28/01/2021 10:50:44 - Insert with success IMCSR202012521BR
IMCTV202011061BR	BDPBRSAO_20210128105046000012_01.xml	28/01/2021 10:51:28
28/01/2021 10:51:28 - Inserir Historico IMCTV202011061BR
28/01/2021 10:51:30 - Insert with success IMCTV202011061BR
IMCTV202101003BR	BDPBRSAO_20210128105132000013_01.xml	28/01/2021 10:52:10
28/01/2021 10:52:10 - Inserir Historico IMCTV202101003BR
28/01/2021 10:52:11 - Insert with success IMCTV202101003BR
IMCTV202012008BR	BDPBRSAO_20210128105214000014_01.xml	28/01/2021 10:52:52
28/01/2021 10:52:52 - Inserir Historico IMCTV202012008BR
28/01/2021 10:52:53 - Insert with success IMCTV202012008BR
EMSAM202012048BR	BDPBRSAO_20210128105256000015_01.xml	28/01/2021 10:53:44
28/01/2021 10:53:44 - Inserir Historico EMSAM202012048BR
28/01/2021 10:53:46 - Insert with success EMSAM202012048BR
IASLA202101012BR	BDPBRSAO_20210128105348000016_01.xml	28/01/2021 10:54:37
28/01/2021 10:54:37 - Inserir Historico IASLA202101012BR
28/01/2021 10:54:38 - Insert with success IASLA202101012BR
IMCTV202101001BR	BDPBRSAO_20210128105440000017_01.xml	28/01/2021 10:55:18
28/01/2021 10:55:18 - Inserir Historico IMCTV202101001BR
28/01/2021 10:55:19 - Insert with success IMCTV202101001BR
IMCTV202012073BR	BDPBRSAO_20210128105522000018_01.xml	28/01/2021 10:55:56
28/01/2021 10:55:56 - Inserir Historico IMCTV202012073BR
28/01/2021 10:55:56 - Insert with success IMCTV202012073BR
IMARC202101002BR	BDPBRSAO_20210128105559000019_01.xml	28/01/2021 10:56:20
28/01/2021 10:56:20 - Inserir Historico IMARC202101002BR
28/01/2021 10:56:21 - Insert with success IMARC202101002BR
EMOXT202101171BR	BDPBRSAO_20210128105623000020_01.xml	28/01/2021 10:56:55
28/01/2021 10:56:55 - Inserir Historico EMOXT202101171BR
28/01/2021 10:56:56 - Insert with success EMOXT202101171BR
IMATN202101014BR	BDPBRSAO_20210128105658000021_01.xml	28/01/2021 10:57:43
28/01/2021 10:57:43 - Inserir Historico IMATN202101014BR
28/01/2021 10:57:44 - Insert with success IMATN202101014BR
IMSOL202011113BR	BDPBRSAO_20210128105746000022_01.xml	28/01/2021 10:58:20
28/01/2021 10:58:20 - Inserir Historico IMSOL202011113BR
28/01/2021 10:58:20 - Insert with success IMSOL202011113BR
IMSLA202101058BR	BDPBRSAO_20210128105822000023_01.xml	28/01/2021 10:58:58
28/01/2021 10:58:58 - Inserir Historico IMSLA202101058BR
28/01/2021 10:58:58 - Insert with success IMSLA202101058BR
IMCTV202011132BR	BDPBRSAO_20210128105901000024_01.xml	28/01/2021 10:59:43
28/01/2021 10:59:43 - Inserir Historico IMCTV202011132BR
28/01/2021 10:59:44 - Insert with success IMCTV202011132BR
IMSLA202101059BR	BDPBRSAO_20210128105946000025_01.xml	28/01/2021 11:00:23
28/01/2021 11:00:23 - Inserir Historico IMSLA202101059BR
28/01/2021 11:00:26 - Insert with success IMSLA202101059BR
EMSAM202012049BR	BDPBRSAO_20210128110028000026_01.xml	28/01/2021 11:01:17
28/01/2021 11:01:17 - Inserir Historico EMSAM202012049BR
28/01/2021 11:01:19 - Insert with success EMSAM202012049BR
IMCSR202101271BR	BDPBRSAO_20210128110121000027_01.xml	28/01/2021 11:01:52
28/01/2021 11:01:52 - Inserir Historico IMCSR202101271BR
28/01/2021 11:01:53 - Insert with success IMCSR202101271BR
IMCSR202101443BR	BDPBRSAO_20210128110155000028_01.xml	28/01/2021 11:02:31
28/01/2021 11:02:31 - Inserir Historico IMCSR202101443BR
28/01/2021 11:02:33 - Insert with success IMCSR202101443BR
EMSAM202012050BR	BDPBRSAO_20210128110235000029_01.xml	28/01/2021 11:03:11
28/01/2021 11:03:11 - Inserir Historico EMSAM202012050BR
28/01/2021 11:03:12 - Insert with success EMSAM202012050BR
EMARC202101034BR	BDPBRSAO_20210128110314000030_01.xml	28/01/2021 11:04:15
28/01/2021 11:04:15 - Inserir Historico EMARC202101034BR
28/01/2021 11:04:15 - Insert with success EMARC202101034BR
EMSAM202012051BR	BDPBRSAO_20210128110418000031_01.xml	28/01/2021 11:05:00
28/01/2021 11:05:00 - Inserir Historico EMSAM202012051BR
28/01/2021 11:05:01 - Insert with success EMSAM202012051BR
IMCSR202011576BR	BDPBRSAO_20210128110503000032_01.xml	28/01/2021 11:05:47
28/01/2021 11:05:47 - Inserir Historico IMCSR202011576BR
28/01/2021 11:05:48 - Insert with success IMCSR202011576BR
IMCSR202101276BR	BDPBRSAO_20210128110550000033_01.xml	28/01/2021 11:06:22
28/01/2021 11:06:22 - Inserir Historico IMCSR202101276BR
28/01/2021 11:06:24 - Insert with success IMCSR202101276BR
EMSAM202012052BR	BDPBRSAO_20210128110626000034_01.xml	28/01/2021 11:07:04
28/01/2021 11:07:04 - Inserir Historico EMSAM202012052BR
28/01/2021 11:07:05 - Insert with success EMSAM202012052BR
IMATL202012129BR	BDPBRSAO_20210128110707000035_01.xml	28/01/2021 11:07:30
28/01/2021 11:07:30 - Inserir Historico IMATL202012129BR
28/01/2021 11:07:31 - Insert with success IMATL202012129BR
IAOXT202012006BR	BDPBRSAO_20210128110733000036_01.xml	28/01/2021 11:10:35
28/01/2021 11:10:35 - Inserir Historico IAOXT202012006BR
28/01/2021 11:10:36 - Insert with success IAOXT202012006BR
EMSAM202012055BR	BDPBRSAO_20210128111039000037_01.xml	28/01/2021 11:11:25
28/01/2021 11:11:25 - Inserir Historico EMSAM202012055BR
28/01/2021 11:11:27 - Insert with success EMSAM202012055BR
IMCSR202009790BR	BDPBRSAO_20210128111129000038_01.xml	28/01/2021 11:12:13
28/01/2021 11:12:14 - Inserir Historico IMCSR202009790BR
28/01/2021 11:12:14 - Insert with success IMCSR202009790BR
EMSAM202012056BR	BDPBRSAO_20210128111216000039_01.xml	28/01/2021 11:12:58
28/01/2021 11:12:58 - Inserir Historico EMSAM202012056BR
28/01/2021 11:12:59 - Insert with success EMSAM202012056BR
IMSLA202101057BR	BDPBRSAO_20210128111301000040_01.xml	28/01/2021 11:13:25
28/01/2021 11:13:25 - Inserir Historico IMSLA202101057BR
28/01/2021 11:13:26 - Insert with success IMSLA202101057BR
EMSAM202012067BR	BDPBRSAO_20210128111328000041_01.xml	28/01/2021 11:14:18
28/01/2021 11:14:18 - Inserir Historico EMSAM202012067BR
28/01/2021 11:14:18 - Insert with success EMSAM202012067BR
IMEAS202101010BR	BDPBRSAO_20210128111420000042_01.xml	28/01/2021 11:14:56
28/01/2021 11:14:56 - Inserir Historico IMEAS202101010BR
28/01/2021 11:14:56 - Insert with success IMEAS202101010BR
IMEAS202101044BR	BDPBRSAO_20210128111459000043_01.xml	28/01/2021 11:15:22
28/01/2021 11:15:22 - Inserir Historico IMEAS202101044BR
28/01/2021 11:15:23 - Insert with success IMEAS202101044BR
IMCSR202011574BR	BDPBRSAO_20210128111525000044_01.xml	28/01/2021 11:16:04
28/01/2021 11:16:04 - Inserir Historico IMCSR202011574BR
28/01/2021 11:16:05 - Insert with success IMCSR202011574BR
EMSAM202012068BR	BDPBRSAO_20210128111607000045_01.xml	28/01/2021 11:16:49
28/01/2021 11:16:49 - Inserir Historico EMSAM202012068BR
28/01/2021 11:16:49 - Insert with success EMSAM202012068BR
IMEAS202101042BR	BDPBRSAO_20210128111652000046_01.xml	28/01/2021 11:17:30
28/01/2021 11:17:30 - Inserir Historico IMEAS202101042BR
28/01/2021 11:17:31 - Insert with success IMEAS202101042BR
