Start Qty: 30 Date: 05/04/2021 10:46:29
05/04/2021 10:46:29 - EMCSR202103140BR
05/04/2021 10:47:14 - EMCSR202103146BR
05/04/2021 10:47:57 - EMCSR202103150BR
05/04/2021 10:48:33 - EMCSR202103151BR
05/04/2021 10:50:11 - EMCSR202103152BR
05/04/2021 10:51:47 - EMCSR202103159BR
05/04/2021 10:53:20 - EMCSR202103160BR
05/04/2021 10:53:56 - EMCSR202104001BR
05/04/2021 10:54:31 - EMCSR202104002BR
05/04/2021 10:55:06 - EMCSR202104003BR
05/04/2021 10:55:52 - EMCSR202104004BR
05/04/2021 10:56:27 - EMCSR202104005BR
05/04/2021 10:57:03 - EMCSR202104007BR
05/04/2021 10:57:39 - EMCSR202104008BR
05/04/2021 10:58:13 - EMCSR202104010BR
05/04/2021 10:58:48 - EMCSR202104011BR
05/04/2021 10:59:23 - EMCSR202104013BR
05/04/2021 10:59:58 - EMCSR202104014BR
05/04/2021 11:00:36 - EMCSR202104015BR
05/04/2021 11:01:13 - EMCSR202104016BR
05/04/2021 11:01:51 - EMCSR202104017BR
05/04/2021 11:02:28 - EMCSR202104018BR
05/04/2021 11:03:05 - EMCSR202104019BR
05/04/2021 11:03:40 - EMCSR202104021BR
05/04/2021 11:04:17 - EMCSR202104022BR
05/04/2021 11:04:53 - EOCSR202103028BR
05/04/2021 11:05:27 - EOCSR202103029BR
05/04/2021 11:06:02 - EOCSR202103030BR
05/04/2021 11:06:37 - EOCSR202104001BR
05/04/2021 11:07:10 - EONBS202103003BR
False
Start Qty: 86 Date: 05/04/2021 11:08:58
05/04/2021 11:09:02 - EMARG202103078AR
05/04/2021 11:11:17 - EMARG202103079AR
05/04/2021 11:13:57 - EMARG202103080AR
05/04/2021 11:15:52 - EMARG202103081AR
05/04/2021 11:17:09 - EMARG202103082AR
05/04/2021 11:18:26 - EMARG202103083AR
05/04/2021 11:20:05 - EMARG202103084AR
05/04/2021 11:21:22 - EMARG202103085AR
05/04/2021 11:22:39 - EMARG202103086AR
05/04/2021 11:24:00 - EMARG202103087AR
05/04/2021 11:25:30 - EMARG202103088AR
05/04/2021 11:27:04 - EMARG202103089AR
05/04/2021 11:29:13 - EMARG202103090AR
05/04/2021 11:31:19 - EMARG202103091AR
05/04/2021 11:33:07 - EMARG202103092AR
05/04/2021 11:34:52 - EMARG202103093AR
05/04/2021 11:36:52 - EMARG202103094AR
05/04/2021 11:38:08 - EMARG202103095AR
05/04/2021 11:39:24 - EMARG202103096AR
05/04/2021 11:40:52 - EMARG202103097AR
05/04/2021 11:42:08 - EMARG202103098AR
05/04/2021 11:43:25 - EMARG202103099AR
05/04/2021 11:44:45 - EMARG202103100AR
05/04/2021 11:45:59 - EMARG202103101AR
05/04/2021 11:47:15 - EMARG202103102AR
05/04/2021 11:48:35 - EMARG202103103AR
05/04/2021 11:49:50 - EMARG202103104AR
05/04/2021 11:51:05 - EMARG202103105AR
05/04/2021 11:52:20 - EMARG202103106AR
05/04/2021 11:53:38 - EMARG202103107AR
05/04/2021 11:54:58 - EMARG202103108AR
05/04/2021 11:56:13 - EMARG202103109AR
05/04/2021 11:57:26 - EMARG202103110AR
05/04/2021 11:58:46 - EMARG202103111AR
05/04/2021 12:00:12 - EMARG202103112AR
05/04/2021 12:01:27 - EMARG202103113AR
05/04/2021 12:02:43 - EMARG202103114AR
05/04/2021 12:03:59 - EMARG202103115AR
05/04/2021 12:05:15 - EMARG202103116AR
05/04/2021 12:06:33 - EMARG202103117AR
05/04/2021 12:07:48 - EMARG202103118AR
05/04/2021 12:09:04 - EMARG202103119AR
05/04/2021 12:10:20 - EMARG202103120AR
05/04/2021 12:11:35 - EMARG202103121AR
05/04/2021 12:12:49 - EMARG202103122AR
05/04/2021 12:14:03 - EMARG202103123AR
05/04/2021 12:15:20 - EMARG202103124AR
05/04/2021 12:16:35 - EMARG202103125AR
05/04/2021 12:17:51 - EMARG202103126AR
05/04/2021 12:19:10 - EMARG202103127AR
05/04/2021 12:20:24 - EMARG202103128AR
05/04/2021 12:21:39 - EMARG202103129AR
05/04/2021 12:22:57 - EMARG202103130AR
05/04/2021 12:24:13 - EMARG202103131AR
05/04/2021 12:25:27 - EMARG202103132AR
05/04/2021 12:26:42 - EMARG202103133AR
05/04/2021 12:27:56 - EMARG202103134AR
05/04/2021 12:29:11 - EMARG202103135AR
05/04/2021 12:30:29 - EMARG202103136AR
05/04/2021 12:31:46 - EOARG202103174AR
05/04/2021 12:33:06 - EOARG202103203AR
05/04/2021 12:34:21 - EOARG202103208AR
05/04/2021 12:35:33 - EOARG202103209AR
05/04/2021 12:36:46 - EOARG202103210AR
05/04/2021 12:37:58 - EOARG202103211AR
05/04/2021 12:39:19 - EOARG202103212AR
05/04/2021 12:40:29 - EOARG202103213AR
05/04/2021 12:41:50 - EOARG202103214AR
05/04/2021 12:43:16 - EOARG202103215AR
05/04/2021 12:44:30 - EOARG202103216AR
05/04/2021 12:45:41 - EOARG202103219AR
05/04/2021 12:46:52 - EOARG202103220AR
05/04/2021 12:48:05 - EOARG202103222AR
05/04/2021 12:49:16 - EOARG202103226AR
05/04/2021 12:50:40 - EOARG202103227AR
05/04/2021 12:52:04 - EOARG202103230AR
05/04/2021 12:53:18 - EOARG202103231AR
05/04/2021 12:54:30 - EOARG202103232AR
05/04/2021 12:55:42 - EOARG202103233AR
05/04/2021 12:57:03 - EOARG202103234AR
05/04/2021 12:58:14 - EOARG202103237AR
05/04/2021 12:59:25 - EOARG202103238AR
05/04/2021 13:00:38 - EOARG202103239AR
05/04/2021 13:01:58 - EOARG202103240AR
05/04/2021 13:03:15 - EOARG202103241AR
05/04/2021 13:04:33 - EOARG202103242AR
False
