Start Qty: 7 Date: 6/18/2024 2:03:31 PM
6/18/2024 2:03:33 PM - IMLYB202301010BR
Start Qty: 7 Date: 6/18/2024 2:50:30 PM
6/18/2024 2:50:31 PM - IMLYB202301010BR
Start Qty: 7 Date: 6/18/2024 2:52:36 PM
6/18/2024 2:52:37 PM - IMLYB202301010BR
6/18/2024 3:21:48 PM - IMLYB202303001BR
6/18/2024 3:28:55 PM - IMLYB202305002BR
6/18/2024 3:35:04 PM - IMLYB202309001BR
6/18/2024 3:42:10 PM - IMLYB202310001BR
6/18/2024 3:48:44 PM - IMLYB202312001BR
6/18/2024 4:00:46 PM - IMLYB202403002BR
False
Start Qty: 1 Date: 6/18/2024 4:10:42 PM
6/18/2024 4:10:42 PM - IMLYB202403002BR
False
Start Qty: 1 Date: 6/18/2024 4:18:34 PM
6/18/2024 4:18:34 PM - IMLYB202403002BR
Start Qty: 7 Date: 6/18/2024 4:24:12 PM
6/18/2024 4:24:12 PM - IMOXT202312001BR
6/18/2024 4:25:45 PM - IAATL202309033BR
6/18/2024 4:26:10 PM - EMBCB202309001BR
6/18/2024 4:26:54 PM - EMCSR202301097BR
6/18/2024 4:27:29 PM - EMCSR202302006BR
6/18/2024 4:28:03 PM - EMCSR202304010BR
6/18/2024 4:28:41 PM - EMCSR202304051BR
False
