Start Qty: 67 Date: 22/09/2023 12:14:32
22/09/2023 12:14:34 - IOOXT220900001BR
22/09/2023 12:15:27 - IAOXT202209001BR
22/09/2023 12:16:13 - IMOXT202209004BR
22/09/2023 12:17:58 - IMOXT202209005BR
22/09/2023 12:19:00 - IMATL202209001BR
22/09/2023 12:19:33 - IMATL202209003BR
22/09/2023 12:20:06 - IMBSF202209007BR
22/09/2023 12:20:40 - IMATL202209004BR
22/09/2023 12:21:14 - EMCSR202209001BR
22/09/2023 12:21:41 - IMBSF202209008BR
22/09/2023 12:22:16 - IMBSF202209009BR
22/09/2023 12:22:51 - IMBSF202209010BR
22/09/2023 12:23:21 - IMBSF202209011BR
22/09/2023 12:23:56 - IMBSF202209012BR
22/09/2023 12:24:30 - IMBSF202209013BR
22/09/2023 12:25:04 - IAATL202209006BR
22/09/2023 12:25:35 - IMBSF202210001BR
22/09/2023 12:26:08 - IMBSF202210002BR
22/09/2023 12:26:44 - EMATL202210001BR
22/09/2023 12:27:12 - EMATL202210002BR
22/09/2023 12:27:40 - IAATL202210001BR
22/09/2023 12:28:08 - EMCSR202210001BR
22/09/2023 12:28:36 - EMOXT202210003BR
