IMCSR202405985BR	BDPBRSAO_20240606123642000002_01.xml	06/06/2024 12:39:11
06/06/2024 12:39:11 - Inserir Historico IMCSR202405985BR
06/06/2024 12:39:11 - Insert with success IMCSR202405985BR
IMEAS202402082BR	BDPBRSAO_20240606123918000003_01.xml	06/06/2024 12:40:15
06/06/2024 12:40:15 - Inserir Historico IMEAS202402082BR
06/06/2024 12:40:15 - Insert with success IMEAS202402082BR
IMEAS202404019BR	BDPBRSAO_20240606124017000004_01.xml	06/06/2024 12:41:02
06/06/2024 12:41:02 - Inserir Historico IMEAS202404019BR
06/06/2024 12:41:02 - Insert with success IMEAS202404019BR
IMIFB202403054BR	BDPBRSAO_20240606124104000005_01.xml	06/06/2024 12:42:01
06/06/2024 12:42:02 - Inserir Historico IMIFB202403054BR
06/06/2024 12:42:02 - Insert with success IMIFB202403054BR
IMIFB202403078BR	BDPBRSAO_20240606124205000006_01.xml	06/06/2024 12:42:58
06/06/2024 12:42:58 - Inserir Historico IMIFB202403078BR
06/06/2024 12:42:58 - Insert with success IMIFB202403078BR
IMIFB202403128BR	BDPBRSAO_20240606124301000007_01.xml	06/06/2024 12:43:50
06/06/2024 12:43:50 - Inserir Historico IMIFB202403128BR
06/06/2024 12:43:50 - Insert with success IMIFB202403128BR
IMIFB202403168BR	BDPBRSAO_20240606124352000008_01.xml	06/06/2024 12:44:39
06/06/2024 12:44:39 - Inserir Historico IMIFB202403168BR
06/06/2024 12:44:39 - Insert with success IMIFB202403168BR
IMIFB202405063BR	BDPBRSAO_20240606124441000009_01.xml	06/06/2024 12:45:27
06/06/2024 12:45:27 - Inserir Historico IMIFB202405063BR
06/06/2024 12:45:27 - Insert with success IMIFB202405063BR
IMLVS202403070BR	BDPBRSAO_20240606124530000010_01.xml	06/06/2024 12:46:51
06/06/2024 12:46:51 - Inserir Historico IMLVS202403070BR
06/06/2024 12:46:51 - Insert with success IMLVS202403070BR
IMLVS202404040BR	BDPBRSAO_20240606124653000011_01.xml	06/06/2024 12:47:36
06/06/2024 12:47:36 - Inserir Historico IMLVS202404040BR
06/06/2024 12:47:36 - Insert with success IMLVS202404040BR
