Start Qty: 39 Date: 14/07/2023 11:58:37
14/07/2023 11:58:37 - IAMTE202307001BR
14/07/2023 11:59:29 - IAATL202307004BR
14/07/2023 12:00:12 - EMCSR202306001BR
14/07/2023 12:01:00 - EMCSR202306002BR
14/07/2023 12:01:42 - EMCSR202306003BR
14/07/2023 12:02:23 - EMCSR202306004BR
14/07/2023 12:03:06 - EMCSR202306005BR
14/07/2023 12:03:49 - EMCSR202306006BR
14/07/2023 12:04:31 - EMCSR202306007BR
14/07/2023 12:05:14 - EMCSR202306008BR
14/07/2023 12:05:55 - EMCSR202306009BR
14/07/2023 12:06:35 - EMCSR202306010BR
14/07/2023 12:07:15 - EMCSR202306011BR
14/07/2023 12:08:26 - EMCSR202306012BR
14/07/2023 12:09:09 - EMCSR202306013BR
14/07/2023 12:09:50 - EMCSR202306014BR
14/07/2023 12:10:33 - EMCSR202306015BR
14/07/2023 12:11:12 - EMCSR202306016BR
14/07/2023 12:11:55 - EMCSR202306017BR
14/07/2023 12:12:37 - EMCSR202306018BR
14/07/2023 12:13:17 - EMCSR202306019BR
14/07/2023 12:14:02 - EMCSR202306020BR
14/07/2023 12:14:43 - EMCSR202307001BR
14/07/2023 12:15:28 - EMCSR202307002BR
14/07/2023 12:16:08 - EMCSR202307003BR
14/07/2023 12:16:54 - EMCSR202307004BR
14/07/2023 12:17:40 - EMCSR202307005BR
14/07/2023 12:18:22 - EMCSR202307006BR
14/07/2023 12:19:03 - EMCSR202307007BR
14/07/2023 12:19:41 - EMCSR202307008BR
14/07/2023 12:20:25 - EMCSR202307009BR
14/07/2023 12:21:17 - EMCSR202307010BR
14/07/2023 12:21:59 - EMCSR202307011BR
14/07/2023 12:23:01 - EMCSR202307012BR
14/07/2023 12:23:54 - EMCSR202307013BR
14/07/2023 12:24:33 - EMCSR202307014BR
14/07/2023 12:25:31 - EMCSR202307015BR
14/07/2023 12:26:12 - EMCSR202307016BR
14/07/2023 12:26:53 - EMCSR202307017BR
False
