Start Qty: 24 Date: 15/06/2023 18:38:36
15/06/2023 18:38:37 - IAATL202306006BR
15/06/2023 18:40:06 - IAATL202306007BR
15/06/2023 18:41:11 - IASUN202306001BR
15/06/2023 18:41:36 - EMOXT202305001BR
15/06/2023 18:42:24 - EMCSR202306001BR
15/06/2023 18:42:56 - EMCSR202306002BR
15/06/2023 18:43:29 - EMCSR202306003BR
15/06/2023 18:44:01 - EMCSR202306004BR
15/06/2023 18:44:33 - EMCSR202306005BR
15/06/2023 18:45:05 - EMCSR202306006BR
15/06/2023 18:45:38 - EMCSR202306007BR
15/06/2023 18:46:10 - EMCSR202306008BR
15/06/2023 18:46:43 - EMCSR202306009BR
15/06/2023 18:47:16 - EMCSR202306010BR
15/06/2023 18:47:48 - EMCSR202306011BR
15/06/2023 18:48:36 - EMCSR202306012BR
15/06/2023 18:49:08 - EMCSR202306013BR
15/06/2023 18:49:40 - EMCSR202306014BR
15/06/2023 18:50:12 - EMCSR202306015BR
15/06/2023 18:50:46 - EMCSR202306016BR
15/06/2023 18:51:18 - EMCSR202306017BR
15/06/2023 18:51:50 - EMCSR202306018BR
15/06/2023 18:52:23 - EMCSR202306019BR
