Start Qty: 1 Date: 08/11/2021 13:09:17
08/11/2021 13:09:19 - EMCSR202104011BR
Start Qty: 1 Date: 08/11/2021 13:13:02
08/11/2021 13:13:03 - EMCSR202104011BR
Start Qty: 435 Date: 08/11/2021 13:31:22
08/11/2021 13:31:23 - IMCTV202107054BR
08/11/2021 13:36:54 - IMCTV202109012BR
08/11/2021 13:39:20 - IMEAS202108031BR
08/11/2021 13:40:03 - IMLYB202107001BR
08/11/2021 13:40:45 - IMNBS202110006BR
08/11/2021 13:41:26 - IMNBS202110007BR
08/11/2021 13:42:07 - IMSLA202107076BR
08/11/2021 13:42:50 - IMSLA202107077BR
08/11/2021 13:43:32 - IMSLA202107080BR
08/11/2021 13:44:14 - IMSLA202107085BR
08/11/2021 13:44:55 - IMSLA202107086BR
08/11/2021 13:45:36 - IMSLA202107087BR
08/11/2021 13:46:17 - IMSLA202108007BR
08/11/2021 13:46:58 - IMSLA202108008BR
08/11/2021 13:47:39 - IMCBT202104006BR
08/11/2021 13:48:21 - IMSLA202110026BR
08/11/2021 13:49:21 - IMSOL202108006BR
08/11/2021 13:50:03 - IMSPC202106007BR
08/11/2021 13:50:44 - IMSPC202110001BR
08/11/2021 13:51:57 - IMCBT202105010BR
08/11/2021 13:52:39 - IMSPC202110004BR
08/11/2021 13:53:19 - IMSPC202110020BR
08/11/2021 13:54:04 - IMSWB202107005BR
08/11/2021 13:54:44 - IMCBT202107005BR
08/11/2021 13:55:30 - IMCTV202105238BR
08/11/2021 13:56:13 - IMSWB202107122BR
08/11/2021 13:56:53 - IMSWB202108005BR
08/11/2021 13:57:58 - IMSWB202108041BR
08/11/2021 14:06:49 - IMCBT202106016BR
08/11/2021 14:07:35 - IMSWB202109022BR
08/11/2021 14:08:19 - IMUPL201701051BR
08/11/2021 14:10:04 - IMCBT202106019BR
08/11/2021 14:10:49 - IMCBT202106033BR
08/11/2021 14:11:49 - IMCBT202107001BR
08/11/2021 14:14:25 - IMCBT202107006BR
08/11/2021 14:15:51 - IMCBT202107015BR
08/11/2021 14:16:35 - IMSWB202107089BR
08/11/2021 14:17:20 - IMCBT202107022BR
08/11/2021 14:18:04 - EMSOL202109015BR
08/11/2021 14:18:47 - IMCBT202107016BR
08/11/2021 14:19:32 - EMSOL202109016BR
08/11/2021 14:20:16 - IMCBT202107021BR
08/11/2021 14:20:59 - IMCBT202107024BR
08/11/2021 14:21:44 - IMSWB202108170BR
08/11/2021 14:22:29 - EMCBE202108001BR
08/11/2021 14:23:14 - EMSOL202109019BR
08/11/2021 14:24:15 - EMSOL202110001BR
08/11/2021 14:25:01 - EOSOL202111004BR
08/11/2021 14:25:54 - IMCTV202104177BR
08/11/2021 14:26:39 - IMSWB202109046BR
08/11/2021 14:27:22 - EONBS202111001BR
08/11/2021 14:28:00 - IMSWB202104124BR
08/11/2021 14:28:46 - IMATN202111006BR
08/11/2021 14:29:42 - IACBT202110003BR
08/11/2021 15:02:28 - IACSR202110011BR
