IMSPC202104001BR	BDPBRSAO_20210906103705000002_01.xml	06/09/2021 10:48:59
06/09/2021 10:49:11 - Inserir Historico IMSPC202104001BR
06/09/2021 10:49:16 - Insert with success IMSPC202104001BR
IMSWB202105052BR	BDPBRSAO_20210906105405000002_01.xml	06/09/2021 10:59:12
06/09/2021 10:59:12 - Inserir Historico IMSWB202105052BR
06/09/2021 10:59:13 - Insert with success IMSWB202105052BR
IMSWB202106096BR	BDPBRSAO_20210906105916000003_01.xml	06/09/2021 11:00:06
06/09/2021 11:00:06 - Inserir Historico IMSWB202106096BR
06/09/2021 11:00:09 - Insert with success IMSWB202106096BR
IMOXT202010035BR	BDPBRSAO_20210906110011000004_01.xml	06/09/2021 11:01:08
06/09/2021 11:01:08 - Inserir Historico IMOXT202010035BR
06/09/2021 11:01:09 - Insert with success IMOXT202010035BR
IMTAM202106018BR	BDPBRSAO_20210906110111000005_01.xml	06/09/2021 11:02:04
06/09/2021 11:02:04 - Inserir Historico IMTAM202106018BR
06/09/2021 11:02:05 - Insert with success IMTAM202106018BR
IMTAM202106020BR	BDPBRSAO_20210906110208000006_01.xml	06/09/2021 11:03:22
06/09/2021 11:03:22 - Inserir Historico IMTAM202106020BR
06/09/2021 11:03:23 - Insert with success IMTAM202106020BR
IMTAM202107006BR	BDPBRSAO_20210906110325000007_01.xml	06/09/2021 11:04:37
06/09/2021 11:04:37 - Inserir Historico IMTAM202107006BR
06/09/2021 11:04:39 - Insert with success IMTAM202107006BR
IMTAM202107007BR	BDPBRSAO_20210906110442000008_01.xml	06/09/2021 11:05:54
06/09/2021 11:05:54 - Inserir Historico IMTAM202107007BR
06/09/2021 11:05:55 - Insert with success IMTAM202107007BR
IMTAM202108012BR	BDPBRSAO_20210906110558000009_01.xml	06/09/2021 11:06:58
06/09/2021 11:06:58 - Inserir Historico IMTAM202108012BR
06/09/2021 11:06:59 - Insert with success IMTAM202108012BR
IMOXT201911007BR	BDPBRSAO_20210906110701000010_01.xml	06/09/2021 11:08:00
06/09/2021 11:08:00 - Inserir Historico IMOXT201911007BR
06/09/2021 11:08:01 - Insert with success IMOXT201911007BR
IMOXT202101035BR	BDPBRSAO_20210906110804000011_01.xml	06/09/2021 11:08:52
06/09/2021 11:08:52 - Inserir Historico IMOXT202101035BR
06/09/2021 11:08:53 - Insert with success IMOXT202101035BR
IMOXT202004035BR	BDPBRSAO_20210906110856000012_01.xml	06/09/2021 11:09:54
06/09/2021 11:09:54 - Inserir Historico IMOXT202004035BR
06/09/2021 11:09:54 - Insert with success IMOXT202004035BR
IMOXT201912010BR	BDPBRSAO_20210906110957000013_01.xml	06/09/2021 11:10:49
06/09/2021 11:10:49 - Inserir Historico IMOXT201912010BR
06/09/2021 11:10:50 - Insert with success IMOXT201912010BR
IMOXT201901004BR	BDPBRSAO_20210906111053000014_01.xml	06/09/2021 11:11:40
06/09/2021 11:11:40 - Inserir Historico IMOXT201901004BR
06/09/2021 11:11:41 - Insert with success IMOXT201901004BR
IMOXT201904017BR	BDPBRSAO_20210906111143000015_01.xml	06/09/2021 11:12:33
06/09/2021 11:12:33 - Inserir Historico IMOXT201904017BR
06/09/2021 11:12:34 - Insert with success IMOXT201904017BR
IMOXT201905022BR	BDPBRSAO_20210906111237000016_01.xml	06/09/2021 11:13:31
06/09/2021 11:13:31 - Inserir Historico IMOXT201905022BR
06/09/2021 11:13:32 - Insert with success IMOXT201905022BR
IMSPC202104001BR	BDPBRSAO_20210906113137000002_01.xml	06/09/2021 11:32:41
06/09/2021 11:32:41 - Inserir Historico IMSPC202104001BR
06/09/2021 11:32:42 - Insert with success IMSPC202104001BR
