IAMTE202307001BR	BDPBRSAO_20230714115840000002_01.xml	14/07/2023 11:59:27
14/07/2023 11:59:27 - Inserir Historico IAMTE202307001BR
14/07/2023 11:59:29 - Insert with success IAMTE202307001BR
IAATL202307004BR	BDPBRSAO_20230714115931000003_01.xml	14/07/2023 12:00:10
14/07/2023 12:00:10 - Inserir Historico IAATL202307004BR
14/07/2023 12:00:12 - Insert with success IAATL202307004BR
EMCSR202306001BR	BDPBRSAO_20230714120014000004_01.xml	14/07/2023 12:00:59
14/07/2023 12:00:59 - Inserir Historico EMCSR202306001BR
14/07/2023 12:01:00 - Insert with success EMCSR202306001BR
EMCSR202306002BR	BDPBRSAO_20230714120103000005_01.xml	14/07/2023 12:01:41
14/07/2023 12:01:41 - Inserir Historico EMCSR202306002BR
14/07/2023 12:01:42 - Insert with success EMCSR202306002BR
EMCSR202306003BR	BDPBRSAO_20230714120144000006_01.xml	14/07/2023 12:02:21
14/07/2023 12:02:21 - Inserir Historico EMCSR202306003BR
14/07/2023 12:02:23 - Insert with success EMCSR202306003BR
EMCSR202306004BR	BDPBRSAO_20230714120225000007_01.xml	14/07/2023 12:03:05
14/07/2023 12:03:05 - Inserir Historico EMCSR202306004BR
14/07/2023 12:03:06 - Insert with success EMCSR202306004BR
EMCSR202306005BR	BDPBRSAO_20230714120308000008_01.xml	14/07/2023 12:03:47
14/07/2023 12:03:47 - Inserir Historico EMCSR202306005BR
14/07/2023 12:03:49 - Insert with success EMCSR202306005BR
EMCSR202306006BR	BDPBRSAO_20230714120351000009_01.xml	14/07/2023 12:04:30
14/07/2023 12:04:30 - Inserir Historico EMCSR202306006BR
14/07/2023 12:04:31 - Insert with success EMCSR202306006BR
EMCSR202306007BR	BDPBRSAO_20230714120434000010_01.xml	14/07/2023 12:05:13
14/07/2023 12:05:13 - Inserir Historico EMCSR202306007BR
14/07/2023 12:05:14 - Insert with success EMCSR202306007BR
EMCSR202306008BR	BDPBRSAO_20230714120516000011_01.xml	14/07/2023 12:05:53
14/07/2023 12:05:53 - Inserir Historico EMCSR202306008BR
14/07/2023 12:05:55 - Insert with success EMCSR202306008BR
EMCSR202306009BR	BDPBRSAO_20230714120557000012_01.xml	14/07/2023 12:06:34
14/07/2023 12:06:34 - Inserir Historico EMCSR202306009BR
14/07/2023 12:06:35 - Insert with success EMCSR202306009BR
EMCSR202306010BR	BDPBRSAO_20230714120637000013_01.xml	14/07/2023 12:07:13
14/07/2023 12:07:13 - Inserir Historico EMCSR202306010BR
14/07/2023 12:07:15 - Insert with success EMCSR202306010BR
EMCSR202306011BR	BDPBRSAO_20230714120717000014_01.xml	14/07/2023 12:08:24
14/07/2023 12:08:24 - Inserir Historico EMCSR202306011BR
14/07/2023 12:08:26 - Insert with success EMCSR202306011BR
EMCSR202306012BR	BDPBRSAO_20230714120829000015_01.xml	14/07/2023 12:09:07
14/07/2023 12:09:07 - Inserir Historico EMCSR202306012BR
14/07/2023 12:09:09 - Insert with success EMCSR202306012BR
EMCSR202306013BR	BDPBRSAO_20230714120911000016_01.xml	14/07/2023 12:09:49
14/07/2023 12:09:49 - Inserir Historico EMCSR202306013BR
14/07/2023 12:09:50 - Insert with success EMCSR202306013BR
EMCSR202306014BR	BDPBRSAO_20230714120953000017_01.xml	14/07/2023 12:10:31
14/07/2023 12:10:31 - Inserir Historico EMCSR202306014BR
14/07/2023 12:10:33 - Insert with success EMCSR202306014BR
EMCSR202306015BR	BDPBRSAO_20230714121035000018_01.xml	14/07/2023 12:11:11
14/07/2023 12:11:11 - Inserir Historico EMCSR202306015BR
14/07/2023 12:11:12 - Insert with success EMCSR202306015BR
EMCSR202306016BR	BDPBRSAO_20230714121115000019_01.xml	14/07/2023 12:11:53
14/07/2023 12:11:53 - Inserir Historico EMCSR202306016BR
14/07/2023 12:11:55 - Insert with success EMCSR202306016BR
EMCSR202306017BR	BDPBRSAO_20230714121157000020_01.xml	14/07/2023 12:12:36
14/07/2023 12:12:36 - Inserir Historico EMCSR202306017BR
14/07/2023 12:12:37 - Insert with success EMCSR202306017BR
EMCSR202306018BR	BDPBRSAO_20230714121239000021_01.xml	14/07/2023 12:13:16
14/07/2023 12:13:16 - Inserir Historico EMCSR202306018BR
14/07/2023 12:13:17 - Insert with success EMCSR202306018BR
EMCSR202306019BR	BDPBRSAO_20230714121319000022_01.xml	14/07/2023 12:14:01
14/07/2023 12:14:01 - Inserir Historico EMCSR202306019BR
14/07/2023 12:14:02 - Insert with success EMCSR202306019BR
EMCSR202306020BR	BDPBRSAO_20230714121404000023_01.xml	14/07/2023 12:14:42
14/07/2023 12:14:42 - Inserir Historico EMCSR202306020BR
14/07/2023 12:14:43 - Insert with success EMCSR202306020BR
EMCSR202307001BR	BDPBRSAO_20230714121445000024_01.xml	14/07/2023 12:15:26
14/07/2023 12:15:26 - Inserir Historico EMCSR202307001BR
14/07/2023 12:15:28 - Insert with success EMCSR202307001BR
EMCSR202307002BR	BDPBRSAO_20230714121530000025_01.xml	14/07/2023 12:16:06
14/07/2023 12:16:06 - Inserir Historico EMCSR202307002BR
14/07/2023 12:16:08 - Insert with success EMCSR202307002BR
EMCSR202307003BR	BDPBRSAO_20230714121610000026_01.xml	14/07/2023 12:16:53
14/07/2023 12:16:53 - Inserir Historico EMCSR202307003BR
14/07/2023 12:16:54 - Insert with success EMCSR202307003BR
EMCSR202307004BR	BDPBRSAO_20230714121657000027_01.xml	14/07/2023 12:17:39
14/07/2023 12:17:39 - Inserir Historico EMCSR202307004BR
14/07/2023 12:17:40 - Insert with success EMCSR202307004BR
EMCSR202307005BR	BDPBRSAO_20230714121742000028_01.xml	14/07/2023 12:18:20
14/07/2023 12:18:20 - Inserir Historico EMCSR202307005BR
14/07/2023 12:18:22 - Insert with success EMCSR202307005BR
EMCSR202307006BR	BDPBRSAO_20230714121824000029_01.xml	14/07/2023 12:19:02
14/07/2023 12:19:02 - Inserir Historico EMCSR202307006BR
14/07/2023 12:19:03 - Insert with success EMCSR202307006BR
EMCSR202307007BR	BDPBRSAO_20230714121905000030_01.xml	14/07/2023 12:19:40
14/07/2023 12:19:40 - Inserir Historico EMCSR202307007BR
14/07/2023 12:19:41 - Insert with success EMCSR202307007BR
EMCSR202307008BR	BDPBRSAO_20230714121943000031_01.xml	14/07/2023 12:20:23
14/07/2023 12:20:23 - Inserir Historico EMCSR202307008BR
14/07/2023 12:20:25 - Insert with success EMCSR202307008BR
EMCSR202307009BR	BDPBRSAO_20230714122027000032_01.xml	14/07/2023 12:21:16
14/07/2023 12:21:16 - Inserir Historico EMCSR202307009BR
14/07/2023 12:21:17 - Insert with success EMCSR202307009BR
EMCSR202307010BR	BDPBRSAO_20230714122120000033_01.xml	14/07/2023 12:21:58
14/07/2023 12:21:58 - Inserir Historico EMCSR202307010BR
14/07/2023 12:21:59 - Insert with success EMCSR202307010BR
EMCSR202307011BR	BDPBRSAO_20230714122201000034_01.xml	14/07/2023 12:23:00
14/07/2023 12:23:00 - Inserir Historico EMCSR202307011BR
14/07/2023 12:23:01 - Insert with success EMCSR202307011BR
EMCSR202307012BR	BDPBRSAO_20230714122304000035_01.xml	14/07/2023 12:23:54
14/07/2023 12:23:54 - Inserir Historico EMCSR202307012BR
14/07/2023 12:23:54 - Insert with success EMCSR202307012BR
EMCSR202307013BR	BDPBRSAO_20230714122357000036_01.xml	14/07/2023 12:24:32
14/07/2023 12:24:32 - Inserir Historico EMCSR202307013BR
14/07/2023 12:24:33 - Insert with success EMCSR202307013BR
EMCSR202307014BR	BDPBRSAO_20230714122435000037_01.xml	14/07/2023 12:25:30
14/07/2023 12:25:30 - Inserir Historico EMCSR202307014BR
14/07/2023 12:25:31 - Insert with success EMCSR202307014BR
EMCSR202307015BR	BDPBRSAO_20230714122534000038_01.xml	14/07/2023 12:26:11
14/07/2023 12:26:11 - Inserir Historico EMCSR202307015BR
14/07/2023 12:26:12 - Insert with success EMCSR202307015BR
EMCSR202307016BR	BDPBRSAO_20230714122615000039_01.xml	14/07/2023 12:26:52
14/07/2023 12:26:52 - Inserir Historico EMCSR202307016BR
14/07/2023 12:26:53 - Insert with success EMCSR202307016BR
EMCSR202307017BR	BDPBRSAO_20230714122656000040_01.xml	14/07/2023 12:27:42
14/07/2023 12:27:42 - Inserir Historico EMCSR202307017BR
14/07/2023 12:27:45 - Insert with success EMCSR202307017BR
