Start Qty: 518 Date: 25/08/2023 16:18:01
25/08/2023 16:18:04 - IMOXT202306017BR
25/08/2023 16:19:14 - EMOXT202308114BR
25/08/2023 16:19:54 - EOOXT202308019BR
25/08/2023 16:20:34 - EMCSR202306101BR
25/08/2023 16:21:13 - IMLYB202307002BR
25/08/2023 16:21:56 - IMCSR202306007BR
25/08/2023 16:22:42 - IMCSR202306012BR
25/08/2023 16:23:27 - IMCSR202306015BR
25/08/2023 16:24:13 - IMCSR202306268BR
25/08/2023 16:25:01 - IMCSR202308159BR
25/08/2023 16:25:51 - IMCSR202308160BR
25/08/2023 16:26:37 - IMOXT202308043BR
25/08/2023 16:27:20 - IMCSR202308350BR
25/08/2023 16:28:08 - IMCSR202308352BR
25/08/2023 16:28:55 - IMCSR202308356BR
25/08/2023 16:29:42 - IMCSR202308357BR
25/08/2023 16:30:29 - IMCSR202308360BR
25/08/2023 16:31:17 - EMOXT202307092BR
25/08/2023 16:32:06 - EMOXT202307051BR
25/08/2023 16:32:51 - IMCSR202308008BR
25/08/2023 16:33:38 - IACTV202306075BR
25/08/2023 16:35:12 - IACBT202308003BR
25/08/2023 16:35:56 - IACSR202308009BR
25/08/2023 16:36:43 - IACSR202308010BR
25/08/2023 16:37:30 - IACSR202308011BR
25/08/2023 16:38:20 - IACSR202308013BR
25/08/2023 16:39:03 - IACSR202308016BR
25/08/2023 16:39:48 - IASOL202306001BR
25/08/2023 16:40:31 - EMCSR202308054BR
25/08/2023 16:41:54 - IASWB202307016BR
25/08/2023 16:42:39 - IMATN202307013BR
25/08/2023 16:43:46 - IMATN202307022BR
25/08/2023 16:44:32 - IMATN202307027BR
25/08/2023 16:45:20 - IMATN202307044BR
25/08/2023 16:46:07 - IMBCB202307008BR
25/08/2023 16:47:04 - IMBCB202308004BR
25/08/2023 16:47:48 - IMCBT202301008BR
25/08/2023 16:48:47 - IMCBT202307026BR
25/08/2023 16:50:05 - IMCBT202307029BR
25/08/2023 16:51:17 - IMCSR202304063BR
25/08/2023 16:52:06 - IMCSR202305305BR
25/08/2023 16:52:54 - IMCSR202305328BR
25/08/2023 16:53:41 - IMCSR202307044BR
25/08/2023 16:54:29 - IMCSR202307056BR
25/08/2023 16:55:22 - EMOXT202308106BR
25/08/2023 16:56:03 - IMCSR202307122BR
25/08/2023 16:56:57 - IMCSR202307191BR
25/08/2023 16:57:45 - IMCSR202307230BR
Start Qty: 1 Date: 25/08/2023 17:02:25
25/08/2023 17:02:25 - IACTV202306075BR
False
Start Qty: 900 Date: 25/08/2023 17:08:34
25/08/2023 17:08:34 - IMCSR202307230BR
25/08/2023 17:11:11 - IMCSR202307242BR
25/08/2023 17:13:51 - IMCSR202307243BR
